Chạy Stage 7b integration check (bắt buộc trước khi render)...
Stage 7b integration check PASS — 24/24 scene, có audio, có caption-track, hyperframes check ok=true (171 mốc/57 shot, 78.9s).
Đang render: npx --yes hyperframes@0.8.56 render --quality looks -o "C:\vox-style-xe-giay-v1-hyperframes\poc\mascot-aroll\run-flydubai\out\flydubai-fz1073-full.mp4"  "C:\vox-style-xe-giay-v1-hyperframes\poc\mascot-aroll\run-flydubai\hyperframes\videos\flydubai-fz1073"

◆  Rendering flydubai-fz1073 → C:\vox-style-xe-giay-v1-hyperframes\poc\mascot-aroll\run-flydubai\out\flydubai-fz1073-full.mp4
   30fps · standard · auto workers (16 cores detected)
   GPU: browser GPU (auto-detect)

[?25l│
◒  Checking browser[1G[J◐  Checking browser[1G[J◓  Checking browser[1G[J◑  Checking browser[1G[J◇  Browser: cache
[?25h
  Lint: 0 error(s), 248 warning(s) — run with --lint-verbose for full output.
  Continuing render despite lint issues. Use --strict to block errors.

[INFO] [Render] Pipeline started {"renderJobId":"fffb4b44-fca7-4852-91e8-1e2ef6397886","platform":"win32","arch":"x64","nodeVersion":"v24.20.0","fps":{"num":30,"den":1},"format":"mp4","quality":"standard","browserGpuMode":"auto","forceScreenshot":false,"protocolTimeout":300000,"browserTimeout":120000,"pageNavigationTimeout":60000,"playerReadyTimeout":45000}
[INFO] [Render:trace] {"renderJobId":"fffb4b44-fca7-4852-91e8-1e2ef6397886","phase":"pipeline","status":"checkpoint","elapsedMs":6,"message":"started","format":"mp4","quality":"standard","browserGpuMode":"auto","forceScreenshot":false,"protocolTimeoutMs":300000,"pageNavigationTimeoutMs":60000,"playerReadyTimeoutMs":45000,"requestedWorkers":"auto"}
[INFO] [Render:trace] {"renderJobId":"fffb4b44-fca7-4852-91e8-1e2ef6397886","phase":"compile","status":"start","elapsedMs":9,"needsAlpha":false}
  █░░░░░░░░░░░░░░░░░░░░░░░░  5%  Compiling composition
[INFO] [Compiler] Fetched 11 font face(s) for "Be Vietnam Pro" from Google Fonts (cached to C:\Users\DTL\.cache\hyperframes\fonts\be-vietnam-pro)
[INFO] [Compiler] Injected deterministic @font-face rules for 1 requested font families
[INFO] [Compiler] Inlined CDN script: https://cdn.jsdelivr.net/npm/gsap@3.14.2/dist/gsap.min.js
[INFO] Compiled composition metadata {"renderJobId":"fffb4b44-fca7-4852-91e8-1e2ef6397886","entryFile":"index.html","staticDuration":182.6,"width":1080,"height":1920,"videoCount":1,"audioCount":1,"renderModeHints":{"recommendScreenshot":false,"reasons":[]}}
[WARN] [Compiler] WARNING: Video "vid-cockpit" has sparse keyframes (max interval: 10s). This causes seek failures and frame freezing. Re-encode with: ffmpeg -i "assets/vid-01-airplane-cabin-cockpit-incident.mp4" -c:v libx264 -r 30 -g 30 -keyint_min 30 -movflags +faststart -c:a copy output.mp4
[INFO] [Render:trace] {"renderJobId":"fffb4b44-fca7-4852-91e8-1e2ef6397886","phase":"compile","status":"end","elapsedMs":4535,"durationMs":4526,"needsAlpha":false}
[INFO] [Render:trace] {"renderJobId":"fffb4b44-fca7-4852-91e8-1e2ef6397886","phase":"compile","status":"checkpoint","elapsedMs":4540,"message":"composition metadata resolved","width":1080,"height":1920,"videoCount":1,"audioCount":1,"imageCount":43,"deviceScaleFactor":1,"forceScreenshot":false,"compositionHash":"49e6f415a2d93902"}
[INFO] [Render:trace] {"renderJobId":"fffb4b44-fca7-4852-91e8-1e2ef6397886","phase":"browser_probe","status":"start","elapsedMs":4541,"forceScreenshot":false,"stagePhase":"calibrating"}
[INFO] [Render:trace] {"renderJobId":"fffb4b44-fca7-4852-91e8-1e2ef6397886","phase":"browser_probe","status":"end","elapsedMs":5574,"durationMs":1033,"forceScreenshot":false,"stagePhase":"calibrating"}
[INFO] [Render:trace] {"renderJobId":"fffb4b44-fca7-4852-91e8-1e2ef6397886","phase":"browser_probe","status":"checkpoint","elapsedMs":5579,"message":"duration resolved","durationSeconds":182.6,"totalFrames":5478,"compositionHash":"49e6f415a2d93902","beginFrameStalled":false}
[INFO] [Render:trace] {"renderJobId":"fffb4b44-fca7-4852-91e8-1e2ef6397886","phase":"video_extract","status":"start","elapsedMs":5580,"videoCount":1}
[INFO] Probing video color spaces... {"renderJobId":"fffb4b44-fca7-4852-91e8-1e2ef6397886","videoCount":1}
  ██░░░░░░░░░░░░░░░░░░░░░░░  10%  Extracting video frames
[INFO] Extracting frames from video 1/1 {"renderJobId":"fffb4b44-fca7-4852-91e8-1e2ef6397886","sourceType":"local"}
[INFO] [Render:trace] {"renderJobId":"fffb4b44-fca7-4852-91e8-1e2ef6397886","phase":"video_extract","status":"end","elapsedMs":5631,"durationMs":51,"videoCount":1}
[INFO] [Render:trace] {"renderJobId":"fffb4b44-fca7-4852-91e8-1e2ef6397886","phase":"video_extract","status":"checkpoint","elapsedMs":5659,"message":"frames resolved","videoCount":1,"extractedVideoCount":1,"totalFramesExtracted":123,"maxFramesPerVideo":123,"avgFramesPerExtractedVideo":123,"vfrPreflightCount":0,"vfrPreflightMs":1,"cacheHits":1,"cacheMisses":0,"transientRetries":0,"minVideoFrameCoverageRatio":1,"authoredTimedClipCount":296}
[INFO] [Render] No HDR sources detected — rendering SDR {"renderJobId":"fffb4b44-fca7-4852-91e8-1e2ef6397886"}
[INFO] [Render:trace] {"renderJobId":"fffb4b44-fca7-4852-91e8-1e2ef6397886","phase":"hdr_detection","status":"checkpoint","elapsedMs":5659,"message":"resolved","requestedHdrMode":"auto","effectiveHdr":"sdr","nativeHdrVideoCount":0,"nativeHdrImageCount":0}
[INFO] [Render:trace] {"renderJobId":"fffb4b44-fca7-4852-91e8-1e2ef6397886","phase":"audio_process","status":"start","elapsedMs":5660,"audioCount":1}
  █████░░░░░░░░░░░░░░░░░░░░  20%  Processing audio tracks
[INFO] [Render:trace] {"renderJobId":"fffb4b44-fca7-4852-91e8-1e2ef6397886","phase":"audio_process","status":"end","elapsedMs":11735,"durationMs":6075,"audioCount":1}
[INFO] [Render:trace] {"renderJobId":"fffb4b44-fca7-4852-91e8-1e2ef6397886","phase":"file_server","status":"start","elapsedMs":11736,"reused":false}
  ██████░░░░░░░░░░░░░░░░░░░  25%  Starting frame capture
[INFO] [Render:trace] {"renderJobId":"fffb4b44-fca7-4852-91e8-1e2ef6397886","phase":"file_server","status":"end","elapsedMs":11744,"durationMs":8}
[hyperframes] browserGpuMode probe → hardware (WebGL renderer vendor="Google Inc. (NVIDIA)" renderer="ANGLE (NVIDIA, NVIDIA GeForce GTX 1660 SUPER (0x000021C4) Direct3D11 vs_5_0 ps_5_0, D3D11)")
[INFO] [Render:trace] {"renderJobId":"fffb4b44-fca7-4852-91e8-1e2ef6397886","phase":"capture_calibration","status":"checkpoint","elapsedMs":12400,"message":"skipped","requestedWorkers":"auto","totalFrames":5478,"htmlInCanvasDetected":false,"lowMemoryMode":false,"deInversionEligible":true,"deParallelRouterEligible":true}
[WARN] [Render] 6 capture workers may exceed this process's V8 heap (limit 4288MB supports ~5). If the render dies with "JavaScript heap out of memory", raise the heap (NODE_OPTIONS=--max-old-space-size=8192) or pass --workers 5. {"renderJobId":"fffb4b44-fca7-4852-91e8-1e2ef6397886","heapLimitMb":4288,"heapBasedWorkers":5}
[INFO] [Render] Fast capture: verified parallel drawElement streaming preferred over single-worker inversion (5478 frames >= 700; benchmark-validated at 3 workers, pinned regardless of calibration). Set HF_DE_PARALLEL_ROUTER=false or --workers N to override. {"renderJobId":"fffb4b44-fca7-4852-91e8-1e2ef6397886"}
[INFO] [Render:trace] {"renderJobId":"fffb4b44-fca7-4852-91e8-1e2ef6397886","phase":"worker_resolution","status":"checkpoint","elapsedMs":12402,"message":"resolved","workerCount":3}
[INFO] streaming-encode gate {"renderJobId":"fffb4b44-fca7-4852-91e8-1e2ef6397886","enabled":true,"reason":"parallel_forced","configFlag":true,"durationCapEnabled":false,"outputFormat":"mp4","workerCount":3,"durationSeconds":182.6,"maxDurationSeconds":240}
[INFO] [Render:trace] {"renderJobId":"fffb4b44-fca7-4852-91e8-1e2ef6397886","phase":"capture_strategy","status":"checkpoint","elapsedMs":12403,"message":"resolved","workerCount":3,"forceScreenshot":false,"captureBeyondViewport":true,"useStreamingEncode":true,"useLayeredComposite":false,"usePageSideCompositing":false,"hasHdrContent":false,"hasShaderTransitions":false,"isPngSequence":false}
[INFO] [Render:trace] {"renderJobId":"fffb4b44-fca7-4852-91e8-1e2ef6397886","phase":"capture_streaming","status":"start","elapsedMs":12403,"stagePhase":"capturing","workerCount":3,"forceScreenshot":false,"totalFrames":5478,"framesCompleted":0,"captureMode":"drawelement","captureOperation":"drawElement"}
[INFO] [Render] Parallel capture worker phase {"renderJobId":"fffb4b44-fca7-4852-91e8-1e2ef6397886","workerId":0,"phase":"browser_launch","browserExecutable":"C:\\Users\\DTL\\.cache\\hyperframes\\chrome\\chrome-headless-shell\\win64-152.0.7977.30\\chrome-headless-shell-win64\\chrome-headless-shell.exe","browserVersion":"unknown","canvasDrawElement":"unknown","gpuBackend":"unknown"}
[INFO] [Render] Parallel capture worker phase {"renderJobId":"fffb4b44-fca7-4852-91e8-1e2ef6397886","workerId":1,"phase":"browser_launch","browserExecutable":"C:\\Users\\DTL\\.cache\\hyperframes\\chrome\\chrome-headless-shell\\win64-152.0.7977.30\\chrome-headless-shell-win64\\chrome-headless-shell.exe","browserVersion":"unknown","canvasDrawElement":"unknown","gpuBackend":"unknown"}
[INFO] [Render] Parallel capture worker phase {"renderJobId":"fffb4b44-fca7-4852-91e8-1e2ef6397886","workerId":2,"phase":"browser_launch","browserExecutable":"C:\\Users\\DTL\\.cache\\hyperframes\\chrome\\chrome-headless-shell\\win64-152.0.7977.30\\chrome-headless-shell-win64\\chrome-headless-shell.exe","browserVersion":"unknown","canvasDrawElement":"unknown","gpuBackend":"unknown"}
[BrowserManager] Browser launched (HeadlessChrome/152.0.7977.30, screenshot, gl=--use-gl=angle --use-angle=d3d11, headlessShell=true, platform=win32)
[BrowserManager] Browser launched (HeadlessChrome/152.0.7977.30, screenshot, gl=--use-gl=angle --use-angle=d3d11, headlessShell=true, platform=win32)
[BrowserManager] Browser launched (HeadlessChrome/152.0.7977.30, screenshot, gl=--use-gl=angle --use-angle=d3d11, headlessShell=true, platform=win32)
[INFO] [Render] Parallel capture worker phase {"renderJobId":"fffb4b44-fca7-4852-91e8-1e2ef6397886","workerId":0,"phase":"browser_probe","browserExecutable":"C:\\Users\\DTL\\.cache\\hyperframes\\chrome\\chrome-headless-shell\\win64-152.0.7977.30\\chrome-headless-shell-win64\\chrome-headless-shell.exe","browserVersion":"unknown","canvasDrawElement":"unknown","gpuBackend":"unknown"}
[INFO] [Render] Parallel capture worker phase {"renderJobId":"fffb4b44-fca7-4852-91e8-1e2ef6397886","workerId":0,"phase":"session_init","browserExecutable":"C:\\Users\\DTL\\.cache\\hyperframes\\chrome\\chrome-headless-shell\\win64-152.0.7977.30\\chrome-headless-shell-win64\\chrome-headless-shell.exe","browserVersion":"HeadlessChrome/152.0.7977.30","canvasDrawElement":"unknown","gpuBackend":"unknown"}
[initSession:screenshot] page.goto start (0ms)
[INFO] [Render] Parallel capture worker phase {"renderJobId":"fffb4b44-fca7-4852-91e8-1e2ef6397886","workerId":2,"phase":"browser_probe","browserExecutable":"C:\\Users\\DTL\\.cache\\hyperframes\\chrome\\chrome-headless-shell\\win64-152.0.7977.30\\chrome-headless-shell-win64\\chrome-headless-shell.exe","browserVersion":"unknown","canvasDrawElement":"unknown","gpuBackend":"unknown"}
[INFO] [Render] Parallel capture worker phase {"renderJobId":"fffb4b44-fca7-4852-91e8-1e2ef6397886","workerId":2,"phase":"session_init","browserExecutable":"C:\\Users\\DTL\\.cache\\hyperframes\\chrome\\chrome-headless-shell\\win64-152.0.7977.30\\chrome-headless-shell-win64\\chrome-headless-shell.exe","browserVersion":"HeadlessChrome/152.0.7977.30","canvasDrawElement":"unknown","gpuBackend":"unknown"}
[initSession:screenshot] page.goto start (0ms)
[INFO] [Render] Parallel capture worker phase {"renderJobId":"fffb4b44-fca7-4852-91e8-1e2ef6397886","workerId":1,"phase":"browser_probe","browserExecutable":"C:\\Users\\DTL\\.cache\\hyperframes\\chrome\\chrome-headless-shell\\win64-152.0.7977.30\\chrome-headless-shell-win64\\chrome-headless-shell.exe","browserVersion":"unknown","canvasDrawElement":"unknown","gpuBackend":"unknown"}
[INFO] [Render] Parallel capture worker phase {"renderJobId":"fffb4b44-fca7-4852-91e8-1e2ef6397886","workerId":1,"phase":"session_init","browserExecutable":"C:\\Users\\DTL\\.cache\\hyperframes\\chrome\\chrome-headless-shell\\win64-152.0.7977.30\\chrome-headless-shell-win64\\chrome-headless-shell.exe","browserVersion":"HeadlessChrome/152.0.7977.30","canvasDrawElement":"unknown","gpuBackend":"unknown"}
[initSession:screenshot] page.goto start (0ms)
[HyperFrames] render runtime fps [object Object]
[initSession:screenshot] page.goto complete (1726ms)
[HyperFrames] render runtime fps [object Object]
[HyperFrames] render runtime fps [object Object]
[initSession:screenshot] page.goto complete (1761ms)
[initSession:screenshot] page.goto complete (1771ms)
[initSession:screenshot] GSAP proxy flush complete (1791ms)
[initSession:screenshot] pollHfReady complete (1794ms)
[initSession:screenshot] pollSubCompositionTimelines complete (ready) (1824ms)
[initSession:screenshot] applyVideoMetadataHints complete (1827ms)
[initSession:screenshot] media + fonts + tailwind ready (1831ms)
[initSession:screenshot] captureBeyondViewport downgraded: page content fits the capture viewport (1838ms)
[initSession:screenshot] GSAP proxy flush complete (1927ms)
[initSession:screenshot] pollHfReady complete (1930ms)
[initSession:screenshot] pollSubCompositionTimelines complete (ready) (1960ms)
[initSession:screenshot] applyVideoMetadataHints complete (1963ms)
[initSession:screenshot] media + fonts + tailwind ready (1966ms)
[initSession:screenshot] captureBeyondViewport downgraded: page content fits the capture viewport (1972ms)
[initSession:screenshot] GSAP proxy flush complete (2403ms)
[initSession:screenshot] pollHfReady complete (2410ms)
[initSession:screenshot] pollSubCompositionTimelines complete (ready) (2442ms)
[initSession:screenshot] applyVideoMetadataHints complete (2446ms)
[initSession:screenshot] media + fonts + tailwind ready (2491ms)
[initSession:screenshot] captureBeyondViewport downgraded: page content fits the capture viewport (2502ms)
[initSession:screenshot] timeline at-risk predictor: 23/5483 frames (0%) (2887ms)
[engine] fast capture: falling back to screenshot capture — 23/5483 frames animate a compositor-incompatible prop (blend/3D/clip/mask); drawElementImage drops these mid-animation (deterministic timeline gate; see fast-capture-limitations.md Lim 7)
[initSession:screenshot] static-frame dedup: disabled (before-capture hook / video injection active) (2888ms)
[INFO] [Render] Parallel capture worker phase {"renderJobId":"fffb4b44-fca7-4852-91e8-1e2ef6397886","workerId":2,"phase":"frame_capture","frameIndex":2,"browserExecutable":"C:\\Users\\DTL\\.cache\\hyperframes\\chrome\\chrome-headless-shell\\win64-152.0.7977.30\\chrome-headless-shell-win64\\chrome-headless-shell.exe","browserVersion":"HeadlessChrome/152.0.7977.30","canvasDrawElement":false,"gpuBackend":"d3d11/nvidia"}
[initSession:screenshot] timeline at-risk predictor: 23/5483 frames (0%) (2911ms)
[engine] fast capture: falling back to screenshot capture — 23/5483 frames animate a compositor-incompatible prop (blend/3D/clip/mask); drawElementImage drops these mid-animation (deterministic timeline gate; see fast-capture-limitations.md Lim 7)
[initSession:screenshot] static-frame dedup: disabled (before-capture hook / video injection active) (2911ms)
[INFO] [Render] Parallel capture worker phase {"renderJobId":"fffb4b44-fca7-4852-91e8-1e2ef6397886","workerId":0,"phase":"frame_capture","frameIndex":0,"browserExecutable":"C:\\Users\\DTL\\.cache\\hyperframes\\chrome\\chrome-headless-shell\\win64-152.0.7977.30\\chrome-headless-shell-win64\\chrome-headless-shell.exe","browserVersion":"HeadlessChrome/152.0.7977.30","canvasDrawElement":false,"gpuBackend":"d3d11/nvidia"}
[initSession:screenshot] timeline at-risk predictor: 23/5483 frames (0%) (3043ms)
[engine] fast capture: falling back to screenshot capture — 23/5483 frames animate a compositor-incompatible prop (blend/3D/clip/mask); drawElementImage drops these mid-animation (deterministic timeline gate; see fast-capture-limitations.md Lim 7)
[initSession:screenshot] static-frame dedup: disabled (before-capture hook / video injection active) (3043ms)
[INFO] [Render] Parallel capture worker phase {"renderJobId":"fffb4b44-fca7-4852-91e8-1e2ef6397886","workerId":1,"phase":"frame_capture","frameIndex":1,"browserExecutable":"C:\\Users\\DTL\\.cache\\hyperframes\\chrome\\chrome-headless-shell\\win64-152.0.7977.30\\chrome-headless-shell-win64\\chrome-headless-shell.exe","browserVersion":"HeadlessChrome/152.0.7977.30","canvasDrawElement":false,"gpuBackend":"d3d11/nvidia"}
  ██████░░░░░░░░░░░░░░░░░░░  25%  Streaming frame 30/5478 (3 workers)
  ██████░░░░░░░░░░░░░░░░░░░  26%  Streaming frame 60/5478 (3 workers)
  ██████░░░░░░░░░░░░░░░░░░░  26%  Streaming frame 90/5478 (3 workers)
  ██████░░░░░░░░░░░░░░░░░░░  26%  Streaming frame 120/5478 (3 workers)
  ██████░░░░░░░░░░░░░░░░░░░  27%  Streaming frame 150/5478 (3 workers)
  ██████░░░░░░░░░░░░░░░░░░░  27%  Streaming frame 180/5478 (3 workers)
  ██████░░░░░░░░░░░░░░░░░░░  27%  Streaming frame 210/5478 (3 workers)
  ██████░░░░░░░░░░░░░░░░░░░  27%  Streaming frame 240/5478 (3 workers)
  ███████░░░░░░░░░░░░░░░░░░  28%  Streaming frame 270/5478 (3 workers)
  ███████░░░░░░░░░░░░░░░░░░  28%  Streaming frame 300/5478 (3 workers)
  ███████░░░░░░░░░░░░░░░░░░  28%  Streaming frame 330/5478 (3 workers)
  ███████░░░░░░░░░░░░░░░░░░  29%  Streaming frame 360/5478 (3 workers)
  ███████░░░░░░░░░░░░░░░░░░  29%  Streaming frame 390/5478 (3 workers)
  ███████░░░░░░░░░░░░░░░░░░  29%  Streaming frame 420/5478 (3 workers)
  ███████░░░░░░░░░░░░░░░░░░  30%  Streaming frame 450/5478 (3 workers)
  ███████░░░░░░░░░░░░░░░░░░  30%  Streaming frame 480/5478 (3 workers)
  ███████░░░░░░░░░░░░░░░░░░  30%  Streaming frame 510/5478 (3 workers)
  ███████░░░░░░░░░░░░░░░░░░  30%  Streaming frame 540/5478 (3 workers)
  ███████░░░░░░░░░░░░░░░░░░  31%  Streaming frame 570/5478 (3 workers)
  ███████░░░░░░░░░░░░░░░░░░  31%  Streaming frame 600/5478 (3 workers)
  ███████░░░░░░░░░░░░░░░░░░  31%  Streaming frame 630/5478 (3 workers)
[INFO] [Render:trace] {"renderJobId":"fffb4b44-fca7-4852-91e8-1e2ef6397886","phase":"capture_streaming","status":"checkpoint","elapsedMs":42410,"message":"stage still running","stagePhase":"capturing","workerCount":3,"forceScreenshot":false,"totalFrames":5478,"framesCompleted":641,"captureMode":"drawelement","captureOperation":"drawElement","heartbeatIndex":1,"stageElapsedMs":30006}
  ████████░░░░░░░░░░░░░░░░░  32%  Streaming frame 660/5478 (3 workers)
  ████████░░░░░░░░░░░░░░░░░  32%  Streaming frame 690/5478 (3 workers)
  ████████░░░░░░░░░░░░░░░░░  32%  Streaming frame 720/5478 (3 workers)
  ████████░░░░░░░░░░░░░░░░░  33%  Streaming frame 750/5478 (3 workers)
  ████████░░░░░░░░░░░░░░░░░  33%  Streaming frame 780/5478 (3 workers)
  ████████░░░░░░░░░░░░░░░░░  33%  Streaming frame 810/5478 (3 workers)
  ████████░░░░░░░░░░░░░░░░░  33%  Streaming frame 840/5478 (3 workers)
  ████████░░░░░░░░░░░░░░░░░  34%  Streaming frame 870/5478 (3 workers)
  ████████░░░░░░░░░░░░░░░░░  34%  Streaming frame 900/5478 (3 workers)
  ████████░░░░░░░░░░░░░░░░░  34%  Streaming frame 930/5478 (3 workers)
  ████████░░░░░░░░░░░░░░░░░  35%  Streaming frame 960/5478 (3 workers)
  ████████░░░░░░░░░░░░░░░░░  35%  Streaming frame 990/5478 (3 workers)
  ████████░░░░░░░░░░░░░░░░░  35%  Streaming frame 1020/5478 (3 workers)
  █████████░░░░░░░░░░░░░░░░  36%  Streaming frame 1050/5478 (3 workers)
  █████████░░░░░░░░░░░░░░░░  36%  Streaming frame 1080/5478 (3 workers)
  █████████░░░░░░░░░░░░░░░░  36%  Streaming frame 1110/5478 (3 workers)
  █████████░░░░░░░░░░░░░░░░  36%  Streaming frame 1140/5478 (3 workers)
  █████████░░░░░░░░░░░░░░░░  37%  Streaming frame 1170/5478 (3 workers)
  █████████░░░░░░░░░░░░░░░░  37%  Streaming frame 1200/5478 (3 workers)
  █████████░░░░░░░░░░░░░░░░  37%  Streaming frame 1230/5478 (3 workers)
  █████████░░░░░░░░░░░░░░░░  38%  Streaming frame 1260/5478 (3 workers)
  █████████░░░░░░░░░░░░░░░░  38%  Streaming frame 1290/5478 (3 workers)
[INFO] [Render:trace] {"renderJobId":"fffb4b44-fca7-4852-91e8-1e2ef6397886","phase":"capture_streaming","status":"checkpoint","elapsedMs":72424,"message":"stage still running","stagePhase":"capturing","workerCount":3,"forceScreenshot":false,"totalFrames":5478,"framesCompleted":1300,"captureMode":"drawelement","captureOperation":"drawElement","heartbeatIndex":2,"stageElapsedMs":60020}
  █████████░░░░░░░░░░░░░░░░  38%  Streaming frame 1320/5478 (3 workers)
  █████████░░░░░░░░░░░░░░░░  39%  Streaming frame 1350/5478 (3 workers)
  █████████░░░░░░░░░░░░░░░░  39%  Streaming frame 1380/5478 (3 workers)
  █████████░░░░░░░░░░░░░░░░  39%  Streaming frame 1410/5478 (3 workers)
  █████████░░░░░░░░░░░░░░░░  39%  Streaming frame 1440/5478 (3 workers)
  ██████████░░░░░░░░░░░░░░░  40%  Streaming frame 1470/5478 (3 workers)
  ██████████░░░░░░░░░░░░░░░  40%  Streaming frame 1500/5478 (3 workers)
  ██████████░░░░░░░░░░░░░░░  40%  Streaming frame 1530/5478 (3 workers)
  ██████████░░░░░░░░░░░░░░░  41%  Streaming frame 1560/5478 (3 workers)
  ██████████░░░░░░░░░░░░░░░  41%  Streaming frame 1590/5478 (3 workers)
  ██████████░░░░░░░░░░░░░░░  41%  Streaming frame 1620/5478 (3 workers)
  ██████████░░░░░░░░░░░░░░░  42%  Streaming frame 1650/5478 (3 workers)
  ██████████░░░░░░░░░░░░░░░  42%  Streaming frame 1680/5478 (3 workers)
  ██████████░░░░░░░░░░░░░░░  42%  Streaming frame 1710/5478 (3 workers)
  ██████████░░░░░░░░░░░░░░░  42%  Streaming frame 1740/5478 (3 workers)
  ██████████░░░░░░░░░░░░░░░  43%  Streaming frame 1770/5478 (3 workers)
  ██████████░░░░░░░░░░░░░░░  43%  Streaming frame 1800/5478 (3 workers)
  ██████████░░░░░░░░░░░░░░░  43%  Streaming frame 1830/5478 (3 workers)
  ███████████░░░░░░░░░░░░░░  44%  Streaming frame 1860/5478 (3 workers)
  ███████████░░░░░░░░░░░░░░  44%  Streaming frame 1890/5478 (3 workers)
  ███████████░░░░░░░░░░░░░░  44%  Streaming frame 1920/5478 (3 workers)
  ███████████░░░░░░░░░░░░░░  45%  Streaming frame 1950/5478 (3 workers)
  ███████████░░░░░░░░░░░░░░  45%  Streaming frame 1980/5478 (3 workers)
  ███████████░░░░░░░░░░░░░░  45%  Streaming frame 2010/5478 (3 workers)
  ███████████░░░░░░░░░░░░░░  45%  Streaming frame 2040/5478 (3 workers)
  ███████████░░░░░░░░░░░░░░  46%  Streaming frame 2070/5478 (3 workers)
  ███████████░░░░░░░░░░░░░░  46%  Streaming frame 2100/5478 (3 workers)
  ███████████░░░░░░░░░░░░░░  46%  Streaming frame 2130/5478 (3 workers)
  ███████████░░░░░░░░░░░░░░  47%  Streaming frame 2160/5478 (3 workers)
  ███████████░░░░░░░░░░░░░░  47%  Streaming frame 2190/5478 (3 workers)
  ███████████░░░░░░░░░░░░░░  47%  Streaming frame 2220/5478 (3 workers)
  ████████████░░░░░░░░░░░░░  48%  Streaming frame 2250/5478 (3 workers)
  ████████████░░░░░░░░░░░░░  48%  Streaming frame 2280/5478 (3 workers)
  ████████████░░░░░░░░░░░░░  48%  Streaming frame 2310/5478 (3 workers)
  ████████████░░░░░░░░░░░░░  48%  Streaming frame 2340/5478 (3 workers)
  ████████████░░░░░░░░░░░░░  49%  Streaming frame 2370/5478 (3 workers)
  ████████████░░░░░░░░░░░░░  49%  Streaming frame 2400/5478 (3 workers)
  ████████████░░░░░░░░░░░░░  49%  Streaming frame 2430/5478 (3 workers)
  ████████████░░░░░░░░░░░░░  50%  Streaming frame 2460/5478 (3 workers)
  ████████████░░░░░░░░░░░░░  50%  Streaming frame 2490/5478 (3 workers)
  ████████████░░░░░░░░░░░░░  50%  Streaming frame 2520/5478 (3 workers)
  ████████████░░░░░░░░░░░░░  51%  Streaming frame 2550/5478 (3 workers)
  ████████████░░░░░░░░░░░░░  51%  Streaming frame 2580/5478 (3 workers)
  ████████████░░░░░░░░░░░░░  51%  Streaming frame 2610/5478 (3 workers)
  █████████████░░░░░░░░░░░░  52%  Streaming frame 2640/5478 (3 workers)
  █████████████░░░░░░░░░░░░  52%  Streaming frame 2670/5478 (3 workers)
  █████████████░░░░░░░░░░░░  52%  Streaming frame 2700/5478 (3 workers)
  █████████████░░░░░░░░░░░░  52%  Streaming frame 2730/5478 (3 workers)
  █████████████░░░░░░░░░░░░  53%  Streaming frame 2760/5478 (3 workers)
[INFO] [Render:trace] {"renderJobId":"fffb4b44-fca7-4852-91e8-1e2ef6397886","phase":"capture_streaming","status":"checkpoint","elapsedMs":132427,"message":"stage still running","stagePhase":"capturing","workerCount":3,"forceScreenshot":false,"totalFrames":5478,"framesCompleted":2775,"captureMode":"drawelement","captureOperation":"drawElement","heartbeatIndex":3,"stageElapsedMs":120023}
  █████████████░░░░░░░░░░░░  53%  Streaming frame 2790/5478 (3 workers)
  █████████████░░░░░░░░░░░░  53%  Streaming frame 2820/5478 (3 workers)
  █████████████░░░░░░░░░░░░  54%  Streaming frame 2850/5478 (3 workers)
  █████████████░░░░░░░░░░░░  54%  Streaming frame 2880/5478 (3 workers)
  █████████████░░░░░░░░░░░░  54%  Streaming frame 2910/5478 (3 workers)
  █████████████░░░░░░░░░░░░  55%  Streaming frame 2940/5478 (3 workers)
  █████████████░░░░░░░░░░░░  55%  Streaming frame 2970/5478 (3 workers)
  █████████████░░░░░░░░░░░░  55%  Streaming frame 3000/5478 (3 workers)
  █████████████░░░░░░░░░░░░  55%  Streaming frame 3030/5478 (3 workers)
  ██████████████░░░░░░░░░░░  56%  Streaming frame 3060/5478 (3 workers)
  ██████████████░░░░░░░░░░░  56%  Streaming frame 3090/5478 (3 workers)
  ██████████████░░░░░░░░░░░  56%  Streaming frame 3120/5478 (3 workers)
  ██████████████░░░░░░░░░░░  57%  Streaming frame 3150/5478 (3 workers)
  ██████████████░░░░░░░░░░░  57%  Streaming frame 3180/5478 (3 workers)
  ██████████████░░░░░░░░░░░  57%  Streaming frame 3210/5478 (3 workers)
  ██████████████░░░░░░░░░░░  58%  Streaming frame 3240/5478 (3 workers)
  ██████████████░░░░░░░░░░░  58%  Streaming frame 3270/5478 (3 workers)
  ██████████████░░░░░░░░░░░  58%  Streaming frame 3300/5478 (3 workers)
  ██████████████░░░░░░░░░░░  58%  Streaming frame 3330/5478 (3 workers)
  ██████████████░░░░░░░░░░░  59%  Streaming frame 3360/5478 (3 workers)
  ██████████████░░░░░░░░░░░  59%  Streaming frame 3390/5478 (3 workers)
  ██████████████░░░░░░░░░░░  59%  Streaming frame 3420/5478 (3 workers)
  ███████████████░░░░░░░░░░  60%  Streaming frame 3450/5478 (3 workers)
  ███████████████░░░░░░░░░░  60%  Streaming frame 3480/5478 (3 workers)
  ███████████████░░░░░░░░░░  60%  Streaming frame 3510/5478 (3 workers)
  ███████████████░░░░░░░░░░  61%  Streaming frame 3540/5478 (3 workers)
  ███████████████░░░░░░░░░░  61%  Streaming frame 3570/5478 (3 workers)
  ███████████████░░░░░░░░░░  61%  Streaming frame 3600/5478 (3 workers)
  ███████████████░░░░░░░░░░  61%  Streaming frame 3630/5478 (3 workers)
  ███████████████░░░░░░░░░░  62%  Streaming frame 3660/5478 (3 workers)
  ███████████████░░░░░░░░░░  62%  Streaming frame 3690/5478 (3 workers)
  ███████████████░░░░░░░░░░  62%  Streaming frame 3720/5478 (3 workers)
  ███████████████░░░░░░░░░░  63%  Streaming frame 3750/5478 (3 workers)
  ███████████████░░░░░░░░░░  63%  Streaming frame 3780/5478 (3 workers)
  ███████████████░░░░░░░░░░  63%  Streaming frame 3810/5478 (3 workers)
  ████████████████░░░░░░░░░  64%  Streaming frame 3840/5478 (3 workers)
  ████████████████░░░░░░░░░  64%  Streaming frame 3870/5478 (3 workers)
  ████████████████░░░░░░░░░  64%  Streaming frame 3900/5478 (3 workers)
  ████████████████░░░░░░░░░  64%  Streaming frame 3930/5478 (3 workers)
  ████████████████░░░░░░░░░  65%  Streaming frame 3960/5478 (3 workers)
  ████████████████░░░░░░░░░  65%  Streaming frame 3990/5478 (3 workers)
  ████████████████░░░░░░░░░  65%  Streaming frame 4020/5478 (3 workers)
  ████████████████░░░░░░░░░  66%  Streaming frame 4050/5478 (3 workers)
  ████████████████░░░░░░░░░  66%  Streaming frame 4080/5478 (3 workers)
  ████████████████░░░░░░░░░  66%  Streaming frame 4110/5478 (3 workers)
  ████████████████░░░░░░░░░  67%  Streaming frame 4140/5478 (3 workers)
  ████████████████░░░░░░░░░  67%  Streaming frame 4170/5478 (3 workers)
  ████████████████░░░░░░░░░  67%  Streaming frame 4200/5478 (3 workers)
  ████████████████░░░░░░░░░  67%  Streaming frame 4230/5478 (3 workers)
  █████████████████░░░░░░░░  68%  Streaming frame 4260/5478 (3 workers)
  █████████████████░░░░░░░░  68%  Streaming frame 4290/5478 (3 workers)
  █████████████████░░░░░░░░  68%  Streaming frame 4320/5478 (3 workers)
  █████████████████░░░░░░░░  69%  Streaming frame 4350/5478 (3 workers)
  █████████████████░░░░░░░░  69%  Streaming frame 4380/5478 (3 workers)
  █████████████████░░░░░░░░  69%  Streaming frame 4410/5478 (3 workers)
  █████████████████░░░░░░░░  70%  Streaming frame 4440/5478 (3 workers)
  █████████████████░░░░░░░░  70%  Streaming frame 4470/5478 (3 workers)
  █████████████████░░░░░░░░  70%  Streaming frame 4500/5478 (3 workers)
  █████████████████░░░░░░░░  70%  Streaming frame 4530/5478 (3 workers)
  █████████████████░░░░░░░░  71%  Streaming frame 4560/5478 (3 workers)
  █████████████████░░░░░░░░  71%  Streaming frame 4590/5478 (3 workers)
  █████████████████░░░░░░░░  71%  Streaming frame 4620/5478 (3 workers)
  ██████████████████░░░░░░░  72%  Streaming frame 4650/5478 (3 workers)
  ██████████████████░░░░░░░  72%  Streaming frame 4680/5478 (3 workers)
  ██████████████████░░░░░░░  72%  Streaming frame 4710/5478 (3 workers)
  ██████████████████░░░░░░░  73%  Streaming frame 4740/5478 (3 workers)
  ██████████████████░░░░░░░  73%  Streaming frame 4770/5478 (3 workers)
  ██████████████████░░░░░░░  73%  Streaming frame 4800/5478 (3 workers)
  ██████████████████░░░░░░░  73%  Streaming frame 4830/5478 (3 workers)
  ██████████████████░░░░░░░  74%  Streaming frame 4860/5478 (3 workers)
  ██████████████████░░░░░░░  74%  Streaming frame 4890/5478 (3 workers)
  ██████████████████░░░░░░░  74%  Streaming frame 4920/5478 (3 workers)
  ██████████████████░░░░░░░  75%  Streaming frame 4950/5478 (3 workers)
  ██████████████████░░░░░░░  75%  Streaming frame 4980/5478 (3 workers)
  ██████████████████░░░░░░░  75%  Streaming frame 5010/5478 (3 workers)
  ███████████████████░░░░░░  76%  Streaming frame 5040/5478 (3 workers)
  ███████████████████░░░░░░  76%  Streaming frame 5070/5478 (3 workers)
  ███████████████████░░░░░░  76%  Streaming frame 5100/5478 (3 workers)
  ███████████████████░░░░░░  77%  Streaming frame 5130/5478 (3 workers)
  ███████████████████░░░░░░  77%  Streaming frame 5160/5478 (3 workers)
  ███████████████████░░░░░░  77%  Streaming frame 5190/5478 (3 workers)
  ███████████████████░░░░░░  77%  Streaming frame 5220/5478 (3 workers)
  ███████████████████░░░░░░  78%  Streaming frame 5250/5478 (3 workers)
  ███████████████████░░░░░░  78%  Streaming frame 5280/5478 (3 workers)
  ███████████████████░░░░░░  78%  Streaming frame 5310/5478 (3 workers)
  ███████████████████░░░░░░  79%  Streaming frame 5340/5478 (3 workers)
  ███████████████████░░░░░░  79%  Streaming frame 5370/5478 (3 workers)
  ███████████████████░░░░░░  79%  Streaming frame 5400/5478 (3 workers)
  ████████████████████░░░░░  80%  Streaming frame 5430/5478 (3 workers)
  ████████████████████░░░░░  80%  Streaming frame 5460/5478 (3 workers)
  ████████████████████░░░░░  80%  Streaming frame 5478/5478 (3 workers)
[INFO] [Render:trace] {"renderJobId":"fffb4b44-fca7-4852-91e8-1e2ef6397886","phase":"capture_streaming","status":"end","elapsedMs":238134,"durationMs":225730,"stagePhase":"capturing","workerCount":3,"forceScreenshot":false,"totalFrames":5478,"framesCompleted":5478,"captureMode":"drawelement","captureOperation":"encode"}
[INFO] [Render:trace] {"renderJobId":"fffb4b44-fca7-4852-91e8-1e2ef6397886","phase":"assemble","status":"start","elapsedMs":238136,"stagePhase":"capturing","hasAudio":true,"workerCount":3,"forceScreenshot":false,"totalFrames":5478,"framesCompleted":5478,"captureMode":"drawelement","captureOperation":"encode"}
  ██████████████████████░░░  90%  Assembling final video
[INFO] [Render:trace] {"renderJobId":"fffb4b44-fca7-4852-91e8-1e2ef6397886","phase":"assemble","status":"end","elapsedMs":245473,"durationMs":7336,"stagePhase":"capturing","hasAudio":true,"workerCount":3,"forceScreenshot":false,"totalFrames":5478,"framesCompleted":5478,"captureMode":"drawelement","captureOperation":"encode"}
[INFO] [Render:trace] {"renderJobId":"fffb4b44-fca7-4852-91e8-1e2ef6397886","phase":"pipeline","status":"checkpoint","elapsedMs":245573,"message":"artifact validated","totalElapsedMs":245560}
  █████████████████████████  100%  Render complete

◇  C:\vox-style-xe-giay-v1-hyperframes\poc\mascot-aroll\run-flydubai\out\flydubai-fz1073-full.mp4
   141.4 MB · 3m 2.6s video · rendered in 4m 5.6s
   screenshot capture · hardware gpu · compile 5.6s · extract 0.1s · audio 6.1s · probe 1.0s · setup 0.7s · capture 3m 45.7s · encode (during capture) 3m 45.7s · assemble 7.3s

Render bản đầy đủ: out\flydubai-fz1073-full.mp4, 148265436 bytes (141.4MB), 252.9s render time, quality=looks. Xác minh ffprobe: duration=182.600s (khớp audio thật 182.736s), 1080x1920 h264. Capture mode: không thấy dòng disable fast-capture — giả định fast-capture đang BẬT, CHƯA xác nhận được dòng log khi bật trông ra sao, cần đối chiếu thêm ở lần render tới. GPU mode: hardware (WebGL renderer vendor="Google Inc. (NVIDIA)" renderer="ANGLE (NVIDIA, NVIDIA GeForce GTX 1660 SUPER (0x000021C4) Direct3D11 vs_5_0 ps_5_0, D3D11)"). Stage timing: compile=4.5s, browser_probe=1.0s, video_extract=0.1s, audio_process=6.1s, file_server=0.0s, capture_streaming=225.7s, assemble=7.3s.
Đã ghi pipeline\videos\flydubai-fz1073\completion-manifest.json.
exit=0
