[bắt đầu] S01 (1 đang chạy, 12 chờ trong hàng đợi)
[bắt đầu] S03 (2 đang chạy, 11 chờ trong hàng đợi)
[bắt đầu] S04 (3 đang chạy, 10 chờ trong hàng đợi)
[bắt đầu] S05 (4 đang chạy, 9 chờ trong hàng đợi)
[bắt đầu] S06 (5 đang chạy, 8 chờ trong hàng đợi)
[bắt đầu] S08 (6 đang chạy, 7 chờ trong hàng đợi)
[bắt đầu] S10 (7 đang chạy, 6 chờ trong hàng đợi)
[bắt đầu] S12 (8 đang chạy, 5 chờ trong hàng đợi)
[bắt đầu] S13 (9 đang chạy, 4 chờ trong hàng đợi)
[bắt đầu] S15 (10 đang chạy, 3 chờ trong hàng đợi)
[bắt đầu] S17 (11 đang chạy, 2 chờ trong hàng đợi)
[bắt đầu] S19 (12 đang chạy, 1 chờ trong hàng đợi)
[bắt đầu] S22 (13 đang chạy, 0 chờ trong hàng đợi)
[PASS] S17
[PASS] S19
[PASS] S22
[PASS] S06
[PASS] S05
[PASS] S08
[PASS] S04
[PASS] S10
[PASS] S12
[PASS] S13
[PASS] S15
[PASS] S03
[PASS] S01

=== TỔNG KẾT ===
S01: pass
S03: pass
S04: pass
S05: pass
S06: pass
S08: pass
S10: pass
S12: pass
S13: pass
S15: pass
S17: pass
S19: pass
S22: pass

Tất cả scene PASS — ráp index.html...
Đã ráp index.html: video "flydubai-fz1073" — 24/24 scene, 182.60s.
exit=0
