[bắt đầu] S01 (1 đang chạy, 24 chờ trong hàng đợi)
[bắt đầu] S02 (2 đang chạy, 23 chờ trong hàng đợi)
[bắt đầu] S03 (3 đang chạy, 22 chờ trong hàng đợi)
[bắt đầu] S04 (4 đang chạy, 21 chờ trong hàng đợi)
[bắt đầu] S05 (5 đang chạy, 20 chờ trong hàng đợi)
[bắt đầu] S06 (6 đang chạy, 19 chờ trong hàng đợi)
[bắt đầu] S07 (7 đang chạy, 18 chờ trong hàng đợi)
[bắt đầu] S08 (8 đang chạy, 17 chờ trong hàng đợi)
[bắt đầu] S09 (9 đang chạy, 16 chờ trong hàng đợi)
[bắt đầu] S10 (10 đang chạy, 15 chờ trong hàng đợi)
[bắt đầu] S11 (11 đang chạy, 14 chờ trong hàng đợi)
[bắt đầu] S12 (12 đang chạy, 13 chờ trong hàng đợi)
[bắt đầu] S13 (13 đang chạy, 12 chờ trong hàng đợi)
[bắt đầu] S14 (14 đang chạy, 11 chờ trong hàng đợi)
[bắt đầu] S15 (15 đang chạy, 10 chờ trong hàng đợi)
[bắt đầu] S16 (16 đang chạy, 9 chờ trong hàng đợi)
[bắt đầu] S17 (17 đang chạy, 8 chờ trong hàng đợi)
[bắt đầu] S18 (18 đang chạy, 7 chờ trong hàng đợi)
[bắt đầu] S19 (19 đang chạy, 6 chờ trong hàng đợi)
[bắt đầu] S20 (20 đang chạy, 5 chờ trong hàng đợi)
[PASS] S20
[bắt đầu] S21 (20 đang chạy, 4 chờ trong hàng đợi)
[PASS] S11
[bắt đầu] S22 (20 đang chạy, 3 chờ trong hàng đợi)
[PASS] S07
[bắt đầu] S23 (20 đang chạy, 2 chờ trong hàng đợi)
[PASS] S08
[bắt đầu] S24 (20 đang chạy, 1 chờ trong hàng đợi)
[PASS] S16
[bắt đầu] S25 (20 đang chạy, 0 chờ trong hàng đợi)
[PASS] S05
[PASS] S09
[PASS] S01
[PASS] S12
[PASS] S02
[PASS] S06
[PASS] S14
[PASS] S04
[PASS] S03
[PASS] S13
[PASS] S17
[PASS] S15
[PASS] S22
[PASS] S24
[PASS] S19
[PASS] S25
[PASS] S23
[PASS] S10
[PASS] S18
[PASS] S21

=== TỔNG KẾT ===
S01: pass
S02: pass
S03: pass
S04: pass
S05: pass
S06: pass
S07: pass
S08: pass
S09: pass
S10: pass
S11: pass
S12: pass
S13: pass
S14: pass
S15: pass
S16: pass
S17: pass
S18: pass
S19: pass
S20: pass
S21: pass
S22: pass
S23: pass
S24: pass
S25: pass

Tất cả scene PASS — ráp index.html...
Đã ráp index.html: video "flydubai-fz1073" — 25/25 scene, 182.60s.
stage7 exit=0
