Chạy Stage 7b integration check (bắt buộc trước khi render)...
Stage 7b integration check PASS — 31/31 scene, có audio, có caption-track, hyperframes check ok=true (93 mốc/31 shot, 70.6s).
Đang render: npx --yes hyperframes@0.8.56 render --quality looks -o "C:\vox-style-xe-giay-v1-hyperframes\out\ban-an-16-hoa-chuoi-kon-tum-full.mp4"  "C:\vox-style-xe-giay-v1-hyperframes\hyperframes\videos\ban-an-16-hoa-chuoi-kon-tum"

◆  Rendering ban-an-16-hoa-chuoi-kon-tum → C:\vox-style-xe-giay-v1-hyperframes\out\ban-an-16-hoa-chuoi-kon-tum-full.mp4
   30fps · standard · auto workers (16 cores detected)
   GPU: browser GPU (auto-detect)

[?25l|
•  Checking browser[1G[Jo  Checking browser[1G[JO  Checking browser[1G[J0  Checking browser[1G[J•  Checking browser[1G[Jo  Checking browser[1G[Jo  Browser: cache
[?25h
  Lint: 0 error(s), 316 warning(s) — run with --lint-verbose for full output.
  Continuing render despite lint issues. Use --strict to block errors.

node : [INFO] [Render] Pipeline started {"renderJobId":"dfc7e50b-872d-4cae-8d55-7f4e9866f66a","platform":"win32","arch"
:"x64","nodeVersion":"v24.20.0","fps":{"num":30,"den":1},"format":"mp4","quality":"standard","browserGpuMode":"auto","f
orceScreenshot":false,"protocolTimeout":300000,"browserTimeout":120000,"pageNavigationTimeout":60000,"playerReadyTimeou
t":45000}
At line:2 char:1
+ node scripts/09-render.hf.mjs --video=ban-an-16-hoa-chuoi-kon-tum *>  ...
+ ~~~~~~~~~~~~~~~~~~~~~~~~~~~~~~~~~~~~~~~~~~~~~~~~~~~~~~~~~~~~~~~~~~~~~
    + CategoryInfo          : NotSpecified: ([INFO] [Render]...Timeout":45000}:String) [], RemoteException
    + FullyQualifiedErrorId : NativeCommandError
 
[INFO] [Render:trace] {"renderJobId":"dfc7e50b-872d-4cae-8d55-7f4e9866f66a","phase":"pipeline","status":"checkpoint","e
lapsedMs":5,"message":"started","format":"mp4","quality":"standard","browserGpuMode":"auto","forceScreenshot":false,"pr
otocolTimeoutMs":300000,"pageNavigationTimeoutMs":60000,"playerReadyTimeoutMs":45000,"requestedWorkers":"auto"}
[INFO] [Render:trace] {"renderJobId":"dfc7e50b-872d-4cae-8d55-7f4e9866f66a","phase":"compile","status":"start","elapsed
Ms":8,"needsAlpha":false}
  █░░░░░░░░░░░░░░░░░░░░░░░░  5%  Compiling composition
[INFO] [Compiler] Fetched 11 font face(s) for "Be Vietnam Pro" from Google Fonts (cached to 
C:\Users\DTL\.cache\hyperframes\fonts\be-vietnam-pro)
[INFO] [Compiler] Injected deterministic @font-face rules for 1 requested font families
[INFO] [Compiler] Inlined CDN script: https://cdn.jsdelivr.net/npm/gsap@3.14.2/dist/gsap.min.js
[INFO] [Render] Fast capture: composition uses a CSS 3D rendering context (perspective / preserve-3d / 
backface-visibility) — disabling drawElementImage for this render. Capture uses the platform's baseline route. 
{"renderJobId":"dfc7e50b-872d-4cae-8d55-7f4e9866f66a"}
[INFO] Compiled composition metadata {"renderJobId":"dfc7e50b-872d-4cae-8d55-7f4e9866f66a","entryFile":"index.html","st
aticDuration":252.88,"width":1080,"height":1920,"videoCount":0,"audioCount":1,"renderModeHints":{"recommendScreenshot":
false,"reasons":[]}}
[INFO] [Render:trace] {"renderJobId":"dfc7e50b-872d-4cae-8d55-7f4e9866f66a","phase":"compile","status":"end","elapsedMs
":5078,"durationMs":5070,"needsAlpha":false}
[INFO] [Render:trace] {"renderJobId":"dfc7e50b-872d-4cae-8d55-7f4e9866f66a","phase":"compile","status":"checkpoint","el
apsedMs":5085,"message":"composition metadata resolved","width":1080,"height":1920,"videoCount":0,"audioCount":1,"image
Count":31,"deviceScaleFactor":1,"forceScreenshot":false,"compositionHash":"6a160a07480798dd"}
[INFO] [Render:trace] {"renderJobId":"dfc7e50b-872d-4cae-8d55-7f4e9866f66a","phase":"browser_probe","status":"start","e
lapsedMs":5086,"forceScreenshot":false,"stagePhase":"calibrating"}
[INFO] [Render:trace] {"renderJobId":"dfc7e50b-872d-4cae-8d55-7f4e9866f66a","phase":"browser_probe","status":"end","ela
psedMs":5838,"durationMs":752,"forceScreenshot":false,"stagePhase":"calibrating"}
[INFO] [Render:trace] {"renderJobId":"dfc7e50b-872d-4cae-8d55-7f4e9866f66a","phase":"browser_probe","status":"checkpoin
t","elapsedMs":5844,"message":"duration 
resolved","durationSeconds":252.88,"totalFrames":7587,"compositionHash":"6a160a07480798dd","beginFrameStalled":false}
[INFO] [Render:trace] {"renderJobId":"dfc7e50b-872d-4cae-8d55-7f4e9866f66a","phase":"video_extract","status":"start","e
lapsedMs":5844,"videoCount":0}
  ██░░░░░░░░░░░░░░░░░░░░░░░  10%  Extracting video frames
[INFO] [Render:trace] {"renderJobId":"dfc7e50b-872d-4cae-8d55-7f4e9866f66a","phase":"video_extract","status":"end","ela
psedMs":5859,"durationMs":14,"videoCount":0}
[INFO] [Render:trace] {"renderJobId":"dfc7e50b-872d-4cae-8d55-7f4e9866f66a","phase":"video_extract","status":"checkpoin
t","elapsedMs":5898,"message":"frames resolved","videoCount":0,"extractedVideoCount":0,"totalFramesExtracted":0,"maxFra
mesPerVideo":0,"avgFramesPerExtractedVideo":null,"vfrPreflightCount":null,"vfrPreflightMs":null,"cacheHits":null,"cache
Misses":null,"transientRetries":null,"minVideoFrameCoverageRatio":null,"authoredTimedClipCount":415}
[INFO] [Render] No HDR sources detected — rendering SDR {"renderJobId":"dfc7e50b-872d-4cae-8d55-7f4e9866f66a"}
[INFO] [Render:trace] {"renderJobId":"dfc7e50b-872d-4cae-8d55-7f4e9866f66a","phase":"hdr_detection","status":"checkpoin
t","elapsedMs":5899,"message":"resolved","requestedHdrMode":"auto","effectiveHdr":"sdr","nativeHdrVideoCount":0,"native
HdrImageCount":0}
[INFO] [Render:trace] {"renderJobId":"dfc7e50b-872d-4cae-8d55-7f4e9866f66a","phase":"audio_process","status":"start","e
lapsedMs":5899,"audioCount":1}
  █████░░░░░░░░░░░░░░░░░░░░  20%  Processing audio tracks
[INFO] [Render:trace] {"renderJobId":"dfc7e50b-872d-4cae-8d55-7f4e9866f66a","phase":"audio_process","status":"end","ela
psedMs":20080,"durationMs":14181,"audioCount":1}
[INFO] [Render:trace] {"renderJobId":"dfc7e50b-872d-4cae-8d55-7f4e9866f66a","phase":"file_server","status":"start","ela
psedMs":20080,"reused":false}
  ██████░░░░░░░░░░░░░░░░░░░  25%  Starting frame capture
[INFO] [Render:trace] {"renderJobId":"dfc7e50b-872d-4cae-8d55-7f4e9866f66a","phase":"file_server","status":"end","elaps
edMs":20457,"durationMs":377}
[hyperframes] browserGpuMode probe → hardware (WebGL renderer vendor="Google Inc. (NVIDIA)" renderer="ANGLE (NVIDIA, 
NVIDIA GeForce GTX 1660 SUPER (0x000021C4) Direct3D11 vs_5_0 ps_5_0, D3D11)")
[INFO] [Render:trace] {"renderJobId":"dfc7e50b-872d-4cae-8d55-7f4e9866f66a","phase":"capture_calibration","status":"sta
rt","elapsedMs":21119,"stagePhase":"calibrating","forceScreenshot":false,"totalFrames":7587,"framesCompleted":0,"captur
eMode":"screenshot","captureOperation":"captureScreenshot"}
[INFO] [Render] Calibration config {"renderJobId":"dfc7e50b-872d-4cae-8d55-7f4e9866f66a","protocolTimeout":30000,"paren
tProtocolTimeout":300000,"forceScreenshot":false,"totalFrames":7587}
[INFO] Launching browser for capture calibration... {"renderJobId":"dfc7e50b-872d-4cae-8d55-7f4e9866f66a"}
[BrowserManager] Browser launched (HeadlessChrome/152.0.7977.30, screenshot, gl=--use-gl=angle --use-angle=d3d11, headlessShell=true, platform=win32)
[INFO] Initializing calibration session... {"renderJobId":"dfc7e50b-872d-4cae-8d55-7f4e9866f66a"}
[initSession:screenshot] page.goto start (0ms)
[HyperFrames] render runtime fps [object Object]
[initSession:screenshot] page.goto complete (1517ms)
[initSession:screenshot] GSAP proxy flush complete (2139ms)
[initSession:screenshot] pollHfReady complete (2144ms)
[initSession:screenshot] pollSubCompositionTimelines complete (ready) (2175ms)
[initSession:screenshot] applyVideoMetadataHints complete (2175ms)
[initSession:screenshot] media + fonts + tailwind ready (2184ms)
[initSession:screenshot] static-frame dedup: 7/7 predicted frame(s) reusable (outcome=verified, runs=1/1, screenshots=6, seeks=7, elapsedMs=741) (4231ms)
[INFO] Calibration session ready, capturing test frames... {"renderJobId":"dfc7e50b-872d-4cae-8d55-7f4e9866f66a"}
[INFO] Calibration: capturing test frame 1/5... {"renderJobId":"dfc7e50b-872d-4cae-8d55-7f4e9866f66a"}
[INFO] Calibration: capturing test frame 2/5... {"renderJobId":"dfc7e50b-872d-4cae-8d55-7f4e9866f66a"}
[INFO] Calibration: capturing test frame 3/5... {"renderJobId":"dfc7e50b-872d-4cae-8d55-7f4e9866f66a"}
[INFO] Calibration: capturing test frame 4/5... {"renderJobId":"dfc7e50b-872d-4cae-8d55-7f4e9866f66a"}
[INFO] Calibration: capturing test frame 5/5... {"renderJobId":"dfc7e50b-872d-4cae-8d55-7f4e9866f66a"}
[INFO] Calibration complete, estimated cost: 193ms/frame (p95) {"renderJobId":"dfc7e50b-872d-4cae-8d55-7f4e9866f66a"}
[INFO] [Render:trace] {"renderJobId":"dfc7e50b-872d-4cae-8d55-7f4e9866f66a","phase":"capture_calibration","status":"end
","elapsedMs":27335,"durationMs":6215,"stagePhase":"calibrating","forceScreenshot":false,"totalFrames":7587,"framesComp
leted":0,"captureMode":"screenshot","captureOperation":"captureScreenshot"}
[INFO] [Render:trace] {"renderJobId":"dfc7e50b-872d-4cae-8d55-7f4e9866f66a","phase":"capture_calibration","status":"che
ckpoint","elapsedMs":27336,"message":"resolved","forceScreenshot":false,"multiplier":1,"p95Ms":193}
[WARN] [Render] 6 capture workers may exceed this process's V8 heap (limit 4288MB supports ~5). If the render dies 
with "JavaScript heap out of memory", raise the heap (NODE_OPTIONS=--max-old-space-size=8192) or pass --workers 5. 
{"renderJobId":"dfc7e50b-872d-4cae-8d55-7f4e9866f66a","heapLimitMb":4288,"heapBasedWorkers":5}
[INFO] [Render:trace] {"renderJobId":"dfc7e50b-872d-4cae-8d55-7f4e9866f66a","phase":"worker_resolution","status":"check
point","elapsedMs":27338,"message":"resolved","workerCount":6}
[INFO] streaming-encode gate {"renderJobId":"dfc7e50b-872d-4cae-8d55-7f4e9866f66a","enabled":false,"reason":"multi_work
er","configFlag":true,"durationCapEnabled":false,"outputFormat":"mp4","workerCount":6,"durationSeconds":252.88,"maxDura
tionSeconds":240}
[INFO] [Render:trace] {"renderJobId":"dfc7e50b-872d-4cae-8d55-7f4e9866f66a","phase":"capture_strategy","status":"checkp
oint","elapsedMs":27339,"message":"resolved","workerCount":6,"forceScreenshot":false,"captureBeyondViewport":null,"useS
treamingEncode":false,"useLayeredComposite":false,"usePageSideCompositing":false,"hasHdrContent":false,"hasShaderTransi
tions":false,"isPngSequence":false}
[INFO] [Render:trace] {"renderJobId":"dfc7e50b-872d-4cae-8d55-7f4e9866f66a","phase":"capture_disk","status":"start","el
apsedMs":27340,"stagePhase":"capturing","needsAlpha":false,"workerCount":6,"forceScreenshot":false,"totalFrames":7587,"
framesCompleted":0,"captureMode":"screenshot","captureOperation":"captureScreenshot"}
  ██████░░░░░░░░░░░░░░░░░░░  25%  Capturing frame 0/7587 (6 workers)
  ██████░░░░░░░░░░░░░░░░░░░  25%  Capturing frame 0/7587 (6 workers)
  ██████░░░░░░░░░░░░░░░░░░░  25%  Capturing frame 0/7587 (6 workers)
  ██████░░░░░░░░░░░░░░░░░░░  25%  Capturing frame 0/7587 (6 workers)
  ██████░░░░░░░░░░░░░░░░░░░  25%  Capturing frame 0/7587 (6 workers)
  ██████░░░░░░░░░░░░░░░░░░░  25%  Capturing frame 0/7587 (6 workers)
[BrowserManager] Browser launched (HeadlessChrome/152.0.7977.30, screenshot, gl=--use-gl=angle --use-angle=d3d11, headlessShell=true, platform=win32)
  ██████░░░░░░░░░░░░░░░░░░░  25%  Capturing frame 0/7587 (6 workers)
[initSession:screenshot] page.goto start (0ms)
  ██████░░░░░░░░░░░░░░░░░░░  25%  Capturing frame 0/7587 (6 workers)
  ██████░░░░░░░░░░░░░░░░░░░  25%  Capturing frame 0/7587 (6 workers)
[initSession:screenshot] page.goto start (0ms)
  ██████░░░░░░░░░░░░░░░░░░░  25%  Capturing frame 0/7587 (6 workers)
  ██████░░░░░░░░░░░░░░░░░░░  25%  Capturing frame 0/7587 (6 workers)
[initSession:screenshot] page.goto start (0ms)
  ██████░░░░░░░░░░░░░░░░░░░  25%  Capturing frame 0/7587 (6 workers)
  ██████░░░░░░░░░░░░░░░░░░░  25%  Capturing frame 0/7587 (6 workers)
[initSession:screenshot] page.goto start (0ms)
  ██████░░░░░░░░░░░░░░░░░░░  25%  Capturing frame 0/7587 (6 workers)
  ██████░░░░░░░░░░░░░░░░░░░  25%  Capturing frame 0/7587 (6 workers)
[initSession:screenshot] page.goto start (0ms)
  ██████░░░░░░░░░░░░░░░░░░░  25%  Capturing frame 0/7587 (6 workers)
  ██████░░░░░░░░░░░░░░░░░░░  25%  Capturing frame 0/7587 (6 workers)
[initSession:screenshot] page.goto start (0ms)
  ██████░░░░░░░░░░░░░░░░░░░  25%  Capturing frame 0/7587 (6 workers)
[HyperFrames] render runtime fps [object Object]
[HyperFrames] render runtime fps [object Object]
[HyperFrames] render runtime fps [object Object]
[HyperFrames] render runtime fps [object Object]
[initSession:screenshot] page.goto complete (1512ms)
[initSession:screenshot] page.goto complete (1631ms)
[initSession:screenshot] page.goto complete (1619ms)
[initSession:screenshot] page.goto complete (1646ms)
[initSession:screenshot] GSAP proxy flush complete (2681ms)
[initSession:screenshot] GSAP proxy flush complete (2697ms)
[initSession:screenshot] GSAP proxy flush complete (2719ms)
[initSession:screenshot] GSAP proxy flush complete (2691ms)
[initSession:screenshot] pollHfReady complete (2709ms)
[initSession:screenshot] pollHfReady complete (2699ms)
[initSession:screenshot] pollHfReady complete (2753ms)
[initSession:screenshot] pollHfReady complete (2747ms)
[initSession:screenshot] pollSubCompositionTimelines complete (ready) (2770ms)
[initSession:screenshot] applyVideoMetadataHints complete (2771ms)
[initSession:screenshot] media + fonts + tailwind ready (2775ms)
[initSession:screenshot] pollSubCompositionTimelines complete (ready) (2761ms)
[initSession:screenshot] applyVideoMetadataHints complete (2761ms)
[initSession:screenshot] pollSubCompositionTimelines complete (ready) (2818ms)
[initSession:screenshot] applyVideoMetadataHints complete (2819ms)
[initSession:screenshot] media + fonts + tailwind ready (2771ms)
[initSession:screenshot] pollSubCompositionTimelines complete (ready) (2804ms)
[initSession:screenshot] applyVideoMetadataHints complete (2804ms)
[initSession:screenshot] media + fonts + tailwind ready (2829ms)
[initSession:screenshot] media + fonts + tailwind ready (2808ms)
[HyperFrames] render runtime fps [object Object]
[HyperFrames] render runtime fps [object Object]
[initSession:screenshot] page.goto complete (3520ms)
[initSession:screenshot] page.goto complete (3558ms)
[initSession:screenshot] GSAP proxy flush complete (3536ms)
[initSession:screenshot] pollHfReady complete (3537ms)
[initSession:screenshot] pollSubCompositionTimelines complete (ready) (3585ms)
[initSession:screenshot] applyVideoMetadataHints complete (3585ms)
[initSession:screenshot] media + fonts + tailwind ready (3593ms)
[initSession:screenshot] GSAP proxy flush complete (3665ms)
[initSession:screenshot] pollHfReady complete (3667ms)
[initSession:screenshot] pollSubCompositionTimelines complete (ready) (3722ms)
[initSession:screenshot] applyVideoMetadataHints complete (3722ms)
[initSession:screenshot] media + fonts + tailwind ready (3734ms)
[initSession:screenshot] static-frame dedup: 7/7 predicted frame(s) reusable (outcome=verified, runs=1/1, screenshots=6, seeks=7, elapsedMs=1628) (6807ms)
  ██████░░░░░░░░░░░░░░░░░░░  25%  Capturing frame 0/7587 (6 workers)
[initSession:screenshot] static-frame dedup: 7/7 predicted frame(s) reusable (outcome=verified, runs=1/1, screenshots=6, seeks=7, elapsedMs=1829) (6841ms)
[initSession:screenshot] static-frame dedup: 7/7 predicted frame(s) reusable (outcome=verified, runs=1/1, screenshots=6, seeks=7, elapsedMs=1639) (6881ms)
  ██████░░░░░░░░░░░░░░░░░░░  25%  Capturing frame 0/7587 (6 workers)
  ██████░░░░░░░░░░░░░░░░░░░  25%  Capturing frame 0/7587 (6 workers)
[initSession:screenshot] static-frame dedup: 7/7 predicted frame(s) reusable (outcome=verified, runs=1/1, screenshots=6, seeks=7, elapsedMs=1348) (7300ms)
[initSession:screenshot] static-frame dedup: 7/7 predicted frame(s) reusable (outcome=verified, runs=1/1, screenshots=6, seeks=7, elapsedMs=1356) (7330ms)
[initSession:screenshot] static-frame dedup: 7/7 predicted frame(s) reusable (outcome=verified, runs=1/1, screenshots=6, seeks=7, elapsedMs=1351) (7259ms)
  ██████░░░░░░░░░░░░░░░░░░░  25%  Capturing frame 30/7587 (6 workers)
  ██████░░░░░░░░░░░░░░░░░░░  25%  Capturing frame 60/7587 (6 workers)
  ██████░░░░░░░░░░░░░░░░░░░  26%  Capturing frame 90/7587 (6 workers)
  ██████░░░░░░░░░░░░░░░░░░░  26%  Capturing frame 120/7587 (6 workers)
  ██████░░░░░░░░░░░░░░░░░░░  26%  Capturing frame 150/7587 (6 workers)
  ██████░░░░░░░░░░░░░░░░░░░  26%  Capturing frame 180/7587 (6 workers)
  ██████░░░░░░░░░░░░░░░░░░░  26%  Capturing frame 210/7587 (6 workers)
  ██████░░░░░░░░░░░░░░░░░░░  26%  Capturing frame 240/7587 (6 workers)
  ██████░░░░░░░░░░░░░░░░░░░  27%  Capturing frame 270/7587 (6 workers)
  ██████░░░░░░░░░░░░░░░░░░░  27%  Capturing frame 300/7587 (6 workers)
  ██████░░░░░░░░░░░░░░░░░░░  27%  Capturing frame 330/7587 (6 workers)
  ██████░░░░░░░░░░░░░░░░░░░  27%  Capturing frame 360/7587 (6 workers)
  ██████░░░░░░░░░░░░░░░░░░░  27%  Capturing frame 390/7587 (6 workers)
  ██████░░░░░░░░░░░░░░░░░░░  27%  Capturing frame 420/7587 (6 workers)
  ███████░░░░░░░░░░░░░░░░░░  28%  Capturing frame 450/7587 (6 workers)
[INFO] [Render:trace] {"renderJobId":"dfc7e50b-872d-4cae-8d55-7f4e9866f66a","phase":"capture_disk","status":"checkpoint
","elapsedMs":57340,"message":"stage still running","stagePhase":"capturing","needsAlpha":false,"workerCount":6,"forceS
creenshot":false,"totalFrames":7587,"framesCompleted":458,"captureMode":"screenshot","captureOperation":"captureScreens
hot","heartbeatIndex":1,"stageElapsedMs":30000}
  ███████░░░░░░░░░░░░░░░░░░  28%  Capturing frame 480/7587 (6 workers)
  ███████░░░░░░░░░░░░░░░░░░  28%  Capturing frame 510/7587 (6 workers)
  ███████░░░░░░░░░░░░░░░░░░  28%  Capturing frame 540/7587 (6 workers)
  ███████░░░░░░░░░░░░░░░░░░  28%  Capturing frame 570/7587 (6 workers)
  ███████░░░░░░░░░░░░░░░░░░  29%  Capturing frame 600/7587 (6 workers)
  ███████░░░░░░░░░░░░░░░░░░  29%  Capturing frame 630/7587 (6 workers)
  ███████░░░░░░░░░░░░░░░░░░  29%  Capturing frame 660/7587 (6 workers)
  ███████░░░░░░░░░░░░░░░░░░  29%  Capturing frame 690/7587 (6 workers)
  ███████░░░░░░░░░░░░░░░░░░  29%  Capturing frame 720/7587 (6 workers)
  ███████░░░░░░░░░░░░░░░░░░  29%  Capturing frame 750/7587 (6 workers)
  ███████░░░░░░░░░░░░░░░░░░  30%  Capturing frame 780/7587 (6 workers)
  ███████░░░░░░░░░░░░░░░░░░  30%  Capturing frame 810/7587 (6 workers)
  ███████░░░░░░░░░░░░░░░░░░  30%  Capturing frame 840/7587 (6 workers)
  ███████░░░░░░░░░░░░░░░░░░  30%  Capturing frame 870/7587 (6 workers)
  ███████░░░░░░░░░░░░░░░░░░  30%  Capturing frame 900/7587 (6 workers)
  ███████░░░░░░░░░░░░░░░░░░  31%  Capturing frame 930/7587 (6 workers)
  ███████░░░░░░░░░░░░░░░░░░  31%  Capturing frame 960/7587 (6 workers)
  ███████░░░░░░░░░░░░░░░░░░  31%  Capturing frame 990/7587 (6 workers)
  ███████░░░░░░░░░░░░░░░░░░  31%  Capturing frame 1020/7587 (6 workers)
  ███████░░░░░░░░░░░░░░░░░░  31%  Capturing frame 1050/7587 (6 workers)
  ███████░░░░░░░░░░░░░░░░░░  31%  Capturing frame 1080/7587 (6 workers)
[INFO] [Render:trace] {"renderJobId":"dfc7e50b-872d-4cae-8d55-7f4e9866f66a","phase":"capture_disk","status":"checkpoint
","elapsedMs":87346,"message":"stage still running","stagePhase":"capturing","needsAlpha":false,"workerCount":6,"forceS
creenshot":false,"totalFrames":7587,"framesCompleted":1100,"captureMode":"screenshot","captureOperation":"captureScreen
shot","heartbeatIndex":2,"stageElapsedMs":60006}
  ████████░░░░░░░░░░░░░░░░░  32%  Capturing frame 1110/7587 (6 workers)
  ████████░░░░░░░░░░░░░░░░░  32%  Capturing frame 1140/7587 (6 workers)
  ████████░░░░░░░░░░░░░░░░░  32%  Capturing frame 1170/7587 (6 workers)
  ████████░░░░░░░░░░░░░░░░░  32%  Capturing frame 1200/7587 (6 workers)
  ████████░░░░░░░░░░░░░░░░░  32%  Capturing frame 1230/7587 (6 workers)
  ████████░░░░░░░░░░░░░░░░░  32%  Capturing frame 1260/7587 (6 workers)
  ████████░░░░░░░░░░░░░░░░░  33%  Capturing frame 1290/7587 (6 workers)
  ████████░░░░░░░░░░░░░░░░░  33%  Capturing frame 1320/7587 (6 workers)
  ████████░░░░░░░░░░░░░░░░░  33%  Capturing frame 1350/7587 (6 workers)
  ████████░░░░░░░░░░░░░░░░░  33%  Capturing frame 1380/7587 (6 workers)
  ████████░░░░░░░░░░░░░░░░░  33%  Capturing frame 1410/7587 (6 workers)
  ████████░░░░░░░░░░░░░░░░░  34%  Capturing frame 1440/7587 (6 workers)
  ████████░░░░░░░░░░░░░░░░░  34%  Capturing frame 1470/7587 (6 workers)
  ████████░░░░░░░░░░░░░░░░░  34%  Capturing frame 1500/7587 (6 workers)
  ████████░░░░░░░░░░░░░░░░░  34%  Capturing frame 1530/7587 (6 workers)
  ████████░░░░░░░░░░░░░░░░░  34%  Capturing frame 1560/7587 (6 workers)
  ████████░░░░░░░░░░░░░░░░░  34%  Capturing frame 1590/7587 (6 workers)
  ████████░░░░░░░░░░░░░░░░░  35%  Capturing frame 1620/7587 (6 workers)
  ████████░░░░░░░░░░░░░░░░░  35%  Capturing frame 1650/7587 (6 workers)
  ████████░░░░░░░░░░░░░░░░░  35%  Capturing frame 1680/7587 (6 workers)
  ████████░░░░░░░░░░░░░░░░░  35%  Capturing frame 1710/7587 (6 workers)
  ████████░░░░░░░░░░░░░░░░░  35%  Capturing frame 1740/7587 (6 workers)
  ████████░░░░░░░░░░░░░░░░░  35%  Capturing frame 1770/7587 (6 workers)
  █████████░░░░░░░░░░░░░░░░  36%  Capturing frame 1800/7587 (6 workers)
  █████████░░░░░░░░░░░░░░░░  36%  Capturing frame 1830/7587 (6 workers)
  █████████░░░░░░░░░░░░░░░░  36%  Capturing frame 1860/7587 (6 workers)
  █████████░░░░░░░░░░░░░░░░  36%  Capturing frame 1890/7587 (6 workers)
  █████████░░░░░░░░░░░░░░░░  36%  Capturing frame 1920/7587 (6 workers)
  █████████░░░░░░░░░░░░░░░░  37%  Capturing frame 1950/7587 (6 workers)
  █████████░░░░░░░░░░░░░░░░  37%  Capturing frame 1980/7587 (6 workers)
  █████████░░░░░░░░░░░░░░░░  37%  Capturing frame 2010/7587 (6 workers)
  █████████░░░░░░░░░░░░░░░░  37%  Capturing frame 2040/7587 (6 workers)
  █████████░░░░░░░░░░░░░░░░  37%  Capturing frame 2070/7587 (6 workers)
  █████████░░░░░░░░░░░░░░░░  37%  Capturing frame 2100/7587 (6 workers)
  █████████░░░░░░░░░░░░░░░░  38%  Capturing frame 2130/7587 (6 workers)
  █████████░░░░░░░░░░░░░░░░  38%  Capturing frame 2160/7587 (6 workers)
  █████████░░░░░░░░░░░░░░░░  38%  Capturing frame 2190/7587 (6 workers)
  █████████░░░░░░░░░░░░░░░░  38%  Capturing frame 2220/7587 (6 workers)
  █████████░░░░░░░░░░░░░░░░  38%  Capturing frame 2250/7587 (6 workers)
  █████████░░░░░░░░░░░░░░░░  39%  Capturing frame 2280/7587 (6 workers)
  █████████░░░░░░░░░░░░░░░░  39%  Capturing frame 2310/7587 (6 workers)
  █████████░░░░░░░░░░░░░░░░  39%  Capturing frame 2340/7587 (6 workers)
  █████████░░░░░░░░░░░░░░░░  39%  Capturing frame 2370/7587 (6 workers)
  █████████░░░░░░░░░░░░░░░░  39%  Capturing frame 2400/7587 (6 workers)
[INFO] [Render:trace] {"renderJobId":"dfc7e50b-872d-4cae-8d55-7f4e9866f66a","phase":"capture_disk","status":"checkpoint
","elapsedMs":147355,"message":"stage still running","stagePhase":"capturing","needsAlpha":false,"workerCount":6,"force
Screenshot":false,"totalFrames":7587,"framesCompleted":2406,"captureMode":"screenshot","captureOperation":"captureScree
nshot","heartbeatIndex":3,"stageElapsedMs":120015}
  █████████░░░░░░░░░░░░░░░░  39%  Capturing frame 2430/7587 (6 workers)
  ██████████░░░░░░░░░░░░░░░  40%  Capturing frame 2460/7587 (6 workers)
  ██████████░░░░░░░░░░░░░░░  40%  Capturing frame 2490/7587 (6 workers)
  ██████████░░░░░░░░░░░░░░░  40%  Capturing frame 2520/7587 (6 workers)
  ██████████░░░░░░░░░░░░░░░  40%  Capturing frame 2550/7587 (6 workers)
  ██████████░░░░░░░░░░░░░░░  40%  Capturing frame 2580/7587 (6 workers)
  ██████████░░░░░░░░░░░░░░░  40%  Capturing frame 2610/7587 (6 workers)
  ██████████░░░░░░░░░░░░░░░  41%  Capturing frame 2640/7587 (6 workers)
  ██████████░░░░░░░░░░░░░░░  41%  Capturing frame 2670/7587 (6 workers)
  ██████████░░░░░░░░░░░░░░░  41%  Capturing frame 2700/7587 (6 workers)
  ██████████░░░░░░░░░░░░░░░  41%  Capturing frame 2730/7587 (6 workers)
  ██████████░░░░░░░░░░░░░░░  41%  Capturing frame 2760/7587 (6 workers)
  ██████████░░░░░░░░░░░░░░░  42%  Capturing frame 2790/7587 (6 workers)
  ██████████░░░░░░░░░░░░░░░  42%  Capturing frame 2820/7587 (6 workers)
  ██████████░░░░░░░░░░░░░░░  42%  Capturing frame 2850/7587 (6 workers)
  ██████████░░░░░░░░░░░░░░░  42%  Capturing frame 2880/7587 (6 workers)
  ██████████░░░░░░░░░░░░░░░  42%  Capturing frame 2910/7587 (6 workers)
  ██████████░░░░░░░░░░░░░░░  42%  Capturing frame 2940/7587 (6 workers)
  ██████████░░░░░░░░░░░░░░░  43%  Capturing frame 2970/7587 (6 workers)
  ██████████░░░░░░░░░░░░░░░  43%  Capturing frame 3000/7587 (6 workers)
  ██████████░░░░░░░░░░░░░░░  43%  Capturing frame 3030/7587 (6 workers)
  ██████████░░░░░░░░░░░░░░░  43%  Capturing frame 3060/7587 (6 workers)
  ██████████░░░░░░░░░░░░░░░  43%  Capturing frame 3090/7587 (6 workers)
  ███████████░░░░░░░░░░░░░░  44%  Capturing frame 3120/7587 (6 workers)
  ███████████░░░░░░░░░░░░░░  44%  Capturing frame 3150/7587 (6 workers)
  ███████████░░░░░░░░░░░░░░  44%  Capturing frame 3180/7587 (6 workers)
  ███████████░░░░░░░░░░░░░░  44%  Capturing frame 3210/7587 (6 workers)
  ███████████░░░░░░░░░░░░░░  44%  Capturing frame 3240/7587 (6 workers)
  ███████████░░░░░░░░░░░░░░  44%  Capturing frame 3270/7587 (6 workers)
  ███████████░░░░░░░░░░░░░░  45%  Capturing frame 3300/7587 (6 workers)
  ███████████░░░░░░░░░░░░░░  45%  Capturing frame 3330/7587 (6 workers)
  ███████████░░░░░░░░░░░░░░  45%  Capturing frame 3360/7587 (6 workers)
  ███████████░░░░░░░░░░░░░░  45%  Capturing frame 3390/7587 (6 workers)
  ███████████░░░░░░░░░░░░░░  45%  Capturing frame 3420/7587 (6 workers)
  ███████████░░░░░░░░░░░░░░  45%  Capturing frame 3450/7587 (6 workers)
  ███████████░░░░░░░░░░░░░░  46%  Capturing frame 3480/7587 (6 workers)
  ███████████░░░░░░░░░░░░░░  46%  Capturing frame 3510/7587 (6 workers)
  ███████████░░░░░░░░░░░░░░  46%  Capturing frame 3540/7587 (6 workers)
  ███████████░░░░░░░░░░░░░░  46%  Capturing frame 3570/7587 (6 workers)
  ███████████░░░░░░░░░░░░░░  46%  Capturing frame 3600/7587 (6 workers)
  ███████████░░░░░░░░░░░░░░  47%  Capturing frame 3630/7587 (6 workers)
  ███████████░░░░░░░░░░░░░░  47%  Capturing frame 3660/7587 (6 workers)
  ███████████░░░░░░░░░░░░░░  47%  Capturing frame 3690/7587 (6 workers)
  ███████████░░░░░░░░░░░░░░  47%  Capturing frame 3720/7587 (6 workers)
  ███████████░░░░░░░░░░░░░░  47%  Capturing frame 3750/7587 (6 workers)
  ███████████░░░░░░░░░░░░░░  47%  Capturing frame 3780/7587 (6 workers)
  ████████████░░░░░░░░░░░░░  48%  Capturing frame 3810/7587 (6 workers)
  ████████████░░░░░░░░░░░░░  48%  Capturing frame 3840/7587 (6 workers)
  ████████████░░░░░░░░░░░░░  48%  Capturing frame 3870/7587 (6 workers)
  ████████████░░░░░░░░░░░░░  48%  Capturing frame 3900/7587 (6 workers)
  ████████████░░░░░░░░░░░░░  48%  Capturing frame 3930/7587 (6 workers)
  ████████████░░░░░░░░░░░░░  48%  Capturing frame 3960/7587 (6 workers)
  ████████████░░░░░░░░░░░░░  49%  Capturing frame 3990/7587 (6 workers)
  ████████████░░░░░░░░░░░░░  49%  Capturing frame 4020/7587 (6 workers)
  ████████████░░░░░░░░░░░░░  49%  Capturing frame 4050/7587 (6 workers)
  ████████████░░░░░░░░░░░░░  49%  Capturing frame 4080/7587 (6 workers)
  ████████████░░░░░░░░░░░░░  49%  Capturing frame 4110/7587 (6 workers)
  ████████████░░░░░░░░░░░░░  50%  Capturing frame 4140/7587 (6 workers)
  ████████████░░░░░░░░░░░░░  50%  Capturing frame 4170/7587 (6 workers)
  ████████████░░░░░░░░░░░░░  50%  Capturing frame 4200/7587 (6 workers)
  ████████████░░░░░░░░░░░░░  50%  Capturing frame 4230/7587 (6 workers)
  ████████████░░░░░░░░░░░░░  50%  Capturing frame 4260/7587 (6 workers)
  ████████████░░░░░░░░░░░░░  50%  Capturing frame 4290/7587 (6 workers)
  ████████████░░░░░░░░░░░░░  51%  Capturing frame 4320/7587 (6 workers)
  ████████████░░░░░░░░░░░░░  51%  Capturing frame 4350/7587 (6 workers)
  ████████████░░░░░░░░░░░░░  51%  Capturing frame 4380/7587 (6 workers)
  ████████████░░░░░░░░░░░░░  51%  Capturing frame 4410/7587 (6 workers)
  ████████████░░░░░░░░░░░░░  51%  Capturing frame 4440/7587 (6 workers)
  █████████████░░░░░░░░░░░░  52%  Capturing frame 4470/7587 (6 workers)
  █████████████░░░░░░░░░░░░  52%  Capturing frame 4500/7587 (6 workers)
  █████████████░░░░░░░░░░░░  52%  Capturing frame 4530/7587 (6 workers)
  █████████████░░░░░░░░░░░░  52%  Capturing frame 4560/7587 (6 workers)
  █████████████░░░░░░░░░░░░  52%  Capturing frame 4590/7587 (6 workers)
  █████████████░░░░░░░░░░░░  52%  Capturing frame 4620/7587 (6 workers)
  █████████████░░░░░░░░░░░░  53%  Capturing frame 4650/7587 (6 workers)
  █████████████░░░░░░░░░░░░  53%  Capturing frame 4680/7587 (6 workers)
  █████████████░░░░░░░░░░░░  53%  Capturing frame 4710/7587 (6 workers)
  █████████████░░░░░░░░░░░░  53%  Capturing frame 4740/7587 (6 workers)
  █████████████░░░░░░░░░░░░  53%  Capturing frame 4770/7587 (6 workers)
  █████████████░░░░░░░░░░░░  53%  Capturing frame 4800/7587 (6 workers)
  █████████████░░░░░░░░░░░░  54%  Capturing frame 4830/7587 (6 workers)
  █████████████░░░░░░░░░░░░  54%  Capturing frame 4860/7587 (6 workers)
  █████████████░░░░░░░░░░░░  54%  Capturing frame 4890/7587 (6 workers)
  █████████████░░░░░░░░░░░░  54%  Capturing frame 4920/7587 (6 workers)
[INFO] [Render:trace] {"renderJobId":"dfc7e50b-872d-4cae-8d55-7f4e9866f66a","phase":"capture_disk","status":"checkpoint
","elapsedMs":267357,"message":"stage still running","stagePhase":"capturing","needsAlpha":false,"workerCount":6,"force
Screenshot":false,"totalFrames":7587,"framesCompleted":4930,"captureMode":"screenshot","captureOperation":"captureScree
nshot","heartbeatIndex":4,"stageElapsedMs":240017}
  █████████████░░░░░░░░░░░░  54%  Capturing frame 4950/7587 (6 workers)
  █████████████░░░░░░░░░░░░  55%  Capturing frame 4980/7587 (6 workers)
  █████████████░░░░░░░░░░░░  55%  Capturing frame 5010/7587 (6 workers)
  █████████████░░░░░░░░░░░░  55%  Capturing frame 5040/7587 (6 workers)
  █████████████░░░░░░░░░░░░  55%  Capturing frame 5070/7587 (6 workers)
  █████████████░░░░░░░░░░░░  55%  Capturing frame 5100/7587 (6 workers)
  █████████████░░░░░░░░░░░░  55%  Capturing frame 5130/7587 (6 workers)
  ██████████████░░░░░░░░░░░  56%  Capturing frame 5160/7587 (6 workers)
  ██████████████░░░░░░░░░░░  56%  Capturing frame 5190/7587 (6 workers)
  ██████████████░░░░░░░░░░░  56%  Capturing frame 5220/7587 (6 workers)
  ██████████████░░░░░░░░░░░  56%  Capturing frame 5250/7587 (6 workers)
  ██████████████░░░░░░░░░░░  56%  Capturing frame 5280/7587 (6 workers)
  ██████████████░░░░░░░░░░░  56%  Capturing frame 5310/7587 (6 workers)
  ██████████████░░░░░░░░░░░  57%  Capturing frame 5340/7587 (6 workers)
  ██████████████░░░░░░░░░░░  57%  Capturing frame 5370/7587 (6 workers)
  ██████████████░░░░░░░░░░░  57%  Capturing frame 5400/7587 (6 workers)
  ██████████████░░░░░░░░░░░  57%  Capturing frame 5430/7587 (6 workers)
  ██████████████░░░░░░░░░░░  57%  Capturing frame 5460/7587 (6 workers)
  ██████████████░░░░░░░░░░░  58%  Capturing frame 5490/7587 (6 workers)
  ██████████████░░░░░░░░░░░  58%  Capturing frame 5520/7587 (6 workers)
  ██████████████░░░░░░░░░░░  58%  Capturing frame 5550/7587 (6 workers)
  ██████████████░░░░░░░░░░░  58%  Capturing frame 5580/7587 (6 workers)
  ██████████████░░░░░░░░░░░  58%  Capturing frame 5610/7587 (6 workers)
  ██████████████░░░░░░░░░░░  58%  Capturing frame 5640/7587 (6 workers)
  ██████████████░░░░░░░░░░░  59%  Capturing frame 5670/7587 (6 workers)
  ██████████████░░░░░░░░░░░  59%  Capturing frame 5700/7587 (6 workers)
  ██████████████░░░░░░░░░░░  59%  Capturing frame 5730/7587 (6 workers)
  ██████████████░░░░░░░░░░░  59%  Capturing frame 5760/7587 (6 workers)
  ██████████████░░░░░░░░░░░  59%  Capturing frame 5790/7587 (6 workers)
  ███████████████░░░░░░░░░░  60%  Capturing frame 5820/7587 (6 workers)
  ███████████████░░░░░░░░░░  60%  Capturing frame 5850/7587 (6 workers)
  ███████████████░░░░░░░░░░  60%  Capturing frame 5880/7587 (6 workers)
  ███████████████░░░░░░░░░░  60%  Capturing frame 5910/7587 (6 workers)
  ███████████████░░░░░░░░░░  60%  Capturing frame 5940/7587 (6 workers)
  ███████████████░░░░░░░░░░  60%  Capturing frame 5970/7587 (6 workers)
  ███████████████░░░░░░░░░░  61%  Capturing frame 6000/7587 (6 workers)
  ███████████████░░░░░░░░░░  61%  Capturing frame 6030/7587 (6 workers)
  ███████████████░░░░░░░░░░  61%  Capturing frame 6060/7587 (6 workers)
  ███████████████░░░░░░░░░░  61%  Capturing frame 6090/7587 (6 workers)
  ███████████████░░░░░░░░░░  61%  Capturing frame 6120/7587 (6 workers)
  ███████████████░░░░░░░░░░  61%  Capturing frame 6150/7587 (6 workers)
  ███████████████░░░░░░░░░░  62%  Capturing frame 6180/7587 (6 workers)
  ███████████████░░░░░░░░░░  62%  Capturing frame 6210/7587 (6 workers)
  ███████████████░░░░░░░░░░  62%  Capturing frame 6240/7587 (6 workers)
  ███████████████░░░░░░░░░░  62%  Capturing frame 6270/7587 (6 workers)
  ███████████████░░░░░░░░░░  62%  Capturing frame 6300/7587 (6 workers)
  ███████████████░░░░░░░░░░  63%  Capturing frame 6330/7587 (6 workers)
  ███████████████░░░░░░░░░░  63%  Capturing frame 6360/7587 (6 workers)
  ███████████████░░░░░░░░░░  63%  Capturing frame 6390/7587 (6 workers)
  ███████████████░░░░░░░░░░  63%  Capturing frame 6420/7587 (6 workers)
  ███████████████░░░░░░░░░░  63%  Capturing frame 6450/7587 (6 workers)
  ███████████████░░░░░░░░░░  63%  Capturing frame 6480/7587 (6 workers)
  ████████████████░░░░░░░░░  64%  Capturing frame 6510/7587 (6 workers)
  ████████████████░░░░░░░░░  64%  Capturing frame 6540/7587 (6 workers)
  ████████████████░░░░░░░░░  64%  Capturing frame 6570/7587 (6 workers)
  ████████████████░░░░░░░░░  64%  Capturing frame 6600/7587 (6 workers)
  ████████████████░░░░░░░░░  64%  Capturing frame 6630/7587 (6 workers)
  ████████████████░░░░░░░░░  65%  Capturing frame 6660/7587 (6 workers)
  ████████████████░░░░░░░░░  65%  Capturing frame 6690/7587 (6 workers)
  ████████████████░░░░░░░░░  65%  Capturing frame 6720/7587 (6 workers)
  ████████████████░░░░░░░░░  65%  Capturing frame 6750/7587 (6 workers)
  ████████████████░░░░░░░░░  65%  Capturing frame 6780/7587 (6 workers)
  ████████████████░░░░░░░░░  65%  Capturing frame 6810/7587 (6 workers)
  ████████████████░░░░░░░░░  66%  Capturing frame 6840/7587 (6 workers)
  ████████████████░░░░░░░░░  66%  Capturing frame 6870/7587 (6 workers)
  ████████████████░░░░░░░░░  66%  Capturing frame 6900/7587 (6 workers)
  ████████████████░░░░░░░░░  66%  Capturing frame 6930/7587 (6 workers)
  ████████████████░░░░░░░░░  66%  Capturing frame 6960/7587 (6 workers)
  ████████████████░░░░░░░░░  66%  Capturing frame 6990/7587 (6 workers)
  ████████████████░░░░░░░░░  67%  Capturing frame 7020/7587 (6 workers)
  ████████████████░░░░░░░░░  67%  Capturing frame 7050/7587 (6 workers)
  ████████████████░░░░░░░░░  67%  Capturing frame 7080/7587 (6 workers)
  ████████████████░░░░░░░░░  67%  Capturing frame 7110/7587 (6 workers)
  ████████████████░░░░░░░░░  67%  Capturing frame 7140/7587 (6 workers)
  █████████████████░░░░░░░░  68%  Capturing frame 7170/7587 (6 workers)
  █████████████████░░░░░░░░  68%  Capturing frame 7200/7587 (6 workers)
  █████████████████░░░░░░░░  68%  Capturing frame 7230/7587 (6 workers)
  █████████████████░░░░░░░░  68%  Capturing frame 7260/7587 (6 workers)
  █████████████████░░░░░░░░  68%  Capturing frame 7290/7587 (6 workers)
  █████████████████░░░░░░░░  68%  Capturing frame 7320/7587 (6 workers)
  █████████████████░░░░░░░░  69%  Capturing frame 7350/7587 (6 workers)
  █████████████████░░░░░░░░  69%  Capturing frame 7380/7587 (6 workers)
  █████████████████░░░░░░░░  69%  Capturing frame 7410/7587 (6 workers)
[INFO] [Render:trace] {"renderJobId":"dfc7e50b-872d-4cae-8d55-7f4e9866f66a","phase":"capture_disk","status":"checkpoint
","elapsedMs":387359,"message":"stage still running","stagePhase":"capturing","needsAlpha":false,"workerCount":6,"force
Screenshot":false,"totalFrames":7587,"framesCompleted":7421,"captureMode":"screenshot","captureOperation":"captureScree
nshot","heartbeatIndex":5,"stageElapsedMs":360019}
  █████████████████░░░░░░░░  69%  Capturing frame 7440/7587 (6 workers)
  █████████████████░░░░░░░░  69%  Capturing frame 7470/7587 (6 workers)
  █████████████████░░░░░░░░  69%  Capturing frame 7500/7587 (6 workers)
  █████████████████░░░░░░░░  70%  Capturing frame 7530/7587 (6 workers)
  █████████████████░░░░░░░░  70%  Capturing frame 7560/7587 (6 workers)
  █████████████████░░░░░░░░  70%  Capturing frame 7587/7587 (6 workers)
[INFO] [Render:trace] {"renderJobId":"dfc7e50b-872d-4cae-8d55-7f4e9866f66a","phase":"capture_disk","status":"end","elap
sedMs":431922,"durationMs":404582,"stagePhase":"capturing","needsAlpha":false,"workerCount":6,"forceScreenshot":false,"
totalFrames":7587,"framesCompleted":7587,"captureMode":"screenshot","captureOperation":"encode"}
[INFO] [Render:trace] {"renderJobId":"dfc7e50b-872d-4cae-8d55-7f4e9866f66a","phase":"encode","status":"start","elapsedM
s":431923,"stagePhase":"capturing","hasAudio":true,"isPngSequence":false,"isGif":false,"chunkedEncode":false,"workerCou
nt":6,"forceScreenshot":false,"totalFrames":7587,"framesCompleted":7587,"captureMode":"screenshot","captureOperation":"
encode"}
  ██████████████████░░░░░░░  75%  Encoding video
[INFO] [Render:trace] {"renderJobId":"dfc7e50b-872d-4cae-8d55-7f4e9866f66a","phase":"encode","status":"checkpoint","ela
psedMs":461925,"message":"stage still running","stagePhase":"capturing","hasAudio":true,"isPngSequence":false,"isGif":f
alse,"chunkedEncode":false,"workerCount":6,"forceScreenshot":false,"totalFrames":7587,"framesCompleted":7587,"captureMo
de":"screenshot","captureOperation":"encode","heartbeatIndex":1,"stageElapsedMs":30002}
[INFO] [Render:trace] {"renderJobId":"dfc7e50b-872d-4cae-8d55-7f4e9866f66a","phase":"encode","status":"checkpoint","ela
psedMs":491939,"message":"stage still running","stagePhase":"capturing","hasAudio":true,"isPngSequence":false,"isGif":f
alse,"chunkedEncode":false,"workerCount":6,"forceScreenshot":false,"totalFrames":7587,"framesCompleted":7587,"captureMo
de":"screenshot","captureOperation":"encode","heartbeatIndex":2,"stageElapsedMs":60016}
[INFO] [Render:trace] {"renderJobId":"dfc7e50b-872d-4cae-8d55-7f4e9866f66a","phase":"encode","status":"checkpoint","ela
psedMs":551951,"message":"stage still running","stagePhase":"capturing","hasAudio":true,"isPngSequence":false,"isGif":f
alse,"chunkedEncode":false,"workerCount":6,"forceScreenshot":false,"totalFrames":7587,"framesCompleted":7587,"captureMo
de":"screenshot","captureOperation":"encode","heartbeatIndex":3,"stageElapsedMs":120028}
[INFO] [Render:trace] {"renderJobId":"dfc7e50b-872d-4cae-8d55-7f4e9866f66a","phase":"encode","status":"end","elapsedMs"
:610001,"durationMs":178078,"stagePhase":"capturing","hasAudio":true,"isPngSequence":false,"isGif":false,"chunkedEncode
":false,"workerCount":6,"forceScreenshot":false,"totalFrames":7587,"framesCompleted":7587,"captureMode":"screenshot","c
aptureOperation":"encode"}
[INFO] [Render:trace] {"renderJobId":"dfc7e50b-872d-4cae-8d55-7f4e9866f66a","phase":"assemble","status":"start","elapse
dMs":610003,"stagePhase":"capturing","hasAudio":true,"workerCount":6,"forceScreenshot":false,"totalFrames":7587,"frames
Completed":7587,"captureMode":"screenshot","captureOperation":"encode"}
  ██████████████████████░░░  90%  Assembling final video
[INFO] [Render:trace] {"renderJobId":"dfc7e50b-872d-4cae-8d55-7f4e9866f66a","phase":"assemble","status":"checkpoint","e
lapsedMs":640004,"message":"stage still running","stagePhase":"capturing","hasAudio":true,"workerCount":6,"forceScreens
hot":false,"totalFrames":7587,"framesCompleted":7587,"captureMode":"screenshot","captureOperation":"encode","heartbeatI
ndex":1,"stageElapsedMs":30001}
[INFO] [Render:trace] {"renderJobId":"dfc7e50b-872d-4cae-8d55-7f4e9866f66a","phase":"assemble","status":"end","elapsedM
s":642051,"durationMs":32048,"stagePhase":"capturing","hasAudio":true,"workerCount":6,"forceScreenshot":false,"totalFra
mes":7587,"framesCompleted":7587,"captureMode":"screenshot","captureOperation":"encode"}
[INFO] [Render:trace] {"renderJobId":"dfc7e50b-872d-4cae-8d55-7f4e9866f66a","phase":"pipeline","status":"checkpoint","e
lapsedMs":642548,"message":"artifact validated","totalElapsedMs":642154}
  █████████████████████████  100%  Render complete

◇  C:\vox-style-xe-giay-v1-hyperframes\out\ban-an-16-hoa-chuoi-kon-tum-full.mp4
   280.8 MB · 4m 12.9s video · rendered in 10m 44.8s
   screenshot capture · hardware gpu · compile 5.8s · extract 0.0s · audio 14.2s · probe 0.8s · setup 7.3s · capture 6m 44.6s · encode 2m 58.1s · assemble 32.0s
  [hyperframes] Agent feedback: hyperframes feedback --rating <0-10> --comment "..."

Render bản đầy đủ: out\ban-an-16-hoa-chuoi-kon-tum-full.mp4, 294430089 bytes (280.8MB), 652.9s render time, quality=looks. Xác minh ffprobe: duration=252.900s (khớp audio thật 253.224s), 1080x1920 h264. Capture mode: screenshot (tắt fast-capture do: a CSS 3D rendering context (perspective / preserve-3d / backface-visibility)). GPU mode: hardware (WebGL renderer vendor="Google Inc. (NVIDIA)" renderer="ANGLE (NVIDIA, NVIDIA GeForce GTX 1660 SUPER (0x000021C4) Direct3D11 vs_5_0 ps_5_0, D3D11)"). Stage timing: compile=5.1s, browser_probe=0.8s, video_extract=0.0s, audio_process=14.2s, file_server=0.4s, capture_calibration=6.2s, capture_disk=404.6s, encode=178.1s, assemble=32.0s.
Đã ghi pipeline\videos\ban-an-16-hoa-chuoi-kon-tum\completion-manifest.json.
