Chạy Stage 7b integration check (bắt buộc trước khi render)...
Stage 7b integration check PASS — 32/32 scene, có audio, có caption-track, hyperframes check ok=true (96 mốc/32 shot, 73.3s).
Đang render: npx --yes hyperframes@0.8.56 render --quality looks -o "C:\vox-style-xe-giay-v1-hyperframes\out\ban-an-130-2024-hai-chau-da-nang-full.mp4"  "C:\vox-style-xe-giay-v1-hyperframes\hyperframes\videos\ban-an-130-2024-hai-chau-da-nang"

◆  Rendering ban-an-130-2024-hai-chau-da-nang → C:\vox-style-xe-giay-v1-hyperframes\out\ban-an-130-2024-hai-chau-da-nang-full.mp4
   30fps · standard · auto workers (16 cores detected)
   GPU: browser GPU (auto-detect)

[?25l│
◒  Checking browser[1G[J◐  Checking browser[1G[J◓  Checking browser[1G[J◑  Checking browser[1G[J◒  Checking browser[1G[J◐  Checking browser[1G[J◓  Checking browser[1G[J◑  Checking browser[1G[J◇  Browser: cache
[?25h
  Lint: 0 error(s), 363 warning(s) — run with --lint-verbose for full output.
  Continuing render despite lint issues. Use --strict to block errors.

[INFO] [Render] Pipeline started {"renderJobId":"dffdb1b0-4133-4e16-ab83-eb57ad2ca69e","platform":"win32","arch":"x64","nodeVersion":"v24.20.0","fps":{"num":30,"den":1},"format":"mp4","quality":"standard","browserGpuMode":"auto","forceScreenshot":false,"protocolTimeout":300000,"browserTimeout":120000,"pageNavigationTimeout":60000,"playerReadyTimeout":45000}
[INFO] [Render:trace] {"renderJobId":"dffdb1b0-4133-4e16-ab83-eb57ad2ca69e","phase":"pipeline","status":"checkpoint","elapsedMs":6,"message":"started","format":"mp4","quality":"standard","browserGpuMode":"auto","forceScreenshot":false,"protocolTimeoutMs":300000,"pageNavigationTimeoutMs":60000,"playerReadyTimeoutMs":45000,"requestedWorkers":"auto"}
[INFO] [Render:trace] {"renderJobId":"dffdb1b0-4133-4e16-ab83-eb57ad2ca69e","phase":"compile","status":"start","elapsedMs":8,"needsAlpha":false}
  █░░░░░░░░░░░░░░░░░░░░░░░░  5%  Compiling composition
[INFO] [Compiler] Fetched 11 font face(s) for "Be Vietnam Pro" from Google Fonts (cached to C:\Users\DTL\.cache\hyperframes\fonts\be-vietnam-pro)
[INFO] [Compiler] Injected deterministic @font-face rules for 1 requested font families
[INFO] [Compiler] Inlined CDN script: https://cdn.jsdelivr.net/npm/gsap@3.14.2/dist/gsap.min.js
[INFO] [Render] Fast capture: composition uses a CSS 3D rendering context (perspective / preserve-3d / backface-visibility) — disabling drawElementImage for this render. Capture uses the platform's baseline route. {"renderJobId":"dffdb1b0-4133-4e16-ab83-eb57ad2ca69e"}
[INFO] Compiled composition metadata {"renderJobId":"dffdb1b0-4133-4e16-ab83-eb57ad2ca69e","entryFile":"index.html","staticDuration":290.2,"width":1080,"height":1920,"videoCount":0,"audioCount":1,"renderModeHints":{"recommendScreenshot":false,"reasons":[]}}
[INFO] [Render:trace] {"renderJobId":"dffdb1b0-4133-4e16-ab83-eb57ad2ca69e","phase":"compile","status":"end","elapsedMs":5205,"durationMs":5197,"needsAlpha":false}
[INFO] [Render:trace] {"renderJobId":"dffdb1b0-4133-4e16-ab83-eb57ad2ca69e","phase":"compile","status":"checkpoint","elapsedMs":5212,"message":"composition metadata resolved","width":1080,"height":1920,"videoCount":0,"audioCount":1,"imageCount":21,"deviceScaleFactor":1,"forceScreenshot":false,"compositionHash":"c3d1b2a8a1880813"}
[INFO] [Render:trace] {"renderJobId":"dffdb1b0-4133-4e16-ab83-eb57ad2ca69e","phase":"browser_probe","status":"start","elapsedMs":5213,"forceScreenshot":false,"stagePhase":"calibrating"}
[INFO] [Render:trace] {"renderJobId":"dffdb1b0-4133-4e16-ab83-eb57ad2ca69e","phase":"browser_probe","status":"end","elapsedMs":6033,"durationMs":820,"forceScreenshot":false,"stagePhase":"calibrating"}
[INFO] [Render:trace] {"renderJobId":"dffdb1b0-4133-4e16-ab83-eb57ad2ca69e","phase":"browser_probe","status":"checkpoint","elapsedMs":6040,"message":"duration resolved","durationSeconds":290.2,"totalFrames":8706,"compositionHash":"c3d1b2a8a1880813","beginFrameStalled":false}
[INFO] [Render:trace] {"renderJobId":"dffdb1b0-4133-4e16-ab83-eb57ad2ca69e","phase":"video_extract","status":"start","elapsedMs":6040,"videoCount":0}
  ██░░░░░░░░░░░░░░░░░░░░░░░  10%  Extracting video frames
[INFO] [Render:trace] {"renderJobId":"dffdb1b0-4133-4e16-ab83-eb57ad2ca69e","phase":"video_extract","status":"end","elapsedMs":6053,"durationMs":13,"videoCount":0}
[INFO] [Render:trace] {"renderJobId":"dffdb1b0-4133-4e16-ab83-eb57ad2ca69e","phase":"video_extract","status":"checkpoint","elapsedMs":6097,"message":"frames resolved","videoCount":0,"extractedVideoCount":0,"totalFramesExtracted":0,"maxFramesPerVideo":0,"avgFramesPerExtractedVideo":null,"vfrPreflightCount":null,"vfrPreflightMs":null,"cacheHits":null,"cacheMisses":null,"transientRetries":null,"minVideoFrameCoverageRatio":null,"authoredTimedClipCount":439}
[INFO] [Render] No HDR sources detected — rendering SDR {"renderJobId":"dffdb1b0-4133-4e16-ab83-eb57ad2ca69e"}
[INFO] [Render:trace] {"renderJobId":"dffdb1b0-4133-4e16-ab83-eb57ad2ca69e","phase":"hdr_detection","status":"checkpoint","elapsedMs":6098,"message":"resolved","requestedHdrMode":"auto","effectiveHdr":"sdr","nativeHdrVideoCount":0,"nativeHdrImageCount":0}
[INFO] [Render:trace] {"renderJobId":"dffdb1b0-4133-4e16-ab83-eb57ad2ca69e","phase":"audio_process","status":"start","elapsedMs":6098,"audioCount":1}
  █████░░░░░░░░░░░░░░░░░░░░  20%  Processing audio tracks
[INFO] [Render:trace] {"renderJobId":"dffdb1b0-4133-4e16-ab83-eb57ad2ca69e","phase":"audio_process","status":"end","elapsedMs":21743,"durationMs":15645,"audioCount":1}
[INFO] [Render:trace] {"renderJobId":"dffdb1b0-4133-4e16-ab83-eb57ad2ca69e","phase":"file_server","status":"start","elapsedMs":21744,"reused":false}
  ██████░░░░░░░░░░░░░░░░░░░  25%  Starting frame capture
[INFO] [Render:trace] {"renderJobId":"dffdb1b0-4133-4e16-ab83-eb57ad2ca69e","phase":"file_server","status":"end","elapsedMs":22129,"durationMs":385}
[hyperframes] browserGpuMode probe → hardware (WebGL renderer vendor="Google Inc. (NVIDIA)" renderer="ANGLE (NVIDIA, NVIDIA GeForce GTX 1660 SUPER (0x000021C4) Direct3D11 vs_5_0 ps_5_0, D3D11)")
[INFO] [Render:trace] {"renderJobId":"dffdb1b0-4133-4e16-ab83-eb57ad2ca69e","phase":"capture_calibration","status":"start","elapsedMs":22773,"stagePhase":"calibrating","forceScreenshot":false,"totalFrames":8706,"framesCompleted":0,"captureMode":"screenshot","captureOperation":"captureScreenshot"}
[INFO] [Render] Calibration config {"renderJobId":"dffdb1b0-4133-4e16-ab83-eb57ad2ca69e","protocolTimeout":30000,"parentProtocolTimeout":300000,"forceScreenshot":false,"totalFrames":8706}
[INFO] Launching browser for capture calibration... {"renderJobId":"dffdb1b0-4133-4e16-ab83-eb57ad2ca69e"}
[BrowserManager] Browser launched (HeadlessChrome/152.0.7977.30, screenshot, gl=--use-gl=angle --use-angle=d3d11, headlessShell=true, platform=win32)
[INFO] Initializing calibration session... {"renderJobId":"dffdb1b0-4133-4e16-ab83-eb57ad2ca69e"}
[initSession:screenshot] page.goto start (1ms)
[HyperFrames] render runtime fps [object Object]
[initSession:screenshot] page.goto complete (2364ms)
[initSession:screenshot] GSAP proxy flush complete (2455ms)
[initSession:screenshot] pollHfReady complete (2461ms)
[initSession:screenshot] pollSubCompositionTimelines complete (ready) (2499ms)
[initSession:screenshot] applyVideoMetadataHints complete (2499ms)
[initSession:screenshot] media + fonts + tailwind ready (2504ms)
[initSession:screenshot] static-frame dedup: disabled (eligible) (2532ms)
[INFO] Calibration session ready, capturing test frames... {"renderJobId":"dffdb1b0-4133-4e16-ab83-eb57ad2ca69e"}
[INFO] Calibration: capturing test frame 1/5... {"renderJobId":"dffdb1b0-4133-4e16-ab83-eb57ad2ca69e"}
[INFO] Calibration: capturing test frame 2/5... {"renderJobId":"dffdb1b0-4133-4e16-ab83-eb57ad2ca69e"}
[INFO] Calibration: capturing test frame 3/5... {"renderJobId":"dffdb1b0-4133-4e16-ab83-eb57ad2ca69e"}
[INFO] Calibration: capturing test frame 4/5... {"renderJobId":"dffdb1b0-4133-4e16-ab83-eb57ad2ca69e"}
[INFO] Calibration: capturing test frame 5/5... {"renderJobId":"dffdb1b0-4133-4e16-ab83-eb57ad2ca69e"}
[INFO] Calibration complete, estimated cost: 310ms/frame (p95) {"renderJobId":"dffdb1b0-4133-4e16-ab83-eb57ad2ca69e"}
[INFO] [Render:trace] {"renderJobId":"dffdb1b0-4133-4e16-ab83-eb57ad2ca69e","phase":"capture_calibration","status":"end","elapsedMs":27581,"durationMs":4807,"stagePhase":"calibrating","forceScreenshot":false,"totalFrames":8706,"framesCompleted":0,"captureMode":"screenshot","captureOperation":"captureScreenshot"}
[INFO] [Render:trace] {"renderJobId":"dffdb1b0-4133-4e16-ab83-eb57ad2ca69e","phase":"capture_calibration","status":"checkpoint","elapsedMs":27581,"message":"resolved","forceScreenshot":false,"multiplier":1,"p95Ms":310}
[WARN] [Render] 6 capture workers may exceed this process's V8 heap (limit 4288MB supports ~5). If the render dies with "JavaScript heap out of memory", raise the heap (NODE_OPTIONS=--max-old-space-size=8192) or pass --workers 5. {"renderJobId":"dffdb1b0-4133-4e16-ab83-eb57ad2ca69e","heapLimitMb":4288,"heapBasedWorkers":5}
[INFO] [Render:trace] {"renderJobId":"dffdb1b0-4133-4e16-ab83-eb57ad2ca69e","phase":"worker_resolution","status":"checkpoint","elapsedMs":27583,"message":"resolved","workerCount":6}
[INFO] streaming-encode gate {"renderJobId":"dffdb1b0-4133-4e16-ab83-eb57ad2ca69e","enabled":false,"reason":"multi_worker","configFlag":true,"durationCapEnabled":false,"outputFormat":"mp4","workerCount":6,"durationSeconds":290.2,"maxDurationSeconds":240}
[INFO] [Render:trace] {"renderJobId":"dffdb1b0-4133-4e16-ab83-eb57ad2ca69e","phase":"capture_strategy","status":"checkpoint","elapsedMs":27585,"message":"resolved","workerCount":6,"forceScreenshot":false,"captureBeyondViewport":null,"useStreamingEncode":false,"useLayeredComposite":false,"usePageSideCompositing":false,"hasHdrContent":false,"hasShaderTransitions":false,"isPngSequence":false}
[INFO] [Render:trace] {"renderJobId":"dffdb1b0-4133-4e16-ab83-eb57ad2ca69e","phase":"capture_disk","status":"start","elapsedMs":27585,"stagePhase":"capturing","needsAlpha":false,"workerCount":6,"forceScreenshot":false,"totalFrames":8706,"framesCompleted":0,"captureMode":"screenshot","captureOperation":"captureScreenshot"}
  ██████░░░░░░░░░░░░░░░░░░░  25%  Capturing frame 0/8706 (6 workers)
  ██████░░░░░░░░░░░░░░░░░░░  25%  Capturing frame 0/8706 (6 workers)
  ██████░░░░░░░░░░░░░░░░░░░  25%  Capturing frame 0/8706 (6 workers)
  ██████░░░░░░░░░░░░░░░░░░░  25%  Capturing frame 0/8706 (6 workers)
  ██████░░░░░░░░░░░░░░░░░░░  25%  Capturing frame 0/8706 (6 workers)
  ██████░░░░░░░░░░░░░░░░░░░  25%  Capturing frame 0/8706 (6 workers)
[BrowserManager] Browser launched (HeadlessChrome/152.0.7977.30, screenshot, gl=--use-gl=angle --use-angle=d3d11, headlessShell=true, platform=win32)
  ██████░░░░░░░░░░░░░░░░░░░  25%  Capturing frame 0/8706 (6 workers)
[initSession:screenshot] page.goto start (0ms)
  ██████░░░░░░░░░░░░░░░░░░░  25%  Capturing frame 0/8706 (6 workers)
  ██████░░░░░░░░░░░░░░░░░░░  25%  Capturing frame 0/8706 (6 workers)
[initSession:screenshot] page.goto start (0ms)
  ██████░░░░░░░░░░░░░░░░░░░  25%  Capturing frame 0/8706 (6 workers)
  ██████░░░░░░░░░░░░░░░░░░░  25%  Capturing frame 0/8706 (6 workers)
[initSession:screenshot] page.goto start (0ms)
  ██████░░░░░░░░░░░░░░░░░░░  25%  Capturing frame 0/8706 (6 workers)
  ██████░░░░░░░░░░░░░░░░░░░  25%  Capturing frame 0/8706 (6 workers)
[initSession:screenshot] page.goto start (0ms)
  ██████░░░░░░░░░░░░░░░░░░░  25%  Capturing frame 0/8706 (6 workers)
  ██████░░░░░░░░░░░░░░░░░░░  25%  Capturing frame 0/8706 (6 workers)
[initSession:screenshot] page.goto start (0ms)
  ██████░░░░░░░░░░░░░░░░░░░  25%  Capturing frame 0/8706 (6 workers)
  ██████░░░░░░░░░░░░░░░░░░░  25%  Capturing frame 0/8706 (6 workers)
[initSession:screenshot] page.goto start (0ms)
  ██████░░░░░░░░░░░░░░░░░░░  25%  Capturing frame 0/8706 (6 workers)
[HyperFrames] render runtime fps [object Object]
[initSession:screenshot] page.goto complete (1866ms)
[HyperFrames] render runtime fps [object Object]
[HyperFrames] render runtime fps [object Object]
[HyperFrames] render runtime fps [object Object]
[HyperFrames] render runtime fps [object Object]
[HyperFrames] render runtime fps [object Object]
[initSession:screenshot] GSAP proxy flush complete (2949ms)
[initSession:screenshot] pollHfReady complete (2958ms)
[initSession:screenshot] pollSubCompositionTimelines complete (ready) (3009ms)
[initSession:screenshot] applyVideoMetadataHints complete (3009ms)
[initSession:screenshot] page.goto complete (3107ms)
[initSession:screenshot] page.goto complete (3090ms)
[initSession:screenshot] page.goto complete (3201ms)
[initSession:screenshot] page.goto complete (3188ms)
[initSession:screenshot] page.goto complete (3238ms)
[initSession:screenshot] GSAP proxy flush complete (3231ms)
[initSession:screenshot] GSAP proxy flush complete (3279ms)
[initSession:screenshot] pollHfReady complete (3251ms)
[initSession:screenshot] pollHfReady complete (3291ms)
[initSession:screenshot] media + fonts + tailwind ready (3246ms)
[initSession:screenshot] GSAP proxy flush complete (3379ms)
[initSession:screenshot] GSAP proxy flush complete (3363ms)
[initSession:screenshot] pollHfReady complete (3391ms)
[initSession:screenshot] pollHfReady complete (3377ms)
[initSession:screenshot] GSAP proxy flush complete (3359ms)
[initSession:screenshot] pollHfReady complete (3378ms)
[initSession:screenshot] pollSubCompositionTimelines complete (ready) (3331ms)
[initSession:screenshot] applyVideoMetadataHints complete (3331ms)
[initSession:screenshot] pollSubCompositionTimelines complete (ready) (3364ms)
[initSession:screenshot] applyVideoMetadataHints complete (3364ms)
[initSession:screenshot] media + fonts + tailwind ready (3339ms)
[initSession:screenshot] media + fonts + tailwind ready (3370ms)
[initSession:screenshot] static-frame dedup: disabled (eligible) (3341ms)
  ██████░░░░░░░░░░░░░░░░░░░  25%  Capturing frame 0/8706 (6 workers)
[initSession:screenshot] pollSubCompositionTimelines complete (ready) (3469ms)
[initSession:screenshot] applyVideoMetadataHints complete (3469ms)
[initSession:screenshot] static-frame dedup: disabled (eligible) (3380ms)
[initSession:screenshot] static-frame dedup: disabled (eligible) (3414ms)
[initSession:screenshot] pollSubCompositionTimelines complete (ready) (3434ms)
[initSession:screenshot] applyVideoMetadataHints complete (3434ms)
  ██████░░░░░░░░░░░░░░░░░░░  25%  Capturing frame 0/8706 (6 workers)
[initSession:screenshot] pollSubCompositionTimelines complete (ready) (3461ms)
[initSession:screenshot] applyVideoMetadataHints complete (3461ms)
[initSession:screenshot] media + fonts + tailwind ready (3483ms)
  ██████░░░░░░░░░░░░░░░░░░░  25%  Capturing frame 0/8706 (6 workers)
[initSession:screenshot] media + fonts + tailwind ready (3440ms)
[initSession:screenshot] media + fonts + tailwind ready (3467ms)
[initSession:screenshot] static-frame dedup: disabled (eligible) (3518ms)
[initSession:screenshot] static-frame dedup: disabled (eligible) (3476ms)
[initSession:screenshot] static-frame dedup: disabled (eligible) (3506ms)
  ██████░░░░░░░░░░░░░░░░░░░  25%  Capturing frame 0/8706 (6 workers)
  ██████░░░░░░░░░░░░░░░░░░░  25%  Capturing frame 0/8706 (6 workers)
  ██████░░░░░░░░░░░░░░░░░░░  25%  Capturing frame 0/8706 (6 workers)
  ██████░░░░░░░░░░░░░░░░░░░  25%  Capturing frame 30/8706 (6 workers)
  ██████░░░░░░░░░░░░░░░░░░░  25%  Capturing frame 60/8706 (6 workers)
  ██████░░░░░░░░░░░░░░░░░░░  25%  Capturing frame 90/8706 (6 workers)
  ██████░░░░░░░░░░░░░░░░░░░  26%  Capturing frame 120/8706 (6 workers)
  ██████░░░░░░░░░░░░░░░░░░░  26%  Capturing frame 150/8706 (6 workers)
  ██████░░░░░░░░░░░░░░░░░░░  26%  Capturing frame 180/8706 (6 workers)
  ██████░░░░░░░░░░░░░░░░░░░  26%  Capturing frame 210/8706 (6 workers)
  ██████░░░░░░░░░░░░░░░░░░░  26%  Capturing frame 240/8706 (6 workers)
  ██████░░░░░░░░░░░░░░░░░░░  26%  Capturing frame 270/8706 (6 workers)
  ██████░░░░░░░░░░░░░░░░░░░  27%  Capturing frame 300/8706 (6 workers)
  ██████░░░░░░░░░░░░░░░░░░░  27%  Capturing frame 330/8706 (6 workers)
  ██████░░░░░░░░░░░░░░░░░░░  27%  Capturing frame 360/8706 (6 workers)
  ██████░░░░░░░░░░░░░░░░░░░  27%  Capturing frame 390/8706 (6 workers)
  ██████░░░░░░░░░░░░░░░░░░░  27%  Capturing frame 420/8706 (6 workers)
  ██████░░░░░░░░░░░░░░░░░░░  27%  Capturing frame 450/8706 (6 workers)
  ██████░░░░░░░░░░░░░░░░░░░  27%  Capturing frame 480/8706 (6 workers)
  ███████░░░░░░░░░░░░░░░░░░  28%  Capturing frame 510/8706 (6 workers)
  ███████░░░░░░░░░░░░░░░░░░  28%  Capturing frame 540/8706 (6 workers)
[INFO] [Render:trace] {"renderJobId":"dffdb1b0-4133-4e16-ab83-eb57ad2ca69e","phase":"capture_disk","status":"checkpoint","elapsedMs":57598,"message":"stage still running","stagePhase":"capturing","needsAlpha":false,"workerCount":6,"forceScreenshot":false,"totalFrames":8706,"framesCompleted":560,"captureMode":"screenshot","captureOperation":"captureScreenshot","heartbeatIndex":1,"stageElapsedMs":30013}
  ███████░░░░░░░░░░░░░░░░░░  28%  Capturing frame 570/8706 (6 workers)
  ███████░░░░░░░░░░░░░░░░░░  28%  Capturing frame 600/8706 (6 workers)
  ███████░░░░░░░░░░░░░░░░░░  28%  Capturing frame 630/8706 (6 workers)
  ███████░░░░░░░░░░░░░░░░░░  28%  Capturing frame 660/8706 (6 workers)
  ███████░░░░░░░░░░░░░░░░░░  29%  Capturing frame 690/8706 (6 workers)
  ███████░░░░░░░░░░░░░░░░░░  29%  Capturing frame 720/8706 (6 workers)
  ███████░░░░░░░░░░░░░░░░░░  29%  Capturing frame 750/8706 (6 workers)
  ███████░░░░░░░░░░░░░░░░░░  29%  Capturing frame 780/8706 (6 workers)
  ███████░░░░░░░░░░░░░░░░░░  29%  Capturing frame 810/8706 (6 workers)
  ███████░░░░░░░░░░░░░░░░░░  29%  Capturing frame 840/8706 (6 workers)
  ███████░░░░░░░░░░░░░░░░░░  29%  Capturing frame 870/8706 (6 workers)
  ███████░░░░░░░░░░░░░░░░░░  30%  Capturing frame 900/8706 (6 workers)
  ███████░░░░░░░░░░░░░░░░░░  30%  Capturing frame 930/8706 (6 workers)
  ███████░░░░░░░░░░░░░░░░░░  30%  Capturing frame 960/8706 (6 workers)
  ███████░░░░░░░░░░░░░░░░░░  30%  Capturing frame 990/8706 (6 workers)
  ███████░░░░░░░░░░░░░░░░░░  30%  Capturing frame 1020/8706 (6 workers)
  ███████░░░░░░░░░░░░░░░░░░  30%  Capturing frame 1050/8706 (6 workers)
  ███████░░░░░░░░░░░░░░░░░░  31%  Capturing frame 1080/8706 (6 workers)
  ███████░░░░░░░░░░░░░░░░░░  31%  Capturing frame 1110/8706 (6 workers)
  ███████░░░░░░░░░░░░░░░░░░  31%  Capturing frame 1140/8706 (6 workers)
  ███████░░░░░░░░░░░░░░░░░░  31%  Capturing frame 1170/8706 (6 workers)
  ███████░░░░░░░░░░░░░░░░░░  31%  Capturing frame 1200/8706 (6 workers)
  ███████░░░░░░░░░░░░░░░░░░  31%  Capturing frame 1230/8706 (6 workers)
  ████████░░░░░░░░░░░░░░░░░  32%  Capturing frame 1260/8706 (6 workers)
  ████████░░░░░░░░░░░░░░░░░  32%  Capturing frame 1290/8706 (6 workers)
[INFO] [Render:trace] {"renderJobId":"dffdb1b0-4133-4e16-ab83-eb57ad2ca69e","phase":"capture_disk","status":"checkpoint","elapsedMs":87603,"message":"stage still running","stagePhase":"capturing","needsAlpha":false,"workerCount":6,"forceScreenshot":false,"totalFrames":8706,"framesCompleted":1308,"captureMode":"screenshot","captureOperation":"captureScreenshot","heartbeatIndex":2,"stageElapsedMs":60018}
  ████████░░░░░░░░░░░░░░░░░  32%  Capturing frame 1320/8706 (6 workers)
  ████████░░░░░░░░░░░░░░░░░  32%  Capturing frame 1350/8706 (6 workers)
  ████████░░░░░░░░░░░░░░░░░  32%  Capturing frame 1380/8706 (6 workers)
  ████████░░░░░░░░░░░░░░░░░  32%  Capturing frame 1410/8706 (6 workers)
  ████████░░░░░░░░░░░░░░░░░  32%  Capturing frame 1440/8706 (6 workers)
  ████████░░░░░░░░░░░░░░░░░  33%  Capturing frame 1470/8706 (6 workers)
  ████████░░░░░░░░░░░░░░░░░  33%  Capturing frame 1500/8706 (6 workers)
  ████████░░░░░░░░░░░░░░░░░  33%  Capturing frame 1530/8706 (6 workers)
  ████████░░░░░░░░░░░░░░░░░  33%  Capturing frame 1560/8706 (6 workers)
  ████████░░░░░░░░░░░░░░░░░  33%  Capturing frame 1590/8706 (6 workers)
  ████████░░░░░░░░░░░░░░░░░  33%  Capturing frame 1620/8706 (6 workers)
  ████████░░░░░░░░░░░░░░░░░  34%  Capturing frame 1650/8706 (6 workers)
  ████████░░░░░░░░░░░░░░░░░  34%  Capturing frame 1680/8706 (6 workers)
  ████████░░░░░░░░░░░░░░░░░  34%  Capturing frame 1710/8706 (6 workers)
  ████████░░░░░░░░░░░░░░░░░  34%  Capturing frame 1740/8706 (6 workers)
  ████████░░░░░░░░░░░░░░░░░  34%  Capturing frame 1770/8706 (6 workers)
  ████████░░░░░░░░░░░░░░░░░  34%  Capturing frame 1800/8706 (6 workers)
  ████████░░░░░░░░░░░░░░░░░  34%  Capturing frame 1830/8706 (6 workers)
  ████████░░░░░░░░░░░░░░░░░  35%  Capturing frame 1860/8706 (6 workers)
  ████████░░░░░░░░░░░░░░░░░  35%  Capturing frame 1890/8706 (6 workers)
  ████████░░░░░░░░░░░░░░░░░  35%  Capturing frame 1920/8706 (6 workers)
  ████████░░░░░░░░░░░░░░░░░  35%  Capturing frame 1950/8706 (6 workers)
  ████████░░░░░░░░░░░░░░░░░  35%  Capturing frame 1980/8706 (6 workers)
  ████████░░░░░░░░░░░░░░░░░  35%  Capturing frame 2010/8706 (6 workers)
  █████████░░░░░░░░░░░░░░░░  36%  Capturing frame 2040/8706 (6 workers)
  █████████░░░░░░░░░░░░░░░░  36%  Capturing frame 2070/8706 (6 workers)
  █████████░░░░░░░░░░░░░░░░  36%  Capturing frame 2100/8706 (6 workers)
  █████████░░░░░░░░░░░░░░░░  36%  Capturing frame 2130/8706 (6 workers)
  █████████░░░░░░░░░░░░░░░░  36%  Capturing frame 2160/8706 (6 workers)
  █████████░░░░░░░░░░░░░░░░  36%  Capturing frame 2190/8706 (6 workers)
  █████████░░░░░░░░░░░░░░░░  36%  Capturing frame 2220/8706 (6 workers)
  █████████░░░░░░░░░░░░░░░░  37%  Capturing frame 2250/8706 (6 workers)
  █████████░░░░░░░░░░░░░░░░  37%  Capturing frame 2280/8706 (6 workers)
  █████████░░░░░░░░░░░░░░░░  37%  Capturing frame 2310/8706 (6 workers)
  █████████░░░░░░░░░░░░░░░░  37%  Capturing frame 2340/8706 (6 workers)
  █████████░░░░░░░░░░░░░░░░  37%  Capturing frame 2370/8706 (6 workers)
  █████████░░░░░░░░░░░░░░░░  37%  Capturing frame 2400/8706 (6 workers)
  █████████░░░░░░░░░░░░░░░░  38%  Capturing frame 2430/8706 (6 workers)
  █████████░░░░░░░░░░░░░░░░  38%  Capturing frame 2460/8706 (6 workers)
  █████████░░░░░░░░░░░░░░░░  38%  Capturing frame 2490/8706 (6 workers)
  █████████░░░░░░░░░░░░░░░░  38%  Capturing frame 2520/8706 (6 workers)
  █████████░░░░░░░░░░░░░░░░  38%  Capturing frame 2550/8706 (6 workers)
  █████████░░░░░░░░░░░░░░░░  38%  Capturing frame 2580/8706 (6 workers)
  █████████░░░░░░░░░░░░░░░░  38%  Capturing frame 2610/8706 (6 workers)
  █████████░░░░░░░░░░░░░░░░  39%  Capturing frame 2640/8706 (6 workers)
  █████████░░░░░░░░░░░░░░░░  39%  Capturing frame 2670/8706 (6 workers)
  █████████░░░░░░░░░░░░░░░░  39%  Capturing frame 2700/8706 (6 workers)
[INFO] [Render:trace] {"renderJobId":"dffdb1b0-4133-4e16-ab83-eb57ad2ca69e","phase":"capture_disk","status":"checkpoint","elapsedMs":147611,"message":"stage still running","stagePhase":"capturing","needsAlpha":false,"workerCount":6,"forceScreenshot":false,"totalFrames":8706,"framesCompleted":2718,"captureMode":"screenshot","captureOperation":"captureScreenshot","heartbeatIndex":3,"stageElapsedMs":120026}
  █████████░░░░░░░░░░░░░░░░  39%  Capturing frame 2730/8706 (6 workers)
  █████████░░░░░░░░░░░░░░░░  39%  Capturing frame 2760/8706 (6 workers)
  █████████░░░░░░░░░░░░░░░░  39%  Capturing frame 2790/8706 (6 workers)
  ██████████░░░░░░░░░░░░░░░  40%  Capturing frame 2820/8706 (6 workers)
  ██████████░░░░░░░░░░░░░░░  40%  Capturing frame 2850/8706 (6 workers)
  ██████████░░░░░░░░░░░░░░░  40%  Capturing frame 2880/8706 (6 workers)
  ██████████░░░░░░░░░░░░░░░  40%  Capturing frame 2910/8706 (6 workers)
  ██████████░░░░░░░░░░░░░░░  40%  Capturing frame 2940/8706 (6 workers)
  ██████████░░░░░░░░░░░░░░░  40%  Capturing frame 2970/8706 (6 workers)
  ██████████░░░░░░░░░░░░░░░  41%  Capturing frame 3000/8706 (6 workers)
  ██████████░░░░░░░░░░░░░░░  41%  Capturing frame 3030/8706 (6 workers)
  ██████████░░░░░░░░░░░░░░░  41%  Capturing frame 3060/8706 (6 workers)
  ██████████░░░░░░░░░░░░░░░  41%  Capturing frame 3090/8706 (6 workers)
  ██████████░░░░░░░░░░░░░░░  41%  Capturing frame 3120/8706 (6 workers)
  ██████████░░░░░░░░░░░░░░░  41%  Capturing frame 3150/8706 (6 workers)
  ██████████░░░░░░░░░░░░░░░  41%  Capturing frame 3180/8706 (6 workers)
  ██████████░░░░░░░░░░░░░░░  42%  Capturing frame 3210/8706 (6 workers)
  ██████████░░░░░░░░░░░░░░░  42%  Capturing frame 3240/8706 (6 workers)
  ██████████░░░░░░░░░░░░░░░  42%  Capturing frame 3270/8706 (6 workers)
  ██████████░░░░░░░░░░░░░░░  42%  Capturing frame 3300/8706 (6 workers)
  ██████████░░░░░░░░░░░░░░░  42%  Capturing frame 3330/8706 (6 workers)
  ██████████░░░░░░░░░░░░░░░  42%  Capturing frame 3360/8706 (6 workers)
  ██████████░░░░░░░░░░░░░░░  43%  Capturing frame 3390/8706 (6 workers)
  ██████████░░░░░░░░░░░░░░░  43%  Capturing frame 3420/8706 (6 workers)
  ██████████░░░░░░░░░░░░░░░  43%  Capturing frame 3450/8706 (6 workers)
  ██████████░░░░░░░░░░░░░░░  43%  Capturing frame 3480/8706 (6 workers)
  ██████████░░░░░░░░░░░░░░░  43%  Capturing frame 3510/8706 (6 workers)
  ██████████░░░░░░░░░░░░░░░  43%  Capturing frame 3540/8706 (6 workers)
  ██████████░░░░░░░░░░░░░░░  43%  Capturing frame 3570/8706 (6 workers)
  ███████████░░░░░░░░░░░░░░  44%  Capturing frame 3600/8706 (6 workers)
  ███████████░░░░░░░░░░░░░░  44%  Capturing frame 3630/8706 (6 workers)
  ███████████░░░░░░░░░░░░░░  44%  Capturing frame 3660/8706 (6 workers)
  ███████████░░░░░░░░░░░░░░  44%  Capturing frame 3690/8706 (6 workers)
  ███████████░░░░░░░░░░░░░░  44%  Capturing frame 3720/8706 (6 workers)
  ███████████░░░░░░░░░░░░░░  44%  Capturing frame 3750/8706 (6 workers)
  ███████████░░░░░░░░░░░░░░  45%  Capturing frame 3780/8706 (6 workers)
  ███████████░░░░░░░░░░░░░░  45%  Capturing frame 3810/8706 (6 workers)
  ███████████░░░░░░░░░░░░░░  45%  Capturing frame 3840/8706 (6 workers)
  ███████████░░░░░░░░░░░░░░  45%  Capturing frame 3870/8706 (6 workers)
  ███████████░░░░░░░░░░░░░░  45%  Capturing frame 3900/8706 (6 workers)
  ███████████░░░░░░░░░░░░░░  45%  Capturing frame 3930/8706 (6 workers)
  ███████████░░░░░░░░░░░░░░  45%  Capturing frame 3960/8706 (6 workers)
  ███████████░░░░░░░░░░░░░░  46%  Capturing frame 3990/8706 (6 workers)
  ███████████░░░░░░░░░░░░░░  46%  Capturing frame 4020/8706 (6 workers)
  ███████████░░░░░░░░░░░░░░  46%  Capturing frame 4050/8706 (6 workers)
  ███████████░░░░░░░░░░░░░░  46%  Capturing frame 4080/8706 (6 workers)
  ███████████░░░░░░░░░░░░░░  46%  Capturing frame 4110/8706 (6 workers)
  ███████████░░░░░░░░░░░░░░  46%  Capturing frame 4140/8706 (6 workers)
  ███████████░░░░░░░░░░░░░░  47%  Capturing frame 4170/8706 (6 workers)
  ███████████░░░░░░░░░░░░░░  47%  Capturing frame 4200/8706 (6 workers)
  ███████████░░░░░░░░░░░░░░  47%  Capturing frame 4230/8706 (6 workers)
  ███████████░░░░░░░░░░░░░░  47%  Capturing frame 4260/8706 (6 workers)
  ███████████░░░░░░░░░░░░░░  47%  Capturing frame 4290/8706 (6 workers)
  ███████████░░░░░░░░░░░░░░  47%  Capturing frame 4320/8706 (6 workers)
  ███████████░░░░░░░░░░░░░░  47%  Capturing frame 4350/8706 (6 workers)
  ████████████░░░░░░░░░░░░░  48%  Capturing frame 4380/8706 (6 workers)
  ████████████░░░░░░░░░░░░░  48%  Capturing frame 4410/8706 (6 workers)
  ████████████░░░░░░░░░░░░░  48%  Capturing frame 4440/8706 (6 workers)
  ████████████░░░░░░░░░░░░░  48%  Capturing frame 4470/8706 (6 workers)
  ████████████░░░░░░░░░░░░░  48%  Capturing frame 4500/8706 (6 workers)
  ████████████░░░░░░░░░░░░░  48%  Capturing frame 4530/8706 (6 workers)
  ████████████░░░░░░░░░░░░░  49%  Capturing frame 4560/8706 (6 workers)
  ████████████░░░░░░░░░░░░░  49%  Capturing frame 4590/8706 (6 workers)
  ████████████░░░░░░░░░░░░░  49%  Capturing frame 4620/8706 (6 workers)
  ████████████░░░░░░░░░░░░░  49%  Capturing frame 4650/8706 (6 workers)
  ████████████░░░░░░░░░░░░░  49%  Capturing frame 4680/8706 (6 workers)
  ████████████░░░░░░░░░░░░░  49%  Capturing frame 4710/8706 (6 workers)
  ████████████░░░░░░░░░░░░░  50%  Capturing frame 4740/8706 (6 workers)
  ████████████░░░░░░░░░░░░░  50%  Capturing frame 4770/8706 (6 workers)
  ████████████░░░░░░░░░░░░░  50%  Capturing frame 4800/8706 (6 workers)
  ████████████░░░░░░░░░░░░░  50%  Capturing frame 4830/8706 (6 workers)
  ████████████░░░░░░░░░░░░░  50%  Capturing frame 4860/8706 (6 workers)
  ████████████░░░░░░░░░░░░░  50%  Capturing frame 4890/8706 (6 workers)
  ████████████░░░░░░░░░░░░░  50%  Capturing frame 4920/8706 (6 workers)
  ████████████░░░░░░░░░░░░░  51%  Capturing frame 4950/8706 (6 workers)
  ████████████░░░░░░░░░░░░░  51%  Capturing frame 4980/8706 (6 workers)
  ████████████░░░░░░░░░░░░░  51%  Capturing frame 5010/8706 (6 workers)
  ████████████░░░░░░░░░░░░░  51%  Capturing frame 5040/8706 (6 workers)
  ████████████░░░░░░░░░░░░░  51%  Capturing frame 5070/8706 (6 workers)
  ████████████░░░░░░░░░░░░░  51%  Capturing frame 5100/8706 (6 workers)
  █████████████░░░░░░░░░░░░  52%  Capturing frame 5130/8706 (6 workers)
  █████████████░░░░░░░░░░░░  52%  Capturing frame 5160/8706 (6 workers)
  █████████████░░░░░░░░░░░░  52%  Capturing frame 5190/8706 (6 workers)
  █████████████░░░░░░░░░░░░  52%  Capturing frame 5220/8706 (6 workers)
  █████████████░░░░░░░░░░░░  52%  Capturing frame 5250/8706 (6 workers)
  █████████████░░░░░░░░░░░░  52%  Capturing frame 5280/8706 (6 workers)
  █████████████░░░░░░░░░░░░  52%  Capturing frame 5310/8706 (6 workers)
  █████████████░░░░░░░░░░░░  53%  Capturing frame 5340/8706 (6 workers)
  █████████████░░░░░░░░░░░░  53%  Capturing frame 5370/8706 (6 workers)
  █████████████░░░░░░░░░░░░  53%  Capturing frame 5400/8706 (6 workers)
  █████████████░░░░░░░░░░░░  53%  Capturing frame 5430/8706 (6 workers)
  █████████████░░░░░░░░░░░░  53%  Capturing frame 5460/8706 (6 workers)
  █████████████░░░░░░░░░░░░  53%  Capturing frame 5490/8706 (6 workers)
  █████████████░░░░░░░░░░░░  54%  Capturing frame 5520/8706 (6 workers)
  █████████████░░░░░░░░░░░░  54%  Capturing frame 5550/8706 (6 workers)
  █████████████░░░░░░░░░░░░  54%  Capturing frame 5580/8706 (6 workers)
  █████████████░░░░░░░░░░░░  54%  Capturing frame 5610/8706 (6 workers)
[INFO] [Render:trace] {"renderJobId":"dffdb1b0-4133-4e16-ab83-eb57ad2ca69e","phase":"capture_disk","status":"checkpoint","elapsedMs":267623,"message":"stage still running","stagePhase":"capturing","needsAlpha":false,"workerCount":6,"forceScreenshot":false,"totalFrames":8706,"framesCompleted":5638,"captureMode":"screenshot","captureOperation":"captureScreenshot","heartbeatIndex":4,"stageElapsedMs":240038}
  █████████████░░░░░░░░░░░░  54%  Capturing frame 5640/8706 (6 workers)
  █████████████░░░░░░░░░░░░  54%  Capturing frame 5670/8706 (6 workers)
  █████████████░░░░░░░░░░░░  54%  Capturing frame 5700/8706 (6 workers)
  █████████████░░░░░░░░░░░░  55%  Capturing frame 5730/8706 (6 workers)
  █████████████░░░░░░░░░░░░  55%  Capturing frame 5760/8706 (6 workers)
  █████████████░░░░░░░░░░░░  55%  Capturing frame 5790/8706 (6 workers)
  █████████████░░░░░░░░░░░░  55%  Capturing frame 5820/8706 (6 workers)
  █████████████░░░░░░░░░░░░  55%  Capturing frame 5850/8706 (6 workers)
  █████████████░░░░░░░░░░░░  55%  Capturing frame 5880/8706 (6 workers)
  ██████████████░░░░░░░░░░░  56%  Capturing frame 5910/8706 (6 workers)
  ██████████████░░░░░░░░░░░  56%  Capturing frame 5940/8706 (6 workers)
  ██████████████░░░░░░░░░░░  56%  Capturing frame 5970/8706 (6 workers)
  ██████████████░░░░░░░░░░░  56%  Capturing frame 6000/8706 (6 workers)
  ██████████████░░░░░░░░░░░  56%  Capturing frame 6030/8706 (6 workers)
  ██████████████░░░░░░░░░░░  56%  Capturing frame 6060/8706 (6 workers)
  ██████████████░░░░░░░░░░░  56%  Capturing frame 6090/8706 (6 workers)
  ██████████████░░░░░░░░░░░  57%  Capturing frame 6120/8706 (6 workers)
  ██████████████░░░░░░░░░░░  57%  Capturing frame 6150/8706 (6 workers)
  ██████████████░░░░░░░░░░░  57%  Capturing frame 6180/8706 (6 workers)
  ██████████████░░░░░░░░░░░  57%  Capturing frame 6210/8706 (6 workers)
  ██████████████░░░░░░░░░░░  57%  Capturing frame 6240/8706 (6 workers)
  ██████████████░░░░░░░░░░░  57%  Capturing frame 6270/8706 (6 workers)
  ██████████████░░░░░░░░░░░  58%  Capturing frame 6300/8706 (6 workers)
  ██████████████░░░░░░░░░░░  58%  Capturing frame 6330/8706 (6 workers)
  ██████████████░░░░░░░░░░░  58%  Capturing frame 6360/8706 (6 workers)
  ██████████████░░░░░░░░░░░  58%  Capturing frame 6390/8706 (6 workers)
  ██████████████░░░░░░░░░░░  58%  Capturing frame 6420/8706 (6 workers)
  ██████████████░░░░░░░░░░░  58%  Capturing frame 6450/8706 (6 workers)
  ██████████████░░░░░░░░░░░  58%  Capturing frame 6480/8706 (6 workers)
  ██████████████░░░░░░░░░░░  59%  Capturing frame 6510/8706 (6 workers)
  ██████████████░░░░░░░░░░░  59%  Capturing frame 6540/8706 (6 workers)
  ██████████████░░░░░░░░░░░  59%  Capturing frame 6570/8706 (6 workers)
  ██████████████░░░░░░░░░░░  59%  Capturing frame 6600/8706 (6 workers)
  ██████████████░░░░░░░░░░░  59%  Capturing frame 6630/8706 (6 workers)
  ██████████████░░░░░░░░░░░  59%  Capturing frame 6660/8706 (6 workers)
  ███████████████░░░░░░░░░░  60%  Capturing frame 6690/8706 (6 workers)
  ███████████████░░░░░░░░░░  60%  Capturing frame 6720/8706 (6 workers)
  ███████████████░░░░░░░░░░  60%  Capturing frame 6750/8706 (6 workers)
  ███████████████░░░░░░░░░░  60%  Capturing frame 6780/8706 (6 workers)
  ███████████████░░░░░░░░░░  60%  Capturing frame 6810/8706 (6 workers)
  ███████████████░░░░░░░░░░  60%  Capturing frame 6840/8706 (6 workers)
  ███████████████░░░░░░░░░░  61%  Capturing frame 6870/8706 (6 workers)
  ███████████████░░░░░░░░░░  61%  Capturing frame 6900/8706 (6 workers)
  ███████████████░░░░░░░░░░  61%  Capturing frame 6930/8706 (6 workers)
  ███████████████░░░░░░░░░░  61%  Capturing frame 6960/8706 (6 workers)
  ███████████████░░░░░░░░░░  61%  Capturing frame 6990/8706 (6 workers)
  ███████████████░░░░░░░░░░  61%  Capturing frame 7020/8706 (6 workers)
  ███████████████░░░░░░░░░░  61%  Capturing frame 7050/8706 (6 workers)
  ███████████████░░░░░░░░░░  62%  Capturing frame 7080/8706 (6 workers)
  ███████████████░░░░░░░░░░  62%  Capturing frame 7110/8706 (6 workers)
  ███████████████░░░░░░░░░░  62%  Capturing frame 7140/8706 (6 workers)
  ███████████████░░░░░░░░░░  62%  Capturing frame 7170/8706 (6 workers)
  ███████████████░░░░░░░░░░  62%  Capturing frame 7200/8706 (6 workers)
  ███████████████░░░░░░░░░░  62%  Capturing frame 7230/8706 (6 workers)
  ███████████████░░░░░░░░░░  63%  Capturing frame 7260/8706 (6 workers)
  ███████████████░░░░░░░░░░  63%  Capturing frame 7290/8706 (6 workers)
  ███████████████░░░░░░░░░░  63%  Capturing frame 7320/8706 (6 workers)
  ███████████████░░░░░░░░░░  63%  Capturing frame 7350/8706 (6 workers)
  ███████████████░░░░░░░░░░  63%  Capturing frame 7380/8706 (6 workers)
  ███████████████░░░░░░░░░░  63%  Capturing frame 7410/8706 (6 workers)
  ███████████████░░░░░░░░░░  63%  Capturing frame 7440/8706 (6 workers)
  ████████████████░░░░░░░░░  64%  Capturing frame 7470/8706 (6 workers)
  ████████████████░░░░░░░░░  64%  Capturing frame 7500/8706 (6 workers)
  ████████████████░░░░░░░░░  64%  Capturing frame 7530/8706 (6 workers)
  ████████████████░░░░░░░░░  64%  Capturing frame 7560/8706 (6 workers)
  ████████████████░░░░░░░░░  64%  Capturing frame 7590/8706 (6 workers)
  ████████████████░░░░░░░░░  64%  Capturing frame 7620/8706 (6 workers)
  ████████████████░░░░░░░░░  65%  Capturing frame 7650/8706 (6 workers)
  ████████████████░░░░░░░░░  65%  Capturing frame 7680/8706 (6 workers)
  ████████████████░░░░░░░░░  65%  Capturing frame 7710/8706 (6 workers)
  ████████████████░░░░░░░░░  65%  Capturing frame 7740/8706 (6 workers)
  ████████████████░░░░░░░░░  65%  Capturing frame 7770/8706 (6 workers)
  ████████████████░░░░░░░░░  65%  Capturing frame 7800/8706 (6 workers)
  ████████████████░░░░░░░░░  65%  Capturing frame 7830/8706 (6 workers)
  ████████████████░░░░░░░░░  66%  Capturing frame 7860/8706 (6 workers)
  ████████████████░░░░░░░░░  66%  Capturing frame 7890/8706 (6 workers)
  ████████████████░░░░░░░░░  66%  Capturing frame 7920/8706 (6 workers)
  ████████████████░░░░░░░░░  66%  Capturing frame 7950/8706 (6 workers)
  ████████████████░░░░░░░░░  66%  Capturing frame 7980/8706 (6 workers)
  ████████████████░░░░░░░░░  66%  Capturing frame 8010/8706 (6 workers)
  ████████████████░░░░░░░░░  67%  Capturing frame 8040/8706 (6 workers)
  ████████████████░░░░░░░░░  67%  Capturing frame 8070/8706 (6 workers)
  ████████████████░░░░░░░░░  67%  Capturing frame 8100/8706 (6 workers)
  ████████████████░░░░░░░░░  67%  Capturing frame 8130/8706 (6 workers)
  ████████████████░░░░░░░░░  67%  Capturing frame 8160/8706 (6 workers)
  ████████████████░░░░░░░░░  67%  Capturing frame 8190/8706 (6 workers)
  ████████████████░░░░░░░░░  67%  Capturing frame 8220/8706 (6 workers)
  █████████████████░░░░░░░░  68%  Capturing frame 8250/8706 (6 workers)
  █████████████████░░░░░░░░  68%  Capturing frame 8280/8706 (6 workers)
  █████████████████░░░░░░░░  68%  Capturing frame 8310/8706 (6 workers)
  █████████████████░░░░░░░░  68%  Capturing frame 8340/8706 (6 workers)
  █████████████████░░░░░░░░  68%  Capturing frame 8370/8706 (6 workers)
[INFO] [Render:trace] {"renderJobId":"dffdb1b0-4133-4e16-ab83-eb57ad2ca69e","phase":"capture_disk","status":"checkpoint","elapsedMs":387625,"message":"stage still running","stagePhase":"capturing","needsAlpha":false,"workerCount":6,"forceScreenshot":false,"totalFrames":8706,"framesCompleted":8375,"captureMode":"screenshot","captureOperation":"captureScreenshot","heartbeatIndex":5,"stageElapsedMs":360039}
  █████████████████░░░░░░░░  68%  Capturing frame 8400/8706 (6 workers)
  █████████████████░░░░░░░░  69%  Capturing frame 8430/8706 (6 workers)
  █████████████████░░░░░░░░  69%  Capturing frame 8460/8706 (6 workers)
  █████████████████░░░░░░░░  69%  Capturing frame 8490/8706 (6 workers)
  █████████████████░░░░░░░░  69%  Capturing frame 8520/8706 (6 workers)
  █████████████████░░░░░░░░  69%  Capturing frame 8550/8706 (6 workers)
  █████████████████░░░░░░░░  69%  Capturing frame 8580/8706 (6 workers)
  █████████████████░░░░░░░░  70%  Capturing frame 8610/8706 (6 workers)
  █████████████████░░░░░░░░  70%  Capturing frame 8640/8706 (6 workers)
  █████████████████░░░░░░░░  70%  Capturing frame 8670/8706 (6 workers)
  █████████████████░░░░░░░░  70%  Capturing frame 8700/8706 (6 workers)
  █████████████████░░░░░░░░  70%  Capturing frame 8706/8706 (6 workers)
[INFO] [Render:trace] {"renderJobId":"dffdb1b0-4133-4e16-ab83-eb57ad2ca69e","phase":"capture_disk","status":"end","elapsedMs":477934,"durationMs":450349,"stagePhase":"capturing","needsAlpha":false,"workerCount":6,"forceScreenshot":false,"totalFrames":8706,"framesCompleted":8706,"captureMode":"screenshot","captureOperation":"encode"}
[INFO] [Render:trace] {"renderJobId":"dffdb1b0-4133-4e16-ab83-eb57ad2ca69e","phase":"encode","status":"start","elapsedMs":477935,"stagePhase":"capturing","hasAudio":true,"isPngSequence":false,"isGif":false,"chunkedEncode":false,"workerCount":6,"forceScreenshot":false,"totalFrames":8706,"framesCompleted":8706,"captureMode":"screenshot","captureOperation":"encode"}
  ██████████████████░░░░░░░  75%  Encoding video
[INFO] [Render:trace] {"renderJobId":"dffdb1b0-4133-4e16-ab83-eb57ad2ca69e","phase":"encode","status":"checkpoint","elapsedMs":507952,"message":"stage still running","stagePhase":"capturing","hasAudio":true,"isPngSequence":false,"isGif":false,"chunkedEncode":false,"workerCount":6,"forceScreenshot":false,"totalFrames":8706,"framesCompleted":8706,"captureMode":"screenshot","captureOperation":"encode","heartbeatIndex":1,"stageElapsedMs":30017}
[INFO] [Render:trace] {"renderJobId":"dffdb1b0-4133-4e16-ab83-eb57ad2ca69e","phase":"encode","status":"checkpoint","elapsedMs":537976,"message":"stage still running","stagePhase":"capturing","hasAudio":true,"isPngSequence":false,"isGif":false,"chunkedEncode":false,"workerCount":6,"forceScreenshot":false,"totalFrames":8706,"framesCompleted":8706,"captureMode":"screenshot","captureOperation":"encode","heartbeatIndex":2,"stageElapsedMs":60041}
[INFO] [Render:trace] {"renderJobId":"dffdb1b0-4133-4e16-ab83-eb57ad2ca69e","phase":"encode","status":"checkpoint","elapsedMs":597988,"message":"stage still running","stagePhase":"capturing","hasAudio":true,"isPngSequence":false,"isGif":false,"chunkedEncode":false,"workerCount":6,"forceScreenshot":false,"totalFrames":8706,"framesCompleted":8706,"captureMode":"screenshot","captureOperation":"encode","heartbeatIndex":3,"stageElapsedMs":120053}
[INFO] [Render:trace] {"renderJobId":"dffdb1b0-4133-4e16-ab83-eb57ad2ca69e","phase":"encode","status":"end","elapsedMs":634445,"durationMs":156510,"stagePhase":"capturing","hasAudio":true,"isPngSequence":false,"isGif":false,"chunkedEncode":false,"workerCount":6,"forceScreenshot":false,"totalFrames":8706,"framesCompleted":8706,"captureMode":"screenshot","captureOperation":"encode"}
[INFO] [Render:trace] {"renderJobId":"dffdb1b0-4133-4e16-ab83-eb57ad2ca69e","phase":"assemble","status":"start","elapsedMs":634446,"stagePhase":"capturing","hasAudio":true,"workerCount":6,"forceScreenshot":false,"totalFrames":8706,"framesCompleted":8706,"captureMode":"screenshot","captureOperation":"encode"}
  ██████████████████████░░░  90%  Assembling final video
[INFO] [Render:trace] {"renderJobId":"dffdb1b0-4133-4e16-ab83-eb57ad2ca69e","phase":"assemble","status":"checkpoint","elapsedMs":664451,"message":"stage still running","stagePhase":"capturing","hasAudio":true,"workerCount":6,"forceScreenshot":false,"totalFrames":8706,"framesCompleted":8706,"captureMode":"screenshot","captureOperation":"encode","heartbeatIndex":1,"stageElapsedMs":30005}
[INFO] [Render:trace] {"renderJobId":"dffdb1b0-4133-4e16-ab83-eb57ad2ca69e","phase":"assemble","status":"end","elapsedMs":668463,"durationMs":34017,"stagePhase":"capturing","hasAudio":true,"workerCount":6,"forceScreenshot":false,"totalFrames":8706,"framesCompleted":8706,"captureMode":"screenshot","captureOperation":"encode"}
[INFO] [Render:trace] {"renderJobId":"dffdb1b0-4133-4e16-ab83-eb57ad2ca69e","phase":"pipeline","status":"checkpoint","elapsedMs":669052,"message":"artifact validated","totalElapsedMs":668621}
  █████████████████████████  100%  Render complete

◇  C:\vox-style-xe-giay-v1-hyperframes\out\ban-an-130-2024-hai-chau-da-nang-full.mp4
   242.0 MB · 4m 50.2s video · rendered in 11m 11.5s
   screenshot capture · hardware gpu · compile 6.0s · extract 0.0s · audio 15.6s · probe 0.8s · setup 5.8s · capture 7m 30.3s · encode 2m 36.5s · assemble 34.0s

Render bản đầy đủ: out\ban-an-130-2024-hai-chau-da-nang-full.mp4, 253797285 bytes (242.0MB), 679.3s render time, quality=looks. Xác minh ffprobe: duration=290.200s (khớp audio thật 290.240s), 1080x1920 h264. Capture mode: screenshot (tắt fast-capture do: a CSS 3D rendering context (perspective / preserve-3d / backface-visibility)). GPU mode: hardware (WebGL renderer vendor="Google Inc. (NVIDIA)" renderer="ANGLE (NVIDIA, NVIDIA GeForce GTX 1660 SUPER (0x000021C4) Direct3D11 vs_5_0 ps_5_0, D3D11)"). Stage timing: compile=5.2s, browser_probe=0.8s, video_extract=0.0s, audio_process=15.6s, file_server=0.4s, capture_calibration=4.8s, capture_disk=450.3s, encode=156.5s, assemble=34.0s.
Đã ghi pipeline\videos\ban-an-130-2024-hai-chau-da-nang\completion-manifest.json.
