Chạy Stage 7b integration check (bắt buộc trước khi render)...
Stage 7b integration check PASS — 41/41 scene, có audio, có caption-track, hyperframes check ok=true (126 mốc/42 shot, 97.8s).
Đang render: npx --yes hyperframes@0.8.56 render --quality looks -o "C:\vox-style-xe-giay-v1-hyperframes\out\ban-an-301-2025-tphcm-full.mp4"  "C:\vox-style-xe-giay-v1-hyperframes\hyperframes\videos\ban-an-301-2025-tphcm"

◆  Rendering ban-an-301-2025-tphcm → C:\vox-style-xe-giay-v1-hyperframes\out\ban-an-301-2025-tphcm-full.mp4
   30fps · standard · auto workers (16 cores detected)
   GPU: browser GPU (auto-detect)

[?25l│
◒  Checking browser[1G[J◐  Checking browser[1G[J◓  Checking browser[1G[J◑  Checking browser[1G[J◒  Checking browser[1G[J◐  Checking browser[1G[J◓  Checking browser[1G[J◑  Checking browser[1G[J◇  Browser: cache
[?25h
  Lint: 0 error(s), 477 warning(s) — run with --lint-verbose for full output.
  Continuing render despite lint issues. Use --strict to block errors.

[INFO] [Render] Pipeline started {"renderJobId":"3a256bad-aa8f-40d0-9496-29d7b55d91bd","platform":"win32","arch":"x64","nodeVersion":"v24.20.0","fps":{"num":30,"den":1},"format":"mp4","quality":"standard","browserGpuMode":"auto","forceScreenshot":false,"protocolTimeout":300000,"browserTimeout":120000,"pageNavigationTimeout":60000,"playerReadyTimeout":45000}
[INFO] [Render:trace] {"renderJobId":"3a256bad-aa8f-40d0-9496-29d7b55d91bd","phase":"pipeline","status":"checkpoint","elapsedMs":5,"message":"started","format":"mp4","quality":"standard","browserGpuMode":"auto","forceScreenshot":false,"protocolTimeoutMs":300000,"pageNavigationTimeoutMs":60000,"playerReadyTimeoutMs":45000,"requestedWorkers":"auto"}
[INFO] [Render:trace] {"renderJobId":"3a256bad-aa8f-40d0-9496-29d7b55d91bd","phase":"compile","status":"start","elapsedMs":8,"needsAlpha":false}
  █░░░░░░░░░░░░░░░░░░░░░░░░  5%  Compiling composition
[INFO] [Compiler] Fetched 11 font face(s) for "Be Vietnam Pro" from Google Fonts (cached to C:\Users\DTL\.cache\hyperframes\fonts\be-vietnam-pro)
[INFO] [Compiler] Injected deterministic @font-face rules for 1 requested font families
[INFO] [Compiler] Inlined CDN script: https://cdn.jsdelivr.net/npm/gsap@3.14.2/dist/gsap.min.js
[INFO] [Render] Fast capture: composition uses a CSS 3D rendering context (perspective / preserve-3d / backface-visibility) — disabling drawElementImage for this render. Capture uses the platform's baseline route. {"renderJobId":"3a256bad-aa8f-40d0-9496-29d7b55d91bd"}
[INFO] Compiled composition metadata {"renderJobId":"3a256bad-aa8f-40d0-9496-29d7b55d91bd","entryFile":"index.html","staticDuration":370.16,"width":1080,"height":1920,"videoCount":0,"audioCount":1,"renderModeHints":{"recommendScreenshot":false,"reasons":[]}}
[INFO] [Render:trace] {"renderJobId":"3a256bad-aa8f-40d0-9496-29d7b55d91bd","phase":"compile","status":"end","elapsedMs":6274,"durationMs":6266,"needsAlpha":false}
[INFO] [Render:trace] {"renderJobId":"3a256bad-aa8f-40d0-9496-29d7b55d91bd","phase":"compile","status":"checkpoint","elapsedMs":6284,"message":"composition metadata resolved","width":1080,"height":1920,"videoCount":0,"audioCount":1,"imageCount":29,"deviceScaleFactor":1,"forceScreenshot":false,"compositionHash":"aa2c6a6118e7d85b"}
[INFO] [Render:trace] {"renderJobId":"3a256bad-aa8f-40d0-9496-29d7b55d91bd","phase":"browser_probe","status":"start","elapsedMs":6284,"forceScreenshot":false,"stagePhase":"calibrating"}
[INFO] [Render:trace] {"renderJobId":"3a256bad-aa8f-40d0-9496-29d7b55d91bd","phase":"browser_probe","status":"end","elapsedMs":7348,"durationMs":1063,"forceScreenshot":false,"stagePhase":"calibrating"}
[INFO] [Render:trace] {"renderJobId":"3a256bad-aa8f-40d0-9496-29d7b55d91bd","phase":"browser_probe","status":"checkpoint","elapsedMs":7358,"message":"duration resolved","durationSeconds":370.16,"totalFrames":11105,"compositionHash":"aa2c6a6118e7d85b","beginFrameStalled":false}
[INFO] [Render:trace] {"renderJobId":"3a256bad-aa8f-40d0-9496-29d7b55d91bd","phase":"video_extract","status":"start","elapsedMs":7358,"videoCount":0}
  ██░░░░░░░░░░░░░░░░░░░░░░░  10%  Extracting video frames
[INFO] [Render:trace] {"renderJobId":"3a256bad-aa8f-40d0-9496-29d7b55d91bd","phase":"video_extract","status":"end","elapsedMs":7376,"durationMs":18,"videoCount":0}
[INFO] [Render:trace] {"renderJobId":"3a256bad-aa8f-40d0-9496-29d7b55d91bd","phase":"video_extract","status":"checkpoint","elapsedMs":7428,"message":"frames resolved","videoCount":0,"extractedVideoCount":0,"totalFramesExtracted":0,"maxFramesPerVideo":0,"avgFramesPerExtractedVideo":null,"vfrPreflightCount":null,"vfrPreflightMs":null,"cacheHits":null,"cacheMisses":null,"transientRetries":null,"minVideoFrameCoverageRatio":null,"authoredTimedClipCount":612}
[INFO] [Render] No HDR sources detected — rendering SDR {"renderJobId":"3a256bad-aa8f-40d0-9496-29d7b55d91bd"}
[INFO] [Render:trace] {"renderJobId":"3a256bad-aa8f-40d0-9496-29d7b55d91bd","phase":"hdr_detection","status":"checkpoint","elapsedMs":7429,"message":"resolved","requestedHdrMode":"auto","effectiveHdr":"sdr","nativeHdrVideoCount":0,"nativeHdrImageCount":0}
[INFO] [Render:trace] {"renderJobId":"3a256bad-aa8f-40d0-9496-29d7b55d91bd","phase":"audio_process","status":"start","elapsedMs":7429,"audioCount":1}
  █████░░░░░░░░░░░░░░░░░░░░  20%  Processing audio tracks
[INFO] [Render:trace] {"renderJobId":"3a256bad-aa8f-40d0-9496-29d7b55d91bd","phase":"audio_process","status":"end","elapsedMs":23822,"durationMs":16393,"audioCount":1}
[INFO] [Render:trace] {"renderJobId":"3a256bad-aa8f-40d0-9496-29d7b55d91bd","phase":"file_server","status":"start","elapsedMs":23822,"reused":false}
  ██████░░░░░░░░░░░░░░░░░░░  25%  Starting frame capture
[INFO] [Render:trace] {"renderJobId":"3a256bad-aa8f-40d0-9496-29d7b55d91bd","phase":"file_server","status":"end","elapsedMs":24196,"durationMs":373}
[hyperframes] browserGpuMode probe → hardware (WebGL renderer vendor="Google Inc. (NVIDIA)" renderer="ANGLE (NVIDIA, NVIDIA GeForce GTX 1660 SUPER (0x000021C4) Direct3D11 vs_5_0 ps_5_0, D3D11)")
[INFO] [Render:trace] {"renderJobId":"3a256bad-aa8f-40d0-9496-29d7b55d91bd","phase":"capture_calibration","status":"start","elapsedMs":24862,"stagePhase":"calibrating","forceScreenshot":false,"totalFrames":11105,"framesCompleted":0,"captureMode":"screenshot","captureOperation":"captureScreenshot"}
[INFO] [Render] Calibration config {"renderJobId":"3a256bad-aa8f-40d0-9496-29d7b55d91bd","protocolTimeout":30000,"parentProtocolTimeout":300000,"forceScreenshot":false,"totalFrames":11105}
[INFO] Launching browser for capture calibration... {"renderJobId":"3a256bad-aa8f-40d0-9496-29d7b55d91bd"}
[BrowserManager] Browser launched (HeadlessChrome/152.0.7977.30, screenshot, gl=--use-gl=angle --use-angle=d3d11, headlessShell=true, platform=win32)
[INFO] Initializing calibration session... {"renderJobId":"3a256bad-aa8f-40d0-9496-29d7b55d91bd"}
[initSession:screenshot] page.goto start (0ms)
[HyperFrames] render runtime fps [object Object]
[initSession:screenshot] page.goto complete (3026ms)
[initSession:screenshot] GSAP proxy flush complete (3142ms)
[initSession:screenshot] pollHfReady complete (3149ms)
[initSession:screenshot] pollSubCompositionTimelines complete (ready) (3197ms)
[initSession:screenshot] applyVideoMetadataHints complete (3197ms)
[initSession:screenshot] media + fonts + tailwind ready (3207ms)
[initSession:screenshot] static-frame dedup: disabled (eligible) (3245ms)
[INFO] Calibration session ready, capturing test frames... {"renderJobId":"3a256bad-aa8f-40d0-9496-29d7b55d91bd"}
[INFO] Calibration: capturing test frame 1/5... {"renderJobId":"3a256bad-aa8f-40d0-9496-29d7b55d91bd"}
[INFO] Calibration: capturing test frame 2/5... {"renderJobId":"3a256bad-aa8f-40d0-9496-29d7b55d91bd"}
[INFO] Calibration: capturing test frame 3/5... {"renderJobId":"3a256bad-aa8f-40d0-9496-29d7b55d91bd"}
[INFO] Calibration: capturing test frame 4/5... {"renderJobId":"3a256bad-aa8f-40d0-9496-29d7b55d91bd"}
[INFO] Calibration: capturing test frame 5/5... {"renderJobId":"3a256bad-aa8f-40d0-9496-29d7b55d91bd"}
[INFO] Calibration complete, estimated cost: 242ms/frame (p95) {"renderJobId":"3a256bad-aa8f-40d0-9496-29d7b55d91bd"}
[INFO] [Render:trace] {"renderJobId":"3a256bad-aa8f-40d0-9496-29d7b55d91bd","phase":"capture_calibration","status":"end","elapsedMs":30348,"durationMs":5486,"stagePhase":"calibrating","forceScreenshot":false,"totalFrames":11105,"framesCompleted":0,"captureMode":"screenshot","captureOperation":"captureScreenshot"}
[INFO] [Render:trace] {"renderJobId":"3a256bad-aa8f-40d0-9496-29d7b55d91bd","phase":"capture_calibration","status":"checkpoint","elapsedMs":30348,"message":"resolved","forceScreenshot":false,"multiplier":1,"p95Ms":242}
[WARN] [Render] 6 capture workers may exceed this process's V8 heap (limit 4288MB supports ~5). If the render dies with "JavaScript heap out of memory", raise the heap (NODE_OPTIONS=--max-old-space-size=8192) or pass --workers 5. {"renderJobId":"3a256bad-aa8f-40d0-9496-29d7b55d91bd","heapLimitMb":4288,"heapBasedWorkers":5}
[INFO] [Render:trace] {"renderJobId":"3a256bad-aa8f-40d0-9496-29d7b55d91bd","phase":"worker_resolution","status":"checkpoint","elapsedMs":30350,"message":"resolved","workerCount":6}
[INFO] streaming-encode gate {"renderJobId":"3a256bad-aa8f-40d0-9496-29d7b55d91bd","enabled":false,"reason":"multi_worker","configFlag":true,"durationCapEnabled":false,"outputFormat":"mp4","workerCount":6,"durationSeconds":370.16,"maxDurationSeconds":240}
[INFO] [Render:trace] {"renderJobId":"3a256bad-aa8f-40d0-9496-29d7b55d91bd","phase":"capture_strategy","status":"checkpoint","elapsedMs":30352,"message":"resolved","workerCount":6,"forceScreenshot":false,"captureBeyondViewport":null,"useStreamingEncode":false,"useLayeredComposite":false,"usePageSideCompositing":false,"hasHdrContent":false,"hasShaderTransitions":false,"isPngSequence":false}
[INFO] [Render:trace] {"renderJobId":"3a256bad-aa8f-40d0-9496-29d7b55d91bd","phase":"capture_disk","status":"start","elapsedMs":30352,"stagePhase":"capturing","needsAlpha":false,"workerCount":6,"forceScreenshot":false,"totalFrames":11105,"framesCompleted":0,"captureMode":"screenshot","captureOperation":"captureScreenshot"}
  ██████░░░░░░░░░░░░░░░░░░░  25%  Capturing frame 0/11105 (6 workers)
  ██████░░░░░░░░░░░░░░░░░░░  25%  Capturing frame 0/11105 (6 workers)
  ██████░░░░░░░░░░░░░░░░░░░  25%  Capturing frame 0/11105 (6 workers)
  ██████░░░░░░░░░░░░░░░░░░░  25%  Capturing frame 0/11105 (6 workers)
  ██████░░░░░░░░░░░░░░░░░░░  25%  Capturing frame 0/11105 (6 workers)
  ██████░░░░░░░░░░░░░░░░░░░  25%  Capturing frame 0/11105 (6 workers)
[BrowserManager] Browser launched (HeadlessChrome/152.0.7977.30, screenshot, gl=--use-gl=angle --use-angle=d3d11, headlessShell=true, platform=win32)
  ██████░░░░░░░░░░░░░░░░░░░  25%  Capturing frame 0/11105 (6 workers)
[initSession:screenshot] page.goto start (0ms)
  ██████░░░░░░░░░░░░░░░░░░░  25%  Capturing frame 0/11105 (6 workers)
  ██████░░░░░░░░░░░░░░░░░░░  25%  Capturing frame 0/11105 (6 workers)
[initSession:screenshot] page.goto start (0ms)
  ██████░░░░░░░░░░░░░░░░░░░  25%  Capturing frame 0/11105 (6 workers)
  ██████░░░░░░░░░░░░░░░░░░░  25%  Capturing frame 0/11105 (6 workers)
[initSession:screenshot] page.goto start (0ms)
  ██████░░░░░░░░░░░░░░░░░░░  25%  Capturing frame 0/11105 (6 workers)
  ██████░░░░░░░░░░░░░░░░░░░  25%  Capturing frame 0/11105 (6 workers)
[initSession:screenshot] page.goto start (1ms)
  ██████░░░░░░░░░░░░░░░░░░░  25%  Capturing frame 0/11105 (6 workers)
  ██████░░░░░░░░░░░░░░░░░░░  25%  Capturing frame 0/11105 (6 workers)
[initSession:screenshot] page.goto start (0ms)
  ██████░░░░░░░░░░░░░░░░░░░  25%  Capturing frame 0/11105 (6 workers)
  ██████░░░░░░░░░░░░░░░░░░░  25%  Capturing frame 0/11105 (6 workers)
[initSession:screenshot] page.goto start (0ms)
  ██████░░░░░░░░░░░░░░░░░░░  25%  Capturing frame 0/11105 (6 workers)
[HyperFrames] render runtime fps [object Object]
[initSession:screenshot] page.goto complete (2107ms)
[HyperFrames] render runtime fps [object Object]
[HyperFrames] render runtime fps [object Object]
[HyperFrames] render runtime fps [object Object]
[HyperFrames] render runtime fps [object Object]
[initSession:screenshot] GSAP proxy flush complete (2990ms)
[HyperFrames] render runtime fps [object Object]
[initSession:screenshot] page.goto complete (3135ms)
[initSession:screenshot] page.goto complete (3118ms)
[initSession:screenshot] page.goto complete (3122ms)
[initSession:screenshot] pollHfReady complete (3104ms)
[initSession:screenshot] page.goto complete (3140ms)
[initSession:screenshot] pollSubCompositionTimelines complete (ready) (3183ms)
[initSession:screenshot] applyVideoMetadataHints complete (3183ms)
[initSession:screenshot] media + fonts + tailwind ready (3225ms)
[initSession:screenshot] static-frame dedup: disabled (eligible) (3270ms)
[initSession:screenshot] GSAP proxy flush complete (3319ms)
[initSession:screenshot] GSAP proxy flush complete (3339ms)
[initSession:screenshot] GSAP proxy flush complete (3293ms)
  ██████░░░░░░░░░░░░░░░░░░░  25%  Capturing frame 0/11105 (6 workers)
[initSession:screenshot] pollHfReady complete (3324ms)
[initSession:screenshot] pollHfReady complete (3344ms)
[initSession:screenshot] pollHfReady complete (3297ms)
[initSession:screenshot] GSAP proxy flush complete (3303ms)
[initSession:screenshot] pollHfReady complete (3315ms)
[initSession:screenshot] pollSubCompositionTimelines complete (ready) (3408ms)
[initSession:screenshot] applyVideoMetadataHints complete (3408ms)
[initSession:screenshot] pollSubCompositionTimelines complete (ready) (3366ms)
[initSession:screenshot] applyVideoMetadataHints complete (3367ms)
[initSession:screenshot] page.goto complete (3444ms)
[initSession:screenshot] pollSubCompositionTimelines complete (ready) (3399ms)
[initSession:screenshot] applyVideoMetadataHints complete (3399ms)
[initSession:screenshot] media + fonts + tailwind ready (3420ms)
[initSession:screenshot] media + fonts + tailwind ready (3374ms)
[initSession:screenshot] media + fonts + tailwind ready (3422ms)
[initSession:screenshot] static-frame dedup: disabled (eligible) (3480ms)
[initSession:screenshot] static-frame dedup: disabled (eligible) (3437ms)
[initSession:screenshot] pollSubCompositionTimelines complete (ready) (3397ms)
[initSession:screenshot] applyVideoMetadataHints complete (3397ms)
[initSession:screenshot] static-frame dedup: disabled (eligible) (3472ms)
  ██████░░░░░░░░░░░░░░░░░░░  25%  Capturing frame 0/11105 (6 workers)
  ██████░░░░░░░░░░░░░░░░░░░  25%  Capturing frame 0/11105 (6 workers)
  ██████░░░░░░░░░░░░░░░░░░░  25%  Capturing frame 0/11105 (6 workers)
[initSession:screenshot] media + fonts + tailwind ready (3405ms)
[initSession:screenshot] static-frame dedup: disabled (eligible) (3449ms)
  ██████░░░░░░░░░░░░░░░░░░░  25%  Capturing frame 0/11105 (6 workers)
[initSession:screenshot] GSAP proxy flush complete (3600ms)
[initSession:screenshot] pollHfReady complete (3607ms)
[initSession:screenshot] pollSubCompositionTimelines complete (ready) (3667ms)
[initSession:screenshot] applyVideoMetadataHints complete (3667ms)
[initSession:screenshot] media + fonts + tailwind ready (3677ms)
[initSession:screenshot] static-frame dedup: disabled (eligible) (3720ms)
  ██████░░░░░░░░░░░░░░░░░░░  25%  Capturing frame 0/11105 (6 workers)
  ██████░░░░░░░░░░░░░░░░░░░  25%  Capturing frame 30/11105 (6 workers)
  ██████░░░░░░░░░░░░░░░░░░░  25%  Capturing frame 60/11105 (6 workers)
  ██████░░░░░░░░░░░░░░░░░░░  25%  Capturing frame 90/11105 (6 workers)
  ██████░░░░░░░░░░░░░░░░░░░  25%  Capturing frame 120/11105 (6 workers)
  ██████░░░░░░░░░░░░░░░░░░░  26%  Capturing frame 150/11105 (6 workers)
  ██████░░░░░░░░░░░░░░░░░░░  26%  Capturing frame 180/11105 (6 workers)
  ██████░░░░░░░░░░░░░░░░░░░  26%  Capturing frame 210/11105 (6 workers)
  ██████░░░░░░░░░░░░░░░░░░░  26%  Capturing frame 240/11105 (6 workers)
  ██████░░░░░░░░░░░░░░░░░░░  26%  Capturing frame 270/11105 (6 workers)
  ██████░░░░░░░░░░░░░░░░░░░  26%  Capturing frame 300/11105 (6 workers)
  ██████░░░░░░░░░░░░░░░░░░░  26%  Capturing frame 330/11105 (6 workers)
  ██████░░░░░░░░░░░░░░░░░░░  26%  Capturing frame 360/11105 (6 workers)
  ██████░░░░░░░░░░░░░░░░░░░  27%  Capturing frame 390/11105 (6 workers)
  ██████░░░░░░░░░░░░░░░░░░░  27%  Capturing frame 420/11105 (6 workers)
  ██████░░░░░░░░░░░░░░░░░░░  27%  Capturing frame 450/11105 (6 workers)
  ██████░░░░░░░░░░░░░░░░░░░  27%  Capturing frame 480/11105 (6 workers)
  ██████░░░░░░░░░░░░░░░░░░░  27%  Capturing frame 510/11105 (6 workers)
  ██████░░░░░░░░░░░░░░░░░░░  27%  Capturing frame 540/11105 (6 workers)
[INFO] [Render:trace] {"renderJobId":"3a256bad-aa8f-40d0-9496-29d7b55d91bd","phase":"capture_disk","status":"checkpoint","elapsedMs":60371,"message":"stage still running","stagePhase":"capturing","needsAlpha":false,"workerCount":6,"forceScreenshot":false,"totalFrames":11105,"framesCompleted":548,"captureMode":"screenshot","captureOperation":"captureScreenshot","heartbeatIndex":1,"stageElapsedMs":30019}
  ██████░░░░░░░░░░░░░░░░░░░  27%  Capturing frame 570/11105 (6 workers)
  ██████░░░░░░░░░░░░░░░░░░░  27%  Capturing frame 600/11105 (6 workers)
  ███████░░░░░░░░░░░░░░░░░░  28%  Capturing frame 630/11105 (6 workers)
  ███████░░░░░░░░░░░░░░░░░░  28%  Capturing frame 660/11105 (6 workers)
  ███████░░░░░░░░░░░░░░░░░░  28%  Capturing frame 690/11105 (6 workers)
  ███████░░░░░░░░░░░░░░░░░░  28%  Capturing frame 720/11105 (6 workers)
  ███████░░░░░░░░░░░░░░░░░░  28%  Capturing frame 750/11105 (6 workers)
  ███████░░░░░░░░░░░░░░░░░░  28%  Capturing frame 780/11105 (6 workers)
  ███████░░░░░░░░░░░░░░░░░░  28%  Capturing frame 810/11105 (6 workers)
  ███████░░░░░░░░░░░░░░░░░░  28%  Capturing frame 840/11105 (6 workers)
  ███████░░░░░░░░░░░░░░░░░░  29%  Capturing frame 870/11105 (6 workers)
  ███████░░░░░░░░░░░░░░░░░░  29%  Capturing frame 900/11105 (6 workers)
  ███████░░░░░░░░░░░░░░░░░░  29%  Capturing frame 930/11105 (6 workers)
  ███████░░░░░░░░░░░░░░░░░░  29%  Capturing frame 960/11105 (6 workers)
  ███████░░░░░░░░░░░░░░░░░░  29%  Capturing frame 990/11105 (6 workers)
  ███████░░░░░░░░░░░░░░░░░░  29%  Capturing frame 1020/11105 (6 workers)
  ███████░░░░░░░░░░░░░░░░░░  29%  Capturing frame 1050/11105 (6 workers)
  ███████░░░░░░░░░░░░░░░░░░  29%  Capturing frame 1080/11105 (6 workers)
  ███████░░░░░░░░░░░░░░░░░░  29%  Capturing frame 1110/11105 (6 workers)
  ███████░░░░░░░░░░░░░░░░░░  30%  Capturing frame 1140/11105 (6 workers)
[INFO] [Render:trace] {"renderJobId":"3a256bad-aa8f-40d0-9496-29d7b55d91bd","phase":"capture_disk","status":"checkpoint","elapsedMs":90374,"message":"stage still running","stagePhase":"capturing","needsAlpha":false,"workerCount":6,"forceScreenshot":false,"totalFrames":11105,"framesCompleted":1168,"captureMode":"screenshot","captureOperation":"captureScreenshot","heartbeatIndex":2,"stageElapsedMs":60022}
  ███████░░░░░░░░░░░░░░░░░░  30%  Capturing frame 1170/11105 (6 workers)
  ███████░░░░░░░░░░░░░░░░░░  30%  Capturing frame 1200/11105 (6 workers)
  ███████░░░░░░░░░░░░░░░░░░  30%  Capturing frame 1230/11105 (6 workers)
