Chạy Stage 7b integration check (bắt buộc trước khi render)...
Stage 7b integration check PASS — 39/39 scene, có audio, có caption-track, hyperframes check ok=true (117 mốc/39 shot, 92.6s).
Đang render: npx --yes hyperframes@0.8.56 render --quality looks -o "C:\vox-style-xe-giay-v1-hyperframes\out\ban-an-19-yen-bai-full.mp4"  "C:\vox-style-xe-giay-v1-hyperframes\hyperframes\videos\ban-an-19-yen-bai"

◆  Rendering ban-an-19-yen-bai → C:\vox-style-xe-giay-v1-hyperframes\out\ban-an-19-yen-bai-full.mp4
   30fps · standard · auto workers (16 cores detected)
   GPU: browser GPU (auto-detect)

[?25l|
•  Checking browser[1G[Jo  Checking browser[1G[Jo  Browser: cache
[?25h
  Lint: 0 error(s), 354 warning(s) — run with --lint-verbose for full output.
  Continuing render despite lint issues. Use --strict to block errors.

node : [INFO] [Render] Pipeline started {"renderJobId":"0a7398d6-8a13-4ca0-816c-5ad50bfe095f","platform":"win32","arch"
:"x64","nodeVersion":"v24.20.0","fps":{"num":30,"den":1},"format":"mp4","quality":"standard","browserGpuMode":"auto","f
orceScreenshot":false,"protocolTimeout":300000,"browserTimeout":120000,"pageNavigationTimeout":60000,"playerReadyTimeou
t":45000}
At line:2 char:1
+ node scripts/09-render.hf.mjs --video=ban-an-19-yen-bai *> pipeline/v ...
+ ~~~~~~~~~~~~~~~~~~~~~~~~~~~~~~~~~~~~~~~~~~~~~~~~~~~~~~~~~~~~~~~~~~~~~
    + CategoryInfo          : NotSpecified: ([INFO] [Render]...Timeout":45000}:String) [], RemoteException
    + FullyQualifiedErrorId : NativeCommandError
 
[INFO] [Render:trace] {"renderJobId":"0a7398d6-8a13-4ca0-816c-5ad50bfe095f","phase":"pipeline","status":"checkpoint","e
lapsedMs":6,"message":"started","format":"mp4","quality":"standard","browserGpuMode":"auto","forceScreenshot":false,"pr
otocolTimeoutMs":300000,"pageNavigationTimeoutMs":60000,"playerReadyTimeoutMs":45000,"requestedWorkers":"auto"}
[INFO] [Render:trace] {"renderJobId":"0a7398d6-8a13-4ca0-816c-5ad50bfe095f","phase":"compile","status":"start","elapsed
Ms":8,"needsAlpha":false}
  █░░░░░░░░░░░░░░░░░░░░░░░░  5%  Compiling composition
[INFO] [Compiler] Fetched 11 font face(s) for "Be Vietnam Pro" from Google Fonts (cached to 
C:\Users\DTL\.cache\hyperframes\fonts\be-vietnam-pro)
[INFO] [Compiler] Injected deterministic @font-face rules for 1 requested font families
[INFO] [Compiler] Inlined CDN script: https://cdn.jsdelivr.net/npm/gsap@3.14.2/dist/gsap.min.js
[INFO] [Render] Fast capture: composition uses a CSS 3D rendering context (perspective / preserve-3d / 
backface-visibility) — disabling drawElementImage for this render. Capture uses the platform's baseline route. 
{"renderJobId":"0a7398d6-8a13-4ca0-816c-5ad50bfe095f"}
[INFO] Compiled composition metadata {"renderJobId":"0a7398d6-8a13-4ca0-816c-5ad50bfe095f","entryFile":"index.html","st
aticDuration":317.9,"width":1080,"height":1920,"videoCount":0,"audioCount":1,"renderModeHints":{"recommendScreenshot":f
alse,"reasons":[]}}
[INFO] [Render:trace] {"renderJobId":"0a7398d6-8a13-4ca0-816c-5ad50bfe095f","phase":"compile","status":"end","elapsedMs
":6895,"durationMs":6886,"needsAlpha":false}
[INFO] [Render:trace] {"renderJobId":"0a7398d6-8a13-4ca0-816c-5ad50bfe095f","phase":"compile","status":"checkpoint","el
apsedMs":6904,"message":"composition metadata resolved","width":1080,"height":1920,"videoCount":0,"audioCount":1,"image
Count":23,"deviceScaleFactor":1,"forceScreenshot":false,"compositionHash":"f5112a9bd0211f01"}
[INFO] [Render:trace] {"renderJobId":"0a7398d6-8a13-4ca0-816c-5ad50bfe095f","phase":"browser_probe","status":"start","e
lapsedMs":6905,"forceScreenshot":false,"stagePhase":"calibrating"}
[INFO] [Render:trace] {"renderJobId":"0a7398d6-8a13-4ca0-816c-5ad50bfe095f","phase":"browser_probe","status":"end","ela
psedMs":7789,"durationMs":884,"forceScreenshot":false,"stagePhase":"calibrating"}
[INFO] [Render:trace] {"renderJobId":"0a7398d6-8a13-4ca0-816c-5ad50bfe095f","phase":"browser_probe","status":"checkpoin
t","elapsedMs":7798,"message":"duration 
resolved","durationSeconds":317.9,"totalFrames":9537,"compositionHash":"f5112a9bd0211f01","beginFrameStalled":false}
[INFO] [Render:trace] {"renderJobId":"0a7398d6-8a13-4ca0-816c-5ad50bfe095f","phase":"video_extract","status":"start","e
lapsedMs":7798,"videoCount":0}
  ██░░░░░░░░░░░░░░░░░░░░░░░  10%  Extracting video frames
[INFO] [Render:trace] {"renderJobId":"0a7398d6-8a13-4ca0-816c-5ad50bfe095f","phase":"video_extract","status":"end","ela
psedMs":7813,"durationMs":15,"videoCount":0}
[INFO] [Render:trace] {"renderJobId":"0a7398d6-8a13-4ca0-816c-5ad50bfe095f","phase":"video_extract","status":"checkpoin
t","elapsedMs":7859,"message":"frames resolved","videoCount":0,"extractedVideoCount":0,"totalFramesExtracted":0,"maxFra
mesPerVideo":0,"avgFramesPerExtractedVideo":null,"vfrPreflightCount":null,"vfrPreflightMs":null,"cacheHits":null,"cache
Misses":null,"transientRetries":null,"minVideoFrameCoverageRatio":null,"authoredTimedClipCount":474}
[INFO] [Render] No HDR sources detected — rendering SDR {"renderJobId":"0a7398d6-8a13-4ca0-816c-5ad50bfe095f"}
[INFO] [Render:trace] {"renderJobId":"0a7398d6-8a13-4ca0-816c-5ad50bfe095f","phase":"hdr_detection","status":"checkpoin
t","elapsedMs":7860,"message":"resolved","requestedHdrMode":"auto","effectiveHdr":"sdr","nativeHdrVideoCount":0,"native
HdrImageCount":0}
[INFO] [Render:trace] {"renderJobId":"0a7398d6-8a13-4ca0-816c-5ad50bfe095f","phase":"audio_process","status":"start","e
lapsedMs":7860,"audioCount":1}
  █████░░░░░░░░░░░░░░░░░░░░  20%  Processing audio tracks
[INFO] [Render:trace] {"renderJobId":"0a7398d6-8a13-4ca0-816c-5ad50bfe095f","phase":"audio_process","status":"end","ela
psedMs":25802,"durationMs":17942,"audioCount":1}
[INFO] [Render:trace] {"renderJobId":"0a7398d6-8a13-4ca0-816c-5ad50bfe095f","phase":"file_server","status":"start","ela
psedMs":25803,"reused":false}
[INFO] [Render:trace] {"renderJobId":"0a7398d6-8a13-4ca0-816c-5ad50bfe095f","phase":"file_server","status":"end","elaps
edMs":25814,"durationMs":11}
  ██████░░░░░░░░░░░░░░░░░░░  25%  Starting frame capture
[hyperframes] browserGpuMode probe → hardware (WebGL renderer vendor="Google Inc. (NVIDIA)" renderer="ANGLE (NVIDIA, 
NVIDIA GeForce GTX 1660 SUPER (0x000021C4) Direct3D11 vs_5_0 ps_5_0, D3D11)")
[INFO] [Render:trace] {"renderJobId":"0a7398d6-8a13-4ca0-816c-5ad50bfe095f","phase":"capture_calibration","status":"sta
rt","elapsedMs":26510,"stagePhase":"calibrating","forceScreenshot":false,"totalFrames":9537,"framesCompleted":0,"captur
eMode":"screenshot","captureOperation":"captureScreenshot"}
[INFO] [Render] Calibration config {"renderJobId":"0a7398d6-8a13-4ca0-816c-5ad50bfe095f","protocolTimeout":30000,"paren
tProtocolTimeout":300000,"forceScreenshot":false,"totalFrames":9537}
[INFO] Launching browser for capture calibration... {"renderJobId":"0a7398d6-8a13-4ca0-816c-5ad50bfe095f"}
[BrowserManager] Browser launched (HeadlessChrome/152.0.7977.30, screenshot, gl=--use-gl=angle --use-angle=d3d11, headlessShell=true, platform=win32)
[INFO] Initializing calibration session... {"renderJobId":"0a7398d6-8a13-4ca0-816c-5ad50bfe095f"}
[initSession:screenshot] page.goto start (0ms)
[HyperFrames] render runtime fps [object Object]
[initSession:screenshot] page.goto complete (2311ms)
[initSession:screenshot] GSAP proxy flush complete (2402ms)
[initSession:screenshot] pollHfReady complete (2407ms)
[initSession:screenshot] pollSubCompositionTimelines complete (ready) (2451ms)
[initSession:screenshot] applyVideoMetadataHints complete (2451ms)
[initSession:screenshot] media + fonts + tailwind ready (2459ms)
[initSession:screenshot] static-frame dedup: disabled (running CSS/WAAPI animation) (2495ms)
[INFO] Calibration session ready, capturing test frames... {"renderJobId":"0a7398d6-8a13-4ca0-816c-5ad50bfe095f"}
[INFO] Calibration: capturing test frame 1/5... {"renderJobId":"0a7398d6-8a13-4ca0-816c-5ad50bfe095f"}
[INFO] Calibration: capturing test frame 2/5... {"renderJobId":"0a7398d6-8a13-4ca0-816c-5ad50bfe095f"}
[INFO] Calibration: capturing test frame 3/5... {"renderJobId":"0a7398d6-8a13-4ca0-816c-5ad50bfe095f"}
[INFO] Calibration: capturing test frame 4/5... {"renderJobId":"0a7398d6-8a13-4ca0-816c-5ad50bfe095f"}
[INFO] Calibration: capturing test frame 5/5... {"renderJobId":"0a7398d6-8a13-4ca0-816c-5ad50bfe095f"}
[INFO] Calibration complete, estimated cost: 228ms/frame (p95) {"renderJobId":"0a7398d6-8a13-4ca0-816c-5ad50bfe095f"}
[INFO] [Render:trace] {"renderJobId":"0a7398d6-8a13-4ca0-816c-5ad50bfe095f","phase":"capture_calibration","status":"end
","elapsedMs":31246,"durationMs":4735,"stagePhase":"calibrating","forceScreenshot":false,"totalFrames":9537,"framesComp
leted":0,"captureMode":"screenshot","captureOperation":"captureScreenshot"}
[INFO] [Render:trace] {"renderJobId":"0a7398d6-8a13-4ca0-816c-5ad50bfe095f","phase":"capture_calibration","status":"che
ckpoint","elapsedMs":31247,"message":"resolved","forceScreenshot":false,"multiplier":1,"p95Ms":228}
[WARN] [Render] 6 capture workers may exceed this process's V8 heap (limit 4288MB supports ~5). If the render dies 
with "JavaScript heap out of memory", raise the heap (NODE_OPTIONS=--max-old-space-size=8192) or pass --workers 5. 
{"renderJobId":"0a7398d6-8a13-4ca0-816c-5ad50bfe095f","heapLimitMb":4288,"heapBasedWorkers":5}
[INFO] [Render:trace] {"renderJobId":"0a7398d6-8a13-4ca0-816c-5ad50bfe095f","phase":"worker_resolution","status":"check
point","elapsedMs":31249,"message":"resolved","workerCount":6}
[INFO] streaming-encode gate {"renderJobId":"0a7398d6-8a13-4ca0-816c-5ad50bfe095f","enabled":false,"reason":"multi_work
er","configFlag":true,"durationCapEnabled":false,"outputFormat":"mp4","workerCount":6,"durationSeconds":317.9,"maxDurat
ionSeconds":240}
[INFO] [Render:trace] {"renderJobId":"0a7398d6-8a13-4ca0-816c-5ad50bfe095f","phase":"capture_strategy","status":"checkp
oint","elapsedMs":31251,"message":"resolved","workerCount":6,"forceScreenshot":false,"captureBeyondViewport":null,"useS
treamingEncode":false,"useLayeredComposite":false,"usePageSideCompositing":false,"hasHdrContent":false,"hasShaderTransi
tions":false,"isPngSequence":false}
[INFO] [Render:trace] {"renderJobId":"0a7398d6-8a13-4ca0-816c-5ad50bfe095f","phase":"capture_disk","status":"start","el
apsedMs":31251,"stagePhase":"capturing","needsAlpha":false,"workerCount":6,"forceScreenshot":false,"totalFrames":9537,"
framesCompleted":0,"captureMode":"screenshot","captureOperation":"captureScreenshot"}
  ██████░░░░░░░░░░░░░░░░░░░  25%  Capturing frame 0/9537 (6 workers)
  ██████░░░░░░░░░░░░░░░░░░░  25%  Capturing frame 0/9537 (6 workers)
  ██████░░░░░░░░░░░░░░░░░░░  25%  Capturing frame 0/9537 (6 workers)
  ██████░░░░░░░░░░░░░░░░░░░  25%  Capturing frame 0/9537 (6 workers)
  ██████░░░░░░░░░░░░░░░░░░░  25%  Capturing frame 0/9537 (6 workers)
  ██████░░░░░░░░░░░░░░░░░░░  25%  Capturing frame 0/9537 (6 workers)
[BrowserManager] Browser launched (HeadlessChrome/152.0.7977.30, screenshot, gl=--use-gl=angle --use-angle=d3d11, headlessShell=true, platform=win32)
  ██████░░░░░░░░░░░░░░░░░░░  25%  Capturing frame 0/9537 (6 workers)
[initSession:screenshot] page.goto start (0ms)
  ██████░░░░░░░░░░░░░░░░░░░  25%  Capturing frame 0/9537 (6 workers)
  ██████░░░░░░░░░░░░░░░░░░░  25%  Capturing frame 0/9537 (6 workers)
[initSession:screenshot] page.goto start (0ms)
  ██████░░░░░░░░░░░░░░░░░░░  25%  Capturing frame 0/9537 (6 workers)
  ██████░░░░░░░░░░░░░░░░░░░  25%  Capturing frame 0/9537 (6 workers)
[initSession:screenshot] page.goto start (0ms)
  ██████░░░░░░░░░░░░░░░░░░░  25%  Capturing frame 0/9537 (6 workers)
  ██████░░░░░░░░░░░░░░░░░░░  25%  Capturing frame 0/9537 (6 workers)
[initSession:screenshot] page.goto start (0ms)
  ██████░░░░░░░░░░░░░░░░░░░  25%  Capturing frame 0/9537 (6 workers)
  ██████░░░░░░░░░░░░░░░░░░░  25%  Capturing frame 0/9537 (6 workers)
[initSession:screenshot] page.goto start (0ms)
  ██████░░░░░░░░░░░░░░░░░░░  25%  Capturing frame 0/9537 (6 workers)
  ██████░░░░░░░░░░░░░░░░░░░  25%  Capturing frame 0/9537 (6 workers)
[initSession:screenshot] page.goto start (0ms)
  ██████░░░░░░░░░░░░░░░░░░░  25%  Capturing frame 0/9537 (6 workers)
[HyperFrames] render runtime fps [object Object]
[HyperFrames] render runtime fps [object Object]
[HyperFrames] render runtime fps [object Object]
[HyperFrames] render runtime fps [object Object]
[HyperFrames] render runtime fps [object Object]
[HyperFrames] render runtime fps [object Object]
[initSession:screenshot] page.goto complete (2822ms)
[initSession:screenshot] page.goto complete (2858ms)
[initSession:screenshot] page.goto complete (2785ms)
[initSession:screenshot] page.goto complete (2808ms)
[initSession:screenshot] page.goto complete (2898ms)
[initSession:screenshot] page.goto complete (2977ms)
[initSession:screenshot] GSAP proxy flush complete (2996ms)
[initSession:screenshot] pollHfReady complete (3005ms)
[initSession:screenshot] GSAP proxy flush complete (3048ms)
[initSession:screenshot] pollHfReady complete (3055ms)
[initSession:screenshot] GSAP proxy flush complete (2973ms)
[initSession:screenshot] GSAP proxy flush complete (2996ms)
[initSession:screenshot] pollHfReady complete (3016ms)
[initSession:screenshot] pollHfReady complete (2996ms)
[initSession:screenshot] pollSubCompositionTimelines complete (ready) (3082ms)
[initSession:screenshot] applyVideoMetadataHints complete (3082ms)
[initSession:screenshot] GSAP proxy flush complete (3152ms)
[initSession:screenshot] media + fonts + tailwind ready (3101ms)
[initSession:screenshot] pollHfReady complete (3157ms)
[initSession:screenshot] pollSubCompositionTimelines complete (ready) (3138ms)
[initSession:screenshot] applyVideoMetadataHints complete (3138ms)
[initSession:screenshot] GSAP proxy flush complete (3093ms)
[initSession:screenshot] pollHfReady complete (3108ms)
[initSession:screenshot] media + fonts + tailwind ready (3157ms)
[initSession:screenshot] pollSubCompositionTimelines complete (ready) (3067ms)
[initSession:screenshot] applyVideoMetadataHints complete (3067ms)
[initSession:screenshot] pollSubCompositionTimelines complete (ready) (3091ms)
[initSession:screenshot] applyVideoMetadataHints complete (3091ms)
[initSession:screenshot] static-frame dedup: disabled (running CSS/WAAPI animation) (3146ms)
  ██████░░░░░░░░░░░░░░░░░░░  25%  Capturing frame 0/9537 (6 workers)
[initSession:screenshot] media + fonts + tailwind ready (3079ms)
[initSession:screenshot] media + fonts + tailwind ready (3102ms)
[initSession:screenshot] pollSubCompositionTimelines complete (ready) (3235ms)
[initSession:screenshot] applyVideoMetadataHints complete (3235ms)
[initSession:screenshot] static-frame dedup: disabled (running CSS/WAAPI animation) (3209ms)
[initSession:screenshot] static-frame dedup: disabled (running CSS/WAAPI animation) (3140ms)
[initSession:screenshot] static-frame dedup: disabled (running CSS/WAAPI animation) (3122ms)
  ██████░░░░░░░░░░░░░░░░░░░  25%  Capturing frame 0/9537 (6 workers)
  ██████░░░░░░░░░░░░░░░░░░░  25%  Capturing frame 0/9537 (6 workers)
[initSession:screenshot] media + fonts + tailwind ready (3249ms)
  ██████░░░░░░░░░░░░░░░░░░░  25%  Capturing frame 0/9537 (6 workers)
[initSession:screenshot] pollSubCompositionTimelines complete (ready) (3174ms)
[initSession:screenshot] applyVideoMetadataHints complete (3174ms)
[initSession:screenshot] media + fonts + tailwind ready (3178ms)
[initSession:screenshot] static-frame dedup: disabled (running CSS/WAAPI animation) (3286ms)
[initSession:screenshot] static-frame dedup: disabled (running CSS/WAAPI animation) (3212ms)
  ██████░░░░░░░░░░░░░░░░░░░  25%  Capturing frame 0/9537 (6 workers)
  ██████░░░░░░░░░░░░░░░░░░░  25%  Capturing frame 0/9537 (6 workers)
  ██████░░░░░░░░░░░░░░░░░░░  25%  Capturing frame 30/9537 (6 workers)
  ██████░░░░░░░░░░░░░░░░░░░  25%  Capturing frame 60/9537 (6 workers)
  ██████░░░░░░░░░░░░░░░░░░░  25%  Capturing frame 90/9537 (6 workers)
  ██████░░░░░░░░░░░░░░░░░░░  26%  Capturing frame 120/9537 (6 workers)
  ██████░░░░░░░░░░░░░░░░░░░  26%  Capturing frame 150/9537 (6 workers)
  ██████░░░░░░░░░░░░░░░░░░░  26%  Capturing frame 180/9537 (6 workers)
  ██████░░░░░░░░░░░░░░░░░░░  26%  Capturing frame 210/9537 (6 workers)
  ██████░░░░░░░░░░░░░░░░░░░  26%  Capturing frame 240/9537 (6 workers)
  ██████░░░░░░░░░░░░░░░░░░░  26%  Capturing frame 270/9537 (6 workers)
  ██████░░░░░░░░░░░░░░░░░░░  26%  Capturing frame 300/9537 (6 workers)
  ██████░░░░░░░░░░░░░░░░░░░  27%  Capturing frame 330/9537 (6 workers)
  ██████░░░░░░░░░░░░░░░░░░░  27%  Capturing frame 360/9537 (6 workers)
  ██████░░░░░░░░░░░░░░░░░░░  27%  Capturing frame 390/9537 (6 workers)
  ██████░░░░░░░░░░░░░░░░░░░  27%  Capturing frame 420/9537 (6 workers)
  ██████░░░░░░░░░░░░░░░░░░░  27%  Capturing frame 450/9537 (6 workers)
  ██████░░░░░░░░░░░░░░░░░░░  27%  Capturing frame 480/9537 (6 workers)
  ██████░░░░░░░░░░░░░░░░░░░  27%  Capturing frame 510/9537 (6 workers)
  ███████░░░░░░░░░░░░░░░░░░  28%  Capturing frame 540/9537 (6 workers)
[INFO] [Render:trace] {"renderJobId":"0a7398d6-8a13-4ca0-816c-5ad50bfe095f","phase":"capture_disk","status":"checkpoint
","elapsedMs":61258,"message":"stage still running","stagePhase":"capturing","needsAlpha":false,"workerCount":6,"forceS
creenshot":false,"totalFrames":9537,"framesCompleted":559,"captureMode":"screenshot","captureOperation":"captureScreens
hot","heartbeatIndex":1,"stageElapsedMs":30007}
  ███████░░░░░░░░░░░░░░░░░░  28%  Capturing frame 570/9537 (6 workers)
  ███████░░░░░░░░░░░░░░░░░░  28%  Capturing frame 600/9537 (6 workers)
  ███████░░░░░░░░░░░░░░░░░░  28%  Capturing frame 630/9537 (6 workers)
  ███████░░░░░░░░░░░░░░░░░░  28%  Capturing frame 660/9537 (6 workers)
  ███████░░░░░░░░░░░░░░░░░░  28%  Capturing frame 690/9537 (6 workers)
  ███████░░░░░░░░░░░░░░░░░░  28%  Capturing frame 720/9537 (6 workers)
  ███████░░░░░░░░░░░░░░░░░░  29%  Capturing frame 750/9537 (6 workers)
  ███████░░░░░░░░░░░░░░░░░░  29%  Capturing frame 780/9537 (6 workers)
  ███████░░░░░░░░░░░░░░░░░░  29%  Capturing frame 810/9537 (6 workers)
  ███████░░░░░░░░░░░░░░░░░░  29%  Capturing frame 840/9537 (6 workers)
  ███████░░░░░░░░░░░░░░░░░░  29%  Capturing frame 870/9537 (6 workers)
  ███████░░░░░░░░░░░░░░░░░░  29%  Capturing frame 900/9537 (6 workers)
  ███████░░░░░░░░░░░░░░░░░░  29%  Capturing frame 930/9537 (6 workers)
  ███████░░░░░░░░░░░░░░░░░░  30%  Capturing frame 960/9537 (6 workers)
  ███████░░░░░░░░░░░░░░░░░░  30%  Capturing frame 990/9537 (6 workers)
  ███████░░░░░░░░░░░░░░░░░░  30%  Capturing frame 1020/9537 (6 workers)
  ███████░░░░░░░░░░░░░░░░░░  30%  Capturing frame 1050/9537 (6 workers)
  ███████░░░░░░░░░░░░░░░░░░  30%  Capturing frame 1080/9537 (6 workers)
  ███████░░░░░░░░░░░░░░░░░░  30%  Capturing frame 1110/9537 (6 workers)
  ███████░░░░░░░░░░░░░░░░░░  30%  Capturing frame 1140/9537 (6 workers)
  ███████░░░░░░░░░░░░░░░░░░  31%  Capturing frame 1170/9537 (6 workers)
  ███████░░░░░░░░░░░░░░░░░░  31%  Capturing frame 1200/9537 (6 workers)
  ███████░░░░░░░░░░░░░░░░░░  31%  Capturing frame 1230/9537 (6 workers)
  ███████░░░░░░░░░░░░░░░░░░  31%  Capturing frame 1260/9537 (6 workers)
[INFO] [Render:trace] {"renderJobId":"0a7398d6-8a13-4ca0-816c-5ad50bfe095f","phase":"capture_disk","status":"checkpoint
","elapsedMs":91268,"message":"stage still running","stagePhase":"capturing","needsAlpha":false,"workerCount":6,"forceS
creenshot":false,"totalFrames":9537,"framesCompleted":1286,"captureMode":"screenshot","captureOperation":"captureScreen
shot","heartbeatIndex":2,"stageElapsedMs":60017}
  ███████░░░░░░░░░░░░░░░░░░  31%  Capturing frame 1290/9537 (6 workers)
  ███████░░░░░░░░░░░░░░░░░░  31%  Capturing frame 1320/9537 (6 workers)
  ███████░░░░░░░░░░░░░░░░░░  31%  Capturing frame 1350/9537 (6 workers)
  ████████░░░░░░░░░░░░░░░░░  32%  Capturing frame 1380/9537 (6 workers)
  ████████░░░░░░░░░░░░░░░░░  32%  Capturing frame 1410/9537 (6 workers)
  ████████░░░░░░░░░░░░░░░░░  32%  Capturing frame 1440/9537 (6 workers)
  ████████░░░░░░░░░░░░░░░░░  32%  Capturing frame 1470/9537 (6 workers)
  ████████░░░░░░░░░░░░░░░░░  32%  Capturing frame 1500/9537 (6 workers)
  ████████░░░░░░░░░░░░░░░░░  32%  Capturing frame 1530/9537 (6 workers)
  ████████░░░░░░░░░░░░░░░░░  32%  Capturing frame 1560/9537 (6 workers)
  ████████░░░░░░░░░░░░░░░░░  33%  Capturing frame 1590/9537 (6 workers)
  ████████░░░░░░░░░░░░░░░░░  33%  Capturing frame 1620/9537 (6 workers)
  ████████░░░░░░░░░░░░░░░░░  33%  Capturing frame 1650/9537 (6 workers)
  ████████░░░░░░░░░░░░░░░░░  33%  Capturing frame 1680/9537 (6 workers)
  ████████░░░░░░░░░░░░░░░░░  33%  Capturing frame 1710/9537 (6 workers)
  ████████░░░░░░░░░░░░░░░░░  33%  Capturing frame 1740/9537 (6 workers)
  ████████░░░░░░░░░░░░░░░░░  33%  Capturing frame 1770/9537 (6 workers)
  ████████░░░░░░░░░░░░░░░░░  33%  Capturing frame 1800/9537 (6 workers)
  ████████░░░░░░░░░░░░░░░░░  34%  Capturing frame 1830/9537 (6 workers)
  ████████░░░░░░░░░░░░░░░░░  34%  Capturing frame 1860/9537 (6 workers)
  ████████░░░░░░░░░░░░░░░░░  34%  Capturing frame 1890/9537 (6 workers)
  ████████░░░░░░░░░░░░░░░░░  34%  Capturing frame 1920/9537 (6 workers)
  ████████░░░░░░░░░░░░░░░░░  34%  Capturing frame 1950/9537 (6 workers)
  ████████░░░░░░░░░░░░░░░░░  34%  Capturing frame 1980/9537 (6 workers)
  ████████░░░░░░░░░░░░░░░░░  34%  Capturing frame 2010/9537 (6 workers)
  ████████░░░░░░░░░░░░░░░░░  35%  Capturing frame 2040/9537 (6 workers)
  ████████░░░░░░░░░░░░░░░░░  35%  Capturing frame 2070/9537 (6 workers)
  ████████░░░░░░░░░░░░░░░░░  35%  Capturing frame 2100/9537 (6 workers)
  ████████░░░░░░░░░░░░░░░░░  35%  Capturing frame 2130/9537 (6 workers)
  ████████░░░░░░░░░░░░░░░░░  35%  Capturing frame 2160/9537 (6 workers)
  ████████░░░░░░░░░░░░░░░░░  35%  Capturing frame 2190/9537 (6 workers)
  ████████░░░░░░░░░░░░░░░░░  35%  Capturing frame 2220/9537 (6 workers)
  █████████░░░░░░░░░░░░░░░░  36%  Capturing frame 2250/9537 (6 workers)
  █████████░░░░░░░░░░░░░░░░  36%  Capturing frame 2280/9537 (6 workers)
  █████████░░░░░░░░░░░░░░░░  36%  Capturing frame 2310/9537 (6 workers)
  █████████░░░░░░░░░░░░░░░░  36%  Capturing frame 2340/9537 (6 workers)
  █████████░░░░░░░░░░░░░░░░  36%  Capturing frame 2370/9537 (6 workers)
  █████████░░░░░░░░░░░░░░░░  36%  Capturing frame 2400/9537 (6 workers)
  █████████░░░░░░░░░░░░░░░░  36%  Capturing frame 2430/9537 (6 workers)
  █████████░░░░░░░░░░░░░░░░  37%  Capturing frame 2460/9537 (6 workers)
  █████████░░░░░░░░░░░░░░░░  37%  Capturing frame 2490/9537 (6 workers)
  █████████░░░░░░░░░░░░░░░░  37%  Capturing frame 2520/9537 (6 workers)
  █████████░░░░░░░░░░░░░░░░  37%  Capturing frame 2550/9537 (6 workers)
  █████████░░░░░░░░░░░░░░░░  37%  Capturing frame 2580/9537 (6 workers)
  █████████░░░░░░░░░░░░░░░░  37%  Capturing frame 2610/9537 (6 workers)
[INFO] [Render:trace] {"renderJobId":"0a7398d6-8a13-4ca0-816c-5ad50bfe095f","phase":"capture_disk","status":"checkpoint
","elapsedMs":151283,"message":"stage still running","stagePhase":"capturing","needsAlpha":false,"workerCount":6,"force
Screenshot":false,"totalFrames":9537,"framesCompleted":2623,"captureMode":"screenshot","captureOperation":"captureScree
nshot","heartbeatIndex":3,"stageElapsedMs":120032}
  █████████░░░░░░░░░░░░░░░░  37%  Capturing frame 2640/9537 (6 workers)
  █████████░░░░░░░░░░░░░░░░  38%  Capturing frame 2670/9537 (6 workers)
  █████████░░░░░░░░░░░░░░░░  38%  Capturing frame 2700/9537 (6 workers)
  █████████░░░░░░░░░░░░░░░░  38%  Capturing frame 2730/9537 (6 workers)
  █████████░░░░░░░░░░░░░░░░  38%  Capturing frame 2760/9537 (6 workers)
  █████████░░░░░░░░░░░░░░░░  38%  Capturing frame 2790/9537 (6 workers)
  █████████░░░░░░░░░░░░░░░░  38%  Capturing frame 2820/9537 (6 workers)
  █████████░░░░░░░░░░░░░░░░  38%  Capturing frame 2850/9537 (6 workers)
  █████████░░░░░░░░░░░░░░░░  39%  Capturing frame 2880/9537 (6 workers)
  █████████░░░░░░░░░░░░░░░░  39%  Capturing frame 2910/9537 (6 workers)
  █████████░░░░░░░░░░░░░░░░  39%  Capturing frame 2940/9537 (6 workers)
  █████████░░░░░░░░░░░░░░░░  39%  Capturing frame 2970/9537 (6 workers)
  █████████░░░░░░░░░░░░░░░░  39%  Capturing frame 3000/9537 (6 workers)
  █████████░░░░░░░░░░░░░░░░  39%  Capturing frame 3030/9537 (6 workers)
  █████████░░░░░░░░░░░░░░░░  39%  Capturing frame 3060/9537 (6 workers)
  ██████████░░░░░░░░░░░░░░░  40%  Capturing frame 3090/9537 (6 workers)
  ██████████░░░░░░░░░░░░░░░  40%  Capturing frame 3120/9537 (6 workers)
  ██████████░░░░░░░░░░░░░░░  40%  Capturing frame 3150/9537 (6 workers)
  ██████████░░░░░░░░░░░░░░░  40%  Capturing frame 3180/9537 (6 workers)
  ██████████░░░░░░░░░░░░░░░  40%  Capturing frame 3210/9537 (6 workers)
  ██████████░░░░░░░░░░░░░░░  40%  Capturing frame 3240/9537 (6 workers)
  ██████████░░░░░░░░░░░░░░░  40%  Capturing frame 3270/9537 (6 workers)
  ██████████░░░░░░░░░░░░░░░  41%  Capturing frame 3300/9537 (6 workers)
  ██████████░░░░░░░░░░░░░░░  41%  Capturing frame 3330/9537 (6 workers)
  ██████████░░░░░░░░░░░░░░░  41%  Capturing frame 3360/9537 (6 workers)
  ██████████░░░░░░░░░░░░░░░  41%  Capturing frame 3390/9537 (6 workers)
  ██████████░░░░░░░░░░░░░░░  41%  Capturing frame 3420/9537 (6 workers)
  ██████████░░░░░░░░░░░░░░░  41%  Capturing frame 3450/9537 (6 workers)
  ██████████░░░░░░░░░░░░░░░  41%  Capturing frame 3480/9537 (6 workers)
  ██████████░░░░░░░░░░░░░░░  42%  Capturing frame 3510/9537 (6 workers)
  ██████████░░░░░░░░░░░░░░░  42%  Capturing frame 3540/9537 (6 workers)
  ██████████░░░░░░░░░░░░░░░  42%  Capturing frame 3570/9537 (6 workers)
  ██████████░░░░░░░░░░░░░░░  42%  Capturing frame 3600/9537 (6 workers)
  ██████████░░░░░░░░░░░░░░░  42%  Capturing frame 3630/9537 (6 workers)
  ██████████░░░░░░░░░░░░░░░  42%  Capturing frame 3660/9537 (6 workers)
  ██████████░░░░░░░░░░░░░░░  42%  Capturing frame 3690/9537 (6 workers)
  ██████████░░░░░░░░░░░░░░░  43%  Capturing frame 3720/9537 (6 workers)
  ██████████░░░░░░░░░░░░░░░  43%  Capturing frame 3750/9537 (6 workers)
  ██████████░░░░░░░░░░░░░░░  43%  Capturing frame 3780/9537 (6 workers)
  ██████████░░░░░░░░░░░░░░░  43%  Capturing frame 3810/9537 (6 workers)
  ██████████░░░░░░░░░░░░░░░  43%  Capturing frame 3840/9537 (6 workers)
  ██████████░░░░░░░░░░░░░░░  43%  Capturing frame 3870/9537 (6 workers)
  ██████████░░░░░░░░░░░░░░░  43%  Capturing frame 3900/9537 (6 workers)
  ███████████░░░░░░░░░░░░░░  44%  Capturing frame 3930/9537 (6 workers)
  ███████████░░░░░░░░░░░░░░  44%  Capturing frame 3960/9537 (6 workers)
  ███████████░░░░░░░░░░░░░░  44%  Capturing frame 3990/9537 (6 workers)
  ███████████░░░░░░░░░░░░░░  44%  Capturing frame 4020/9537 (6 workers)
  ███████████░░░░░░░░░░░░░░  44%  Capturing frame 4050/9537 (6 workers)
  ███████████░░░░░░░░░░░░░░  44%  Capturing frame 4080/9537 (6 workers)
  ███████████░░░░░░░░░░░░░░  44%  Capturing frame 4110/9537 (6 workers)
  ███████████░░░░░░░░░░░░░░  45%  Capturing frame 4140/9537 (6 workers)
  ███████████░░░░░░░░░░░░░░  45%  Capturing frame 4170/9537 (6 workers)
  ███████████░░░░░░░░░░░░░░  45%  Capturing frame 4200/9537 (6 workers)
  ███████████░░░░░░░░░░░░░░  45%  Capturing frame 4230/9537 (6 workers)
  ███████████░░░░░░░░░░░░░░  45%  Capturing frame 4260/9537 (6 workers)
  ███████████░░░░░░░░░░░░░░  45%  Capturing frame 4290/9537 (6 workers)
  ███████████░░░░░░░░░░░░░░  45%  Capturing frame 4320/9537 (6 workers)
  ███████████░░░░░░░░░░░░░░  46%  Capturing frame 4350/9537 (6 workers)
  ███████████░░░░░░░░░░░░░░  46%  Capturing frame 4380/9537 (6 workers)
  ███████████░░░░░░░░░░░░░░  46%  Capturing frame 4410/9537 (6 workers)
  ███████████░░░░░░░░░░░░░░  46%  Capturing frame 4440/9537 (6 workers)
  ███████████░░░░░░░░░░░░░░  46%  Capturing frame 4470/9537 (6 workers)
  ███████████░░░░░░░░░░░░░░  46%  Capturing frame 4500/9537 (6 workers)
  ███████████░░░░░░░░░░░░░░  46%  Capturing frame 4530/9537 (6 workers)
  ███████████░░░░░░░░░░░░░░  47%  Capturing frame 4560/9537 (6 workers)
  ███████████░░░░░░░░░░░░░░  47%  Capturing frame 4590/9537 (6 workers)
  ███████████░░░░░░░░░░░░░░  47%  Capturing frame 4620/9537 (6 workers)
  ███████████░░░░░░░░░░░░░░  47%  Capturing frame 4650/9537 (6 workers)
  ███████████░░░░░░░░░░░░░░  47%  Capturing frame 4680/9537 (6 workers)
  ███████████░░░░░░░░░░░░░░  47%  Capturing frame 4710/9537 (6 workers)
  ███████████░░░░░░░░░░░░░░  47%  Capturing frame 4740/9537 (6 workers)
  ████████████░░░░░░░░░░░░░  48%  Capturing frame 4770/9537 (6 workers)
  ████████████░░░░░░░░░░░░░  48%  Capturing frame 4800/9537 (6 workers)
  ████████████░░░░░░░░░░░░░  48%  Capturing frame 4830/9537 (6 workers)
  ████████████░░░░░░░░░░░░░  48%  Capturing frame 4860/9537 (6 workers)
  ████████████░░░░░░░░░░░░░  48%  Capturing frame 4890/9537 (6 workers)
  ████████████░░░░░░░░░░░░░  48%  Capturing frame 4920/9537 (6 workers)
  ████████████░░░░░░░░░░░░░  48%  Capturing frame 4950/9537 (6 workers)
  ████████████░░░░░░░░░░░░░  48%  Capturing frame 4980/9537 (6 workers)
  ████████████░░░░░░░░░░░░░  49%  Capturing frame 5010/9537 (6 workers)
  ████████████░░░░░░░░░░░░░  49%  Capturing frame 5040/9537 (6 workers)
  ████████████░░░░░░░░░░░░░  49%  Capturing frame 5070/9537 (6 workers)
  ████████████░░░░░░░░░░░░░  49%  Capturing frame 5100/9537 (6 workers)
  ████████████░░░░░░░░░░░░░  49%  Capturing frame 5130/9537 (6 workers)
  ████████████░░░░░░░░░░░░░  49%  Capturing frame 5160/9537 (6 workers)
  ████████████░░░░░░░░░░░░░  49%  Capturing frame 5190/9537 (6 workers)
  ████████████░░░░░░░░░░░░░  50%  Capturing frame 5220/9537 (6 workers)
  ████████████░░░░░░░░░░░░░  50%  Capturing frame 5250/9537 (6 workers)
  ████████████░░░░░░░░░░░░░  50%  Capturing frame 5280/9537 (6 workers)
[INFO] [Render:trace] {"renderJobId":"0a7398d6-8a13-4ca0-816c-5ad50bfe095f","phase":"capture_disk","status":"checkpoint
","elapsedMs":271293,"message":"stage still running","stagePhase":"capturing","needsAlpha":false,"workerCount":6,"force
Screenshot":false,"totalFrames":9537,"framesCompleted":5298,"captureMode":"screenshot","captureOperation":"captureScree
nshot","heartbeatIndex":4,"stageElapsedMs":240042}
  ████████████░░░░░░░░░░░░░  50%  Capturing frame 5310/9537 (6 workers)
  ████████████░░░░░░░░░░░░░  50%  Capturing frame 5340/9537 (6 workers)
  ████████████░░░░░░░░░░░░░  50%  Capturing frame 5370/9537 (6 workers)
  ████████████░░░░░░░░░░░░░  50%  Capturing frame 5400/9537 (6 workers)
  ████████████░░░░░░░░░░░░░  51%  Capturing frame 5430/9537 (6 workers)
  ████████████░░░░░░░░░░░░░  51%  Capturing frame 5460/9537 (6 workers)
  ████████████░░░░░░░░░░░░░  51%  Capturing frame 5490/9537 (6 workers)
  ████████████░░░░░░░░░░░░░  51%  Capturing frame 5520/9537 (6 workers)
  ████████████░░░░░░░░░░░░░  51%  Capturing frame 5550/9537 (6 workers)
  ████████████░░░░░░░░░░░░░  51%  Capturing frame 5580/9537 (6 workers)
  ████████████░░░░░░░░░░░░░  51%  Capturing frame 5610/9537 (6 workers)
  █████████████░░░░░░░░░░░░  52%  Capturing frame 5640/9537 (6 workers)
  █████████████░░░░░░░░░░░░  52%  Capturing frame 5670/9537 (6 workers)
  █████████████░░░░░░░░░░░░  52%  Capturing frame 5700/9537 (6 workers)
  █████████████░░░░░░░░░░░░  52%  Capturing frame 5730/9537 (6 workers)
  █████████████░░░░░░░░░░░░  52%  Capturing frame 5760/9537 (6 workers)
  █████████████░░░░░░░░░░░░  52%  Capturing frame 5790/9537 (6 workers)
  █████████████░░░░░░░░░░░░  52%  Capturing frame 5820/9537 (6 workers)
  █████████████░░░░░░░░░░░░  53%  Capturing frame 5850/9537 (6 workers)
  █████████████░░░░░░░░░░░░  53%  Capturing frame 5880/9537 (6 workers)
  █████████████░░░░░░░░░░░░  53%  Capturing frame 5910/9537 (6 workers)
  █████████████░░░░░░░░░░░░  53%  Capturing frame 5940/9537 (6 workers)
  █████████████░░░░░░░░░░░░  53%  Capturing frame 5970/9537 (6 workers)
  █████████████░░░░░░░░░░░░  53%  Capturing frame 6000/9537 (6 workers)
  █████████████░░░░░░░░░░░░  53%  Capturing frame 6030/9537 (6 workers)
  █████████████░░░░░░░░░░░░  54%  Capturing frame 6060/9537 (6 workers)
  █████████████░░░░░░░░░░░░  54%  Capturing frame 6090/9537 (6 workers)
  █████████████░░░░░░░░░░░░  54%  Capturing frame 6120/9537 (6 workers)
  █████████████░░░░░░░░░░░░  54%  Capturing frame 6150/9537 (6 workers)
  █████████████░░░░░░░░░░░░  54%  Capturing frame 6180/9537 (6 workers)
  █████████████░░░░░░░░░░░░  54%  Capturing frame 6210/9537 (6 workers)
  █████████████░░░░░░░░░░░░  54%  Capturing frame 6240/9537 (6 workers)
  █████████████░░░░░░░░░░░░  55%  Capturing frame 6270/9537 (6 workers)
  █████████████░░░░░░░░░░░░  55%  Capturing frame 6300/9537 (6 workers)
  █████████████░░░░░░░░░░░░  55%  Capturing frame 6330/9537 (6 workers)
  █████████████░░░░░░░░░░░░  55%  Capturing frame 6360/9537 (6 workers)
  █████████████░░░░░░░░░░░░  55%  Capturing frame 6390/9537 (6 workers)
  █████████████░░░░░░░░░░░░  55%  Capturing frame 6420/9537 (6 workers)
  █████████████░░░░░░░░░░░░  55%  Capturing frame 6450/9537 (6 workers)
  ██████████████░░░░░░░░░░░  56%  Capturing frame 6480/9537 (6 workers)
  ██████████████░░░░░░░░░░░  56%  Capturing frame 6510/9537 (6 workers)
  ██████████████░░░░░░░░░░░  56%  Capturing frame 6540/9537 (6 workers)
  ██████████████░░░░░░░░░░░  56%  Capturing frame 6570/9537 (6 workers)
  ██████████████░░░░░░░░░░░  56%  Capturing frame 6600/9537 (6 workers)
  ██████████████░░░░░░░░░░░  56%  Capturing frame 6630/9537 (6 workers)
  ██████████████░░░░░░░░░░░  56%  Capturing frame 6660/9537 (6 workers)
  ██████████████░░░░░░░░░░░  57%  Capturing frame 6690/9537 (6 workers)
  ██████████████░░░░░░░░░░░  57%  Capturing frame 6720/9537 (6 workers)
  ██████████████░░░░░░░░░░░  57%  Capturing frame 6750/9537 (6 workers)
  ██████████████░░░░░░░░░░░  57%  Capturing frame 6780/9537 (6 workers)
  ██████████████░░░░░░░░░░░  57%  Capturing frame 6810/9537 (6 workers)
  ██████████████░░░░░░░░░░░  57%  Capturing frame 6840/9537 (6 workers)
  ██████████████░░░░░░░░░░░  57%  Capturing frame 6870/9537 (6 workers)
  ██████████████░░░░░░░░░░░  58%  Capturing frame 6900/9537 (6 workers)
  ██████████████░░░░░░░░░░░  58%  Capturing frame 6930/9537 (6 workers)
  ██████████████░░░░░░░░░░░  58%  Capturing frame 6960/9537 (6 workers)
  ██████████████░░░░░░░░░░░  58%  Capturing frame 6990/9537 (6 workers)
  ██████████████░░░░░░░░░░░  58%  Capturing frame 7020/9537 (6 workers)
  ██████████████░░░░░░░░░░░  58%  Capturing frame 7050/9537 (6 workers)
  ██████████████░░░░░░░░░░░  58%  Capturing frame 7080/9537 (6 workers)
  ██████████████░░░░░░░░░░░  59%  Capturing frame 7110/9537 (6 workers)
  ██████████████░░░░░░░░░░░  59%  Capturing frame 7140/9537 (6 workers)
  ██████████████░░░░░░░░░░░  59%  Capturing frame 7170/9537 (6 workers)
  ██████████████░░░░░░░░░░░  59%  Capturing frame 7200/9537 (6 workers)
  ██████████████░░░░░░░░░░░  59%  Capturing frame 7230/9537 (6 workers)
  ██████████████░░░░░░░░░░░  59%  Capturing frame 7260/9537 (6 workers)
  ██████████████░░░░░░░░░░░  59%  Capturing frame 7290/9537 (6 workers)
  ███████████████░░░░░░░░░░  60%  Capturing frame 7320/9537 (6 workers)
  ███████████████░░░░░░░░░░  60%  Capturing frame 7350/9537 (6 workers)
  ███████████████░░░░░░░░░░  60%  Capturing frame 7380/9537 (6 workers)
  ███████████████░░░░░░░░░░  60%  Capturing frame 7410/9537 (6 workers)
  ███████████████░░░░░░░░░░  60%  Capturing frame 7440/9537 (6 workers)
  ███████████████░░░░░░░░░░  60%  Capturing frame 7470/9537 (6 workers)
  ███████████████░░░░░░░░░░  60%  Capturing frame 7500/9537 (6 workers)
  ███████████████░░░░░░░░░░  61%  Capturing frame 7530/9537 (6 workers)
  ███████████████░░░░░░░░░░  61%  Capturing frame 7560/9537 (6 workers)
  ███████████████░░░░░░░░░░  61%  Capturing frame 7590/9537 (6 workers)
  ███████████████░░░░░░░░░░  61%  Capturing frame 7620/9537 (6 workers)
  ███████████████░░░░░░░░░░  61%  Capturing frame 7650/9537 (6 workers)
  ███████████████░░░░░░░░░░  61%  Capturing frame 7680/9537 (6 workers)
  ███████████████░░░░░░░░░░  61%  Capturing frame 7710/9537 (6 workers)
  ███████████████░░░░░░░░░░  62%  Capturing frame 7740/9537 (6 workers)
  ███████████████░░░░░░░░░░  62%  Capturing frame 7770/9537 (6 workers)
  ███████████████░░░░░░░░░░  62%  Capturing frame 7800/9537 (6 workers)
  ███████████████░░░░░░░░░░  62%  Capturing frame 7830/9537 (6 workers)
  ███████████████░░░░░░░░░░  62%  Capturing frame 7860/9537 (6 workers)
  ███████████████░░░░░░░░░░  62%  Capturing frame 7890/9537 (6 workers)
  ███████████████░░░░░░░░░░  62%  Capturing frame 7920/9537 (6 workers)
  ███████████████░░░░░░░░░░  63%  Capturing frame 7950/9537 (6 workers)
  ███████████████░░░░░░░░░░  63%  Capturing frame 7980/9537 (6 workers)
  ███████████████░░░░░░░░░░  63%  Capturing frame 8010/9537 (6 workers)
  ███████████████░░░░░░░░░░  63%  Capturing frame 8040/9537 (6 workers)
  ███████████████░░░░░░░░░░  63%  Capturing frame 8070/9537 (6 workers)
[INFO] [Render:trace] {"renderJobId":"0a7398d6-8a13-4ca0-816c-5ad50bfe095f","phase":"capture_disk","status":"checkpoint
","elapsedMs":391297,"message":"stage still running","stagePhase":"capturing","needsAlpha":false,"workerCount":6,"force
Screenshot":false,"totalFrames":9537,"framesCompleted":8086,"captureMode":"screenshot","captureOperation":"captureScree
nshot","heartbeatIndex":5,"stageElapsedMs":360046}
  ███████████████░░░░░░░░░░  63%  Capturing frame 8100/9537 (6 workers)
  ███████████████░░░░░░░░░░  63%  Capturing frame 8130/9537 (6 workers)
  ████████████████░░░░░░░░░  64%  Capturing frame 8160/9537 (6 workers)
  ████████████████░░░░░░░░░  64%  Capturing frame 8190/9537 (6 workers)
  ████████████████░░░░░░░░░  64%  Capturing frame 8220/9537 (6 workers)
  ████████████████░░░░░░░░░  64%  Capturing frame 8250/9537 (6 workers)
  ████████████████░░░░░░░░░  64%  Capturing frame 8280/9537 (6 workers)
  ████████████████░░░░░░░░░  64%  Capturing frame 8310/9537 (6 workers)
  ████████████████░░░░░░░░░  64%  Capturing frame 8340/9537 (6 workers)
  ████████████████░░░░░░░░░  64%  Capturing frame 8370/9537 (6 workers)
  ████████████████░░░░░░░░░  65%  Capturing frame 8400/9537 (6 workers)
  ████████████████░░░░░░░░░  65%  Capturing frame 8430/9537 (6 workers)
  ████████████████░░░░░░░░░  65%  Capturing frame 8460/9537 (6 workers)
  ████████████████░░░░░░░░░  65%  Capturing frame 8490/9537 (6 workers)
  ████████████████░░░░░░░░░  65%  Capturing frame 8520/9537 (6 workers)
  ████████████████░░░░░░░░░  65%  Capturing frame 8550/9537 (6 workers)
  ████████████████░░░░░░░░░  65%  Capturing frame 8580/9537 (6 workers)
  ████████████████░░░░░░░░░  66%  Capturing frame 8610/9537 (6 workers)
  ████████████████░░░░░░░░░  66%  Capturing frame 8640/9537 (6 workers)
  ████████████████░░░░░░░░░  66%  Capturing frame 8670/9537 (6 workers)
  ████████████████░░░░░░░░░  66%  Capturing frame 8700/9537 (6 workers)
  ████████████████░░░░░░░░░  66%  Capturing frame 8730/9537 (6 workers)
  ████████████████░░░░░░░░░  66%  Capturing frame 8760/9537 (6 workers)
  ████████████████░░░░░░░░░  66%  Capturing frame 8790/9537 (6 workers)
  ████████████████░░░░░░░░░  67%  Capturing frame 8820/9537 (6 workers)
  ████████████████░░░░░░░░░  67%  Capturing frame 8850/9537 (6 workers)
  ████████████████░░░░░░░░░  67%  Capturing frame 8880/9537 (6 workers)
  ████████████████░░░░░░░░░  67%  Capturing frame 8910/9537 (6 workers)
  ████████████████░░░░░░░░░  67%  Capturing frame 8940/9537 (6 workers)
  ████████████████░░░░░░░░░  67%  Capturing frame 8970/9537 (6 workers)
  ████████████████░░░░░░░░░  67%  Capturing frame 9000/9537 (6 workers)
  █████████████████░░░░░░░░  68%  Capturing frame 9030/9537 (6 workers)
  █████████████████░░░░░░░░  68%  Capturing frame 9060/9537 (6 workers)
  █████████████████░░░░░░░░  68%  Capturing frame 9090/9537 (6 workers)
  █████████████████░░░░░░░░  68%  Capturing frame 9120/9537 (6 workers)
  █████████████████░░░░░░░░  68%  Capturing frame 9150/9537 (6 workers)
  █████████████████░░░░░░░░  68%  Capturing frame 9180/9537 (6 workers)
  █████████████████░░░░░░░░  68%  Capturing frame 9210/9537 (6 workers)
  █████████████████░░░░░░░░  69%  Capturing frame 9240/9537 (6 workers)
  █████████████████░░░░░░░░  69%  Capturing frame 9270/9537 (6 workers)
  █████████████████░░░░░░░░  69%  Capturing frame 9300/9537 (6 workers)
  █████████████████░░░░░░░░  69%  Capturing frame 9330/9537 (6 workers)
  █████████████████░░░░░░░░  69%  Capturing frame 9360/9537 (6 workers)
  █████████████████░░░░░░░░  69%  Capturing frame 9390/9537 (6 workers)
  █████████████████░░░░░░░░  69%  Capturing frame 9420/9537 (6 workers)
  █████████████████░░░░░░░░  70%  Capturing frame 9450/9537 (6 workers)
  █████████████████░░░░░░░░  70%  Capturing frame 9480/9537 (6 workers)
  █████████████████░░░░░░░░  70%  Capturing frame 9510/9537 (6 workers)
  █████████████████░░░░░░░░  70%  Capturing frame 9537/9537 (6 workers)
[INFO] [Render:trace] {"renderJobId":"0a7398d6-8a13-4ca0-816c-5ad50bfe095f","phase":"capture_disk","status":"checkpoint
","elapsedMs":511304,"message":"stage still running","stagePhase":"capturing","needsAlpha":false,"workerCount":6,"force
Screenshot":false,"totalFrames":9537,"framesCompleted":9537,"captureMode":"screenshot","captureOperation":"encode","hea
rtbeatIndex":6,"stageElapsedMs":480053}
[INFO] [Render:trace] {"renderJobId":"0a7398d6-8a13-4ca0-816c-5ad50bfe095f","phase":"capture_disk","status":"end","elap
sedMs":539427,"durationMs":508176,"stagePhase":"capturing","needsAlpha":false,"workerCount":6,"forceScreenshot":false,"
totalFrames":9537,"framesCompleted":9537,"captureMode":"screenshot","captureOperation":"encode"}
[INFO] [Render:trace] {"renderJobId":"0a7398d6-8a13-4ca0-816c-5ad50bfe095f","phase":"encode","status":"start","elapsedM
s":539427,"stagePhase":"capturing","hasAudio":true,"isPngSequence":false,"isGif":false,"chunkedEncode":false,"workerCou
nt":6,"forceScreenshot":false,"totalFrames":9537,"framesCompleted":9537,"captureMode":"screenshot","captureOperation":"
encode"}
  ██████████████████░░░░░░░  75%  Encoding video
[INFO] [Render:trace] {"renderJobId":"0a7398d6-8a13-4ca0-816c-5ad50bfe095f","phase":"encode","status":"checkpoint","ela
psedMs":569435,"message":"stage still running","stagePhase":"capturing","hasAudio":true,"isPngSequence":false,"isGif":f
alse,"chunkedEncode":false,"workerCount":6,"forceScreenshot":false,"totalFrames":9537,"framesCompleted":9537,"captureMo
de":"screenshot","captureOperation":"encode","heartbeatIndex":1,"stageElapsedMs":30007}
[INFO] [Render:trace] {"renderJobId":"0a7398d6-8a13-4ca0-816c-5ad50bfe095f","phase":"encode","status":"checkpoint","ela
psedMs":599444,"message":"stage still running","stagePhase":"capturing","hasAudio":true,"isPngSequence":false,"isGif":f
alse,"chunkedEncode":false,"workerCount":6,"forceScreenshot":false,"totalFrames":9537,"framesCompleted":9537,"captureMo
de":"screenshot","captureOperation":"encode","heartbeatIndex":2,"stageElapsedMs":60016}
[INFO] [Render:trace] {"renderJobId":"0a7398d6-8a13-4ca0-816c-5ad50bfe095f","phase":"encode","status":"checkpoint","ela
psedMs":659448,"message":"stage still running","stagePhase":"capturing","hasAudio":true,"isPngSequence":false,"isGif":f
alse,"chunkedEncode":false,"workerCount":6,"forceScreenshot":false,"totalFrames":9537,"framesCompleted":9537,"captureMo
de":"screenshot","captureOperation":"encode","heartbeatIndex":3,"stageElapsedMs":120020}
[INFO] [Render:trace] {"renderJobId":"0a7398d6-8a13-4ca0-816c-5ad50bfe095f","phase":"encode","status":"end","elapsedMs"
:738558,"durationMs":199130,"stagePhase":"capturing","hasAudio":true,"isPngSequence":false,"isGif":false,"chunkedEncode
":false,"workerCount":6,"forceScreenshot":false,"totalFrames":9537,"framesCompleted":9537,"captureMode":"screenshot","c
aptureOperation":"encode"}
[INFO] [Render:trace] {"renderJobId":"0a7398d6-8a13-4ca0-816c-5ad50bfe095f","phase":"assemble","status":"start","elapse
dMs":738559,"stagePhase":"capturing","hasAudio":true,"workerCount":6,"forceScreenshot":false,"totalFrames":9537,"frames
Completed":9537,"captureMode":"screenshot","captureOperation":"encode"}
  ██████████████████████░░░  90%  Assembling final video
[INFO] [Render:trace] {"renderJobId":"0a7398d6-8a13-4ca0-816c-5ad50bfe095f","phase":"assemble","status":"checkpoint","e
lapsedMs":768565,"message":"stage still running","stagePhase":"capturing","hasAudio":true,"workerCount":6,"forceScreens
hot":false,"totalFrames":9537,"framesCompleted":9537,"captureMode":"screenshot","captureOperation":"encode","heartbeatI
ndex":1,"stageElapsedMs":30006}
[INFO] [Render:trace] {"renderJobId":"0a7398d6-8a13-4ca0-816c-5ad50bfe095f","phase":"assemble","status":"end","elapsedM
s":776843,"durationMs":38284,"stagePhase":"capturing","hasAudio":true,"workerCount":6,"forceScreenshot":false,"totalFra
mes":9537,"framesCompleted":9537,"captureMode":"screenshot","captureOperation":"encode"}
[INFO] [Render:trace] {"renderJobId":"0a7398d6-8a13-4ca0-816c-5ad50bfe095f","phase":"pipeline","status":"checkpoint","e
lapsedMs":777449,"message":"artifact validated","totalElapsedMs":776950}
  █████████████████████████  100%  Render complete

◇  C:\vox-style-xe-giay-v1-hyperframes\out\ban-an-19-yen-bai-full.mp4
   293.9 MB · 5m 17.9s video · rendered in 13m 0.2s
   screenshot capture · hardware gpu · compile 7.8s · extract 0.0s · audio 17.9s · probe 0.9s · setup 5.4s · capture 8m 28.2s · encode 3m 19.1s · assemble 38.3s

Render bản đầy đủ: out\ban-an-19-yen-bai-full.mp4, 308203426 bytes (293.9MB), 789.7s render time, quality=looks. Xác minh ffprobe: duration=317.900s (khớp audio thật 317.920s), 1080x1920 h264. Capture mode: screenshot (tắt fast-capture do: a CSS 3D rendering context (perspective / preserve-3d / backface-visibility)). GPU mode: hardware (WebGL renderer vendor="Google Inc. (NVIDIA)" renderer="ANGLE (NVIDIA, NVIDIA GeForce GTX 1660 SUPER (0x000021C4) Direct3D11 vs_5_0 ps_5_0, D3D11)"). Stage timing: compile=6.9s, browser_probe=0.9s, video_extract=0.0s, audio_process=17.9s, file_server=0.0s, capture_calibration=4.7s, capture_disk=508.2s, encode=199.1s, assemble=38.3s.
Đã ghi pipeline\videos\ban-an-19-yen-bai\completion-manifest.json.
