Chạy Stage 7b integration check (bắt buộc trước khi render)...
Stage 7b integration check PASS — 30/30 scene, có audio, có caption-track, hyperframes check ok=true (90 mốc/30 shot, 70.1s).
Đang render: npx --yes hyperframes@0.8.56 render --quality looks -o "C:\vox-style-xe-giay-v1-hyperframes\out\ban-an-10-2025-sam-son-thanh-hoa-full.mp4"  "C:\vox-style-xe-giay-v1-hyperframes\hyperframes\videos\ban-an-10-2025-sam-son-thanh-hoa"

◆  Rendering ban-an-10-2025-sam-son-thanh-hoa → C:\vox-style-xe-giay-v1-hyperframes\out\ban-an-10-2025-sam-son-thanh-hoa-full.mp4
   30fps · standard · auto workers (16 cores detected)
   GPU: browser GPU (auto-detect)

[?25l│
◒  Checking browser[1G[J◐  Checking browser[1G[J◓  Checking browser[1G[J◇  Browser: cache
[?25h
  Lint: 0 error(s), 332 warning(s) — run with --lint-verbose for full output.
  Continuing render despite lint issues. Use --strict to block errors.

[INFO] [Render] Pipeline started {"renderJobId":"208ef4bd-8143-4049-bdb3-fef163beb96c","platform":"win32","arch":"x64","nodeVersion":"v24.20.0","fps":{"num":30,"den":1},"format":"mp4","quality":"standard","browserGpuMode":"auto","forceScreenshot":false,"protocolTimeout":300000,"browserTimeout":120000,"pageNavigationTimeout":60000,"playerReadyTimeout":45000}
[INFO] [Render:trace] {"renderJobId":"208ef4bd-8143-4049-bdb3-fef163beb96c","phase":"pipeline","status":"checkpoint","elapsedMs":6,"message":"started","format":"mp4","quality":"standard","browserGpuMode":"auto","forceScreenshot":false,"protocolTimeoutMs":300000,"pageNavigationTimeoutMs":60000,"playerReadyTimeoutMs":45000,"requestedWorkers":"auto"}
[INFO] [Render:trace] {"renderJobId":"208ef4bd-8143-4049-bdb3-fef163beb96c","phase":"compile","status":"start","elapsedMs":8,"needsAlpha":false}
  █░░░░░░░░░░░░░░░░░░░░░░░░  5%  Compiling composition
[INFO] [Compiler] Fetched 11 font face(s) for "Be Vietnam Pro" from Google Fonts (cached to C:\Users\DTL\.cache\hyperframes\fonts\be-vietnam-pro)
[INFO] [Compiler] Injected deterministic @font-face rules for 1 requested font families
[INFO] [Compiler] Inlined CDN script: https://cdn.jsdelivr.net/npm/gsap@3.14.2/dist/gsap.min.js
[INFO] [Render] Fast capture: composition uses a CSS 3D rendering context (perspective / preserve-3d / backface-visibility) — disabling drawElementImage for this render. Capture uses the platform's baseline route. {"renderJobId":"208ef4bd-8143-4049-bdb3-fef163beb96c"}
[INFO] Compiled composition metadata {"renderJobId":"208ef4bd-8143-4049-bdb3-fef163beb96c","entryFile":"index.html","staticDuration":267.81,"width":1080,"height":1920,"videoCount":0,"audioCount":1,"renderModeHints":{"recommendScreenshot":false,"reasons":[]}}
[INFO] [Render:trace] {"renderJobId":"208ef4bd-8143-4049-bdb3-fef163beb96c","phase":"compile","status":"end","elapsedMs":4660,"durationMs":4652,"needsAlpha":false}
[INFO] [Render:trace] {"renderJobId":"208ef4bd-8143-4049-bdb3-fef163beb96c","phase":"compile","status":"checkpoint","elapsedMs":4668,"message":"composition metadata resolved","width":1080,"height":1920,"videoCount":0,"audioCount":1,"imageCount":16,"deviceScaleFactor":1,"forceScreenshot":false,"compositionHash":"37f9597f9b843daa"}
[INFO] [Render:trace] {"renderJobId":"208ef4bd-8143-4049-bdb3-fef163beb96c","phase":"browser_probe","status":"start","elapsedMs":4669,"forceScreenshot":false,"stagePhase":"calibrating"}
[INFO] [Render:trace] {"renderJobId":"208ef4bd-8143-4049-bdb3-fef163beb96c","phase":"browser_probe","status":"end","elapsedMs":5394,"durationMs":725,"forceScreenshot":false,"stagePhase":"calibrating"}
[INFO] [Render:trace] {"renderJobId":"208ef4bd-8143-4049-bdb3-fef163beb96c","phase":"browser_probe","status":"checkpoint","elapsedMs":5402,"message":"duration resolved","durationSeconds":267.81,"totalFrames":8035,"compositionHash":"37f9597f9b843daa","beginFrameStalled":false}
[INFO] [Render:trace] {"renderJobId":"208ef4bd-8143-4049-bdb3-fef163beb96c","phase":"video_extract","status":"start","elapsedMs":5402,"videoCount":0}
  ██░░░░░░░░░░░░░░░░░░░░░░░  10%  Extracting video frames
[INFO] [Render:trace] {"renderJobId":"208ef4bd-8143-4049-bdb3-fef163beb96c","phase":"video_extract","status":"end","elapsedMs":5414,"durationMs":12,"videoCount":0}
[INFO] [Render:trace] {"renderJobId":"208ef4bd-8143-4049-bdb3-fef163beb96c","phase":"video_extract","status":"checkpoint","elapsedMs":5456,"message":"frames resolved","videoCount":0,"extractedVideoCount":0,"totalFramesExtracted":0,"maxFramesPerVideo":0,"avgFramesPerExtractedVideo":null,"vfrPreflightCount":null,"vfrPreflightMs":null,"cacheHits":null,"cacheMisses":null,"transientRetries":null,"minVideoFrameCoverageRatio":null,"authoredTimedClipCount":411}
[INFO] [Render] No HDR sources detected — rendering SDR {"renderJobId":"208ef4bd-8143-4049-bdb3-fef163beb96c"}
[INFO] [Render:trace] {"renderJobId":"208ef4bd-8143-4049-bdb3-fef163beb96c","phase":"hdr_detection","status":"checkpoint","elapsedMs":5457,"message":"resolved","requestedHdrMode":"auto","effectiveHdr":"sdr","nativeHdrVideoCount":0,"nativeHdrImageCount":0}
[INFO] [Render:trace] {"renderJobId":"208ef4bd-8143-4049-bdb3-fef163beb96c","phase":"audio_process","status":"start","elapsedMs":5457,"audioCount":1}
  █████░░░░░░░░░░░░░░░░░░░░  20%  Processing audio tracks
[INFO] [Render:trace] {"renderJobId":"208ef4bd-8143-4049-bdb3-fef163beb96c","phase":"audio_process","status":"end","elapsedMs":19992,"durationMs":14535,"audioCount":1}
[INFO] [Render:trace] {"renderJobId":"208ef4bd-8143-4049-bdb3-fef163beb96c","phase":"file_server","status":"start","elapsedMs":19992,"reused":false}
  ██████░░░░░░░░░░░░░░░░░░░  25%  Starting frame capture
[INFO] [Render:trace] {"renderJobId":"208ef4bd-8143-4049-bdb3-fef163beb96c","phase":"file_server","status":"end","elapsedMs":20000,"durationMs":8}
[hyperframes] browserGpuMode probe → hardware (WebGL renderer vendor="Google Inc. (NVIDIA)" renderer="ANGLE (NVIDIA, NVIDIA GeForce GTX 1660 SUPER (0x000021C4) Direct3D11 vs_5_0 ps_5_0, D3D11)")
[INFO] [Render:trace] {"renderJobId":"208ef4bd-8143-4049-bdb3-fef163beb96c","phase":"capture_calibration","status":"start","elapsedMs":20650,"stagePhase":"calibrating","forceScreenshot":false,"totalFrames":8035,"framesCompleted":0,"captureMode":"screenshot","captureOperation":"captureScreenshot"}
[INFO] [Render] Calibration config {"renderJobId":"208ef4bd-8143-4049-bdb3-fef163beb96c","protocolTimeout":30000,"parentProtocolTimeout":300000,"forceScreenshot":false,"totalFrames":8035}
[INFO] Launching browser for capture calibration... {"renderJobId":"208ef4bd-8143-4049-bdb3-fef163beb96c"}
[BrowserManager] Browser launched (HeadlessChrome/152.0.7977.30, screenshot, gl=--use-gl=angle --use-angle=d3d11, headlessShell=true, platform=win32)
[INFO] Initializing calibration session... {"renderJobId":"208ef4bd-8143-4049-bdb3-fef163beb96c"}
[initSession:screenshot] page.goto start (1ms)
[HyperFrames] render runtime fps [object Object]
[initSession:screenshot] page.goto complete (1415ms)
[initSession:screenshot] GSAP proxy flush complete (1861ms)
[initSession:screenshot] pollHfReady complete (1865ms)
[initSession:screenshot] pollSubCompositionTimelines complete (ready) (1902ms)
[initSession:screenshot] applyVideoMetadataHints complete (1903ms)
[initSession:screenshot] media + fonts + tailwind ready (1910ms)
[initSession:screenshot] static-frame dedup: disabled (eligible) (1937ms)
[INFO] Calibration session ready, capturing test frames... {"renderJobId":"208ef4bd-8143-4049-bdb3-fef163beb96c"}
[INFO] Calibration: capturing test frame 1/5... {"renderJobId":"208ef4bd-8143-4049-bdb3-fef163beb96c"}
[INFO] Calibration: capturing test frame 2/5... {"renderJobId":"208ef4bd-8143-4049-bdb3-fef163beb96c"}
[INFO] Calibration: capturing test frame 3/5... {"renderJobId":"208ef4bd-8143-4049-bdb3-fef163beb96c"}
[INFO] Calibration: capturing test frame 4/5... {"renderJobId":"208ef4bd-8143-4049-bdb3-fef163beb96c"}
[INFO] Calibration: capturing test frame 5/5... {"renderJobId":"208ef4bd-8143-4049-bdb3-fef163beb96c"}
[INFO] Calibration complete, estimated cost: 741ms/frame (p95) {"renderJobId":"208ef4bd-8143-4049-bdb3-fef163beb96c"}
[WARN] [Render] Measured slow frame capture during auto-worker calibration. {"renderJobId":"208ef4bd-8143-4049-bdb3-fef163beb96c","multiplier":1.24,"p95Ms":741,"sampledFrames":[0,2008,4017,6026,8034]}
[INFO] [Render:trace] {"renderJobId":"208ef4bd-8143-4049-bdb3-fef163beb96c","phase":"capture_calibration","status":"end","elapsedMs":25206,"durationMs":4556,"stagePhase":"calibrating","forceScreenshot":false,"totalFrames":8035,"framesCompleted":0,"captureMode":"screenshot","captureOperation":"captureScreenshot"}
[INFO] [Render:trace] {"renderJobId":"208ef4bd-8143-4049-bdb3-fef163beb96c","phase":"capture_calibration","status":"checkpoint","elapsedMs":25206,"message":"resolved","forceScreenshot":false,"multiplier":1.24,"p95Ms":741}
[WARN] [Render] Reduced auto worker count for high-cost capture workload to avoid Chrome compositor starvation. {"renderJobId":"208ef4bd-8143-4049-bdb3-fef163beb96c","from":6,"to":5,"costMultiplier":1.24,"reasons":["calibration-p95=741ms"]}
[INFO] [Render:trace] {"renderJobId":"208ef4bd-8143-4049-bdb3-fef163beb96c","phase":"worker_resolution","status":"checkpoint","elapsedMs":25209,"message":"resolved","workerCount":5}
[INFO] streaming-encode gate {"renderJobId":"208ef4bd-8143-4049-bdb3-fef163beb96c","enabled":false,"reason":"multi_worker","configFlag":true,"durationCapEnabled":false,"outputFormat":"mp4","workerCount":5,"durationSeconds":267.81,"maxDurationSeconds":240}
[INFO] [Render:trace] {"renderJobId":"208ef4bd-8143-4049-bdb3-fef163beb96c","phase":"capture_strategy","status":"checkpoint","elapsedMs":25210,"message":"resolved","workerCount":5,"forceScreenshot":false,"captureBeyondViewport":null,"useStreamingEncode":false,"useLayeredComposite":false,"usePageSideCompositing":false,"hasHdrContent":false,"hasShaderTransitions":false,"isPngSequence":false}
[INFO] [Render:trace] {"renderJobId":"208ef4bd-8143-4049-bdb3-fef163beb96c","phase":"capture_disk","status":"start","elapsedMs":25210,"stagePhase":"capturing","needsAlpha":false,"workerCount":5,"forceScreenshot":false,"totalFrames":8035,"framesCompleted":0,"captureMode":"screenshot","captureOperation":"captureScreenshot"}
  ██████░░░░░░░░░░░░░░░░░░░  25%  Capturing frame 0/8035 (5 workers)
  ██████░░░░░░░░░░░░░░░░░░░  25%  Capturing frame 0/8035 (5 workers)
  ██████░░░░░░░░░░░░░░░░░░░  25%  Capturing frame 0/8035 (5 workers)
  ██████░░░░░░░░░░░░░░░░░░░  25%  Capturing frame 0/8035 (5 workers)
  ██████░░░░░░░░░░░░░░░░░░░  25%  Capturing frame 0/8035 (5 workers)
[BrowserManager] Browser launched (HeadlessChrome/152.0.7977.30, screenshot, gl=--use-gl=angle --use-angle=d3d11, headlessShell=true, platform=win32)
  ██████░░░░░░░░░░░░░░░░░░░  25%  Capturing frame 0/8035 (5 workers)
[initSession:screenshot] page.goto start (0ms)
  ██████░░░░░░░░░░░░░░░░░░░  25%  Capturing frame 0/8035 (5 workers)
  ██████░░░░░░░░░░░░░░░░░░░  25%  Capturing frame 0/8035 (5 workers)
[initSession:screenshot] page.goto start (0ms)
  ██████░░░░░░░░░░░░░░░░░░░  25%  Capturing frame 0/8035 (5 workers)
  ██████░░░░░░░░░░░░░░░░░░░  25%  Capturing frame 0/8035 (5 workers)
[initSession:screenshot] page.goto start (0ms)
  ██████░░░░░░░░░░░░░░░░░░░  25%  Capturing frame 0/8035 (5 workers)
  ██████░░░░░░░░░░░░░░░░░░░  25%  Capturing frame 0/8035 (5 workers)
[initSession:screenshot] page.goto start (0ms)
  ██████░░░░░░░░░░░░░░░░░░░  25%  Capturing frame 0/8035 (5 workers)
  ██████░░░░░░░░░░░░░░░░░░░  25%  Capturing frame 0/8035 (5 workers)
[initSession:screenshot] page.goto start (1ms)
  ██████░░░░░░░░░░░░░░░░░░░  25%  Capturing frame 0/8035 (5 workers)
[HyperFrames] render runtime fps [object Object]
[HyperFrames] render runtime fps [object Object]
[initSession:screenshot] page.goto complete (1710ms)
[initSession:screenshot] page.goto complete (1758ms)
[initSession:screenshot] GSAP proxy flush complete (2370ms)
[initSession:screenshot] pollHfReady complete (2375ms)
[HyperFrames] render runtime fps [object Object]
[initSession:screenshot] pollSubCompositionTimelines complete (ready) (2430ms)
[initSession:screenshot] applyVideoMetadataHints complete (2430ms)
[initSession:screenshot] media + fonts + tailwind ready (2447ms)
[initSession:screenshot] static-frame dedup: disabled (eligible) (2479ms)
[HyperFrames] render runtime fps [object Object]
[initSession:screenshot] GSAP proxy flush complete (2522ms)
  ██████░░░░░░░░░░░░░░░░░░░  25%  Capturing frame 0/8035 (5 workers)
[initSession:screenshot] pollHfReady complete (2528ms)
[initSession:screenshot] pollSubCompositionTimelines complete (ready) (2583ms)
[initSession:screenshot] applyVideoMetadataHints complete (2584ms)
[initSession:screenshot] media + fonts + tailwind ready (2599ms)
[initSession:screenshot] static-frame dedup: disabled (eligible) (2626ms)
  ██████░░░░░░░░░░░░░░░░░░░  25%  Capturing frame 0/8035 (5 workers)
[initSession:screenshot] page.goto complete (2691ms)
[HyperFrames] render runtime fps [object Object]
[initSession:screenshot] page.goto complete (2747ms)
[initSession:screenshot] GSAP proxy flush complete (2825ms)
[initSession:screenshot] pollHfReady complete (2830ms)
[initSession:screenshot] pollSubCompositionTimelines complete (ready) (2879ms)
[initSession:screenshot] applyVideoMetadataHints complete (2879ms)
[initSession:screenshot] GSAP proxy flush complete (2856ms)
[initSession:screenshot] media + fonts + tailwind ready (2887ms)
[initSession:screenshot] pollHfReady complete (2864ms)
[initSession:screenshot] static-frame dedup: disabled (eligible) (2922ms)
  ██████░░░░░░░░░░░░░░░░░░░  25%  Capturing frame 0/8035 (5 workers)
[initSession:screenshot] page.goto complete (2859ms)
[initSession:screenshot] pollSubCompositionTimelines complete (ready) (2915ms)
[initSession:screenshot] applyVideoMetadataHints complete (2915ms)
[initSession:screenshot] media + fonts + tailwind ready (2923ms)
[initSession:screenshot] static-frame dedup: disabled (eligible) (2946ms)
  ██████░░░░░░░░░░░░░░░░░░░  25%  Capturing frame 0/8035 (5 workers)
[initSession:screenshot] GSAP proxy flush complete (2954ms)
[initSession:screenshot] pollHfReady complete (2959ms)
[initSession:screenshot] pollSubCompositionTimelines complete (ready) (2997ms)
[initSession:screenshot] applyVideoMetadataHints complete (2997ms)
[initSession:screenshot] media + fonts + tailwind ready (3004ms)
[initSession:screenshot] static-frame dedup: disabled (eligible) (3025ms)
  ██████░░░░░░░░░░░░░░░░░░░  25%  Capturing frame 0/8035 (5 workers)
  ██████░░░░░░░░░░░░░░░░░░░  25%  Capturing frame 30/8035 (5 workers)
  ██████░░░░░░░░░░░░░░░░░░░  25%  Capturing frame 60/8035 (5 workers)
  ██████░░░░░░░░░░░░░░░░░░░  26%  Capturing frame 90/8035 (5 workers)
  ██████░░░░░░░░░░░░░░░░░░░  26%  Capturing frame 120/8035 (5 workers)
  ██████░░░░░░░░░░░░░░░░░░░  26%  Capturing frame 150/8035 (5 workers)
  ██████░░░░░░░░░░░░░░░░░░░  26%  Capturing frame 180/8035 (5 workers)
  ██████░░░░░░░░░░░░░░░░░░░  26%  Capturing frame 210/8035 (5 workers)
  ██████░░░░░░░░░░░░░░░░░░░  26%  Capturing frame 240/8035 (5 workers)
  ██████░░░░░░░░░░░░░░░░░░░  27%  Capturing frame 270/8035 (5 workers)
  ██████░░░░░░░░░░░░░░░░░░░  27%  Capturing frame 300/8035 (5 workers)
  ██████░░░░░░░░░░░░░░░░░░░  27%  Capturing frame 330/8035 (5 workers)
  ██████░░░░░░░░░░░░░░░░░░░  27%  Capturing frame 360/8035 (5 workers)
  ██████░░░░░░░░░░░░░░░░░░░  27%  Capturing frame 390/8035 (5 workers)
  ██████░░░░░░░░░░░░░░░░░░░  27%  Capturing frame 420/8035 (5 workers)
  ███████░░░░░░░░░░░░░░░░░░  28%  Capturing frame 450/8035 (5 workers)
  ███████░░░░░░░░░░░░░░░░░░  28%  Capturing frame 480/8035 (5 workers)
  ███████░░░░░░░░░░░░░░░░░░  28%  Capturing frame 510/8035 (5 workers)
  ███████░░░░░░░░░░░░░░░░░░  28%  Capturing frame 540/8035 (5 workers)
  ███████░░░░░░░░░░░░░░░░░░  28%  Capturing frame 570/8035 (5 workers)
  ███████░░░░░░░░░░░░░░░░░░  28%  Capturing frame 600/8035 (5 workers)
[INFO] [Render:trace] {"renderJobId":"208ef4bd-8143-4049-bdb3-fef163beb96c","phase":"capture_disk","status":"checkpoint","elapsedMs":55217,"message":"stage still running","stagePhase":"capturing","needsAlpha":false,"workerCount":5,"forceScreenshot":false,"totalFrames":8035,"framesCompleted":616,"captureMode":"screenshot","captureOperation":"captureScreenshot","heartbeatIndex":1,"stageElapsedMs":30007}
  ███████░░░░░░░░░░░░░░░░░░  29%  Capturing frame 630/8035 (5 workers)
  ███████░░░░░░░░░░░░░░░░░░  29%  Capturing frame 660/8035 (5 workers)
  ███████░░░░░░░░░░░░░░░░░░  29%  Capturing frame 690/8035 (5 workers)
  ███████░░░░░░░░░░░░░░░░░░  29%  Capturing frame 720/8035 (5 workers)
  ███████░░░░░░░░░░░░░░░░░░  29%  Capturing frame 750/8035 (5 workers)
  ███████░░░░░░░░░░░░░░░░░░  29%  Capturing frame 780/8035 (5 workers)
  ███████░░░░░░░░░░░░░░░░░░  30%  Capturing frame 810/8035 (5 workers)
  ███████░░░░░░░░░░░░░░░░░░  30%  Capturing frame 840/8035 (5 workers)
  ███████░░░░░░░░░░░░░░░░░░  30%  Capturing frame 870/8035 (5 workers)
  ███████░░░░░░░░░░░░░░░░░░  30%  Capturing frame 900/8035 (5 workers)
  ███████░░░░░░░░░░░░░░░░░░  30%  Capturing frame 930/8035 (5 workers)
  ███████░░░░░░░░░░░░░░░░░░  30%  Capturing frame 960/8035 (5 workers)
  ███████░░░░░░░░░░░░░░░░░░  31%  Capturing frame 990/8035 (5 workers)
  ███████░░░░░░░░░░░░░░░░░░  31%  Capturing frame 1020/8035 (5 workers)
  ███████░░░░░░░░░░░░░░░░░░  31%  Capturing frame 1050/8035 (5 workers)
  ███████░░░░░░░░░░░░░░░░░░  31%  Capturing frame 1080/8035 (5 workers)
  ███████░░░░░░░░░░░░░░░░░░  31%  Capturing frame 1110/8035 (5 workers)
  ███████░░░░░░░░░░░░░░░░░░  31%  Capturing frame 1140/8035 (5 workers)
  ████████░░░░░░░░░░░░░░░░░  32%  Capturing frame 1170/8035 (5 workers)
  ████████░░░░░░░░░░░░░░░░░  32%  Capturing frame 1200/8035 (5 workers)
  ████████░░░░░░░░░░░░░░░░░  32%  Capturing frame 1230/8035 (5 workers)
  ████████░░░░░░░░░░░░░░░░░  32%  Capturing frame 1260/8035 (5 workers)
[INFO] [Render:trace] {"renderJobId":"208ef4bd-8143-4049-bdb3-fef163beb96c","phase":"capture_disk","status":"checkpoint","elapsedMs":85227,"message":"stage still running","stagePhase":"capturing","needsAlpha":false,"workerCount":5,"forceScreenshot":false,"totalFrames":8035,"framesCompleted":1267,"captureMode":"screenshot","captureOperation":"captureScreenshot","heartbeatIndex":2,"stageElapsedMs":60017}
  ████████░░░░░░░░░░░░░░░░░  32%  Capturing frame 1290/8035 (5 workers)
  ████████░░░░░░░░░░░░░░░░░  32%  Capturing frame 1320/8035 (5 workers)
  ████████░░░░░░░░░░░░░░░░░  33%  Capturing frame 1350/8035 (5 workers)
  ████████░░░░░░░░░░░░░░░░░  33%  Capturing frame 1380/8035 (5 workers)
  ████████░░░░░░░░░░░░░░░░░  33%  Capturing frame 1410/8035 (5 workers)
  ████████░░░░░░░░░░░░░░░░░  33%  Capturing frame 1440/8035 (5 workers)
  ████████░░░░░░░░░░░░░░░░░  33%  Capturing frame 1470/8035 (5 workers)
  ████████░░░░░░░░░░░░░░░░░  33%  Capturing frame 1500/8035 (5 workers)
  ████████░░░░░░░░░░░░░░░░░  34%  Capturing frame 1530/8035 (5 workers)
  ████████░░░░░░░░░░░░░░░░░  34%  Capturing frame 1560/8035 (5 workers)
  ████████░░░░░░░░░░░░░░░░░  34%  Capturing frame 1590/8035 (5 workers)
  ████████░░░░░░░░░░░░░░░░░  34%  Capturing frame 1620/8035 (5 workers)
  ████████░░░░░░░░░░░░░░░░░  34%  Capturing frame 1650/8035 (5 workers)
  ████████░░░░░░░░░░░░░░░░░  34%  Capturing frame 1680/8035 (5 workers)
  ████████░░░░░░░░░░░░░░░░░  35%  Capturing frame 1710/8035 (5 workers)
  ████████░░░░░░░░░░░░░░░░░  35%  Capturing frame 1740/8035 (5 workers)
  ████████░░░░░░░░░░░░░░░░░  35%  Capturing frame 1770/8035 (5 workers)
  ████████░░░░░░░░░░░░░░░░░  35%  Capturing frame 1800/8035 (5 workers)
  ████████░░░░░░░░░░░░░░░░░  35%  Capturing frame 1830/8035 (5 workers)
  ████████░░░░░░░░░░░░░░░░░  35%  Capturing frame 1860/8035 (5 workers)
  █████████░░░░░░░░░░░░░░░░  36%  Capturing frame 1890/8035 (5 workers)
  █████████░░░░░░░░░░░░░░░░  36%  Capturing frame 1920/8035 (5 workers)
  █████████░░░░░░░░░░░░░░░░  36%  Capturing frame 1950/8035 (5 workers)
  █████████░░░░░░░░░░░░░░░░  36%  Capturing frame 1980/8035 (5 workers)
  █████████░░░░░░░░░░░░░░░░  36%  Capturing frame 2010/8035 (5 workers)
  █████████░░░░░░░░░░░░░░░░  36%  Capturing frame 2040/8035 (5 workers)
  █████████░░░░░░░░░░░░░░░░  37%  Capturing frame 2070/8035 (5 workers)
  █████████░░░░░░░░░░░░░░░░  37%  Capturing frame 2100/8035 (5 workers)
  █████████░░░░░░░░░░░░░░░░  37%  Capturing frame 2130/8035 (5 workers)
  █████████░░░░░░░░░░░░░░░░  37%  Capturing frame 2160/8035 (5 workers)
  █████████░░░░░░░░░░░░░░░░  37%  Capturing frame 2190/8035 (5 workers)
  █████████░░░░░░░░░░░░░░░░  37%  Capturing frame 2220/8035 (5 workers)
  █████████░░░░░░░░░░░░░░░░  38%  Capturing frame 2250/8035 (5 workers)
  █████████░░░░░░░░░░░░░░░░  38%  Capturing frame 2280/8035 (5 workers)
  █████████░░░░░░░░░░░░░░░░  38%  Capturing frame 2310/8035 (5 workers)
  █████████░░░░░░░░░░░░░░░░  38%  Capturing frame 2340/8035 (5 workers)
  █████████░░░░░░░░░░░░░░░░  38%  Capturing frame 2370/8035 (5 workers)
  █████████░░░░░░░░░░░░░░░░  38%  Capturing frame 2400/8035 (5 workers)
  █████████░░░░░░░░░░░░░░░░  39%  Capturing frame 2430/8035 (5 workers)
  █████████░░░░░░░░░░░░░░░░  39%  Capturing frame 2460/8035 (5 workers)
  █████████░░░░░░░░░░░░░░░░  39%  Capturing frame 2490/8035 (5 workers)
  █████████░░░░░░░░░░░░░░░░  39%  Capturing frame 2520/8035 (5 workers)
  █████████░░░░░░░░░░░░░░░░  39%  Capturing frame 2550/8035 (5 workers)
  █████████░░░░░░░░░░░░░░░░  39%  Capturing frame 2580/8035 (5 workers)
  ██████████░░░░░░░░░░░░░░░  40%  Capturing frame 2610/8035 (5 workers)
[INFO] [Render:trace] {"renderJobId":"208ef4bd-8143-4049-bdb3-fef163beb96c","phase":"capture_disk","status":"checkpoint","elapsedMs":145245,"message":"stage still running","stagePhase":"capturing","needsAlpha":false,"workerCount":5,"forceScreenshot":false,"totalFrames":8035,"framesCompleted":2634,"captureMode":"screenshot","captureOperation":"captureScreenshot","heartbeatIndex":3,"stageElapsedMs":120035}
  ██████████░░░░░░░░░░░░░░░  40%  Capturing frame 2640/8035 (5 workers)
  ██████████░░░░░░░░░░░░░░░  40%  Capturing frame 2670/8035 (5 workers)
  ██████████░░░░░░░░░░░░░░░  40%  Capturing frame 2700/8035 (5 workers)
  ██████████░░░░░░░░░░░░░░░  40%  Capturing frame 2730/8035 (5 workers)
  ██████████░░░░░░░░░░░░░░░  40%  Capturing frame 2760/8035 (5 workers)
  ██████████░░░░░░░░░░░░░░░  41%  Capturing frame 2790/8035 (5 workers)
  ██████████░░░░░░░░░░░░░░░  41%  Capturing frame 2820/8035 (5 workers)
  ██████████░░░░░░░░░░░░░░░  41%  Capturing frame 2850/8035 (5 workers)
  ██████████░░░░░░░░░░░░░░░  41%  Capturing frame 2880/8035 (5 workers)
  ██████████░░░░░░░░░░░░░░░  41%  Capturing frame 2910/8035 (5 workers)
  ██████████░░░░░░░░░░░░░░░  41%  Capturing frame 2940/8035 (5 workers)
  ██████████░░░░░░░░░░░░░░░  42%  Capturing frame 2970/8035 (5 workers)
  ██████████░░░░░░░░░░░░░░░  42%  Capturing frame 3000/8035 (5 workers)
  ██████████░░░░░░░░░░░░░░░  42%  Capturing frame 3030/8035 (5 workers)
  ██████████░░░░░░░░░░░░░░░  42%  Capturing frame 3060/8035 (5 workers)
  ██████████░░░░░░░░░░░░░░░  42%  Capturing frame 3090/8035 (5 workers)
  ██████████░░░░░░░░░░░░░░░  42%  Capturing frame 3120/8035 (5 workers)
  ██████████░░░░░░░░░░░░░░░  43%  Capturing frame 3150/8035 (5 workers)
  ██████████░░░░░░░░░░░░░░░  43%  Capturing frame 3180/8035 (5 workers)
  ██████████░░░░░░░░░░░░░░░  43%  Capturing frame 3210/8035 (5 workers)
  ██████████░░░░░░░░░░░░░░░  43%  Capturing frame 3240/8035 (5 workers)
  ██████████░░░░░░░░░░░░░░░  43%  Capturing frame 3270/8035 (5 workers)
  ██████████░░░░░░░░░░░░░░░  43%  Capturing frame 3300/8035 (5 workers)
  ███████████░░░░░░░░░░░░░░  44%  Capturing frame 3330/8035 (5 workers)
  ███████████░░░░░░░░░░░░░░  44%  Capturing frame 3360/8035 (5 workers)
  ███████████░░░░░░░░░░░░░░  44%  Capturing frame 3390/8035 (5 workers)
  ███████████░░░░░░░░░░░░░░  44%  Capturing frame 3420/8035 (5 workers)
  ███████████░░░░░░░░░░░░░░  44%  Capturing frame 3450/8035 (5 workers)
  ███████████░░░░░░░░░░░░░░  44%  Capturing frame 3480/8035 (5 workers)
  ███████████░░░░░░░░░░░░░░  45%  Capturing frame 3510/8035 (5 workers)
  ███████████░░░░░░░░░░░░░░  45%  Capturing frame 3540/8035 (5 workers)
  ███████████░░░░░░░░░░░░░░  45%  Capturing frame 3570/8035 (5 workers)
  ███████████░░░░░░░░░░░░░░  45%  Capturing frame 3600/8035 (5 workers)
  ███████████░░░░░░░░░░░░░░  45%  Capturing frame 3630/8035 (5 workers)
  ███████████░░░░░░░░░░░░░░  45%  Capturing frame 3660/8035 (5 workers)
  ███████████░░░░░░░░░░░░░░  46%  Capturing frame 3690/8035 (5 workers)
  ███████████░░░░░░░░░░░░░░  46%  Capturing frame 3720/8035 (5 workers)
  ███████████░░░░░░░░░░░░░░  46%  Capturing frame 3750/8035 (5 workers)
  ███████████░░░░░░░░░░░░░░  46%  Capturing frame 3780/8035 (5 workers)
  ███████████░░░░░░░░░░░░░░  46%  Capturing frame 3810/8035 (5 workers)
  ███████████░░░░░░░░░░░░░░  47%  Capturing frame 3840/8035 (5 workers)
  ███████████░░░░░░░░░░░░░░  47%  Capturing frame 3870/8035 (5 workers)
  ███████████░░░░░░░░░░░░░░  47%  Capturing frame 3900/8035 (5 workers)
  ███████████░░░░░░░░░░░░░░  47%  Capturing frame 3930/8035 (5 workers)
  ███████████░░░░░░░░░░░░░░  47%  Capturing frame 3960/8035 (5 workers)
  ███████████░░░░░░░░░░░░░░  47%  Capturing frame 3990/8035 (5 workers)
  ████████████░░░░░░░░░░░░░  48%  Capturing frame 4020/8035 (5 workers)
  ████████████░░░░░░░░░░░░░  48%  Capturing frame 4050/8035 (5 workers)
  ████████████░░░░░░░░░░░░░  48%  Capturing frame 4080/8035 (5 workers)
  ████████████░░░░░░░░░░░░░  48%  Capturing frame 4110/8035 (5 workers)
  ████████████░░░░░░░░░░░░░  48%  Capturing frame 4140/8035 (5 workers)
  ████████████░░░░░░░░░░░░░  48%  Capturing frame 4170/8035 (5 workers)
  ████████████░░░░░░░░░░░░░  49%  Capturing frame 4200/8035 (5 workers)
  ████████████░░░░░░░░░░░░░  49%  Capturing frame 4230/8035 (5 workers)
  ████████████░░░░░░░░░░░░░  49%  Capturing frame 4260/8035 (5 workers)
  ████████████░░░░░░░░░░░░░  49%  Capturing frame 4290/8035 (5 workers)
  ████████████░░░░░░░░░░░░░  49%  Capturing frame 4320/8035 (5 workers)
  ████████████░░░░░░░░░░░░░  49%  Capturing frame 4350/8035 (5 workers)
  ████████████░░░░░░░░░░░░░  50%  Capturing frame 4380/8035 (5 workers)
  ████████████░░░░░░░░░░░░░  50%  Capturing frame 4410/8035 (5 workers)
  ████████████░░░░░░░░░░░░░  50%  Capturing frame 4440/8035 (5 workers)
  ████████████░░░░░░░░░░░░░  50%  Capturing frame 4470/8035 (5 workers)
  ████████████░░░░░░░░░░░░░  50%  Capturing frame 4500/8035 (5 workers)
  ████████████░░░░░░░░░░░░░  50%  Capturing frame 4530/8035 (5 workers)
  ████████████░░░░░░░░░░░░░  51%  Capturing frame 4560/8035 (5 workers)
  ████████████░░░░░░░░░░░░░  51%  Capturing frame 4590/8035 (5 workers)
  ████████████░░░░░░░░░░░░░  51%  Capturing frame 4620/8035 (5 workers)
  ████████████░░░░░░░░░░░░░  51%  Capturing frame 4650/8035 (5 workers)
  ████████████░░░░░░░░░░░░░  51%  Capturing frame 4680/8035 (5 workers)
  ████████████░░░░░░░░░░░░░  51%  Capturing frame 4710/8035 (5 workers)
  █████████████░░░░░░░░░░░░  52%  Capturing frame 4740/8035 (5 workers)
  █████████████░░░░░░░░░░░░  52%  Capturing frame 4770/8035 (5 workers)
  █████████████░░░░░░░░░░░░  52%  Capturing frame 4800/8035 (5 workers)
  █████████████░░░░░░░░░░░░  52%  Capturing frame 4830/8035 (5 workers)
  █████████████░░░░░░░░░░░░  52%  Capturing frame 4860/8035 (5 workers)
  █████████████░░░░░░░░░░░░  52%  Capturing frame 4890/8035 (5 workers)
  █████████████░░░░░░░░░░░░  53%  Capturing frame 4920/8035 (5 workers)
  █████████████░░░░░░░░░░░░  53%  Capturing frame 4950/8035 (5 workers)
  █████████████░░░░░░░░░░░░  53%  Capturing frame 4980/8035 (5 workers)
  █████████████░░░░░░░░░░░░  53%  Capturing frame 5010/8035 (5 workers)
  █████████████░░░░░░░░░░░░  53%  Capturing frame 5040/8035 (5 workers)
  █████████████░░░░░░░░░░░░  53%  Capturing frame 5070/8035 (5 workers)
  █████████████░░░░░░░░░░░░  54%  Capturing frame 5100/8035 (5 workers)
  █████████████░░░░░░░░░░░░  54%  Capturing frame 5130/8035 (5 workers)
  █████████████░░░░░░░░░░░░  54%  Capturing frame 5160/8035 (5 workers)
  █████████████░░░░░░░░░░░░  54%  Capturing frame 5190/8035 (5 workers)
  █████████████░░░░░░░░░░░░  54%  Capturing frame 5220/8035 (5 workers)
[INFO] [Render:trace] {"renderJobId":"208ef4bd-8143-4049-bdb3-fef163beb96c","phase":"capture_disk","status":"checkpoint","elapsedMs":265246,"message":"stage still running","stagePhase":"capturing","needsAlpha":false,"workerCount":5,"forceScreenshot":false,"totalFrames":8035,"framesCompleted":5249,"captureMode":"screenshot","captureOperation":"captureScreenshot","heartbeatIndex":4,"stageElapsedMs":240036}
  █████████████░░░░░░░░░░░░  54%  Capturing frame 5250/8035 (5 workers)
  █████████████░░░░░░░░░░░░  55%  Capturing frame 5280/8035 (5 workers)
  █████████████░░░░░░░░░░░░  55%  Capturing frame 5310/8035 (5 workers)
  █████████████░░░░░░░░░░░░  55%  Capturing frame 5340/8035 (5 workers)
  █████████████░░░░░░░░░░░░  55%  Capturing frame 5370/8035 (5 workers)
  █████████████░░░░░░░░░░░░  55%  Capturing frame 5400/8035 (5 workers)
  █████████████░░░░░░░░░░░░  55%  Capturing frame 5430/8035 (5 workers)
  ██████████████░░░░░░░░░░░  56%  Capturing frame 5460/8035 (5 workers)
  ██████████████░░░░░░░░░░░  56%  Capturing frame 5490/8035 (5 workers)
  ██████████████░░░░░░░░░░░  56%  Capturing frame 5520/8035 (5 workers)
  ██████████████░░░░░░░░░░░  56%  Capturing frame 5550/8035 (5 workers)
  ██████████████░░░░░░░░░░░  56%  Capturing frame 5580/8035 (5 workers)
  ██████████████░░░░░░░░░░░  56%  Capturing frame 5610/8035 (5 workers)
  ██████████████░░░░░░░░░░░  57%  Capturing frame 5640/8035 (5 workers)
  ██████████████░░░░░░░░░░░  57%  Capturing frame 5670/8035 (5 workers)
  ██████████████░░░░░░░░░░░  57%  Capturing frame 5700/8035 (5 workers)
  ██████████████░░░░░░░░░░░  57%  Capturing frame 5730/8035 (5 workers)
  ██████████████░░░░░░░░░░░  57%  Capturing frame 5760/8035 (5 workers)
  ██████████████░░░░░░░░░░░  57%  Capturing frame 5790/8035 (5 workers)
  ██████████████░░░░░░░░░░░  58%  Capturing frame 5820/8035 (5 workers)
  ██████████████░░░░░░░░░░░  58%  Capturing frame 5850/8035 (5 workers)
  ██████████████░░░░░░░░░░░  58%  Capturing frame 5880/8035 (5 workers)
  ██████████████░░░░░░░░░░░  58%  Capturing frame 5910/8035 (5 workers)
  ██████████████░░░░░░░░░░░  58%  Capturing frame 5940/8035 (5 workers)
  ██████████████░░░░░░░░░░░  58%  Capturing frame 5970/8035 (5 workers)
  ██████████████░░░░░░░░░░░  59%  Capturing frame 6000/8035 (5 workers)
  ██████████████░░░░░░░░░░░  59%  Capturing frame 6030/8035 (5 workers)
  ██████████████░░░░░░░░░░░  59%  Capturing frame 6060/8035 (5 workers)
  ██████████████░░░░░░░░░░░  59%  Capturing frame 6090/8035 (5 workers)
  ██████████████░░░░░░░░░░░  59%  Capturing frame 6120/8035 (5 workers)
  ██████████████░░░░░░░░░░░  59%  Capturing frame 6150/8035 (5 workers)
  ███████████████░░░░░░░░░░  60%  Capturing frame 6180/8035 (5 workers)
  ███████████████░░░░░░░░░░  60%  Capturing frame 6210/8035 (5 workers)
  ███████████████░░░░░░░░░░  60%  Capturing frame 6240/8035 (5 workers)
  ███████████████░░░░░░░░░░  60%  Capturing frame 6270/8035 (5 workers)
  ███████████████░░░░░░░░░░  60%  Capturing frame 6300/8035 (5 workers)
  ███████████████░░░░░░░░░░  60%  Capturing frame 6330/8035 (5 workers)
  ███████████████░░░░░░░░░░  61%  Capturing frame 6360/8035 (5 workers)
  ███████████████░░░░░░░░░░  61%  Capturing frame 6390/8035 (5 workers)
  ███████████████░░░░░░░░░░  61%  Capturing frame 6420/8035 (5 workers)
  ███████████████░░░░░░░░░░  61%  Capturing frame 6450/8035 (5 workers)
  ███████████████░░░░░░░░░░  61%  Capturing frame 6480/8035 (5 workers)
  ███████████████░░░░░░░░░░  61%  Capturing frame 6510/8035 (5 workers)
  ███████████████░░░░░░░░░░  62%  Capturing frame 6540/8035 (5 workers)
  ███████████████░░░░░░░░░░  62%  Capturing frame 6570/8035 (5 workers)
  ███████████████░░░░░░░░░░  62%  Capturing frame 6600/8035 (5 workers)
  ███████████████░░░░░░░░░░  62%  Capturing frame 6630/8035 (5 workers)
  ███████████████░░░░░░░░░░  62%  Capturing frame 6660/8035 (5 workers)
  ███████████████░░░░░░░░░░  62%  Capturing frame 6690/8035 (5 workers)
  ███████████████░░░░░░░░░░  63%  Capturing frame 6720/8035 (5 workers)
  ███████████████░░░░░░░░░░  63%  Capturing frame 6750/8035 (5 workers)
  ███████████████░░░░░░░░░░  63%  Capturing frame 6780/8035 (5 workers)
  ███████████████░░░░░░░░░░  63%  Capturing frame 6810/8035 (5 workers)
  ███████████████░░░░░░░░░░  63%  Capturing frame 6840/8035 (5 workers)
  ███████████████░░░░░░░░░░  63%  Capturing frame 6870/8035 (5 workers)
  ████████████████░░░░░░░░░  64%  Capturing frame 6900/8035 (5 workers)
  ████████████████░░░░░░░░░  64%  Capturing frame 6930/8035 (5 workers)
  ████████████████░░░░░░░░░  64%  Capturing frame 6960/8035 (5 workers)
  ████████████████░░░░░░░░░  64%  Capturing frame 6990/8035 (5 workers)
  ████████████████░░░░░░░░░  64%  Capturing frame 7020/8035 (5 workers)
  ████████████████░░░░░░░░░  64%  Capturing frame 7050/8035 (5 workers)
  ████████████████░░░░░░░░░  65%  Capturing frame 7080/8035 (5 workers)
  ████████████████░░░░░░░░░  65%  Capturing frame 7110/8035 (5 workers)
  ████████████████░░░░░░░░░  65%  Capturing frame 7140/8035 (5 workers)
  ████████████████░░░░░░░░░  65%  Capturing frame 7170/8035 (5 workers)
  ████████████████░░░░░░░░░  65%  Capturing frame 7200/8035 (5 workers)
  ████████████████░░░░░░░░░  65%  Capturing frame 7230/8035 (5 workers)
  ████████████████░░░░░░░░░  66%  Capturing frame 7260/8035 (5 workers)
  ████████████████░░░░░░░░░  66%  Capturing frame 7290/8035 (5 workers)
  ████████████████░░░░░░░░░  66%  Capturing frame 7320/8035 (5 workers)
  ████████████████░░░░░░░░░  66%  Capturing frame 7350/8035 (5 workers)
  ████████████████░░░░░░░░░  66%  Capturing frame 7380/8035 (5 workers)
  ████████████████░░░░░░░░░  66%  Capturing frame 7410/8035 (5 workers)
  ████████████████░░░░░░░░░  67%  Capturing frame 7440/8035 (5 workers)
  ████████████████░░░░░░░░░  67%  Capturing frame 7470/8035 (5 workers)
  ████████████████░░░░░░░░░  67%  Capturing frame 7500/8035 (5 workers)
  ████████████████░░░░░░░░░  67%  Capturing frame 7530/8035 (5 workers)
  ████████████████░░░░░░░░░  67%  Capturing frame 7560/8035 (5 workers)
  █████████████████░░░░░░░░  68%  Capturing frame 7590/8035 (5 workers)
  █████████████████░░░░░░░░  68%  Capturing frame 7620/8035 (5 workers)
  █████████████████░░░░░░░░  68%  Capturing frame 7650/8035 (5 workers)
  █████████████████░░░░░░░░  68%  Capturing frame 7680/8035 (5 workers)
  █████████████████░░░░░░░░  68%  Capturing frame 7710/8035 (5 workers)
  █████████████████░░░░░░░░  68%  Capturing frame 7740/8035 (5 workers)
  █████████████████░░░░░░░░  69%  Capturing frame 7770/8035 (5 workers)
  █████████████████░░░░░░░░  69%  Capturing frame 7800/8035 (5 workers)
  █████████████████░░░░░░░░  69%  Capturing frame 7830/8035 (5 workers)
  █████████████████░░░░░░░░  69%  Capturing frame 7860/8035 (5 workers)
  █████████████████░░░░░░░░  69%  Capturing frame 7890/8035 (5 workers)
  █████████████████░░░░░░░░  69%  Capturing frame 7920/8035 (5 workers)
  █████████████████░░░░░░░░  70%  Capturing frame 7950/8035 (5 workers)
[INFO] [Render:trace] {"renderJobId":"208ef4bd-8143-4049-bdb3-fef163beb96c","phase":"capture_disk","status":"checkpoint","elapsedMs":385248,"message":"stage still running","stagePhase":"capturing","needsAlpha":false,"workerCount":5,"forceScreenshot":false,"totalFrames":8035,"framesCompleted":7976,"captureMode":"screenshot","captureOperation":"captureScreenshot","heartbeatIndex":5,"stageElapsedMs":360038}
  █████████████████░░░░░░░░  70%  Capturing frame 7980/8035 (5 workers)
  █████████████████░░░░░░░░  70%  Capturing frame 8010/8035 (5 workers)
  █████████████████░░░░░░░░  70%  Capturing frame 8035/8035 (5 workers)
[INFO] [Render:trace] {"renderJobId":"208ef4bd-8143-4049-bdb3-fef163beb96c","phase":"capture_disk","status":"end","elapsedMs":450674,"durationMs":425464,"stagePhase":"capturing","needsAlpha":false,"workerCount":5,"forceScreenshot":false,"totalFrames":8035,"framesCompleted":8035,"captureMode":"screenshot","captureOperation":"encode"}
[INFO] [Render:trace] {"renderJobId":"208ef4bd-8143-4049-bdb3-fef163beb96c","phase":"encode","status":"start","elapsedMs":450675,"stagePhase":"capturing","hasAudio":true,"isPngSequence":false,"isGif":false,"chunkedEncode":false,"workerCount":5,"forceScreenshot":false,"totalFrames":8035,"framesCompleted":8035,"captureMode":"screenshot","captureOperation":"encode"}
  ██████████████████░░░░░░░  75%  Encoding video
[INFO] [Render:trace] {"renderJobId":"208ef4bd-8143-4049-bdb3-fef163beb96c","phase":"encode","status":"checkpoint","elapsedMs":480683,"message":"stage still running","stagePhase":"capturing","hasAudio":true,"isPngSequence":false,"isGif":false,"chunkedEncode":false,"workerCount":5,"forceScreenshot":false,"totalFrames":8035,"framesCompleted":8035,"captureMode":"screenshot","captureOperation":"encode","heartbeatIndex":1,"stageElapsedMs":30008}
[INFO] [Render:trace] {"renderJobId":"208ef4bd-8143-4049-bdb3-fef163beb96c","phase":"encode","status":"checkpoint","elapsedMs":510697,"message":"stage still running","stagePhase":"capturing","hasAudio":true,"isPngSequence":false,"isGif":false,"chunkedEncode":false,"workerCount":5,"forceScreenshot":false,"totalFrames":8035,"framesCompleted":8035,"captureMode":"screenshot","captureOperation":"encode","heartbeatIndex":2,"stageElapsedMs":60022}
[INFO] [Render:trace] {"renderJobId":"208ef4bd-8143-4049-bdb3-fef163beb96c","phase":"encode","status":"checkpoint","elapsedMs":570713,"message":"stage still running","stagePhase":"capturing","hasAudio":true,"isPngSequence":false,"isGif":false,"chunkedEncode":false,"workerCount":5,"forceScreenshot":false,"totalFrames":8035,"framesCompleted":8035,"captureMode":"screenshot","captureOperation":"encode","heartbeatIndex":3,"stageElapsedMs":120038}
[INFO] [Render:trace] {"renderJobId":"208ef4bd-8143-4049-bdb3-fef163beb96c","phase":"encode","status":"end","elapsedMs":597119,"durationMs":146444,"stagePhase":"capturing","hasAudio":true,"isPngSequence":false,"isGif":false,"chunkedEncode":false,"workerCount":5,"forceScreenshot":false,"totalFrames":8035,"framesCompleted":8035,"captureMode":"screenshot","captureOperation":"encode"}
[INFO] [Render:trace] {"renderJobId":"208ef4bd-8143-4049-bdb3-fef163beb96c","phase":"assemble","status":"start","elapsedMs":597121,"stagePhase":"capturing","hasAudio":true,"workerCount":5,"forceScreenshot":false,"totalFrames":8035,"framesCompleted":8035,"captureMode":"screenshot","captureOperation":"encode"}
  ██████████████████████░░░  90%  Assembling final video
[INFO] [Render:trace] {"renderJobId":"208ef4bd-8143-4049-bdb3-fef163beb96c","phase":"assemble","status":"checkpoint","elapsedMs":627122,"message":"stage still running","stagePhase":"capturing","hasAudio":true,"workerCount":5,"forceScreenshot":false,"totalFrames":8035,"framesCompleted":8035,"captureMode":"screenshot","captureOperation":"encode","heartbeatIndex":1,"stageElapsedMs":30001}
[INFO] [Render:trace] {"renderJobId":"208ef4bd-8143-4049-bdb3-fef163beb96c","phase":"assemble","status":"end","elapsedMs":629066,"durationMs":31945,"stagePhase":"capturing","hasAudio":true,"workerCount":5,"forceScreenshot":false,"totalFrames":8035,"framesCompleted":8035,"captureMode":"screenshot","captureOperation":"encode"}
[INFO] [Render:trace] {"renderJobId":"208ef4bd-8143-4049-bdb3-fef163beb96c","phase":"pipeline","status":"checkpoint","elapsedMs":629558,"message":"artifact validated","totalElapsedMs":629162}
  █████████████████████████  100%  Render complete

◇  C:\vox-style-xe-giay-v1-hyperframes\out\ban-an-10-2025-sam-son-thanh-hoa-full.mp4
   240.8 MB · 4m 27.8s video · rendered in 10m 31.9s
   screenshot capture · hardware gpu · compile 5.4s · extract 0.0s · audio 14.5s · probe 0.7s · setup 5.2s · capture 7m 5.5s · encode 2m 26.4s · assemble 31.9s

Render bản đầy đủ: out\ban-an-10-2025-sam-son-thanh-hoa-full.mp4, 252484064 bytes (240.8MB), 639.2s render time, quality=looks. Xác minh ffprobe: duration=267.833s (khớp audio thật 267.810s), 1080x1920 h264. Capture mode: screenshot (tắt fast-capture do: a CSS 3D rendering context (perspective / preserve-3d / backface-visibility)). GPU mode: hardware (WebGL renderer vendor="Google Inc. (NVIDIA)" renderer="ANGLE (NVIDIA, NVIDIA GeForce GTX 1660 SUPER (0x000021C4) Direct3D11 vs_5_0 ps_5_0, D3D11)"). Stage timing: compile=4.7s, browser_probe=0.7s, video_extract=0.0s, audio_process=14.5s, file_server=0.0s, capture_calibration=4.6s, capture_disk=425.5s, encode=146.4s, assemble=31.9s.
Đã ghi pipeline\videos\ban-an-10-2025-sam-son-thanh-hoa\completion-manifest.json.
