Chạy Stage 7b integration check (bắt buộc trước khi render)...
Stage 7b integration check PASS — 50/50 scene, có audio, có caption-track, hyperframes check ok=true (243 mốc/81 shot, 185.6s).
Đang render: npx --yes hyperframes@0.8.56 render --quality looks -o "C:\vox-style-xe-giay-v1-hyperframes\out\cach-hoat-dong-cua-kinh-te-meo-full.mp4"  "C:\vox-style-xe-giay-v1-hyperframes\hyperframes\videos\cach-hoat-dong-cua-kinh-te-meo"

◆  Rendering cach-hoat-dong-cua-kinh-te-meo → C:\vox-style-xe-giay-v1-hyperframes\out\cach-hoat-dong-cua-kinh-te-meo-full.mp4
   30fps · standard · auto workers (16 cores detected)
   GPU: browser GPU (auto-detect)

[?25l│
◒  Checking browser[1G[J◐  Checking browser[1G[J◓  Checking browser[1G[J◑  Checking browser[1G[J◒  Checking browser[1G[J◐  Checking browser[1G[J◓  Checking browser[1G[J◑  Checking browser[1G[J◇  Browser: cache
[?25h
  Lint: 0 error(s), 671 warning(s) — run with --lint-verbose for full output.
  Continuing render despite lint issues. Use --strict to block errors.

[INFO] [Render] Pipeline started {"renderJobId":"f74e2ab6-a12f-4c19-ad3c-28a3b6fc5789","platform":"win32","arch":"x64","nodeVersion":"v24.20.0","fps":{"num":30,"den":1},"format":"mp4","quality":"standard","browserGpuMode":"auto","forceScreenshot":false,"protocolTimeout":300000,"browserTimeout":120000,"pageNavigationTimeout":60000,"playerReadyTimeout":45000}
[INFO] [Render:trace] {"renderJobId":"f74e2ab6-a12f-4c19-ad3c-28a3b6fc5789","phase":"pipeline","status":"checkpoint","elapsedMs":6,"message":"started","format":"mp4","quality":"standard","browserGpuMode":"auto","forceScreenshot":false,"protocolTimeoutMs":300000,"pageNavigationTimeoutMs":60000,"playerReadyTimeoutMs":45000,"requestedWorkers":"auto"}
[INFO] [Render:trace] {"renderJobId":"f74e2ab6-a12f-4c19-ad3c-28a3b6fc5789","phase":"compile","status":"start","elapsedMs":8,"needsAlpha":false}
  █░░░░░░░░░░░░░░░░░░░░░░░░  5%  Compiling composition
[INFO] [Compiler] Fetched 11 font face(s) for "Be Vietnam Pro" from Google Fonts (cached to C:\Users\DTL\.cache\hyperframes\fonts\be-vietnam-pro)
[INFO] [Compiler] Injected deterministic @font-face rules for 1 requested font families
[INFO] [Compiler] Inlined CDN script: https://cdn.jsdelivr.net/npm/gsap@3.14.2/dist/gsap.min.js
[INFO] [Render] Fast capture: composition uses a CSS 3D rendering context (perspective / preserve-3d / backface-visibility) — disabling drawElementImage for this render. Capture uses the platform's baseline route. {"renderJobId":"f74e2ab6-a12f-4c19-ad3c-28a3b6fc5789"}
[INFO] Compiled composition metadata {"renderJobId":"f74e2ab6-a12f-4c19-ad3c-28a3b6fc5789","entryFile":"index.html","staticDuration":453.7,"width":1080,"height":1920,"videoCount":29,"audioCount":1,"renderModeHints":{"recommendScreenshot":false,"reasons":[]}}
[INFO] [Render:trace] {"renderJobId":"f74e2ab6-a12f-4c19-ad3c-28a3b6fc5789","phase":"compile","status":"end","elapsedMs":9067,"durationMs":9058,"needsAlpha":false}
[INFO] [Render:trace] {"renderJobId":"f74e2ab6-a12f-4c19-ad3c-28a3b6fc5789","phase":"compile","status":"checkpoint","elapsedMs":9080,"message":"composition metadata resolved","width":1080,"height":1920,"videoCount":29,"audioCount":1,"imageCount":44,"deviceScaleFactor":1,"forceScreenshot":false,"compositionHash":"56d1de4e5c0de6b0"}
[INFO] [Render:trace] {"renderJobId":"f74e2ab6-a12f-4c19-ad3c-28a3b6fc5789","phase":"browser_probe","status":"start","elapsedMs":9081,"forceScreenshot":false,"stagePhase":"calibrating"}
[INFO] [Render:trace] {"renderJobId":"f74e2ab6-a12f-4c19-ad3c-28a3b6fc5789","phase":"browser_probe","status":"end","elapsedMs":10850,"durationMs":1769,"forceScreenshot":false,"stagePhase":"calibrating"}
[INFO] [Render:trace] {"renderJobId":"f74e2ab6-a12f-4c19-ad3c-28a3b6fc5789","phase":"browser_probe","status":"checkpoint","elapsedMs":10862,"message":"duration resolved","durationSeconds":453.7,"totalFrames":13611,"compositionHash":"56d1de4e5c0de6b0","beginFrameStalled":false}
[INFO] [Render:trace] {"renderJobId":"f74e2ab6-a12f-4c19-ad3c-28a3b6fc5789","phase":"video_extract","status":"start","elapsedMs":10862,"videoCount":29}
[INFO] Probing video color spaces... {"renderJobId":"f74e2ab6-a12f-4c19-ad3c-28a3b6fc5789","videoCount":29}
  ██░░░░░░░░░░░░░░░░░░░░░░░  10%  Extracting video frames
[INFO] Extracting frames from video 1/29 {"renderJobId":"f74e2ab6-a12f-4c19-ad3c-28a3b6fc5789","sourceType":"local"}
[INFO] Extracting frames from video 2/29 {"renderJobId":"f74e2ab6-a12f-4c19-ad3c-28a3b6fc5789","sourceType":"local"}
[INFO] Extracting frames from video 3/29 {"renderJobId":"f74e2ab6-a12f-4c19-ad3c-28a3b6fc5789","sourceType":"local"}
[INFO] Extracting frames from video 4/29 {"renderJobId":"f74e2ab6-a12f-4c19-ad3c-28a3b6fc5789","sourceType":"local"}
[INFO] Extracting frames from video 5/29 {"renderJobId":"f74e2ab6-a12f-4c19-ad3c-28a3b6fc5789","sourceType":"local"}
[INFO] Extracting frames from video 6/29 {"renderJobId":"f74e2ab6-a12f-4c19-ad3c-28a3b6fc5789","sourceType":"local"}
[INFO] Extracting frames from video 7/29 {"renderJobId":"f74e2ab6-a12f-4c19-ad3c-28a3b6fc5789","sourceType":"local"}
[INFO] Extracting frames from video 8/29 {"renderJobId":"f74e2ab6-a12f-4c19-ad3c-28a3b6fc5789","sourceType":"local"}
[INFO] Extracting frames from video 9/29 {"renderJobId":"f74e2ab6-a12f-4c19-ad3c-28a3b6fc5789","sourceType":"local"}
[INFO] Extracting frames from video 10/29 {"renderJobId":"f74e2ab6-a12f-4c19-ad3c-28a3b6fc5789","sourceType":"local"}
[INFO] Extracting frames from video 11/29 {"renderJobId":"f74e2ab6-a12f-4c19-ad3c-28a3b6fc5789","sourceType":"local"}
[INFO] Extracting frames from video 12/29 {"renderJobId":"f74e2ab6-a12f-4c19-ad3c-28a3b6fc5789","sourceType":"local"}
[INFO] Extracting frames from video 13/29 {"renderJobId":"f74e2ab6-a12f-4c19-ad3c-28a3b6fc5789","sourceType":"local"}
[INFO] Extracting frames from video 14/29 {"renderJobId":"f74e2ab6-a12f-4c19-ad3c-28a3b6fc5789","sourceType":"local"}
[INFO] Extracting frames from video 15/29 {"renderJobId":"f74e2ab6-a12f-4c19-ad3c-28a3b6fc5789","sourceType":"local"}
[INFO] Extracting frames from video 16/29 {"renderJobId":"f74e2ab6-a12f-4c19-ad3c-28a3b6fc5789","sourceType":"local"}
[INFO] Extracting frames from video 17/29 {"renderJobId":"f74e2ab6-a12f-4c19-ad3c-28a3b6fc5789","sourceType":"local"}
[INFO] Extracting frames from video 18/29 {"renderJobId":"f74e2ab6-a12f-4c19-ad3c-28a3b6fc5789","sourceType":"local"}
[INFO] Extracting frames from video 19/29 {"renderJobId":"f74e2ab6-a12f-4c19-ad3c-28a3b6fc5789","sourceType":"local"}
[INFO] Extracting frames from video 20/29 {"renderJobId":"f74e2ab6-a12f-4c19-ad3c-28a3b6fc5789","sourceType":"local"}
[INFO] Extracting frames from video 21/29 {"renderJobId":"f74e2ab6-a12f-4c19-ad3c-28a3b6fc5789","sourceType":"local"}
[INFO] Extracting frames from video 22/29 {"renderJobId":"f74e2ab6-a12f-4c19-ad3c-28a3b6fc5789","sourceType":"local"}
[INFO] Extracting frames from video 23/29 {"renderJobId":"f74e2ab6-a12f-4c19-ad3c-28a3b6fc5789","sourceType":"local"}
[INFO] Extracting frames from video 24/29 {"renderJobId":"f74e2ab6-a12f-4c19-ad3c-28a3b6fc5789","sourceType":"local"}
[INFO] Extracting frames from video 25/29 {"renderJobId":"f74e2ab6-a12f-4c19-ad3c-28a3b6fc5789","sourceType":"local"}
[INFO] Extracting frames from video 26/29 {"renderJobId":"f74e2ab6-a12f-4c19-ad3c-28a3b6fc5789","sourceType":"local"}
[INFO] Extracting frames from video 27/29 {"renderJobId":"f74e2ab6-a12f-4c19-ad3c-28a3b6fc5789","sourceType":"local"}
[INFO] Extracting frames from video 28/29 {"renderJobId":"f74e2ab6-a12f-4c19-ad3c-28a3b6fc5789","sourceType":"local"}
[INFO] Extracting frames from video 29/29 {"renderJobId":"f74e2ab6-a12f-4c19-ad3c-28a3b6fc5789","sourceType":"local"}
[INFO] [Render:trace] {"renderJobId":"f74e2ab6-a12f-4c19-ad3c-28a3b6fc5789","phase":"video_extract","status":"end","elapsedMs":30857,"durationMs":19995,"videoCount":29}
[INFO] [Render:trace] {"renderJobId":"f74e2ab6-a12f-4c19-ad3c-28a3b6fc5789","phase":"video_extract","status":"checkpoint","elapsedMs":30991,"message":"frames resolved","videoCount":29,"extractedVideoCount":29,"totalFramesExtracted":4984,"maxFramesPerVideo":240,"avgFramesPerExtractedVideo":172,"vfrPreflightCount":0,"vfrPreflightMs":0,"cacheHits":0,"cacheMisses":29,"transientRetries":0,"minVideoFrameCoverageRatio":1,"authoredTimedClipCount":852}
[INFO] [Render] No HDR sources detected — rendering SDR {"renderJobId":"f74e2ab6-a12f-4c19-ad3c-28a3b6fc5789"}
[INFO] [Render:trace] {"renderJobId":"f74e2ab6-a12f-4c19-ad3c-28a3b6fc5789","phase":"hdr_detection","status":"checkpoint","elapsedMs":30992,"message":"resolved","requestedHdrMode":"auto","effectiveHdr":"sdr","nativeHdrVideoCount":0,"nativeHdrImageCount":0}
[INFO] [Render:trace] {"renderJobId":"f74e2ab6-a12f-4c19-ad3c-28a3b6fc5789","phase":"audio_process","status":"start","elapsedMs":30992,"audioCount":1}
  █████░░░░░░░░░░░░░░░░░░░░  20%  Processing audio tracks
[INFO] [Render:trace] {"renderJobId":"f74e2ab6-a12f-4c19-ad3c-28a3b6fc5789","phase":"audio_process","status":"end","elapsedMs":53612,"durationMs":22619,"audioCount":1}
[INFO] [Render:trace] {"renderJobId":"f74e2ab6-a12f-4c19-ad3c-28a3b6fc5789","phase":"file_server","status":"start","elapsedMs":53612,"reused":false}
  ██████░░░░░░░░░░░░░░░░░░░  25%  Starting frame capture
[INFO] [Render:trace] {"renderJobId":"f74e2ab6-a12f-4c19-ad3c-28a3b6fc5789","phase":"file_server","status":"end","elapsedMs":54046,"durationMs":434}
[hyperframes] browserGpuMode probe → hardware (WebGL renderer vendor="Google Inc. (NVIDIA)" renderer="ANGLE (NVIDIA, NVIDIA GeForce GTX 1660 SUPER (0x000021C4) Direct3D11 vs_5_0 ps_5_0, D3D11)")
[INFO] [Render:trace] {"renderJobId":"f74e2ab6-a12f-4c19-ad3c-28a3b6fc5789","phase":"capture_calibration","status":"start","elapsedMs":54768,"stagePhase":"calibrating","forceScreenshot":false,"totalFrames":13611,"framesCompleted":0,"captureMode":"screenshot","captureOperation":"captureScreenshot"}
[INFO] [Render] Calibration config {"renderJobId":"f74e2ab6-a12f-4c19-ad3c-28a3b6fc5789","protocolTimeout":30000,"parentProtocolTimeout":300000,"forceScreenshot":false,"totalFrames":13611}
[INFO] Launching browser for capture calibration... {"renderJobId":"f74e2ab6-a12f-4c19-ad3c-28a3b6fc5789"}
[BrowserManager] Browser launched (HeadlessChrome/152.0.7977.30, screenshot, gl=--use-gl=angle --use-angle=d3d11, headlessShell=true, platform=win32)
[INFO] Initializing calibration session... {"renderJobId":"f74e2ab6-a12f-4c19-ad3c-28a3b6fc5789"}
[initSession:screenshot] page.goto start (0ms)
[HyperFrames] render runtime fps [object Object]
[initSession:screenshot] page.goto complete (2962ms)
[initSession:screenshot] GSAP proxy flush complete (3430ms)
[initSession:screenshot] pollHfReady complete (3441ms)
[initSession:screenshot] pollSubCompositionTimelines complete (ready) (3515ms)
[initSession:screenshot] applyVideoMetadataHints complete (3521ms)
[initSession:screenshot] media + fonts + tailwind ready (3531ms)
[initSession:screenshot] captureBeyondViewport downgraded: page content fits the capture viewport (3549ms)
[initSession:screenshot] static-frame dedup: disabled (before-capture hook / video injection active) (3550ms)
[INFO] Calibration session ready, capturing test frames... {"renderJobId":"f74e2ab6-a12f-4c19-ad3c-28a3b6fc5789"}
[INFO] Calibration: capturing test frame 1/5... {"renderJobId":"f74e2ab6-a12f-4c19-ad3c-28a3b6fc5789"}
[INFO] Calibration: capturing test frame 2/5... {"renderJobId":"f74e2ab6-a12f-4c19-ad3c-28a3b6fc5789"}
[INFO] Calibration: capturing test frame 3/5... {"renderJobId":"f74e2ab6-a12f-4c19-ad3c-28a3b6fc5789"}
[INFO] Calibration: capturing test frame 4/5... {"renderJobId":"f74e2ab6-a12f-4c19-ad3c-28a3b6fc5789"}
[INFO] Calibration: capturing test frame 5/5... {"renderJobId":"f74e2ab6-a12f-4c19-ad3c-28a3b6fc5789"}
[INFO] Calibration complete, estimated cost: 1331ms/frame (p95) {"renderJobId":"f74e2ab6-a12f-4c19-ad3c-28a3b6fc5789"}
[WARN] [Render] Measured slow frame capture during auto-worker calibration. {"renderJobId":"f74e2ab6-a12f-4c19-ad3c-28a3b6fc5789","multiplier":2.22,"p95Ms":1331,"sampledFrames":[0,3402,6805,10208,13610]}
[INFO] [Render:trace] {"renderJobId":"f74e2ab6-a12f-4c19-ad3c-28a3b6fc5789","phase":"capture_calibration","status":"end","elapsedMs":62379,"durationMs":7611,"stagePhase":"calibrating","forceScreenshot":false,"totalFrames":13611,"framesCompleted":0,"captureMode":"screenshot","captureOperation":"captureScreenshot"}
[INFO] [Render:trace] {"renderJobId":"f74e2ab6-a12f-4c19-ad3c-28a3b6fc5789","phase":"capture_calibration","status":"checkpoint","elapsedMs":62379,"message":"resolved","forceScreenshot":false,"multiplier":2.22,"p95Ms":1331}
[WARN] [Render] Reduced auto worker count for high-cost capture workload to avoid Chrome compositor starvation. {"renderJobId":"f74e2ab6-a12f-4c19-ad3c-28a3b6fc5789","from":6,"to":2,"costMultiplier":2.22,"reasons":["calibration-p95=1331ms"]}
[INFO] [Render:trace] {"renderJobId":"f74e2ab6-a12f-4c19-ad3c-28a3b6fc5789","phase":"worker_resolution","status":"checkpoint","elapsedMs":62382,"message":"resolved","workerCount":2}
[INFO] streaming-encode gate {"renderJobId":"f74e2ab6-a12f-4c19-ad3c-28a3b6fc5789","enabled":false,"reason":"multi_worker","configFlag":true,"durationCapEnabled":false,"outputFormat":"mp4","workerCount":2,"durationSeconds":453.7,"maxDurationSeconds":240}
[INFO] [Render:trace] {"renderJobId":"f74e2ab6-a12f-4c19-ad3c-28a3b6fc5789","phase":"capture_strategy","status":"checkpoint","elapsedMs":62384,"message":"resolved","workerCount":2,"forceScreenshot":false,"captureBeyondViewport":true,"useStreamingEncode":false,"useLayeredComposite":false,"usePageSideCompositing":false,"hasHdrContent":false,"hasShaderTransitions":false,"isPngSequence":false}
[INFO] [Render:trace] {"renderJobId":"f74e2ab6-a12f-4c19-ad3c-28a3b6fc5789","phase":"capture_disk","status":"start","elapsedMs":62384,"stagePhase":"capturing","needsAlpha":false,"workerCount":2,"forceScreenshot":false,"totalFrames":13611,"framesCompleted":0,"captureMode":"screenshot","captureOperation":"captureScreenshot"}
  ██████░░░░░░░░░░░░░░░░░░░  25%  Capturing frame 0/13611 (2 workers)
  ██████░░░░░░░░░░░░░░░░░░░  25%  Capturing frame 0/13611 (2 workers)
[BrowserManager] Browser launched (HeadlessChrome/152.0.7977.30, screenshot, gl=--use-gl=angle --use-angle=d3d11, headlessShell=true, platform=win32)
  ██████░░░░░░░░░░░░░░░░░░░  25%  Capturing frame 0/13611 (2 workers)
[initSession:screenshot] page.goto start (0ms)
  ██████░░░░░░░░░░░░░░░░░░░  25%  Capturing frame 0/13611 (2 workers)
  ██████░░░░░░░░░░░░░░░░░░░  25%  Capturing frame 0/13611 (2 workers)
[initSession:screenshot] page.goto start (0ms)
  ██████░░░░░░░░░░░░░░░░░░░  25%  Capturing frame 0/13611 (2 workers)
[HyperFrames] render runtime fps [object Object]
[initSession:screenshot] page.goto complete (2139ms)
[HyperFrames] render runtime fps [object Object]
[initSession:screenshot] GSAP proxy flush complete (2681ms)
[initSession:screenshot] pollHfReady complete (2695ms)
[initSession:screenshot] pollSubCompositionTimelines complete (ready) (2801ms)
[initSession:screenshot] applyVideoMetadataHints complete (2811ms)
[initSession:screenshot] media + fonts + tailwind ready (2831ms)
[initSession:screenshot] captureBeyondViewport downgraded: page content fits the capture viewport (2838ms)
[initSession:screenshot] static-frame dedup: disabled (before-capture hook / video injection active) (2838ms)
  ██████░░░░░░░░░░░░░░░░░░░  25%  Capturing frame 0/13611 (2 workers)
[initSession:screenshot] page.goto complete (2947ms)
[initSession:screenshot] GSAP proxy flush complete (3317ms)
[initSession:screenshot] pollHfReady complete (3325ms)
[initSession:screenshot] pollSubCompositionTimelines complete (ready) (3399ms)
[initSession:screenshot] applyVideoMetadataHints complete (3412ms)
[initSession:screenshot] media + fonts + tailwind ready (3428ms)
[initSession:screenshot] captureBeyondViewport downgraded: page content fits the capture viewport (3439ms)
[initSession:screenshot] static-frame dedup: disabled (before-capture hook / video injection active) (3439ms)
  ██████░░░░░░░░░░░░░░░░░░░  25%  Capturing frame 0/13611 (2 workers)
  ██████░░░░░░░░░░░░░░░░░░░  25%  Capturing frame 30/13611 (2 workers)
  ██████░░░░░░░░░░░░░░░░░░░  25%  Capturing frame 60/13611 (2 workers)
  ██████░░░░░░░░░░░░░░░░░░░  25%  Capturing frame 90/13611 (2 workers)
  ██████░░░░░░░░░░░░░░░░░░░  25%  Capturing frame 120/13611 (2 workers)
  ██████░░░░░░░░░░░░░░░░░░░  25%  Capturing frame 150/13611 (2 workers)
  ██████░░░░░░░░░░░░░░░░░░░  26%  Capturing frame 180/13611 (2 workers)
  ██████░░░░░░░░░░░░░░░░░░░  26%  Capturing frame 210/13611 (2 workers)
  ██████░░░░░░░░░░░░░░░░░░░  26%  Capturing frame 240/13611 (2 workers)
[INFO] [Render:trace] {"renderJobId":"f74e2ab6-a12f-4c19-ad3c-28a3b6fc5789","phase":"capture_disk","status":"checkpoint","elapsedMs":92384,"message":"stage still running","stagePhase":"capturing","needsAlpha":false,"workerCount":2,"forceScreenshot":false,"totalFrames":13611,"framesCompleted":258,"captureMode":"screenshot","captureOperation":"captureScreenshot","heartbeatIndex":1,"stageElapsedMs":30000}
  ██████░░░░░░░░░░░░░░░░░░░  26%  Capturing frame 270/13611 (2 workers)
  ██████░░░░░░░░░░░░░░░░░░░  26%  Capturing frame 300/13611 (2 workers)
  ██████░░░░░░░░░░░░░░░░░░░  26%  Capturing frame 330/13611 (2 workers)
  ██████░░░░░░░░░░░░░░░░░░░  26%  Capturing frame 360/13611 (2 workers)
  ██████░░░░░░░░░░░░░░░░░░░  26%  Capturing frame 390/13611 (2 workers)
  ██████░░░░░░░░░░░░░░░░░░░  26%  Capturing frame 420/13611 (2 workers)
  ██████░░░░░░░░░░░░░░░░░░░  26%  Capturing frame 450/13611 (2 workers)
  ██████░░░░░░░░░░░░░░░░░░░  27%  Capturing frame 480/13611 (2 workers)
  ██████░░░░░░░░░░░░░░░░░░░  27%  Capturing frame 510/13611 (2 workers)
  ██████░░░░░░░░░░░░░░░░░░░  27%  Capturing frame 540/13611 (2 workers)
  ██████░░░░░░░░░░░░░░░░░░░  27%  Capturing frame 570/13611 (2 workers)
  ██████░░░░░░░░░░░░░░░░░░░  27%  Capturing frame 600/13611 (2 workers)
  ██████░░░░░░░░░░░░░░░░░░░  27%  Capturing frame 630/13611 (2 workers)
[INFO] [Render:trace] {"renderJobId":"f74e2ab6-a12f-4c19-ad3c-28a3b6fc5789","phase":"capture_disk","status":"checkpoint","elapsedMs":122389,"message":"stage still running","stagePhase":"capturing","needsAlpha":false,"workerCount":2,"forceScreenshot":false,"totalFrames":13611,"framesCompleted":636,"captureMode":"screenshot","captureOperation":"captureScreenshot","heartbeatIndex":2,"stageElapsedMs":60005}
  ██████░░░░░░░░░░░░░░░░░░░  27%  Capturing frame 660/13611 (2 workers)
  ██████░░░░░░░░░░░░░░░░░░░  27%  Capturing frame 690/13611 (2 workers)
  ██████░░░░░░░░░░░░░░░░░░░  27%  Capturing frame 720/13611 (2 workers)
  ██████░░░░░░░░░░░░░░░░░░░  27%  Capturing frame 750/13611 (2 workers)
  ███████░░░░░░░░░░░░░░░░░░  28%  Capturing frame 780/13611 (2 workers)
  ███████░░░░░░░░░░░░░░░░░░  28%  Capturing frame 810/13611 (2 workers)
  ███████░░░░░░░░░░░░░░░░░░  28%  Capturing frame 840/13611 (2 workers)
  ███████░░░░░░░░░░░░░░░░░░  28%  Capturing frame 870/13611 (2 workers)
  ███████░░░░░░░░░░░░░░░░░░  28%  Capturing frame 900/13611 (2 workers)
  ███████░░░░░░░░░░░░░░░░░░  28%  Capturing frame 930/13611 (2 workers)
  ███████░░░░░░░░░░░░░░░░░░  28%  Capturing frame 960/13611 (2 workers)
  ███████░░░░░░░░░░░░░░░░░░  28%  Capturing frame 990/13611 (2 workers)
  ███████░░░░░░░░░░░░░░░░░░  28%  Capturing frame 1020/13611 (2 workers)
  ███████░░░░░░░░░░░░░░░░░░  28%  Capturing frame 1050/13611 (2 workers)
  ███████░░░░░░░░░░░░░░░░░░  29%  Capturing frame 1080/13611 (2 workers)
  ███████░░░░░░░░░░░░░░░░░░  29%  Capturing frame 1110/13611 (2 workers)
  ███████░░░░░░░░░░░░░░░░░░  29%  Capturing frame 1140/13611 (2 workers)
  ███████░░░░░░░░░░░░░░░░░░  29%  Capturing frame 1170/13611 (2 workers)
  ███████░░░░░░░░░░░░░░░░░░  29%  Capturing frame 1200/13611 (2 workers)
  ███████░░░░░░░░░░░░░░░░░░  29%  Capturing frame 1230/13611 (2 workers)
  ███████░░░░░░░░░░░░░░░░░░  29%  Capturing frame 1260/13611 (2 workers)
  ███████░░░░░░░░░░░░░░░░░░  29%  Capturing frame 1290/13611 (2 workers)
[INFO] [Render:trace] {"renderJobId":"f74e2ab6-a12f-4c19-ad3c-28a3b6fc5789","phase":"capture_disk","status":"checkpoint","elapsedMs":182402,"message":"stage still running","stagePhase":"capturing","needsAlpha":false,"workerCount":2,"forceScreenshot":false,"totalFrames":13611,"framesCompleted":1290,"captureMode":"screenshot","captureOperation":"captureScreenshot","heartbeatIndex":3,"stageElapsedMs":120018}
  ███████░░░░░░░░░░░░░░░░░░  29%  Capturing frame 1320/13611 (2 workers)
  ███████░░░░░░░░░░░░░░░░░░  29%  Capturing frame 1350/13611 (2 workers)
  ███████░░░░░░░░░░░░░░░░░░  30%  Capturing frame 1380/13611 (2 workers)
  ███████░░░░░░░░░░░░░░░░░░  30%  Capturing frame 1410/13611 (2 workers)
  ███████░░░░░░░░░░░░░░░░░░  30%  Capturing frame 1440/13611 (2 workers)
  ███████░░░░░░░░░░░░░░░░░░  30%  Capturing frame 1470/13611 (2 workers)
  ███████░░░░░░░░░░░░░░░░░░  30%  Capturing frame 1500/13611 (2 workers)
  ███████░░░░░░░░░░░░░░░░░░  30%  Capturing frame 1530/13611 (2 workers)
  ███████░░░░░░░░░░░░░░░░░░  30%  Capturing frame 1560/13611 (2 workers)
  ███████░░░░░░░░░░░░░░░░░░  30%  Capturing frame 1590/13611 (2 workers)
  ███████░░░░░░░░░░░░░░░░░░  30%  Capturing frame 1620/13611 (2 workers)
  ███████░░░░░░░░░░░░░░░░░░  30%  Capturing frame 1650/13611 (2 workers)
  ███████░░░░░░░░░░░░░░░░░░  31%  Capturing frame 1680/13611 (2 workers)
  ███████░░░░░░░░░░░░░░░░░░  31%  Capturing frame 1710/13611 (2 workers)
  ███████░░░░░░░░░░░░░░░░░░  31%  Capturing frame 1740/13611 (2 workers)
  ███████░░░░░░░░░░░░░░░░░░  31%  Capturing frame 1770/13611 (2 workers)
  ███████░░░░░░░░░░░░░░░░░░  31%  Capturing frame 1800/13611 (2 workers)
  ███████░░░░░░░░░░░░░░░░░░  31%  Capturing frame 1830/13611 (2 workers)
  ███████░░░░░░░░░░░░░░░░░░  31%  Capturing frame 1860/13611 (2 workers)
  ███████░░░░░░░░░░░░░░░░░░  31%  Capturing frame 1890/13611 (2 workers)
  ███████░░░░░░░░░░░░░░░░░░  31%  Capturing frame 1920/13611 (2 workers)
  ███████░░░░░░░░░░░░░░░░░░  31%  Capturing frame 1950/13611 (2 workers)
  ████████░░░░░░░░░░░░░░░░░  32%  Capturing frame 1980/13611 (2 workers)
  ████████░░░░░░░░░░░░░░░░░  32%  Capturing frame 2010/13611 (2 workers)
  ████████░░░░░░░░░░░░░░░░░  32%  Capturing frame 2040/13611 (2 workers)
  ████████░░░░░░░░░░░░░░░░░  32%  Capturing frame 2070/13611 (2 workers)
  ████████░░░░░░░░░░░░░░░░░  32%  Capturing frame 2100/13611 (2 workers)
  ████████░░░░░░░░░░░░░░░░░  32%  Capturing frame 2130/13611 (2 workers)
  ████████░░░░░░░░░░░░░░░░░  32%  Capturing frame 2160/13611 (2 workers)
  ████████░░░░░░░░░░░░░░░░░  32%  Capturing frame 2190/13611 (2 workers)
  ████████░░░░░░░░░░░░░░░░░  32%  Capturing frame 2220/13611 (2 workers)
  ████████░░░░░░░░░░░░░░░░░  32%  Capturing frame 2250/13611 (2 workers)
  ████████░░░░░░░░░░░░░░░░░  33%  Capturing frame 2280/13611 (2 workers)
  ████████░░░░░░░░░░░░░░░░░  33%  Capturing frame 2310/13611 (2 workers)
  ████████░░░░░░░░░░░░░░░░░  33%  Capturing frame 2340/13611 (2 workers)
  ████████░░░░░░░░░░░░░░░░░  33%  Capturing frame 2370/13611 (2 workers)
  ████████░░░░░░░░░░░░░░░░░  33%  Capturing frame 2400/13611 (2 workers)
  ████████░░░░░░░░░░░░░░░░░  33%  Capturing frame 2430/13611 (2 workers)
  ████████░░░░░░░░░░░░░░░░░  33%  Capturing frame 2460/13611 (2 workers)
  ████████░░░░░░░░░░░░░░░░░  33%  Capturing frame 2490/13611 (2 workers)
  ████████░░░░░░░░░░░░░░░░░  33%  Capturing frame 2520/13611 (2 workers)
  ████████░░░░░░░░░░░░░░░░░  33%  Capturing frame 2550/13611 (2 workers)
  ████████░░░░░░░░░░░░░░░░░  34%  Capturing frame 2580/13611 (2 workers)
  ████████░░░░░░░░░░░░░░░░░  34%  Capturing frame 2610/13611 (2 workers)
  ████████░░░░░░░░░░░░░░░░░  34%  Capturing frame 2640/13611 (2 workers)
  ████████░░░░░░░░░░░░░░░░░  34%  Capturing frame 2670/13611 (2 workers)
  ████████░░░░░░░░░░░░░░░░░  34%  Capturing frame 2700/13611 (2 workers)
  ████████░░░░░░░░░░░░░░░░░  34%  Capturing frame 2730/13611 (2 workers)
[INFO] [Render:trace] {"renderJobId":"f74e2ab6-a12f-4c19-ad3c-28a3b6fc5789","phase":"capture_disk","status":"checkpoint","elapsedMs":302414,"message":"stage still running","stagePhase":"capturing","needsAlpha":false,"workerCount":2,"forceScreenshot":false,"totalFrames":13611,"framesCompleted":2738,"captureMode":"screenshot","captureOperation":"captureScreenshot","heartbeatIndex":4,"stageElapsedMs":240030}
  ████████░░░░░░░░░░░░░░░░░  34%  Capturing frame 2760/13611 (2 workers)
  ████████░░░░░░░░░░░░░░░░░  34%  Capturing frame 2790/13611 (2 workers)
  ████████░░░░░░░░░░░░░░░░░  34%  Capturing frame 2820/13611 (2 workers)
  ████████░░░░░░░░░░░░░░░░░  34%  Capturing frame 2850/13611 (2 workers)
  ████████░░░░░░░░░░░░░░░░░  35%  Capturing frame 2880/13611 (2 workers)
  ████████░░░░░░░░░░░░░░░░░  35%  Capturing frame 2910/13611 (2 workers)
  ████████░░░░░░░░░░░░░░░░░  35%  Capturing frame 2940/13611 (2 workers)
  ████████░░░░░░░░░░░░░░░░░  35%  Capturing frame 2970/13611 (2 workers)
  ████████░░░░░░░░░░░░░░░░░  35%  Capturing frame 3000/13611 (2 workers)
  ████████░░░░░░░░░░░░░░░░░  35%  Capturing frame 3030/13611 (2 workers)
  ████████░░░░░░░░░░░░░░░░░  35%  Capturing frame 3060/13611 (2 workers)
  ████████░░░░░░░░░░░░░░░░░  35%  Capturing frame 3090/13611 (2 workers)
  ████████░░░░░░░░░░░░░░░░░  35%  Capturing frame 3120/13611 (2 workers)
  ████████░░░░░░░░░░░░░░░░░  35%  Capturing frame 3150/13611 (2 workers)
  █████████░░░░░░░░░░░░░░░░  36%  Capturing frame 3180/13611 (2 workers)
  █████████░░░░░░░░░░░░░░░░  36%  Capturing frame 3210/13611 (2 workers)
  █████████░░░░░░░░░░░░░░░░  36%  Capturing frame 3240/13611 (2 workers)
  █████████░░░░░░░░░░░░░░░░  36%  Capturing frame 3270/13611 (2 workers)
  █████████░░░░░░░░░░░░░░░░  36%  Capturing frame 3300/13611 (2 workers)
  █████████░░░░░░░░░░░░░░░░  36%  Capturing frame 3330/13611 (2 workers)
  █████████░░░░░░░░░░░░░░░░  36%  Capturing frame 3360/13611 (2 workers)
  █████████░░░░░░░░░░░░░░░░  36%  Capturing frame 3390/13611 (2 workers)
  █████████░░░░░░░░░░░░░░░░  36%  Capturing frame 3420/13611 (2 workers)
  █████████░░░░░░░░░░░░░░░░  36%  Capturing frame 3450/13611 (2 workers)
  █████████░░░░░░░░░░░░░░░░  37%  Capturing frame 3480/13611 (2 workers)
  █████████░░░░░░░░░░░░░░░░  37%  Capturing frame 3510/13611 (2 workers)
  █████████░░░░░░░░░░░░░░░░  37%  Capturing frame 3540/13611 (2 workers)
  █████████░░░░░░░░░░░░░░░░  37%  Capturing frame 3570/13611 (2 workers)
  █████████░░░░░░░░░░░░░░░░  37%  Capturing frame 3600/13611 (2 workers)
  █████████░░░░░░░░░░░░░░░░  37%  Capturing frame 3630/13611 (2 workers)
  █████████░░░░░░░░░░░░░░░░  37%  Capturing frame 3660/13611 (2 workers)
  █████████░░░░░░░░░░░░░░░░  37%  Capturing frame 3690/13611 (2 workers)
  █████████░░░░░░░░░░░░░░░░  37%  Capturing frame 3720/13611 (2 workers)
  █████████░░░░░░░░░░░░░░░░  37%  Capturing frame 3750/13611 (2 workers)
  █████████░░░░░░░░░░░░░░░░  37%  Capturing frame 3780/13611 (2 workers)
  █████████░░░░░░░░░░░░░░░░  38%  Capturing frame 3810/13611 (2 workers)
  █████████░░░░░░░░░░░░░░░░  38%  Capturing frame 3840/13611 (2 workers)
  █████████░░░░░░░░░░░░░░░░  38%  Capturing frame 3870/13611 (2 workers)
  █████████░░░░░░░░░░░░░░░░  38%  Capturing frame 3900/13611 (2 workers)
  █████████░░░░░░░░░░░░░░░░  38%  Capturing frame 3930/13611 (2 workers)
  █████████░░░░░░░░░░░░░░░░  38%  Capturing frame 3960/13611 (2 workers)
  █████████░░░░░░░░░░░░░░░░  38%  Capturing frame 3990/13611 (2 workers)
  █████████░░░░░░░░░░░░░░░░  38%  Capturing frame 4020/13611 (2 workers)
  █████████░░░░░░░░░░░░░░░░  38%  Capturing frame 4050/13611 (2 workers)
  █████████░░░░░░░░░░░░░░░░  38%  Capturing frame 4080/13611 (2 workers)
  █████████░░░░░░░░░░░░░░░░  39%  Capturing frame 4110/13611 (2 workers)
[INFO] [Render:trace] {"renderJobId":"f74e2ab6-a12f-4c19-ad3c-28a3b6fc5789","phase":"capture_disk","status":"checkpoint","elapsedMs":422416,"message":"stage still running","stagePhase":"capturing","needsAlpha":false,"workerCount":2,"forceScreenshot":false,"totalFrames":13611,"framesCompleted":4125,"captureMode":"screenshot","captureOperation":"captureScreenshot","heartbeatIndex":5,"stageElapsedMs":360032}
  █████████░░░░░░░░░░░░░░░░  39%  Capturing frame 4140/13611 (2 workers)
  █████████░░░░░░░░░░░░░░░░  39%  Capturing frame 4170/13611 (2 workers)
  █████████░░░░░░░░░░░░░░░░  39%  Capturing frame 4200/13611 (2 workers)
  █████████░░░░░░░░░░░░░░░░  39%  Capturing frame 4230/13611 (2 workers)
  █████████░░░░░░░░░░░░░░░░  39%  Capturing frame 4260/13611 (2 workers)
  █████████░░░░░░░░░░░░░░░░  39%  Capturing frame 4290/13611 (2 workers)
  █████████░░░░░░░░░░░░░░░░  39%  Capturing frame 4320/13611 (2 workers)
  █████████░░░░░░░░░░░░░░░░  39%  Capturing frame 4350/13611 (2 workers)
  █████████░░░░░░░░░░░░░░░░  39%  Capturing frame 4380/13611 (2 workers)
  ██████████░░░░░░░░░░░░░░░  40%  Capturing frame 4410/13611 (2 workers)
  ██████████░░░░░░░░░░░░░░░  40%  Capturing frame 4440/13611 (2 workers)
  ██████████░░░░░░░░░░░░░░░  40%  Capturing frame 4470/13611 (2 workers)
  ██████████░░░░░░░░░░░░░░░  40%  Capturing frame 4500/13611 (2 workers)
  ██████████░░░░░░░░░░░░░░░  40%  Capturing frame 4530/13611 (2 workers)
  ██████████░░░░░░░░░░░░░░░  40%  Capturing frame 4560/13611 (2 workers)
  ██████████░░░░░░░░░░░░░░░  40%  Capturing frame 4590/13611 (2 workers)
  ██████████░░░░░░░░░░░░░░░  40%  Capturing frame 4620/13611 (2 workers)
  ██████████░░░░░░░░░░░░░░░  40%  Capturing frame 4650/13611 (2 workers)
  ██████████░░░░░░░░░░░░░░░  40%  Capturing frame 4680/13611 (2 workers)
  ██████████░░░░░░░░░░░░░░░  41%  Capturing frame 4710/13611 (2 workers)
  ██████████░░░░░░░░░░░░░░░  41%  Capturing frame 4740/13611 (2 workers)
  ██████████░░░░░░░░░░░░░░░  41%  Capturing frame 4770/13611 (2 workers)
  ██████████░░░░░░░░░░░░░░░  41%  Capturing frame 4800/13611 (2 workers)
  ██████████░░░░░░░░░░░░░░░  41%  Capturing frame 4830/13611 (2 workers)
  ██████████░░░░░░░░░░░░░░░  41%  Capturing frame 4860/13611 (2 workers)
  ██████████░░░░░░░░░░░░░░░  41%  Capturing frame 4890/13611 (2 workers)
  ██████████░░░░░░░░░░░░░░░  41%  Capturing frame 4920/13611 (2 workers)
  ██████████░░░░░░░░░░░░░░░  41%  Capturing frame 4950/13611 (2 workers)
  ██████████░░░░░░░░░░░░░░░  41%  Capturing frame 4980/13611 (2 workers)
  ██████████░░░░░░░░░░░░░░░  42%  Capturing frame 5010/13611 (2 workers)
  ██████████░░░░░░░░░░░░░░░  42%  Capturing frame 5040/13611 (2 workers)
  ██████████░░░░░░░░░░░░░░░  42%  Capturing frame 5070/13611 (2 workers)
  ██████████░░░░░░░░░░░░░░░  42%  Capturing frame 5100/13611 (2 workers)
  ██████████░░░░░░░░░░░░░░░  42%  Capturing frame 5130/13611 (2 workers)
  ██████████░░░░░░░░░░░░░░░  42%  Capturing frame 5160/13611 (2 workers)
  ██████████░░░░░░░░░░░░░░░  42%  Capturing frame 5190/13611 (2 workers)
  ██████████░░░░░░░░░░░░░░░  42%  Capturing frame 5220/13611 (2 workers)
  ██████████░░░░░░░░░░░░░░░  42%  Capturing frame 5250/13611 (2 workers)
  ██████████░░░░░░░░░░░░░░░  42%  Capturing frame 5280/13611 (2 workers)
  ██████████░░░░░░░░░░░░░░░  43%  Capturing frame 5310/13611 (2 workers)
  ██████████░░░░░░░░░░░░░░░  43%  Capturing frame 5340/13611 (2 workers)
  ██████████░░░░░░░░░░░░░░░  43%  Capturing frame 5370/13611 (2 workers)
  ██████████░░░░░░░░░░░░░░░  43%  Capturing frame 5400/13611 (2 workers)
  ██████████░░░░░░░░░░░░░░░  43%  Capturing frame 5430/13611 (2 workers)
  ██████████░░░░░░░░░░░░░░░  43%  Capturing frame 5460/13611 (2 workers)
  ██████████░░░░░░░░░░░░░░░  43%  Capturing frame 5490/13611 (2 workers)
  ██████████░░░░░░░░░░░░░░░  43%  Capturing frame 5520/13611 (2 workers)
[INFO] [Render:trace] {"renderJobId":"f74e2ab6-a12f-4c19-ad3c-28a3b6fc5789","phase":"capture_disk","status":"checkpoint","elapsedMs":542421,"message":"stage still running","stagePhase":"capturing","needsAlpha":false,"workerCount":2,"forceScreenshot":false,"totalFrames":13611,"framesCompleted":5549,"captureMode":"screenshot","captureOperation":"captureScreenshot","heartbeatIndex":6,"stageElapsedMs":480036}
  ██████████░░░░░░░░░░░░░░░  43%  Capturing frame 5550/13611 (2 workers)
  ██████████░░░░░░░░░░░░░░░  43%  Capturing frame 5580/13611 (2 workers)
  ███████████░░░░░░░░░░░░░░  44%  Capturing frame 5610/13611 (2 workers)
  ███████████░░░░░░░░░░░░░░  44%  Capturing frame 5640/13611 (2 workers)
  ███████████░░░░░░░░░░░░░░  44%  Capturing frame 5670/13611 (2 workers)
  ███████████░░░░░░░░░░░░░░  44%  Capturing frame 5700/13611 (2 workers)
  ███████████░░░░░░░░░░░░░░  44%  Capturing frame 5730/13611 (2 workers)
  ███████████░░░░░░░░░░░░░░  44%  Capturing frame 5760/13611 (2 workers)
  ███████████░░░░░░░░░░░░░░  44%  Capturing frame 5790/13611 (2 workers)
  ███████████░░░░░░░░░░░░░░  44%  Capturing frame 5820/13611 (2 workers)
  ███████████░░░░░░░░░░░░░░  44%  Capturing frame 5850/13611 (2 workers)
  ███████████░░░░░░░░░░░░░░  44%  Capturing frame 5880/13611 (2 workers)
  ███████████░░░░░░░░░░░░░░  45%  Capturing frame 5910/13611 (2 workers)
  ███████████░░░░░░░░░░░░░░  45%  Capturing frame 5940/13611 (2 workers)
  ███████████░░░░░░░░░░░░░░  45%  Capturing frame 5970/13611 (2 workers)
  ███████████░░░░░░░░░░░░░░  45%  Capturing frame 6000/13611 (2 workers)
  ███████████░░░░░░░░░░░░░░  45%  Capturing frame 6030/13611 (2 workers)
  ███████████░░░░░░░░░░░░░░  45%  Capturing frame 6060/13611 (2 workers)
  ███████████░░░░░░░░░░░░░░  45%  Capturing frame 6090/13611 (2 workers)
  ███████████░░░░░░░░░░░░░░  45%  Capturing frame 6120/13611 (2 workers)
  ███████████░░░░░░░░░░░░░░  45%  Capturing frame 6150/13611 (2 workers)
  ███████████░░░░░░░░░░░░░░  45%  Capturing frame 6180/13611 (2 workers)
  ███████████░░░░░░░░░░░░░░  46%  Capturing frame 6210/13611 (2 workers)
  ███████████░░░░░░░░░░░░░░  46%  Capturing frame 6240/13611 (2 workers)
  ███████████░░░░░░░░░░░░░░  46%  Capturing frame 6270/13611 (2 workers)
  ███████████░░░░░░░░░░░░░░  46%  Capturing frame 6300/13611 (2 workers)
  ███████████░░░░░░░░░░░░░░  46%  Capturing frame 6330/13611 (2 workers)
  ███████████░░░░░░░░░░░░░░  46%  Capturing frame 6360/13611 (2 workers)
  ███████████░░░░░░░░░░░░░░  46%  Capturing frame 6390/13611 (2 workers)
  ███████████░░░░░░░░░░░░░░  46%  Capturing frame 6420/13611 (2 workers)
  ███████████░░░░░░░░░░░░░░  46%  Capturing frame 6450/13611 (2 workers)
  ███████████░░░░░░░░░░░░░░  46%  Capturing frame 6480/13611 (2 workers)
  ███████████░░░░░░░░░░░░░░  47%  Capturing frame 6510/13611 (2 workers)
  ███████████░░░░░░░░░░░░░░  47%  Capturing frame 6540/13611 (2 workers)
  ███████████░░░░░░░░░░░░░░  47%  Capturing frame 6570/13611 (2 workers)
  ███████████░░░░░░░░░░░░░░  47%  Capturing frame 6600/13611 (2 workers)
  ███████████░░░░░░░░░░░░░░  47%  Capturing frame 6630/13611 (2 workers)
  ███████████░░░░░░░░░░░░░░  47%  Capturing frame 6660/13611 (2 workers)
  ███████████░░░░░░░░░░░░░░  47%  Capturing frame 6690/13611 (2 workers)
  ███████████░░░░░░░░░░░░░░  47%  Capturing frame 6720/13611 (2 workers)
  ███████████░░░░░░░░░░░░░░  47%  Capturing frame 6750/13611 (2 workers)
  ███████████░░░░░░░░░░░░░░  47%  Capturing frame 6780/13611 (2 workers)
  ████████████░░░░░░░░░░░░░  48%  Capturing frame 6810/13611 (2 workers)
[INFO] [Render:trace] {"renderJobId":"f74e2ab6-a12f-4c19-ad3c-28a3b6fc5789","phase":"capture_disk","status":"checkpoint","elapsedMs":662422,"message":"stage still running","stagePhase":"capturing","needsAlpha":false,"workerCount":2,"forceScreenshot":false,"totalFrames":13611,"framesCompleted":6813,"captureMode":"screenshot","captureOperation":"captureScreenshot","heartbeatIndex":7,"stageElapsedMs":600038}
  ████████████░░░░░░░░░░░░░  48%  Capturing frame 6840/13611 (2 workers)
  ████████████░░░░░░░░░░░░░  48%  Capturing frame 6870/13611 (2 workers)
  ████████████░░░░░░░░░░░░░  48%  Capturing frame 6900/13611 (2 workers)
  ████████████░░░░░░░░░░░░░  48%  Capturing frame 6930/13611 (2 workers)
  ████████████░░░░░░░░░░░░░  48%  Capturing frame 6960/13611 (2 workers)
  ████████████░░░░░░░░░░░░░  48%  Capturing frame 6990/13611 (2 workers)
  ████████████░░░░░░░░░░░░░  48%  Capturing frame 7020/13611 (2 workers)
  ████████████░░░░░░░░░░░░░  48%  Capturing frame 7050/13611 (2 workers)
  ████████████░░░░░░░░░░░░░  48%  Capturing frame 7080/13611 (2 workers)
  ████████████░░░░░░░░░░░░░  49%  Capturing frame 7110/13611 (2 workers)
  ████████████░░░░░░░░░░░░░  49%  Capturing frame 7140/13611 (2 workers)
  ████████████░░░░░░░░░░░░░  49%  Capturing frame 7170/13611 (2 workers)
  ████████████░░░░░░░░░░░░░  49%  Capturing frame 7200/13611 (2 workers)
  ████████████░░░░░░░░░░░░░  49%  Capturing frame 7230/13611 (2 workers)
  ████████████░░░░░░░░░░░░░  49%  Capturing frame 7260/13611 (2 workers)
  ████████████░░░░░░░░░░░░░  49%  Capturing frame 7290/13611 (2 workers)
  ████████████░░░░░░░░░░░░░  49%  Capturing frame 7320/13611 (2 workers)
  ████████████░░░░░░░░░░░░░  49%  Capturing frame 7350/13611 (2 workers)
  ████████████░░░░░░░░░░░░░  49%  Capturing frame 7380/13611 (2 workers)
  ████████████░░░░░░░░░░░░░  49%  Capturing frame 7410/13611 (2 workers)
  ████████████░░░░░░░░░░░░░  50%  Capturing frame 7440/13611 (2 workers)
  ████████████░░░░░░░░░░░░░  50%  Capturing frame 7470/13611 (2 workers)
  ████████████░░░░░░░░░░░░░  50%  Capturing frame 7500/13611 (2 workers)
  ████████████░░░░░░░░░░░░░  50%  Capturing frame 7530/13611 (2 workers)
  ████████████░░░░░░░░░░░░░  50%  Capturing frame 7560/13611 (2 workers)
  ████████████░░░░░░░░░░░░░  50%  Capturing frame 7590/13611 (2 workers)
  ████████████░░░░░░░░░░░░░  50%  Capturing frame 7620/13611 (2 workers)
  ████████████░░░░░░░░░░░░░  50%  Capturing frame 7650/13611 (2 workers)
  ████████████░░░░░░░░░░░░░  50%  Capturing frame 7680/13611 (2 workers)
  ████████████░░░░░░░░░░░░░  50%  Capturing frame 7710/13611 (2 workers)
  ████████████░░░░░░░░░░░░░  51%  Capturing frame 7740/13611 (2 workers)
  ████████████░░░░░░░░░░░░░  51%  Capturing frame 7770/13611 (2 workers)
  ████████████░░░░░░░░░░░░░  51%  Capturing frame 7800/13611 (2 workers)
  ████████████░░░░░░░░░░░░░  51%  Capturing frame 7830/13611 (2 workers)
  ████████████░░░░░░░░░░░░░  51%  Capturing frame 7860/13611 (2 workers)
  ████████████░░░░░░░░░░░░░  51%  Capturing frame 7890/13611 (2 workers)
  ████████████░░░░░░░░░░░░░  51%  Capturing frame 7920/13611 (2 workers)
  ████████████░░░░░░░░░░░░░  51%  Capturing frame 7950/13611 (2 workers)
  ████████████░░░░░░░░░░░░░  51%  Capturing frame 7980/13611 (2 workers)
  ████████████░░░░░░░░░░░░░  51%  Capturing frame 8010/13611 (2 workers)
  █████████████░░░░░░░░░░░░  52%  Capturing frame 8040/13611 (2 workers)
[INFO] [Render:trace] {"renderJobId":"f74e2ab6-a12f-4c19-ad3c-28a3b6fc5789","phase":"capture_disk","status":"checkpoint","elapsedMs":782433,"message":"stage still running","stagePhase":"capturing","needsAlpha":false,"workerCount":2,"forceScreenshot":false,"totalFrames":13611,"framesCompleted":8052,"captureMode":"screenshot","captureOperation":"captureScreenshot","heartbeatIndex":8,"stageElapsedMs":720049}
  █████████████░░░░░░░░░░░░  52%  Capturing frame 8070/13611 (2 workers)
  █████████████░░░░░░░░░░░░  52%  Capturing frame 8100/13611 (2 workers)
  █████████████░░░░░░░░░░░░  52%  Capturing frame 8130/13611 (2 workers)
  █████████████░░░░░░░░░░░░  52%  Capturing frame 8160/13611 (2 workers)
  █████████████░░░░░░░░░░░░  52%  Capturing frame 8190/13611 (2 workers)
  █████████████░░░░░░░░░░░░  52%  Capturing frame 8220/13611 (2 workers)
  █████████████░░░░░░░░░░░░  52%  Capturing frame 8250/13611 (2 workers)
  █████████████░░░░░░░░░░░░  52%  Capturing frame 8280/13611 (2 workers)
  █████████████░░░░░░░░░░░░  52%  Capturing frame 8310/13611 (2 workers)
  █████████████░░░░░░░░░░░░  53%  Capturing frame 8340/13611 (2 workers)
  █████████████░░░░░░░░░░░░  53%  Capturing frame 8370/13611 (2 workers)
  █████████████░░░░░░░░░░░░  53%  Capturing frame 8400/13611 (2 workers)
  █████████████░░░░░░░░░░░░  53%  Capturing frame 8430/13611 (2 workers)
  █████████████░░░░░░░░░░░░  53%  Capturing frame 8460/13611 (2 workers)
  █████████████░░░░░░░░░░░░  53%  Capturing frame 8490/13611 (2 workers)
  █████████████░░░░░░░░░░░░  53%  Capturing frame 8520/13611 (2 workers)
  █████████████░░░░░░░░░░░░  53%  Capturing frame 8550/13611 (2 workers)
  █████████████░░░░░░░░░░░░  53%  Capturing frame 8580/13611 (2 workers)
  █████████████░░░░░░░░░░░░  53%  Capturing frame 8610/13611 (2 workers)
  █████████████░░░░░░░░░░░░  54%  Capturing frame 8640/13611 (2 workers)
  █████████████░░░░░░░░░░░░  54%  Capturing frame 8670/13611 (2 workers)
  █████████████░░░░░░░░░░░░  54%  Capturing frame 8700/13611 (2 workers)
  █████████████░░░░░░░░░░░░  54%  Capturing frame 8730/13611 (2 workers)
  █████████████░░░░░░░░░░░░  54%  Capturing frame 8760/13611 (2 workers)
  █████████████░░░░░░░░░░░░  54%  Capturing frame 8790/13611 (2 workers)
  █████████████░░░░░░░░░░░░  54%  Capturing frame 8820/13611 (2 workers)
  █████████████░░░░░░░░░░░░  54%  Capturing frame 8850/13611 (2 workers)
  █████████████░░░░░░░░░░░░  54%  Capturing frame 8880/13611 (2 workers)
  █████████████░░░░░░░░░░░░  54%  Capturing frame 8910/13611 (2 workers)
  █████████████░░░░░░░░░░░░  55%  Capturing frame 8940/13611 (2 workers)
  █████████████░░░░░░░░░░░░  55%  Capturing frame 8970/13611 (2 workers)
  █████████████░░░░░░░░░░░░  55%  Capturing frame 9000/13611 (2 workers)
  █████████████░░░░░░░░░░░░  55%  Capturing frame 9030/13611 (2 workers)
  █████████████░░░░░░░░░░░░  55%  Capturing frame 9060/13611 (2 workers)
  █████████████░░░░░░░░░░░░  55%  Capturing frame 9090/13611 (2 workers)
  █████████████░░░░░░░░░░░░  55%  Capturing frame 9120/13611 (2 workers)
  █████████████░░░░░░░░░░░░  55%  Capturing frame 9150/13611 (2 workers)
  █████████████░░░░░░░░░░░░  55%  Capturing frame 9180/13611 (2 workers)
  █████████████░░░░░░░░░░░░  55%  Capturing frame 9210/13611 (2 workers)
  ██████████████░░░░░░░░░░░  56%  Capturing frame 9240/13611 (2 workers)
  ██████████████░░░░░░░░░░░  56%  Capturing frame 9270/13611 (2 workers)
  ██████████████░░░░░░░░░░░  56%  Capturing frame 9300/13611 (2 workers)
  ██████████████░░░░░░░░░░░  56%  Capturing frame 9330/13611 (2 workers)
  ██████████████░░░░░░░░░░░  56%  Capturing frame 9360/13611 (2 workers)
[INFO] [Render:trace] {"renderJobId":"f74e2ab6-a12f-4c19-ad3c-28a3b6fc5789","phase":"capture_disk","status":"checkpoint","elapsedMs":902444,"message":"stage still running","stagePhase":"capturing","needsAlpha":false,"workerCount":2,"forceScreenshot":false,"totalFrames":13611,"framesCompleted":9363,"captureMode":"screenshot","captureOperation":"captureScreenshot","heartbeatIndex":9,"stageElapsedMs":840060}
  ██████████████░░░░░░░░░░░  56%  Capturing frame 9390/13611 (2 workers)
  ██████████████░░░░░░░░░░░  56%  Capturing frame 9420/13611 (2 workers)
  ██████████████░░░░░░░░░░░  56%  Capturing frame 9450/13611 (2 workers)
  ██████████████░░░░░░░░░░░  56%  Capturing frame 9480/13611 (2 workers)
  ██████████████░░░░░░░░░░░  56%  Capturing frame 9510/13611 (2 workers)
  ██████████████░░░░░░░░░░░  57%  Capturing frame 9540/13611 (2 workers)
  ██████████████░░░░░░░░░░░  57%  Capturing frame 9570/13611 (2 workers)
  ██████████████░░░░░░░░░░░  57%  Capturing frame 9600/13611 (2 workers)
  ██████████████░░░░░░░░░░░  57%  Capturing frame 9630/13611 (2 workers)
  ██████████████░░░░░░░░░░░  57%  Capturing frame 9660/13611 (2 workers)
  ██████████████░░░░░░░░░░░  57%  Capturing frame 9690/13611 (2 workers)
  ██████████████░░░░░░░░░░░  57%  Capturing frame 9720/13611 (2 workers)
  ██████████████░░░░░░░░░░░  57%  Capturing frame 9750/13611 (2 workers)
  ██████████████░░░░░░░░░░░  57%  Capturing frame 9780/13611 (2 workers)
  ██████████████░░░░░░░░░░░  57%  Capturing frame 9810/13611 (2 workers)
  ██████████████░░░░░░░░░░░  58%  Capturing frame 9840/13611 (2 workers)
  ██████████████░░░░░░░░░░░  58%  Capturing frame 9870/13611 (2 workers)
  ██████████████░░░░░░░░░░░  58%  Capturing frame 9900/13611 (2 workers)
  ██████████████░░░░░░░░░░░  58%  Capturing frame 9930/13611 (2 workers)
  ██████████████░░░░░░░░░░░  58%  Capturing frame 9960/13611 (2 workers)
  ██████████████░░░░░░░░░░░  58%  Capturing frame 9990/13611 (2 workers)
  ██████████████░░░░░░░░░░░  58%  Capturing frame 10020/13611 (2 workers)
  ██████████████░░░░░░░░░░░  58%  Capturing frame 10050/13611 (2 workers)
  ██████████████░░░░░░░░░░░  58%  Capturing frame 10080/13611 (2 workers)
  ██████████████░░░░░░░░░░░  58%  Capturing frame 10110/13611 (2 workers)
  ██████████████░░░░░░░░░░░  59%  Capturing frame 10140/13611 (2 workers)
  ██████████████░░░░░░░░░░░  59%  Capturing frame 10170/13611 (2 workers)
  ██████████████░░░░░░░░░░░  59%  Capturing frame 10200/13611 (2 workers)
  ██████████████░░░░░░░░░░░  59%  Capturing frame 10230/13611 (2 workers)
  ██████████████░░░░░░░░░░░  59%  Capturing frame 10260/13611 (2 workers)
  ██████████████░░░░░░░░░░░  59%  Capturing frame 10290/13611 (2 workers)
  ██████████████░░░░░░░░░░░  59%  Capturing frame 10320/13611 (2 workers)
  ██████████████░░░░░░░░░░░  59%  Capturing frame 10350/13611 (2 workers)
  ██████████████░░░░░░░░░░░  59%  Capturing frame 10380/13611 (2 workers)
  ██████████████░░░░░░░░░░░  59%  Capturing frame 10410/13611 (2 workers)
  ███████████████░░░░░░░░░░  60%  Capturing frame 10440/13611 (2 workers)
  ███████████████░░░░░░░░░░  60%  Capturing frame 10470/13611 (2 workers)
  ███████████████░░░░░░░░░░  60%  Capturing frame 10500/13611 (2 workers)
  ███████████████░░░░░░░░░░  60%  Capturing frame 10530/13611 (2 workers)
[INFO] [Render:trace] {"renderJobId":"f74e2ab6-a12f-4c19-ad3c-28a3b6fc5789","phase":"capture_disk","status":"checkpoint","elapsedMs":1022449,"message":"stage still running","stagePhase":"capturing","needsAlpha":false,"workerCount":2,"forceScreenshot":false,"totalFrames":13611,"framesCompleted":10552,"captureMode":"screenshot","captureOperation":"captureScreenshot","heartbeatIndex":10,"stageElapsedMs":960065}
  ███████████████░░░░░░░░░░  60%  Capturing frame 10560/13611 (2 workers)
  ███████████████░░░░░░░░░░  60%  Capturing frame 10590/13611 (2 workers)
  ███████████████░░░░░░░░░░  60%  Capturing frame 10620/13611 (2 workers)
  ███████████████░░░░░░░░░░  60%  Capturing frame 10650/13611 (2 workers)
  ███████████████░░░░░░░░░░  60%  Capturing frame 10680/13611 (2 workers)
  ███████████████░░░░░░░░░░  60%  Capturing frame 10710/13611 (2 workers)
  ███████████████░░░░░░░░░░  61%  Capturing frame 10740/13611 (2 workers)
  ███████████████░░░░░░░░░░  61%  Capturing frame 10770/13611 (2 workers)
  ███████████████░░░░░░░░░░  61%  Capturing frame 10800/13611 (2 workers)
  ███████████████░░░░░░░░░░  61%  Capturing frame 10830/13611 (2 workers)
  ███████████████░░░░░░░░░░  61%  Capturing frame 10860/13611 (2 workers)
  ███████████████░░░░░░░░░░  61%  Capturing frame 10890/13611 (2 workers)
  ███████████████░░░░░░░░░░  61%  Capturing frame 10920/13611 (2 workers)
  ███████████████░░░░░░░░░░  61%  Capturing frame 10950/13611 (2 workers)
  ███████████████░░░░░░░░░░  61%  Capturing frame 10980/13611 (2 workers)
  ███████████████░░░░░░░░░░  61%  Capturing frame 11010/13611 (2 workers)
  ███████████████░░░░░░░░░░  61%  Capturing frame 11040/13611 (2 workers)
  ███████████████░░░░░░░░░░  62%  Capturing frame 11070/13611 (2 workers)
  ███████████████░░░░░░░░░░  62%  Capturing frame 11100/13611 (2 workers)
  ███████████████░░░░░░░░░░  62%  Capturing frame 11130/13611 (2 workers)
  ███████████████░░░░░░░░░░  62%  Capturing frame 11160/13611 (2 workers)
  ███████████████░░░░░░░░░░  62%  Capturing frame 11190/13611 (2 workers)
  ███████████████░░░░░░░░░░  62%  Capturing frame 11220/13611 (2 workers)
  ███████████████░░░░░░░░░░  62%  Capturing frame 11250/13611 (2 workers)
  ███████████████░░░░░░░░░░  62%  Capturing frame 11280/13611 (2 workers)
  ███████████████░░░░░░░░░░  62%  Capturing frame 11310/13611 (2 workers)
  ███████████████░░░░░░░░░░  62%  Capturing frame 11340/13611 (2 workers)
  ███████████████░░░░░░░░░░  63%  Capturing frame 11370/13611 (2 workers)
  ███████████████░░░░░░░░░░  63%  Capturing frame 11400/13611 (2 workers)
  ███████████████░░░░░░░░░░  63%  Capturing frame 11430/13611 (2 workers)
  ███████████████░░░░░░░░░░  63%  Capturing frame 11460/13611 (2 workers)
  ███████████████░░░░░░░░░░  63%  Capturing frame 11490/13611 (2 workers)
  ███████████████░░░░░░░░░░  63%  Capturing frame 11520/13611 (2 workers)
  ███████████████░░░░░░░░░░  63%  Capturing frame 11550/13611 (2 workers)
  ███████████████░░░░░░░░░░  63%  Capturing frame 11580/13611 (2 workers)
  ███████████████░░░░░░░░░░  63%  Capturing frame 11610/13611 (2 workers)
  ███████████████░░░░░░░░░░  63%  Capturing frame 11640/13611 (2 workers)
  ████████████████░░░░░░░░░  64%  Capturing frame 11670/13611 (2 workers)
  ████████████████░░░░░░░░░  64%  Capturing frame 11700/13611 (2 workers)
  ████████████████░░░░░░░░░  64%  Capturing frame 11730/13611 (2 workers)
  ████████████████░░░░░░░░░  64%  Capturing frame 11760/13611 (2 workers)
[INFO] [Render:trace] {"renderJobId":"f74e2ab6-a12f-4c19-ad3c-28a3b6fc5789","phase":"capture_disk","status":"checkpoint","elapsedMs":1142461,"message":"stage still running","stagePhase":"capturing","needsAlpha":false,"workerCount":2,"forceScreenshot":false,"totalFrames":13611,"framesCompleted":11784,"captureMode":"screenshot","captureOperation":"captureScreenshot","heartbeatIndex":11,"stageElapsedMs":1080077}
  ████████████████░░░░░░░░░  64%  Capturing frame 11790/13611 (2 workers)
  ████████████████░░░░░░░░░  64%  Capturing frame 11820/13611 (2 workers)
  ████████████████░░░░░░░░░  64%  Capturing frame 11850/13611 (2 workers)
  ████████████████░░░░░░░░░  64%  Capturing frame 11880/13611 (2 workers)
  ████████████████░░░░░░░░░  64%  Capturing frame 11910/13611 (2 workers)
  ████████████████░░░░░░░░░  64%  Capturing frame 11940/13611 (2 workers)
  ████████████████░░░░░░░░░  65%  Capturing frame 11970/13611 (2 workers)
  ████████████████░░░░░░░░░  65%  Capturing frame 12000/13611 (2 workers)
  ████████████████░░░░░░░░░  65%  Capturing frame 12030/13611 (2 workers)
  ████████████████░░░░░░░░░  65%  Capturing frame 12060/13611 (2 workers)
  ████████████████░░░░░░░░░  65%  Capturing frame 12090/13611 (2 workers)
  ████████████████░░░░░░░░░  65%  Capturing frame 12120/13611 (2 workers)
  ████████████████░░░░░░░░░  65%  Capturing frame 12150/13611 (2 workers)
  ████████████████░░░░░░░░░  65%  Capturing frame 12180/13611 (2 workers)
  ████████████████░░░░░░░░░  65%  Capturing frame 12210/13611 (2 workers)
  ████████████████░░░░░░░░░  65%  Capturing frame 12240/13611 (2 workers)
  ████████████████░░░░░░░░░  66%  Capturing frame 12270/13611 (2 workers)
  ████████████████░░░░░░░░░  66%  Capturing frame 12300/13611 (2 workers)
  ████████████████░░░░░░░░░  66%  Capturing frame 12330/13611 (2 workers)
  ████████████████░░░░░░░░░  66%  Capturing frame 12360/13611 (2 workers)
  ████████████████░░░░░░░░░  66%  Capturing frame 12390/13611 (2 workers)
  ████████████████░░░░░░░░░  66%  Capturing frame 12420/13611 (2 workers)
  ████████████████░░░░░░░░░  66%  Capturing frame 12450/13611 (2 workers)
  ████████████████░░░░░░░░░  66%  Capturing frame 12480/13611 (2 workers)
  ████████████████░░░░░░░░░  66%  Capturing frame 12510/13611 (2 workers)
  ████████████████░░░░░░░░░  66%  Capturing frame 12540/13611 (2 workers)
  ████████████████░░░░░░░░░  67%  Capturing frame 12570/13611 (2 workers)
  ████████████████░░░░░░░░░  67%  Capturing frame 12600/13611 (2 workers)
  ████████████████░░░░░░░░░  67%  Capturing frame 12630/13611 (2 workers)
  ████████████████░░░░░░░░░  67%  Capturing frame 12660/13611 (2 workers)
  ████████████████░░░░░░░░░  67%  Capturing frame 12690/13611 (2 workers)
  ████████████████░░░░░░░░░  67%  Capturing frame 12720/13611 (2 workers)
  ████████████████░░░░░░░░░  67%  Capturing frame 12750/13611 (2 workers)
  ████████████████░░░░░░░░░  67%  Capturing frame 12780/13611 (2 workers)
  ████████████████░░░░░░░░░  67%  Capturing frame 12810/13611 (2 workers)
  ████████████████░░░░░░░░░  67%  Capturing frame 12840/13611 (2 workers)
  █████████████████░░░░░░░░  68%  Capturing frame 12870/13611 (2 workers)
  █████████████████░░░░░░░░  68%  Capturing frame 12900/13611 (2 workers)
[INFO] [Render:trace] {"renderJobId":"f74e2ab6-a12f-4c19-ad3c-28a3b6fc5789","phase":"capture_disk","status":"checkpoint","elapsedMs":1262470,"message":"stage still running","stagePhase":"capturing","needsAlpha":false,"workerCount":2,"forceScreenshot":false,"totalFrames":13611,"framesCompleted":12927,"captureMode":"screenshot","captureOperation":"captureScreenshot","heartbeatIndex":12,"stageElapsedMs":1200086}
  █████████████████░░░░░░░░  68%  Capturing frame 12930/13611 (2 workers)
  █████████████████░░░░░░░░  68%  Capturing frame 12960/13611 (2 workers)
  █████████████████░░░░░░░░  68%  Capturing frame 12990/13611 (2 workers)
  █████████████████░░░░░░░░  68%  Capturing frame 13020/13611 (2 workers)
  █████████████████░░░░░░░░  68%  Capturing frame 13050/13611 (2 workers)
  █████████████████░░░░░░░░  68%  Capturing frame 13080/13611 (2 workers)
  █████████████████░░░░░░░░  68%  Capturing frame 13110/13611 (2 workers)
  █████████████████░░░░░░░░  68%  Capturing frame 13140/13611 (2 workers)
  █████████████████░░░░░░░░  69%  Capturing frame 13170/13611 (2 workers)
  █████████████████░░░░░░░░  69%  Capturing frame 13200/13611 (2 workers)
  █████████████████░░░░░░░░  69%  Capturing frame 13230/13611 (2 workers)
  █████████████████░░░░░░░░  69%  Capturing frame 13260/13611 (2 workers)
  █████████████████░░░░░░░░  69%  Capturing frame 13290/13611 (2 workers)
  █████████████████░░░░░░░░  69%  Capturing frame 13320/13611 (2 workers)
  █████████████████░░░░░░░░  69%  Capturing frame 13350/13611 (2 workers)
  █████████████████░░░░░░░░  69%  Capturing frame 13380/13611 (2 workers)
  █████████████████░░░░░░░░  69%  Capturing frame 13410/13611 (2 workers)
  █████████████████░░░░░░░░  69%  Capturing frame 13440/13611 (2 workers)
  █████████████████░░░░░░░░  70%  Capturing frame 13470/13611 (2 workers)
  █████████████████░░░░░░░░  70%  Capturing frame 13500/13611 (2 workers)
  █████████████████░░░░░░░░  70%  Capturing frame 13530/13611 (2 workers)
  █████████████████░░░░░░░░  70%  Capturing frame 13560/13611 (2 workers)
  █████████████████░░░░░░░░  70%  Capturing frame 13590/13611 (2 workers)
  █████████████████░░░░░░░░  70%  Capturing frame 13611/13611 (2 workers)
[INFO] [Render:trace] {"renderJobId":"f74e2ab6-a12f-4c19-ad3c-28a3b6fc5789","phase":"capture_disk","status":"checkpoint","elapsedMs":1382481,"message":"stage still running","stagePhase":"capturing","needsAlpha":false,"workerCount":2,"forceScreenshot":false,"totalFrames":13611,"framesCompleted":13611,"captureMode":"screenshot","captureOperation":"encode","heartbeatIndex":13,"stageElapsedMs":1320097}
[INFO] [Render:trace] {"renderJobId":"f74e2ab6-a12f-4c19-ad3c-28a3b6fc5789","phase":"capture_disk","status":"end","elapsedMs":1488731,"durationMs":1426347,"stagePhase":"capturing","needsAlpha":false,"workerCount":2,"forceScreenshot":false,"totalFrames":13611,"framesCompleted":13611,"captureMode":"screenshot","captureOperation":"encode"}
[INFO] [Render:trace] {"renderJobId":"f74e2ab6-a12f-4c19-ad3c-28a3b6fc5789","phase":"encode","status":"start","elapsedMs":1488731,"stagePhase":"capturing","hasAudio":true,"isPngSequence":false,"isGif":false,"chunkedEncode":false,"workerCount":2,"forceScreenshot":false,"totalFrames":13611,"framesCompleted":13611,"captureMode":"screenshot","captureOperation":"encode"}
  ██████████████████░░░░░░░  75%  Encoding video
[INFO] [Render:trace] {"renderJobId":"f74e2ab6-a12f-4c19-ad3c-28a3b6fc5789","phase":"encode","status":"checkpoint","elapsedMs":1518733,"message":"stage still running","stagePhase":"capturing","hasAudio":true,"isPngSequence":false,"isGif":false,"chunkedEncode":false,"workerCount":2,"forceScreenshot":false,"totalFrames":13611,"framesCompleted":13611,"captureMode":"screenshot","captureOperation":"encode","heartbeatIndex":1,"stageElapsedMs":30002}
[INFO] [Render:trace] {"renderJobId":"f74e2ab6-a12f-4c19-ad3c-28a3b6fc5789","phase":"encode","status":"checkpoint","elapsedMs":1548742,"message":"stage still running","stagePhase":"capturing","hasAudio":true,"isPngSequence":false,"isGif":false,"chunkedEncode":false,"workerCount":2,"forceScreenshot":false,"totalFrames":13611,"framesCompleted":13611,"captureMode":"screenshot","captureOperation":"encode","heartbeatIndex":2,"stageElapsedMs":60011}
[INFO] [Render:trace] {"renderJobId":"f74e2ab6-a12f-4c19-ad3c-28a3b6fc5789","phase":"encode","status":"checkpoint","elapsedMs":1608755,"message":"stage still running","stagePhase":"capturing","hasAudio":true,"isPngSequence":false,"isGif":false,"chunkedEncode":false,"workerCount":2,"forceScreenshot":false,"totalFrames":13611,"framesCompleted":13611,"captureMode":"screenshot","captureOperation":"encode","heartbeatIndex":3,"stageElapsedMs":120024}
[INFO] [Render:trace] {"renderJobId":"f74e2ab6-a12f-4c19-ad3c-28a3b6fc5789","phase":"encode","status":"checkpoint","elapsedMs":1728767,"message":"stage still running","stagePhase":"capturing","hasAudio":true,"isPngSequence":false,"isGif":false,"chunkedEncode":false,"workerCount":2,"forceScreenshot":false,"totalFrames":13611,"framesCompleted":13611,"captureMode":"screenshot","captureOperation":"encode","heartbeatIndex":4,"stageElapsedMs":240036}
[INFO] [Render:trace] {"renderJobId":"f74e2ab6-a12f-4c19-ad3c-28a3b6fc5789","phase":"encode","status":"end","elapsedMs":1821663,"durationMs":332932,"stagePhase":"capturing","hasAudio":true,"isPngSequence":false,"isGif":false,"chunkedEncode":false,"workerCount":2,"forceScreenshot":false,"totalFrames":13611,"framesCompleted":13611,"captureMode":"screenshot","captureOperation":"encode"}
[INFO] [Render:trace] {"renderJobId":"f74e2ab6-a12f-4c19-ad3c-28a3b6fc5789","phase":"assemble","status":"start","elapsedMs":1821664,"stagePhase":"capturing","hasAudio":true,"workerCount":2,"forceScreenshot":false,"totalFrames":13611,"framesCompleted":13611,"captureMode":"screenshot","captureOperation":"encode"}
  ██████████████████████░░░  90%  Assembling final video
[INFO] [Render:trace] {"renderJobId":"f74e2ab6-a12f-4c19-ad3c-28a3b6fc5789","phase":"assemble","status":"end","elapsedMs":1848233,"durationMs":26569,"stagePhase":"capturing","hasAudio":true,"workerCount":2,"forceScreenshot":false,"totalFrames":13611,"framesCompleted":13611,"captureMode":"screenshot","captureOperation":"encode"}
[INFO] [Render:trace] {"renderJobId":"f74e2ab6-a12f-4c19-ad3c-28a3b6fc5789","phase":"pipeline","status":"checkpoint","elapsedMs":1849378,"message":"artifact validated","totalElapsedMs":1848326}
  █████████████████████████  100%  Render complete

◇  C:\vox-style-xe-giay-v1-hyperframes\out\cach-hoat-dong-cua-kinh-te-meo-full.mp4
   722.5 MB · 7m 33.7s video · rendered in 30m 54.0s
   screenshot capture · hardware gpu · compile 10.9s · extract 20.0s · audio 22.6s · probe 1.8s · setup 8.8s · capture 23m 46.3s · encode 5m 32.9s · assemble 26.6s

Render bản đầy đủ: out\cach-hoat-dong-cua-kinh-te-meo-full.mp4, 757635500 bytes (722.5MB), 1864.5s render time, quality=looks. Xác minh ffprobe: duration=453.700s (⚠ LỆCH 6.823s so với audio thật 460.523s — KIỂM TRA LẠI), 1080x1920 h264. Capture mode: screenshot (tắt fast-capture do: a CSS 3D rendering context (perspective / preserve-3d / backface-visibility)). GPU mode: hardware (WebGL renderer vendor="Google Inc. (NVIDIA)" renderer="ANGLE (NVIDIA, NVIDIA GeForce GTX 1660 SUPER (0x000021C4) Direct3D11 vs_5_0 ps_5_0, D3D11)"). Stage timing: compile=9.1s, browser_probe=1.8s, video_extract=20.0s, audio_process=22.6s, file_server=0.4s, capture_calibration=7.6s, capture_disk=1426.3s, encode=332.9s, assemble=26.6s.
Đã ghi pipeline\videos\cach-hoat-dong-cua-kinh-te-meo\completion-manifest.json.
