Chạy Stage 7b integration check (bắt buộc trước khi render)...
Stage 7b integration check PASS — 6/6 scene, có audio, có caption-track, hyperframes check ok=true (36 mốc/12 shot, 37.4s).
Đang render: npx --yes hyperframes@0.8.56 render --quality looks -o "C:\vox-style-xe-giay-v1-hyperframes\out\lay-bac-tu-phim-x-quang-full.mp4"  "C:\vox-style-xe-giay-v1-hyperframes\hyperframes\videos\lay-bac-tu-phim-x-quang"

◆  Rendering lay-bac-tu-phim-x-quang → C:\vox-style-xe-giay-v1-hyperframes\out\lay-bac-tu-phim-x-quang-full.mp4
   30fps · standard · auto workers (16 cores detected)
   GPU: browser GPU (auto-detect)

[?25l│
◒  Checking browser[1G[J◐  Checking browser[1G[J◓  Checking browser[1G[J◑  Checking browser[1G[J◒  Checking browser[1G[J◐  Checking browser[1G[J◓  Checking browser[1G[J◑  Checking browser[1G[J◇  Browser: cache
[?25h
  Lint: 0 error(s), 60 warning(s) — run with --lint-verbose for full output.
  Continuing render despite lint issues. Use --strict to block errors.

[INFO] [Render] Pipeline started {"renderJobId":"df5dac02-d557-48cf-8417-9c600a948a9e","platform":"win32","arch":"x64","nodeVersion":"v24.20.0","fps":{"num":30,"den":1},"format":"mp4","quality":"standard","browserGpuMode":"auto","forceScreenshot":false,"protocolTimeout":300000,"browserTimeout":120000,"pageNavigationTimeout":60000,"playerReadyTimeout":45000}
[INFO] [Render:trace] {"renderJobId":"df5dac02-d557-48cf-8417-9c600a948a9e","phase":"pipeline","status":"checkpoint","elapsedMs":7,"message":"started","format":"mp4","quality":"standard","browserGpuMode":"auto","forceScreenshot":false,"protocolTimeoutMs":300000,"pageNavigationTimeoutMs":60000,"playerReadyTimeoutMs":45000,"requestedWorkers":"auto"}
[INFO] [Render:trace] {"renderJobId":"df5dac02-d557-48cf-8417-9c600a948a9e","phase":"compile","status":"start","elapsedMs":9,"needsAlpha":false}
  █░░░░░░░░░░░░░░░░░░░░░░░░  5%  Compiling composition
[INFO] [Compiler] Fetched 11 font face(s) for "Be Vietnam Pro" from Google Fonts (cached to C:\Users\DTL\.cache\hyperframes\fonts\be-vietnam-pro)
[INFO] [Compiler] Injected deterministic @font-face rules for 1 requested font families
[INFO] [Compiler] Inlined CDN script: https://cdn.jsdelivr.net/npm/gsap@3.14.2/dist/gsap.min.js
[INFO] [Render] Fast capture: composition uses a CSS 3D rendering context (perspective / preserve-3d / backface-visibility) — disabling drawElementImage for this render. Capture uses the platform's baseline route. {"renderJobId":"df5dac02-d557-48cf-8417-9c600a948a9e"}
[INFO] Compiled composition metadata {"renderJobId":"df5dac02-d557-48cf-8417-9c600a948a9e","entryFile":"index.html","staticDuration":49.36,"width":1080,"height":1920,"videoCount":0,"audioCount":1,"renderModeHints":{"recommendScreenshot":false,"reasons":[]}}
[INFO] [Render:trace] {"renderJobId":"df5dac02-d557-48cf-8417-9c600a948a9e","phase":"compile","status":"end","elapsedMs":2701,"durationMs":2692,"needsAlpha":false}
[INFO] [Render:trace] {"renderJobId":"df5dac02-d557-48cf-8417-9c600a948a9e","phase":"compile","status":"checkpoint","elapsedMs":2705,"message":"composition metadata resolved","width":1080,"height":1920,"videoCount":0,"audioCount":1,"imageCount":12,"deviceScaleFactor":1,"forceScreenshot":false,"compositionHash":"27977ed3fe0f1837"}
[INFO] [Render:trace] {"renderJobId":"df5dac02-d557-48cf-8417-9c600a948a9e","phase":"browser_probe","status":"start","elapsedMs":2705,"forceScreenshot":false,"stagePhase":"calibrating"}
[INFO] [Render:trace] {"renderJobId":"df5dac02-d557-48cf-8417-9c600a948a9e","phase":"browser_probe","status":"end","elapsedMs":3166,"durationMs":461,"forceScreenshot":false,"stagePhase":"calibrating"}
[INFO] [Render:trace] {"renderJobId":"df5dac02-d557-48cf-8417-9c600a948a9e","phase":"browser_probe","status":"checkpoint","elapsedMs":3169,"message":"duration resolved","durationSeconds":49.36,"totalFrames":1481,"compositionHash":"27977ed3fe0f1837","beginFrameStalled":false}
[INFO] [Render:trace] {"renderJobId":"df5dac02-d557-48cf-8417-9c600a948a9e","phase":"video_extract","status":"start","elapsedMs":3170,"videoCount":0}
  ██░░░░░░░░░░░░░░░░░░░░░░░  10%  Extracting video frames
[INFO] [Render:trace] {"renderJobId":"df5dac02-d557-48cf-8417-9c600a948a9e","phase":"video_extract","status":"end","elapsedMs":3179,"durationMs":9,"videoCount":0}
[INFO] [Render:trace] {"renderJobId":"df5dac02-d557-48cf-8417-9c600a948a9e","phase":"video_extract","status":"checkpoint","elapsedMs":3189,"message":"frames resolved","videoCount":0,"extractedVideoCount":0,"totalFramesExtracted":0,"maxFramesPerVideo":0,"avgFramesPerExtractedVideo":null,"vfrPreflightCount":null,"vfrPreflightMs":null,"cacheHits":null,"cacheMisses":null,"transientRetries":null,"minVideoFrameCoverageRatio":null,"authoredTimedClipCount":86}
[INFO] [Render] No HDR sources detected — rendering SDR {"renderJobId":"df5dac02-d557-48cf-8417-9c600a948a9e"}
[INFO] [Render:trace] {"renderJobId":"df5dac02-d557-48cf-8417-9c600a948a9e","phase":"hdr_detection","status":"checkpoint","elapsedMs":3190,"message":"resolved","requestedHdrMode":"auto","effectiveHdr":"sdr","nativeHdrVideoCount":0,"nativeHdrImageCount":0}
[INFO] [Render:trace] {"renderJobId":"df5dac02-d557-48cf-8417-9c600a948a9e","phase":"audio_process","status":"start","elapsedMs":3190,"audioCount":1}
  █████░░░░░░░░░░░░░░░░░░░░  20%  Processing audio tracks
[INFO] [Render:trace] {"renderJobId":"df5dac02-d557-48cf-8417-9c600a948a9e","phase":"audio_process","status":"end","elapsedMs":6045,"durationMs":2855,"audioCount":1}
[INFO] [Render:trace] {"renderJobId":"df5dac02-d557-48cf-8417-9c600a948a9e","phase":"file_server","status":"start","elapsedMs":6045,"reused":false}
  ██████░░░░░░░░░░░░░░░░░░░  25%  Starting frame capture
[INFO] [Render:trace] {"renderJobId":"df5dac02-d557-48cf-8417-9c600a948a9e","phase":"file_server","status":"end","elapsedMs":6425,"durationMs":380}
[hyperframes] browserGpuMode probe → hardware (WebGL renderer vendor="Google Inc. (NVIDIA)" renderer="ANGLE (NVIDIA, NVIDIA GeForce GTX 1660 SUPER (0x000021C4) Direct3D11 vs_5_0 ps_5_0, D3D11)")
[INFO] [Render:trace] {"renderJobId":"df5dac02-d557-48cf-8417-9c600a948a9e","phase":"capture_calibration","status":"start","elapsedMs":7091,"stagePhase":"calibrating","forceScreenshot":false,"totalFrames":1481,"framesCompleted":0,"captureMode":"screenshot","captureOperation":"captureScreenshot"}
[INFO] [Render] Calibration config {"renderJobId":"df5dac02-d557-48cf-8417-9c600a948a9e","protocolTimeout":30000,"parentProtocolTimeout":300000,"forceScreenshot":false,"totalFrames":1481}
[INFO] Launching browser for capture calibration... {"renderJobId":"df5dac02-d557-48cf-8417-9c600a948a9e"}
[BrowserManager] Browser launched (HeadlessChrome/152.0.7977.30, screenshot, gl=--use-gl=angle --use-angle=d3d11, headlessShell=true, platform=win32)
[INFO] Initializing calibration session... {"renderJobId":"df5dac02-d557-48cf-8417-9c600a948a9e"}
[initSession:screenshot] page.goto start (0ms)
[HyperFrames] render runtime fps [object Object]
[initSession:screenshot] page.goto complete (871ms)
[initSession:screenshot] GSAP proxy flush complete (896ms)
[initSession:screenshot] pollHfReady complete (897ms)
[initSession:screenshot] pollSubCompositionTimelines complete (ready) (909ms)
[initSession:screenshot] applyVideoMetadataHints complete (909ms)
[initSession:screenshot] media + fonts + tailwind ready (1008ms)
[initSession:screenshot] static-frame dedup: disabled (verification cost cannot save captures) (1690ms)
[INFO] Calibration session ready, capturing test frames... {"renderJobId":"df5dac02-d557-48cf-8417-9c600a948a9e"}
[INFO] Calibration: capturing test frame 1/5... {"renderJobId":"df5dac02-d557-48cf-8417-9c600a948a9e"}
[INFO] Calibration: capturing test frame 2/5... {"renderJobId":"df5dac02-d557-48cf-8417-9c600a948a9e"}
[INFO] Calibration: capturing test frame 3/5... {"renderJobId":"df5dac02-d557-48cf-8417-9c600a948a9e"}
[INFO] Calibration: capturing test frame 4/5... {"renderJobId":"df5dac02-d557-48cf-8417-9c600a948a9e"}
[INFO] Calibration: capturing test frame 5/5... {"renderJobId":"df5dac02-d557-48cf-8417-9c600a948a9e"}
[INFO] Calibration complete, estimated cost: 171ms/frame (p95) {"renderJobId":"df5dac02-d557-48cf-8417-9c600a948a9e"}
[INFO] [Render:trace] {"renderJobId":"df5dac02-d557-48cf-8417-9c600a948a9e","phase":"capture_calibration","status":"end","elapsedMs":10510,"durationMs":3418,"stagePhase":"calibrating","forceScreenshot":false,"totalFrames":1481,"framesCompleted":0,"captureMode":"screenshot","captureOperation":"captureScreenshot"}
[INFO] [Render:trace] {"renderJobId":"df5dac02-d557-48cf-8417-9c600a948a9e","phase":"capture_calibration","status":"checkpoint","elapsedMs":10510,"message":"resolved","forceScreenshot":false,"multiplier":1,"p95Ms":171}
[WARN] [Render] 6 capture workers may exceed this process's V8 heap (limit 4288MB supports ~5). If the render dies with "JavaScript heap out of memory", raise the heap (NODE_OPTIONS=--max-old-space-size=8192) or pass --workers 5. {"renderJobId":"df5dac02-d557-48cf-8417-9c600a948a9e","heapLimitMb":4288,"heapBasedWorkers":5}
[INFO] [Render:trace] {"renderJobId":"df5dac02-d557-48cf-8417-9c600a948a9e","phase":"worker_resolution","status":"checkpoint","elapsedMs":10513,"message":"resolved","workerCount":6}
[INFO] streaming-encode gate {"renderJobId":"df5dac02-d557-48cf-8417-9c600a948a9e","enabled":false,"reason":"multi_worker","configFlag":true,"durationCapEnabled":false,"outputFormat":"mp4","workerCount":6,"durationSeconds":49.36,"maxDurationSeconds":240}
[INFO] [Render:trace] {"renderJobId":"df5dac02-d557-48cf-8417-9c600a948a9e","phase":"capture_strategy","status":"checkpoint","elapsedMs":10514,"message":"resolved","workerCount":6,"forceScreenshot":false,"captureBeyondViewport":null,"useStreamingEncode":false,"useLayeredComposite":false,"usePageSideCompositing":false,"hasHdrContent":false,"hasShaderTransitions":false,"isPngSequence":false}
[INFO] [Render:trace] {"renderJobId":"df5dac02-d557-48cf-8417-9c600a948a9e","phase":"capture_disk","status":"start","elapsedMs":10514,"stagePhase":"capturing","needsAlpha":false,"workerCount":6,"forceScreenshot":false,"totalFrames":1481,"framesCompleted":0,"captureMode":"screenshot","captureOperation":"captureScreenshot"}
  ██████░░░░░░░░░░░░░░░░░░░  25%  Capturing frame 0/1481 (6 workers)
  ██████░░░░░░░░░░░░░░░░░░░  25%  Capturing frame 0/1481 (6 workers)
  ██████░░░░░░░░░░░░░░░░░░░  25%  Capturing frame 0/1481 (6 workers)
  ██████░░░░░░░░░░░░░░░░░░░  25%  Capturing frame 0/1481 (6 workers)
  ██████░░░░░░░░░░░░░░░░░░░  25%  Capturing frame 0/1481 (6 workers)
  ██████░░░░░░░░░░░░░░░░░░░  25%  Capturing frame 0/1481 (6 workers)
[BrowserManager] Browser launched (HeadlessChrome/152.0.7977.30, screenshot, gl=--use-gl=angle --use-angle=d3d11, headlessShell=true, platform=win32)
  ██████░░░░░░░░░░░░░░░░░░░  25%  Capturing frame 0/1481 (6 workers)
[initSession:screenshot] page.goto start (0ms)
  ██████░░░░░░░░░░░░░░░░░░░  25%  Capturing frame 0/1481 (6 workers)
  ██████░░░░░░░░░░░░░░░░░░░  25%  Capturing frame 0/1481 (6 workers)
[initSession:screenshot] page.goto start (0ms)
  ██████░░░░░░░░░░░░░░░░░░░  25%  Capturing frame 0/1481 (6 workers)
  ██████░░░░░░░░░░░░░░░░░░░  25%  Capturing frame 0/1481 (6 workers)
[initSession:screenshot] page.goto start (0ms)
  ██████░░░░░░░░░░░░░░░░░░░  25%  Capturing frame 0/1481 (6 workers)
  ██████░░░░░░░░░░░░░░░░░░░  25%  Capturing frame 0/1481 (6 workers)
[initSession:screenshot] page.goto start (0ms)
  ██████░░░░░░░░░░░░░░░░░░░  25%  Capturing frame 0/1481 (6 workers)
  ██████░░░░░░░░░░░░░░░░░░░  25%  Capturing frame 0/1481 (6 workers)
[initSession:screenshot] page.goto start (0ms)
  ██████░░░░░░░░░░░░░░░░░░░  25%  Capturing frame 0/1481 (6 workers)
  ██████░░░░░░░░░░░░░░░░░░░  25%  Capturing frame 0/1481 (6 workers)
[initSession:screenshot] page.goto start (0ms)
  ██████░░░░░░░░░░░░░░░░░░░  25%  Capturing frame 0/1481 (6 workers)
[HyperFrames] render runtime fps [object Object]
[HyperFrames] render runtime fps [object Object]
[HyperFrames] render runtime fps [object Object]
[HyperFrames] render runtime fps [object Object]
[HyperFrames] render runtime fps [object Object]
[HyperFrames] render runtime fps [object Object]
[initSession:screenshot] page.goto complete (1049ms)
[initSession:screenshot] page.goto complete (1082ms)
[initSession:screenshot] page.goto complete (1158ms)
[initSession:screenshot] page.goto complete (1085ms)
[initSession:screenshot] page.goto complete (1094ms)
[initSession:screenshot] page.goto complete (1243ms)
[initSession:screenshot] GSAP proxy flush complete (1215ms)
[initSession:screenshot] pollHfReady complete (1217ms)
[initSession:screenshot] GSAP proxy flush complete (1242ms)
[initSession:screenshot] pollHfReady complete (1245ms)
[initSession:screenshot] pollSubCompositionTimelines complete (ready) (1231ms)
[initSession:screenshot] applyVideoMetadataHints complete (1231ms)
[initSession:screenshot] media + fonts + tailwind ready (1237ms)
[initSession:screenshot] pollSubCompositionTimelines complete (ready) (1260ms)
[initSession:screenshot] applyVideoMetadataHints complete (1260ms)
[initSession:screenshot] media + fonts + tailwind ready (1264ms)
[initSession:screenshot] GSAP proxy flush complete (1316ms)
[initSession:screenshot] pollHfReady complete (1318ms)
[initSession:screenshot] GSAP proxy flush complete (1229ms)
[initSession:screenshot] pollHfReady complete (1235ms)
[initSession:screenshot] pollSubCompositionTimelines complete (ready) (1338ms)
[initSession:screenshot] applyVideoMetadataHints complete (1338ms)
[initSession:screenshot] pollSubCompositionTimelines complete (ready) (1255ms)
[initSession:screenshot] applyVideoMetadataHints complete (1255ms)
[initSession:screenshot] media + fonts + tailwind ready (1348ms)
[initSession:screenshot] media + fonts + tailwind ready (1265ms)
[initSession:screenshot] GSAP proxy flush complete (1249ms)
[initSession:screenshot] pollHfReady complete (1255ms)
[initSession:screenshot] pollSubCompositionTimelines complete (ready) (1282ms)
[initSession:screenshot] applyVideoMetadataHints complete (1282ms)
[initSession:screenshot] media + fonts + tailwind ready (1286ms)
[initSession:screenshot] GSAP proxy flush complete (1390ms)
[initSession:screenshot] pollHfReady complete (2322ms)
[initSession:screenshot] pollSubCompositionTimelines complete (ready) (2336ms)
[initSession:screenshot] applyVideoMetadataHints complete (2337ms)
[initSession:screenshot] media + fonts + tailwind ready (2358ms)
[initSession:screenshot] static-frame dedup: disabled (verification cost cannot save captures) (2376ms)
  ██████░░░░░░░░░░░░░░░░░░░  25%  Capturing frame 0/1481 (6 workers)
[initSession:screenshot] static-frame dedup: disabled (verification cost cannot save captures) (2475ms)
  ██████░░░░░░░░░░░░░░░░░░░  25%  Capturing frame 0/1481 (6 workers)
[initSession:screenshot] static-frame dedup: disabled (verification cost cannot save captures) (2513ms)
[initSession:screenshot] static-frame dedup: disabled (verification cost cannot save captures) (2554ms)
  ██████░░░░░░░░░░░░░░░░░░░  25%  Capturing frame 0/1481 (6 workers)
  ██████░░░░░░░░░░░░░░░░░░░  25%  Capturing frame 0/1481 (6 workers)
[initSession:screenshot] static-frame dedup: disabled (verification cost cannot save captures) (2617ms)
  ██████░░░░░░░░░░░░░░░░░░░  25%  Capturing frame 0/1481 (6 workers)
[initSession:screenshot] static-frame dedup: disabled (verification cost cannot save captures) (3332ms)
  ██████░░░░░░░░░░░░░░░░░░░  26%  Capturing frame 30/1481 (6 workers)
  ██████░░░░░░░░░░░░░░░░░░░  27%  Capturing frame 60/1481 (6 workers)
  ███████░░░░░░░░░░░░░░░░░░  28%  Capturing frame 90/1481 (6 workers)
  ███████░░░░░░░░░░░░░░░░░░  29%  Capturing frame 120/1481 (6 workers)
  ███████░░░░░░░░░░░░░░░░░░  30%  Capturing frame 150/1481 (6 workers)
  ███████░░░░░░░░░░░░░░░░░░  30%  Capturing frame 180/1481 (6 workers)
  ███████░░░░░░░░░░░░░░░░░░  31%  Capturing frame 210/1481 (6 workers)
  ████████░░░░░░░░░░░░░░░░░  32%  Capturing frame 240/1481 (6 workers)
  ████████░░░░░░░░░░░░░░░░░  33%  Capturing frame 270/1481 (6 workers)
  ████████░░░░░░░░░░░░░░░░░  34%  Capturing frame 300/1481 (6 workers)
  ████████░░░░░░░░░░░░░░░░░  35%  Capturing frame 330/1481 (6 workers)
  █████████░░░░░░░░░░░░░░░░  36%  Capturing frame 360/1481 (6 workers)
  █████████░░░░░░░░░░░░░░░░  37%  Capturing frame 390/1481 (6 workers)
  █████████░░░░░░░░░░░░░░░░  38%  Capturing frame 420/1481 (6 workers)
  █████████░░░░░░░░░░░░░░░░  39%  Capturing frame 450/1481 (6 workers)
  ██████████░░░░░░░░░░░░░░░  40%  Capturing frame 480/1481 (6 workers)
  ██████████░░░░░░░░░░░░░░░  40%  Capturing frame 510/1481 (6 workers)
  ██████████░░░░░░░░░░░░░░░  41%  Capturing frame 540/1481 (6 workers)
  ██████████░░░░░░░░░░░░░░░  42%  Capturing frame 570/1481 (6 workers)
[INFO] [Render:trace] {"renderJobId":"df5dac02-d557-48cf-8417-9c600a948a9e","phase":"capture_disk","status":"checkpoint","elapsedMs":40516,"message":"stage still running","stagePhase":"capturing","needsAlpha":false,"workerCount":6,"forceScreenshot":false,"totalFrames":1481,"framesCompleted":581,"captureMode":"screenshot","captureOperation":"captureScreenshot","heartbeatIndex":1,"stageElapsedMs":30002}
  ██████████░░░░░░░░░░░░░░░  43%  Capturing frame 600/1481 (6 workers)
  ███████████░░░░░░░░░░░░░░  44%  Capturing frame 630/1481 (6 workers)
  ███████████░░░░░░░░░░░░░░  45%  Capturing frame 660/1481 (6 workers)
  ███████████░░░░░░░░░░░░░░  46%  Capturing frame 690/1481 (6 workers)
  ███████████░░░░░░░░░░░░░░  47%  Capturing frame 720/1481 (6 workers)
  ████████████░░░░░░░░░░░░░  48%  Capturing frame 750/1481 (6 workers)
  ████████████░░░░░░░░░░░░░  49%  Capturing frame 780/1481 (6 workers)
  ████████████░░░░░░░░░░░░░  50%  Capturing frame 810/1481 (6 workers)
  ████████████░░░░░░░░░░░░░  51%  Capturing frame 840/1481 (6 workers)
  ████████████░░░░░░░░░░░░░  51%  Capturing frame 870/1481 (6 workers)
  █████████████░░░░░░░░░░░░  52%  Capturing frame 900/1481 (6 workers)
  █████████████░░░░░░░░░░░░  53%  Capturing frame 930/1481 (6 workers)
  █████████████░░░░░░░░░░░░  54%  Capturing frame 960/1481 (6 workers)
  █████████████░░░░░░░░░░░░  55%  Capturing frame 990/1481 (6 workers)
  ██████████████░░░░░░░░░░░  56%  Capturing frame 1020/1481 (6 workers)
  ██████████████░░░░░░░░░░░  57%  Capturing frame 1050/1481 (6 workers)
  ██████████████░░░░░░░░░░░  58%  Capturing frame 1080/1481 (6 workers)
  ██████████████░░░░░░░░░░░  59%  Capturing frame 1110/1481 (6 workers)
  ███████████████░░░░░░░░░░  60%  Capturing frame 1140/1481 (6 workers)
  ███████████████░░░░░░░░░░  61%  Capturing frame 1170/1481 (6 workers)
  ███████████████░░░░░░░░░░  61%  Capturing frame 1200/1481 (6 workers)
[INFO] [Render:trace] {"renderJobId":"df5dac02-d557-48cf-8417-9c600a948a9e","phase":"capture_disk","status":"checkpoint","elapsedMs":70533,"message":"stage still running","stagePhase":"capturing","needsAlpha":false,"workerCount":6,"forceScreenshot":false,"totalFrames":1481,"framesCompleted":1229,"captureMode":"screenshot","captureOperation":"captureScreenshot","heartbeatIndex":2,"stageElapsedMs":60019}
  ███████████████░░░░░░░░░░  62%  Capturing frame 1230/1481 (6 workers)
  ███████████████░░░░░░░░░░  63%  Capturing frame 1260/1481 (6 workers)
  ████████████████░░░░░░░░░  64%  Capturing frame 1290/1481 (6 workers)
  ████████████████░░░░░░░░░  65%  Capturing frame 1320/1481 (6 workers)
  ████████████████░░░░░░░░░  66%  Capturing frame 1350/1481 (6 workers)
  ████████████████░░░░░░░░░  67%  Capturing frame 1380/1481 (6 workers)
  █████████████████░░░░░░░░  68%  Capturing frame 1410/1481 (6 workers)
  █████████████████░░░░░░░░  69%  Capturing frame 1440/1481 (6 workers)
  █████████████████░░░░░░░░  70%  Capturing frame 1470/1481 (6 workers)
  █████████████████░░░░░░░░  70%  Capturing frame 1481/1481 (6 workers)
[INFO] [Render:trace] {"renderJobId":"df5dac02-d557-48cf-8417-9c600a948a9e","phase":"capture_disk","status":"end","elapsedMs":93660,"durationMs":83146,"stagePhase":"capturing","needsAlpha":false,"workerCount":6,"forceScreenshot":false,"totalFrames":1481,"framesCompleted":1481,"captureMode":"screenshot","captureOperation":"encode"}
[INFO] [Render:trace] {"renderJobId":"df5dac02-d557-48cf-8417-9c600a948a9e","phase":"encode","status":"start","elapsedMs":93661,"stagePhase":"capturing","hasAudio":true,"isPngSequence":false,"isGif":false,"chunkedEncode":false,"workerCount":6,"forceScreenshot":false,"totalFrames":1481,"framesCompleted":1481,"captureMode":"screenshot","captureOperation":"encode"}
  ██████████████████░░░░░░░  75%  Encoding video
[INFO] [Render:trace] {"renderJobId":"df5dac02-d557-48cf-8417-9c600a948a9e","phase":"encode","status":"checkpoint","elapsedMs":123677,"message":"stage still running","stagePhase":"capturing","hasAudio":true,"isPngSequence":false,"isGif":false,"chunkedEncode":false,"workerCount":6,"forceScreenshot":false,"totalFrames":1481,"framesCompleted":1481,"captureMode":"screenshot","captureOperation":"encode","heartbeatIndex":1,"stageElapsedMs":30016}
[INFO] [Render:trace] {"renderJobId":"df5dac02-d557-48cf-8417-9c600a948a9e","phase":"encode","status":"end","elapsedMs":130655,"durationMs":36994,"stagePhase":"capturing","hasAudio":true,"isPngSequence":false,"isGif":false,"chunkedEncode":false,"workerCount":6,"forceScreenshot":false,"totalFrames":1481,"framesCompleted":1481,"captureMode":"screenshot","captureOperation":"encode"}
[INFO] [Render:trace] {"renderJobId":"df5dac02-d557-48cf-8417-9c600a948a9e","phase":"assemble","status":"start","elapsedMs":130656,"stagePhase":"capturing","hasAudio":true,"workerCount":6,"forceScreenshot":false,"totalFrames":1481,"framesCompleted":1481,"captureMode":"screenshot","captureOperation":"encode"}
  ██████████████████████░░░  90%  Assembling final video
[INFO] [Render:trace] {"renderJobId":"df5dac02-d557-48cf-8417-9c600a948a9e","phase":"assemble","status":"end","elapsedMs":136668,"durationMs":6012,"stagePhase":"capturing","hasAudio":true,"workerCount":6,"forceScreenshot":false,"totalFrames":1481,"framesCompleted":1481,"captureMode":"screenshot","captureOperation":"encode"}
[INFO] [Render:trace] {"renderJobId":"df5dac02-d557-48cf-8417-9c600a948a9e","phase":"pipeline","status":"checkpoint","elapsedMs":136894,"message":"artifact validated","totalElapsedMs":136777}
  █████████████████████████  100%  Render complete

◇  C:\vox-style-xe-giay-v1-hyperframes\out\lay-bac-tu-phim-x-quang-full.mp4
   47.4 MB · 49.4s video · rendered in 2m 17.4s
   screenshot capture · hardware gpu · compile 3.2s · extract 0.0s · audio 2.9s · probe 0.5s · setup 4.5s · capture 1m 23.1s · encode 37.0s · assemble 6.0s

Render bản đầy đủ: out\lay-bac-tu-phim-x-quang-full.mp4, 49668009 bytes (47.4MB), 144.0s render time, quality=looks. Xác minh ffprobe: duration=49.367s (khớp audio thật 49.575s), 1080x1920 h264. Capture mode: screenshot (tắt fast-capture do: a CSS 3D rendering context (perspective / preserve-3d / backface-visibility)). GPU mode: hardware (WebGL renderer vendor="Google Inc. (NVIDIA)" renderer="ANGLE (NVIDIA, NVIDIA GeForce GTX 1660 SUPER (0x000021C4) Direct3D11 vs_5_0 ps_5_0, D3D11)"). Stage timing: compile=2.7s, browser_probe=0.5s, video_extract=0.0s, audio_process=2.9s, file_server=0.4s, capture_calibration=3.4s, capture_disk=83.1s, encode=37.0s, assemble=6.0s.
Đã ghi pipeline\videos\lay-bac-tu-phim-x-quang\completion-manifest.json.
