Chạy Stage 7b integration check (bắt buộc trước khi render)...
Stage 7b integration check PASS — 37/37 scene, có audio, có caption-track, hyperframes check ok=true (111 mốc/37 shot, 84.7s).
Đang render: npx --yes hyperframes@0.8.56 render --quality looks -o "C:\vox-style-xe-giay-v1-hyperframes\out\nguon-goc-ra-doi-cua-ai-full.mp4"  "C:\vox-style-xe-giay-v1-hyperframes\hyperframes\videos\nguon-goc-ra-doi-cua-ai"

◆  Rendering nguon-goc-ra-doi-cua-ai → C:\vox-style-xe-giay-v1-hyperframes\out\nguon-goc-ra-doi-cua-ai-full.mp4
   30fps · standard · auto workers (16 cores detected)
   GPU: browser GPU (auto-detect)

[?25l│
◒  Checking browser[1G[J◐  Checking browser[1G[J◓  Checking browser[1G[J◑  Checking browser[1G[J◇  Browser: cache
[?25h
  Lint: 0 error(s), 329 warning(s) — run with --lint-verbose for full output.
  Continuing render despite lint issues. Use --strict to block errors.

[INFO] [Render] Pipeline started {"renderJobId":"6f463634-c73e-4e97-b27d-e005188d2f68","platform":"win32","arch":"x64","nodeVersion":"v24.20.0","fps":{"num":30,"den":1},"format":"mp4","quality":"standard","browserGpuMode":"auto","forceScreenshot":false,"protocolTimeout":300000,"browserTimeout":120000,"pageNavigationTimeout":60000,"playerReadyTimeout":45000}
[INFO] [Render:trace] {"renderJobId":"6f463634-c73e-4e97-b27d-e005188d2f68","phase":"pipeline","status":"checkpoint","elapsedMs":6,"message":"started","format":"mp4","quality":"standard","browserGpuMode":"auto","forceScreenshot":false,"protocolTimeoutMs":300000,"pageNavigationTimeoutMs":60000,"playerReadyTimeoutMs":45000,"requestedWorkers":"auto"}
[INFO] [Render:trace] {"renderJobId":"6f463634-c73e-4e97-b27d-e005188d2f68","phase":"compile","status":"start","elapsedMs":8,"needsAlpha":false}
  █░░░░░░░░░░░░░░░░░░░░░░░░  5%  Compiling composition
[INFO] [Compiler] Fetched 11 font face(s) for "Be Vietnam Pro" from Google Fonts (cached to C:\Users\DTL\.cache\hyperframes\fonts\be-vietnam-pro)
[INFO] [Compiler] Fetched 11 font face(s) for "Inter" from Google Fonts (cached to C:\Users\DTL\.cache\hyperframes\fonts\inter)
[INFO] [Compiler] Injected deterministic @font-face rules for 2 requested font families
[INFO] [Compiler] Inlined CDN script: https://cdn.jsdelivr.net/npm/gsap@3.14.2/dist/gsap.min.js
[INFO] [Render] Fast capture: composition uses a CSS 3D rendering context (perspective / preserve-3d / backface-visibility) — disabling drawElementImage for this render. Capture uses the platform's baseline route. {"renderJobId":"6f463634-c73e-4e97-b27d-e005188d2f68"}
[INFO] Compiled composition metadata {"renderJobId":"6f463634-c73e-4e97-b27d-e005188d2f68","entryFile":"index.html","staticDuration":307.416,"width":1080,"height":1920,"videoCount":0,"audioCount":1,"renderModeHints":{"recommendScreenshot":false,"reasons":[]}}
[INFO] [Render:trace] {"renderJobId":"6f463634-c73e-4e97-b27d-e005188d2f68","phase":"compile","status":"end","elapsedMs":7059,"durationMs":7051,"needsAlpha":false}
[INFO] [Render:trace] {"renderJobId":"6f463634-c73e-4e97-b27d-e005188d2f68","phase":"compile","status":"checkpoint","elapsedMs":7068,"message":"composition metadata resolved","width":1080,"height":1920,"videoCount":0,"audioCount":1,"imageCount":11,"deviceScaleFactor":1,"forceScreenshot":false,"compositionHash":"7de5e6fcead3c353"}
[INFO] [Render:trace] {"renderJobId":"6f463634-c73e-4e97-b27d-e005188d2f68","phase":"browser_probe","status":"start","elapsedMs":7068,"forceScreenshot":false,"stagePhase":"calibrating"}
[INFO] [Render:trace] {"renderJobId":"6f463634-c73e-4e97-b27d-e005188d2f68","phase":"browser_probe","status":"end","elapsedMs":7760,"durationMs":691,"forceScreenshot":false,"stagePhase":"calibrating"}
[INFO] [Render:trace] {"renderJobId":"6f463634-c73e-4e97-b27d-e005188d2f68","phase":"browser_probe","status":"checkpoint","elapsedMs":7771,"message":"duration resolved","durationSeconds":307.416,"totalFrames":9223,"compositionHash":"7de5e6fcead3c353","beginFrameStalled":false}
[INFO] [Render:trace] {"renderJobId":"6f463634-c73e-4e97-b27d-e005188d2f68","phase":"video_extract","status":"start","elapsedMs":7771,"videoCount":0}
  ██░░░░░░░░░░░░░░░░░░░░░░░  10%  Extracting video frames
[INFO] [Render:trace] {"renderJobId":"6f463634-c73e-4e97-b27d-e005188d2f68","phase":"video_extract","status":"end","elapsedMs":7780,"durationMs":9,"videoCount":0}
[INFO] [Render:trace] {"renderJobId":"6f463634-c73e-4e97-b27d-e005188d2f68","phase":"video_extract","status":"checkpoint","elapsedMs":7828,"message":"frames resolved","videoCount":0,"extractedVideoCount":0,"totalFramesExtracted":0,"maxFramesPerVideo":0,"avgFramesPerExtractedVideo":null,"vfrPreflightCount":null,"vfrPreflightMs":null,"cacheHits":null,"cacheMisses":null,"transientRetries":null,"minVideoFrameCoverageRatio":null,"authoredTimedClipCount":386}
[INFO] [Render] No HDR sources detected — rendering SDR {"renderJobId":"6f463634-c73e-4e97-b27d-e005188d2f68"}
[INFO] [Render:trace] {"renderJobId":"6f463634-c73e-4e97-b27d-e005188d2f68","phase":"hdr_detection","status":"checkpoint","elapsedMs":7829,"message":"resolved","requestedHdrMode":"auto","effectiveHdr":"sdr","nativeHdrVideoCount":0,"nativeHdrImageCount":0}
[INFO] [Render:trace] {"renderJobId":"6f463634-c73e-4e97-b27d-e005188d2f68","phase":"audio_process","status":"start","elapsedMs":7829,"audioCount":1}
  █████░░░░░░░░░░░░░░░░░░░░  20%  Processing audio tracks
[INFO] [Render:trace] {"renderJobId":"6f463634-c73e-4e97-b27d-e005188d2f68","phase":"audio_process","status":"end","elapsedMs":19064,"durationMs":11235,"audioCount":1}
[INFO] [Render:trace] {"renderJobId":"6f463634-c73e-4e97-b27d-e005188d2f68","phase":"file_server","status":"start","elapsedMs":19064,"reused":false}
  ██████░░░░░░░░░░░░░░░░░░░  25%  Starting frame capture
[INFO] [Render:trace] {"renderJobId":"6f463634-c73e-4e97-b27d-e005188d2f68","phase":"file_server","status":"end","elapsedMs":19073,"durationMs":8}
[hyperframes] browserGpuMode probe → hardware (WebGL renderer vendor="Google Inc. (NVIDIA)" renderer="ANGLE (NVIDIA, NVIDIA GeForce GTX 1660 SUPER (0x000021C4) Direct3D11 vs_5_0 ps_5_0, D3D11)")
[INFO] [Render:trace] {"renderJobId":"6f463634-c73e-4e97-b27d-e005188d2f68","phase":"capture_calibration","status":"start","elapsedMs":19765,"stagePhase":"calibrating","forceScreenshot":false,"totalFrames":9223,"framesCompleted":0,"captureMode":"screenshot","captureOperation":"captureScreenshot"}
[INFO] [Render] Calibration config {"renderJobId":"6f463634-c73e-4e97-b27d-e005188d2f68","protocolTimeout":30000,"parentProtocolTimeout":300000,"forceScreenshot":false,"totalFrames":9223}
[INFO] Launching browser for capture calibration... {"renderJobId":"6f463634-c73e-4e97-b27d-e005188d2f68"}
[BrowserManager] Browser launched (HeadlessChrome/152.0.7977.30, screenshot, gl=--use-gl=angle --use-angle=d3d11, headlessShell=true, platform=win32)
[INFO] Initializing calibration session... {"renderJobId":"6f463634-c73e-4e97-b27d-e005188d2f68"}
[initSession:screenshot] page.goto start (1ms)
[HyperFrames] render runtime fps [object Object]
[initSession:screenshot] page.goto complete (2368ms)
[initSession:screenshot] GSAP proxy flush complete (2467ms)
[initSession:screenshot] pollHfReady complete (2472ms)
[initSession:screenshot] pollSubCompositionTimelines complete (ready) (2524ms)
[initSession:screenshot] applyVideoMetadataHints complete (2525ms)
[initSession:screenshot] media + fonts + tailwind ready (2531ms)
[initSession:screenshot] static-frame dedup: disabled (eligible) (2562ms)
[INFO] Calibration session ready, capturing test frames... {"renderJobId":"6f463634-c73e-4e97-b27d-e005188d2f68"}
[INFO] Calibration: capturing test frame 1/5... {"renderJobId":"6f463634-c73e-4e97-b27d-e005188d2f68"}
[INFO] Calibration: capturing test frame 2/5... {"renderJobId":"6f463634-c73e-4e97-b27d-e005188d2f68"}
[INFO] Calibration: capturing test frame 3/5... {"renderJobId":"6f463634-c73e-4e97-b27d-e005188d2f68"}
[INFO] Calibration: capturing test frame 4/5... {"renderJobId":"6f463634-c73e-4e97-b27d-e005188d2f68"}
[INFO] Calibration: capturing test frame 5/5... {"renderJobId":"6f463634-c73e-4e97-b27d-e005188d2f68"}
[INFO] Calibration complete, estimated cost: 420ms/frame (p95) {"renderJobId":"6f463634-c73e-4e97-b27d-e005188d2f68"}
[INFO] [Render:trace] {"renderJobId":"6f463634-c73e-4e97-b27d-e005188d2f68","phase":"capture_calibration","status":"end","elapsedMs":24600,"durationMs":4835,"stagePhase":"calibrating","forceScreenshot":false,"totalFrames":9223,"framesCompleted":0,"captureMode":"screenshot","captureOperation":"captureScreenshot"}
[INFO] [Render:trace] {"renderJobId":"6f463634-c73e-4e97-b27d-e005188d2f68","phase":"capture_calibration","status":"checkpoint","elapsedMs":24600,"message":"resolved","forceScreenshot":false,"multiplier":1,"p95Ms":420}
[WARN] [Render] 6 capture workers may exceed this process's V8 heap (limit 4288MB supports ~5). If the render dies with "JavaScript heap out of memory", raise the heap (NODE_OPTIONS=--max-old-space-size=8192) or pass --workers 5. {"renderJobId":"6f463634-c73e-4e97-b27d-e005188d2f68","heapLimitMb":4288,"heapBasedWorkers":5}
[INFO] [Render:trace] {"renderJobId":"6f463634-c73e-4e97-b27d-e005188d2f68","phase":"worker_resolution","status":"checkpoint","elapsedMs":24603,"message":"resolved","workerCount":6}
[INFO] streaming-encode gate {"renderJobId":"6f463634-c73e-4e97-b27d-e005188d2f68","enabled":false,"reason":"multi_worker","configFlag":true,"durationCapEnabled":false,"outputFormat":"mp4","workerCount":6,"durationSeconds":307.416,"maxDurationSeconds":240}
[INFO] [Render:trace] {"renderJobId":"6f463634-c73e-4e97-b27d-e005188d2f68","phase":"capture_strategy","status":"checkpoint","elapsedMs":24604,"message":"resolved","workerCount":6,"forceScreenshot":false,"captureBeyondViewport":null,"useStreamingEncode":false,"useLayeredComposite":false,"usePageSideCompositing":false,"hasHdrContent":false,"hasShaderTransitions":false,"isPngSequence":false}
[INFO] [Render:trace] {"renderJobId":"6f463634-c73e-4e97-b27d-e005188d2f68","phase":"capture_disk","status":"start","elapsedMs":24605,"stagePhase":"capturing","needsAlpha":false,"workerCount":6,"forceScreenshot":false,"totalFrames":9223,"framesCompleted":0,"captureMode":"screenshot","captureOperation":"captureScreenshot"}
  ██████░░░░░░░░░░░░░░░░░░░  25%  Capturing frame 0/9223 (6 workers)
  ██████░░░░░░░░░░░░░░░░░░░  25%  Capturing frame 0/9223 (6 workers)
  ██████░░░░░░░░░░░░░░░░░░░  25%  Capturing frame 0/9223 (6 workers)
  ██████░░░░░░░░░░░░░░░░░░░  25%  Capturing frame 0/9223 (6 workers)
  ██████░░░░░░░░░░░░░░░░░░░  25%  Capturing frame 0/9223 (6 workers)
  ██████░░░░░░░░░░░░░░░░░░░  25%  Capturing frame 0/9223 (6 workers)
[BrowserManager] Browser launched (HeadlessChrome/152.0.7977.30, screenshot, gl=--use-gl=angle --use-angle=d3d11, headlessShell=true, platform=win32)
  ██████░░░░░░░░░░░░░░░░░░░  25%  Capturing frame 0/9223 (6 workers)
[initSession:screenshot] page.goto start (0ms)
  ██████░░░░░░░░░░░░░░░░░░░  25%  Capturing frame 0/9223 (6 workers)
  ██████░░░░░░░░░░░░░░░░░░░  25%  Capturing frame 0/9223 (6 workers)
[initSession:screenshot] page.goto start (0ms)
  ██████░░░░░░░░░░░░░░░░░░░  25%  Capturing frame 0/9223 (6 workers)
  ██████░░░░░░░░░░░░░░░░░░░  25%  Capturing frame 0/9223 (6 workers)
[initSession:screenshot] page.goto start (1ms)
  ██████░░░░░░░░░░░░░░░░░░░  25%  Capturing frame 0/9223 (6 workers)
  ██████░░░░░░░░░░░░░░░░░░░  25%  Capturing frame 0/9223 (6 workers)
[initSession:screenshot] page.goto start (0ms)
  ██████░░░░░░░░░░░░░░░░░░░  25%  Capturing frame 0/9223 (6 workers)
  ██████░░░░░░░░░░░░░░░░░░░  25%  Capturing frame 0/9223 (6 workers)
[initSession:screenshot] page.goto start (0ms)
  ██████░░░░░░░░░░░░░░░░░░░  25%  Capturing frame 0/9223 (6 workers)
  ██████░░░░░░░░░░░░░░░░░░░  25%  Capturing frame 0/9223 (6 workers)
[initSession:screenshot] page.goto start (0ms)
  ██████░░░░░░░░░░░░░░░░░░░  25%  Capturing frame 0/9223 (6 workers)
[HyperFrames] render runtime fps [object Object]
[HyperFrames] render runtime fps [object Object]
[HyperFrames] render runtime fps [object Object]
[HyperFrames] render runtime fps [object Object]
[HyperFrames] render runtime fps [object Object]
[HyperFrames] render runtime fps [object Object]
[initSession:screenshot] page.goto complete (3178ms)
[initSession:screenshot] page.goto complete (3160ms)
[initSession:screenshot] page.goto complete (3339ms)
[initSession:screenshot] GSAP proxy flush complete (3332ms)
[initSession:screenshot] pollHfReady complete (3337ms)
[initSession:screenshot] GSAP proxy flush complete (3301ms)
[initSession:screenshot] pollHfReady complete (3306ms)
[initSession:screenshot] page.goto complete (3345ms)
[initSession:screenshot] page.goto complete (3325ms)
[initSession:screenshot] pollSubCompositionTimelines complete (ready) (3393ms)
[initSession:screenshot] applyVideoMetadataHints complete (3393ms)
[initSession:screenshot] media + fonts + tailwind ready (3397ms)
[initSession:screenshot] pollSubCompositionTimelines complete (ready) (3362ms)
[initSession:screenshot] applyVideoMetadataHints complete (3362ms)
[initSession:screenshot] media + fonts + tailwind ready (3386ms)
[initSession:screenshot] static-frame dedup: disabled (eligible) (3435ms)
  ██████░░░░░░░░░░░░░░░░░░░  25%  Capturing frame 0/9223 (6 workers)
[initSession:screenshot] static-frame dedup: disabled (eligible) (3429ms)
[initSession:screenshot] GSAP proxy flush complete (3491ms)
  ██████░░░░░░░░░░░░░░░░░░░  25%  Capturing frame 0/9223 (6 workers)
[initSession:screenshot] pollHfReady complete (3495ms)
[initSession:screenshot] page.goto complete (3530ms)
[initSession:screenshot] GSAP proxy flush complete (3491ms)
[initSession:screenshot] pollHfReady complete (3496ms)
[initSession:screenshot] GSAP proxy flush complete (3467ms)
[initSession:screenshot] pollHfReady complete (3471ms)
[initSession:screenshot] pollSubCompositionTimelines complete (ready) (3556ms)
[initSession:screenshot] applyVideoMetadataHints complete (3556ms)
[initSession:screenshot] media + fonts + tailwind ready (3563ms)
[initSession:screenshot] pollSubCompositionTimelines complete (ready) (3551ms)
[initSession:screenshot] applyVideoMetadataHints complete (3551ms)
[initSession:screenshot] static-frame dedup: disabled (eligible) (3599ms)
  ██████░░░░░░░░░░░░░░░░░░░  25%  Capturing frame 0/9223 (6 workers)
[initSession:screenshot] pollSubCompositionTimelines complete (ready) (3530ms)
[initSession:screenshot] applyVideoMetadataHints complete (3531ms)
[initSession:screenshot] GSAP proxy flush complete (3708ms)
[initSession:screenshot] pollHfReady complete (3710ms)
[initSession:screenshot] media + fonts + tailwind ready (3662ms)
[initSession:screenshot] media + fonts + tailwind ready (3647ms)
[initSession:screenshot] static-frame dedup: disabled (eligible) (3687ms)
  ██████░░░░░░░░░░░░░░░░░░░  25%  Capturing frame 0/9223 (6 workers)
[initSession:screenshot] pollSubCompositionTimelines complete (ready) (3771ms)
[initSession:screenshot] applyVideoMetadataHints complete (3772ms)
[initSession:screenshot] static-frame dedup: disabled (eligible) (3682ms)
[initSession:screenshot] media + fonts + tailwind ready (3795ms)
  ██████░░░░░░░░░░░░░░░░░░░  25%  Capturing frame 0/9223 (6 workers)
[initSession:screenshot] static-frame dedup: disabled (eligible) (3918ms)
  ██████░░░░░░░░░░░░░░░░░░░  25%  Capturing frame 0/9223 (6 workers)
  ██████░░░░░░░░░░░░░░░░░░░  25%  Capturing frame 30/9223 (6 workers)
  ██████░░░░░░░░░░░░░░░░░░░  25%  Capturing frame 60/9223 (6 workers)
  ██████░░░░░░░░░░░░░░░░░░░  25%  Capturing frame 90/9223 (6 workers)
  ██████░░░░░░░░░░░░░░░░░░░  26%  Capturing frame 120/9223 (6 workers)
  ██████░░░░░░░░░░░░░░░░░░░  26%  Capturing frame 150/9223 (6 workers)
  ██████░░░░░░░░░░░░░░░░░░░  26%  Capturing frame 180/9223 (6 workers)
  ██████░░░░░░░░░░░░░░░░░░░  26%  Capturing frame 210/9223 (6 workers)
  ██████░░░░░░░░░░░░░░░░░░░  26%  Capturing frame 240/9223 (6 workers)
  ██████░░░░░░░░░░░░░░░░░░░  26%  Capturing frame 270/9223 (6 workers)
  ██████░░░░░░░░░░░░░░░░░░░  26%  Capturing frame 300/9223 (6 workers)
  ██████░░░░░░░░░░░░░░░░░░░  27%  Capturing frame 330/9223 (6 workers)
  ██████░░░░░░░░░░░░░░░░░░░  27%  Capturing frame 360/9223 (6 workers)
  ██████░░░░░░░░░░░░░░░░░░░  27%  Capturing frame 390/9223 (6 workers)
  ██████░░░░░░░░░░░░░░░░░░░  27%  Capturing frame 420/9223 (6 workers)
  ██████░░░░░░░░░░░░░░░░░░░  27%  Capturing frame 450/9223 (6 workers)
  ██████░░░░░░░░░░░░░░░░░░░  27%  Capturing frame 480/9223 (6 workers)
  ██████░░░░░░░░░░░░░░░░░░░  27%  Capturing frame 510/9223 (6 workers)
  ███████░░░░░░░░░░░░░░░░░░  28%  Capturing frame 540/9223 (6 workers)
[INFO] [Render:trace] {"renderJobId":"6f463634-c73e-4e97-b27d-e005188d2f68","phase":"capture_disk","status":"checkpoint","elapsedMs":54615,"message":"stage still running","stagePhase":"capturing","needsAlpha":false,"workerCount":6,"forceScreenshot":false,"totalFrames":9223,"framesCompleted":562,"captureMode":"screenshot","captureOperation":"captureScreenshot","heartbeatIndex":1,"stageElapsedMs":30010}
  ███████░░░░░░░░░░░░░░░░░░  28%  Capturing frame 570/9223 (6 workers)
  ███████░░░░░░░░░░░░░░░░░░  28%  Capturing frame 600/9223 (6 workers)
  ███████░░░░░░░░░░░░░░░░░░  28%  Capturing frame 630/9223 (6 workers)
  ███████░░░░░░░░░░░░░░░░░░  28%  Capturing frame 660/9223 (6 workers)
  ███████░░░░░░░░░░░░░░░░░░  28%  Capturing frame 690/9223 (6 workers)
  ███████░░░░░░░░░░░░░░░░░░  29%  Capturing frame 720/9223 (6 workers)
  ███████░░░░░░░░░░░░░░░░░░  29%  Capturing frame 750/9223 (6 workers)
  ███████░░░░░░░░░░░░░░░░░░  29%  Capturing frame 780/9223 (6 workers)
  ███████░░░░░░░░░░░░░░░░░░  29%  Capturing frame 810/9223 (6 workers)
  ███████░░░░░░░░░░░░░░░░░░  29%  Capturing frame 840/9223 (6 workers)
  ███████░░░░░░░░░░░░░░░░░░  29%  Capturing frame 870/9223 (6 workers)
  ███████░░░░░░░░░░░░░░░░░░  29%  Capturing frame 900/9223 (6 workers)
  ███████░░░░░░░░░░░░░░░░░░  30%  Capturing frame 930/9223 (6 workers)
  ███████░░░░░░░░░░░░░░░░░░  30%  Capturing frame 960/9223 (6 workers)
  ███████░░░░░░░░░░░░░░░░░░  30%  Capturing frame 990/9223 (6 workers)
  ███████░░░░░░░░░░░░░░░░░░  30%  Capturing frame 1020/9223 (6 workers)
  ███████░░░░░░░░░░░░░░░░░░  30%  Capturing frame 1050/9223 (6 workers)
  ███████░░░░░░░░░░░░░░░░░░  30%  Capturing frame 1080/9223 (6 workers)
  ███████░░░░░░░░░░░░░░░░░░  30%  Capturing frame 1110/9223 (6 workers)
  ███████░░░░░░░░░░░░░░░░░░  31%  Capturing frame 1140/9223 (6 workers)
  ███████░░░░░░░░░░░░░░░░░░  31%  Capturing frame 1170/9223 (6 workers)
  ███████░░░░░░░░░░░░░░░░░░  31%  Capturing frame 1200/9223 (6 workers)
  ███████░░░░░░░░░░░░░░░░░░  31%  Capturing frame 1230/9223 (6 workers)
  ███████░░░░░░░░░░░░░░░░░░  31%  Capturing frame 1260/9223 (6 workers)
[INFO] [Render:trace] {"renderJobId":"6f463634-c73e-4e97-b27d-e005188d2f68","phase":"capture_disk","status":"checkpoint","elapsedMs":84625,"message":"stage still running","stagePhase":"capturing","needsAlpha":false,"workerCount":6,"forceScreenshot":false,"totalFrames":9223,"framesCompleted":1278,"captureMode":"screenshot","captureOperation":"captureScreenshot","heartbeatIndex":2,"stageElapsedMs":60020}
  ███████░░░░░░░░░░░░░░░░░░  31%  Capturing frame 1290/9223 (6 workers)
  ███████░░░░░░░░░░░░░░░░░░  31%  Capturing frame 1320/9223 (6 workers)
  ████████░░░░░░░░░░░░░░░░░  32%  Capturing frame 1350/9223 (6 workers)
  ████████░░░░░░░░░░░░░░░░░  32%  Capturing frame 1380/9223 (6 workers)
  ████████░░░░░░░░░░░░░░░░░  32%  Capturing frame 1410/9223 (6 workers)
  ████████░░░░░░░░░░░░░░░░░  32%  Capturing frame 1440/9223 (6 workers)
  ████████░░░░░░░░░░░░░░░░░  32%  Capturing frame 1470/9223 (6 workers)
  ████████░░░░░░░░░░░░░░░░░  32%  Capturing frame 1500/9223 (6 workers)
  ████████░░░░░░░░░░░░░░░░░  32%  Capturing frame 1530/9223 (6 workers)
  ████████░░░░░░░░░░░░░░░░░  33%  Capturing frame 1560/9223 (6 workers)
  ████████░░░░░░░░░░░░░░░░░  33%  Capturing frame 1590/9223 (6 workers)
  ████████░░░░░░░░░░░░░░░░░  33%  Capturing frame 1620/9223 (6 workers)
  ████████░░░░░░░░░░░░░░░░░  33%  Capturing frame 1650/9223 (6 workers)
  ████████░░░░░░░░░░░░░░░░░  33%  Capturing frame 1680/9223 (6 workers)
  ████████░░░░░░░░░░░░░░░░░  33%  Capturing frame 1710/9223 (6 workers)
  ████████░░░░░░░░░░░░░░░░░  33%  Capturing frame 1740/9223 (6 workers)
  ████████░░░░░░░░░░░░░░░░░  34%  Capturing frame 1770/9223 (6 workers)
  ████████░░░░░░░░░░░░░░░░░  34%  Capturing frame 1800/9223 (6 workers)
  ████████░░░░░░░░░░░░░░░░░  34%  Capturing frame 1830/9223 (6 workers)
  ████████░░░░░░░░░░░░░░░░░  34%  Capturing frame 1860/9223 (6 workers)
  ████████░░░░░░░░░░░░░░░░░  34%  Capturing frame 1890/9223 (6 workers)
  ████████░░░░░░░░░░░░░░░░░  34%  Capturing frame 1920/9223 (6 workers)
  ████████░░░░░░░░░░░░░░░░░  35%  Capturing frame 1950/9223 (6 workers)
  ████████░░░░░░░░░░░░░░░░░  35%  Capturing frame 1980/9223 (6 workers)
  ████████░░░░░░░░░░░░░░░░░  35%  Capturing frame 2010/9223 (6 workers)
  ████████░░░░░░░░░░░░░░░░░  35%  Capturing frame 2040/9223 (6 workers)
  ████████░░░░░░░░░░░░░░░░░  35%  Capturing frame 2070/9223 (6 workers)
  ████████░░░░░░░░░░░░░░░░░  35%  Capturing frame 2100/9223 (6 workers)
  ████████░░░░░░░░░░░░░░░░░  35%  Capturing frame 2130/9223 (6 workers)
  █████████░░░░░░░░░░░░░░░░  36%  Capturing frame 2160/9223 (6 workers)
  █████████░░░░░░░░░░░░░░░░  36%  Capturing frame 2190/9223 (6 workers)
  █████████░░░░░░░░░░░░░░░░  36%  Capturing frame 2220/9223 (6 workers)
  █████████░░░░░░░░░░░░░░░░  36%  Capturing frame 2250/9223 (6 workers)
  █████████░░░░░░░░░░░░░░░░  36%  Capturing frame 2280/9223 (6 workers)
  █████████░░░░░░░░░░░░░░░░  36%  Capturing frame 2310/9223 (6 workers)
  █████████░░░░░░░░░░░░░░░░  36%  Capturing frame 2340/9223 (6 workers)
  █████████░░░░░░░░░░░░░░░░  37%  Capturing frame 2370/9223 (6 workers)
  █████████░░░░░░░░░░░░░░░░  37%  Capturing frame 2400/9223 (6 workers)
  █████████░░░░░░░░░░░░░░░░  37%  Capturing frame 2430/9223 (6 workers)
  █████████░░░░░░░░░░░░░░░░  37%  Capturing frame 2460/9223 (6 workers)
  █████████░░░░░░░░░░░░░░░░  37%  Capturing frame 2490/9223 (6 workers)
  █████████░░░░░░░░░░░░░░░░  37%  Capturing frame 2520/9223 (6 workers)
  █████████░░░░░░░░░░░░░░░░  37%  Capturing frame 2550/9223 (6 workers)
  █████████░░░░░░░░░░░░░░░░  38%  Capturing frame 2580/9223 (6 workers)
  █████████░░░░░░░░░░░░░░░░  38%  Capturing frame 2610/9223 (6 workers)
  █████████░░░░░░░░░░░░░░░░  38%  Capturing frame 2640/9223 (6 workers)
  █████████░░░░░░░░░░░░░░░░  38%  Capturing frame 2670/9223 (6 workers)
  █████████░░░░░░░░░░░░░░░░  38%  Capturing frame 2700/9223 (6 workers)
  █████████░░░░░░░░░░░░░░░░  38%  Capturing frame 2730/9223 (6 workers)
  █████████░░░░░░░░░░░░░░░░  38%  Capturing frame 2760/9223 (6 workers)
  █████████░░░░░░░░░░░░░░░░  39%  Capturing frame 2790/9223 (6 workers)
  █████████░░░░░░░░░░░░░░░░  39%  Capturing frame 2820/9223 (6 workers)
  █████████░░░░░░░░░░░░░░░░  39%  Capturing frame 2850/9223 (6 workers)
[INFO] [Render:trace] {"renderJobId":"6f463634-c73e-4e97-b27d-e005188d2f68","phase":"capture_disk","status":"checkpoint","elapsedMs":144634,"message":"stage still running","stagePhase":"capturing","needsAlpha":false,"workerCount":6,"forceScreenshot":false,"totalFrames":9223,"framesCompleted":2851,"captureMode":"screenshot","captureOperation":"captureScreenshot","heartbeatIndex":3,"stageElapsedMs":120029}
  █████████░░░░░░░░░░░░░░░░  39%  Capturing frame 2880/9223 (6 workers)
  █████████░░░░░░░░░░░░░░░░  39%  Capturing frame 2910/9223 (6 workers)
  █████████░░░░░░░░░░░░░░░░  39%  Capturing frame 2940/9223 (6 workers)
  █████████░░░░░░░░░░░░░░░░  39%  Capturing frame 2970/9223 (6 workers)
  ██████████░░░░░░░░░░░░░░░  40%  Capturing frame 3000/9223 (6 workers)
  ██████████░░░░░░░░░░░░░░░  40%  Capturing frame 3030/9223 (6 workers)
  ██████████░░░░░░░░░░░░░░░  40%  Capturing frame 3060/9223 (6 workers)
  ██████████░░░░░░░░░░░░░░░  40%  Capturing frame 3090/9223 (6 workers)
  ██████████░░░░░░░░░░░░░░░  40%  Capturing frame 3120/9223 (6 workers)
  ██████████░░░░░░░░░░░░░░░  40%  Capturing frame 3150/9223 (6 workers)
  ██████████░░░░░░░░░░░░░░░  41%  Capturing frame 3180/9223 (6 workers)
  ██████████░░░░░░░░░░░░░░░  41%  Capturing frame 3210/9223 (6 workers)
  ██████████░░░░░░░░░░░░░░░  41%  Capturing frame 3240/9223 (6 workers)
  ██████████░░░░░░░░░░░░░░░  41%  Capturing frame 3270/9223 (6 workers)
  ██████████░░░░░░░░░░░░░░░  41%  Capturing frame 3300/9223 (6 workers)
  ██████████░░░░░░░░░░░░░░░  41%  Capturing frame 3330/9223 (6 workers)
  ██████████░░░░░░░░░░░░░░░  41%  Capturing frame 3360/9223 (6 workers)
  ██████████░░░░░░░░░░░░░░░  42%  Capturing frame 3390/9223 (6 workers)
  ██████████░░░░░░░░░░░░░░░  42%  Capturing frame 3420/9223 (6 workers)
  ██████████░░░░░░░░░░░░░░░  42%  Capturing frame 3450/9223 (6 workers)
  ██████████░░░░░░░░░░░░░░░  42%  Capturing frame 3480/9223 (6 workers)
  ██████████░░░░░░░░░░░░░░░  42%  Capturing frame 3510/9223 (6 workers)
  ██████████░░░░░░░░░░░░░░░  42%  Capturing frame 3540/9223 (6 workers)
  ██████████░░░░░░░░░░░░░░░  42%  Capturing frame 3570/9223 (6 workers)
  ██████████░░░░░░░░░░░░░░░  43%  Capturing frame 3600/9223 (6 workers)
  ██████████░░░░░░░░░░░░░░░  43%  Capturing frame 3630/9223 (6 workers)
  ██████████░░░░░░░░░░░░░░░  43%  Capturing frame 3660/9223 (6 workers)
  ██████████░░░░░░░░░░░░░░░  43%  Capturing frame 3690/9223 (6 workers)
  ██████████░░░░░░░░░░░░░░░  43%  Capturing frame 3720/9223 (6 workers)
  ██████████░░░░░░░░░░░░░░░  43%  Capturing frame 3750/9223 (6 workers)
  ██████████░░░░░░░░░░░░░░░  43%  Capturing frame 3780/9223 (6 workers)
  ███████████░░░░░░░░░░░░░░  44%  Capturing frame 3810/9223 (6 workers)
  ███████████░░░░░░░░░░░░░░  44%  Capturing frame 3840/9223 (6 workers)
  ███████████░░░░░░░░░░░░░░  44%  Capturing frame 3870/9223 (6 workers)
  ███████████░░░░░░░░░░░░░░  44%  Capturing frame 3900/9223 (6 workers)
  ███████████░░░░░░░░░░░░░░  44%  Capturing frame 3930/9223 (6 workers)
  ███████████░░░░░░░░░░░░░░  44%  Capturing frame 3960/9223 (6 workers)
  ███████████░░░░░░░░░░░░░░  44%  Capturing frame 3990/9223 (6 workers)
  ███████████░░░░░░░░░░░░░░  45%  Capturing frame 4020/9223 (6 workers)
  ███████████░░░░░░░░░░░░░░  45%  Capturing frame 4050/9223 (6 workers)
  ███████████░░░░░░░░░░░░░░  45%  Capturing frame 4080/9223 (6 workers)
  ███████████░░░░░░░░░░░░░░  45%  Capturing frame 4110/9223 (6 workers)
  ███████████░░░░░░░░░░░░░░  45%  Capturing frame 4140/9223 (6 workers)
  ███████████░░░░░░░░░░░░░░  45%  Capturing frame 4170/9223 (6 workers)
  ███████████░░░░░░░░░░░░░░  45%  Capturing frame 4200/9223 (6 workers)
  ███████████░░░░░░░░░░░░░░  46%  Capturing frame 4230/9223 (6 workers)
  ███████████░░░░░░░░░░░░░░  46%  Capturing frame 4260/9223 (6 workers)
  ███████████░░░░░░░░░░░░░░  46%  Capturing frame 4290/9223 (6 workers)
  ███████████░░░░░░░░░░░░░░  46%  Capturing frame 4320/9223 (6 workers)
  ███████████░░░░░░░░░░░░░░  46%  Capturing frame 4350/9223 (6 workers)
  ███████████░░░░░░░░░░░░░░  46%  Capturing frame 4380/9223 (6 workers)
  ███████████░░░░░░░░░░░░░░  47%  Capturing frame 4410/9223 (6 workers)
  ███████████░░░░░░░░░░░░░░  47%  Capturing frame 4440/9223 (6 workers)
  ███████████░░░░░░░░░░░░░░  47%  Capturing frame 4470/9223 (6 workers)
  ███████████░░░░░░░░░░░░░░  47%  Capturing frame 4500/9223 (6 workers)
  ███████████░░░░░░░░░░░░░░  47%  Capturing frame 4530/9223 (6 workers)
  ███████████░░░░░░░░░░░░░░  47%  Capturing frame 4560/9223 (6 workers)
  ███████████░░░░░░░░░░░░░░  47%  Capturing frame 4590/9223 (6 workers)
  ████████████░░░░░░░░░░░░░  48%  Capturing frame 4620/9223 (6 workers)
  ████████████░░░░░░░░░░░░░  48%  Capturing frame 4650/9223 (6 workers)
  ████████████░░░░░░░░░░░░░  48%  Capturing frame 4680/9223 (6 workers)
  ████████████░░░░░░░░░░░░░  48%  Capturing frame 4710/9223 (6 workers)
  ████████████░░░░░░░░░░░░░  48%  Capturing frame 4740/9223 (6 workers)
  ████████████░░░░░░░░░░░░░  48%  Capturing frame 4770/9223 (6 workers)
  ████████████░░░░░░░░░░░░░  48%  Capturing frame 4800/9223 (6 workers)
  ████████████░░░░░░░░░░░░░  49%  Capturing frame 4830/9223 (6 workers)
  ████████████░░░░░░░░░░░░░  49%  Capturing frame 4860/9223 (6 workers)
  ████████████░░░░░░░░░░░░░  49%  Capturing frame 4890/9223 (6 workers)
  ████████████░░░░░░░░░░░░░  49%  Capturing frame 4920/9223 (6 workers)
  ████████████░░░░░░░░░░░░░  49%  Capturing frame 4950/9223 (6 workers)
  ████████████░░░░░░░░░░░░░  49%  Capturing frame 4980/9223 (6 workers)
  ████████████░░░░░░░░░░░░░  49%  Capturing frame 5010/9223 (6 workers)
  ████████████░░░░░░░░░░░░░  50%  Capturing frame 5040/9223 (6 workers)
  ████████████░░░░░░░░░░░░░  50%  Capturing frame 5070/9223 (6 workers)
  ████████████░░░░░░░░░░░░░  50%  Capturing frame 5100/9223 (6 workers)
  ████████████░░░░░░░░░░░░░  50%  Capturing frame 5130/9223 (6 workers)
  ████████████░░░░░░░░░░░░░  50%  Capturing frame 5160/9223 (6 workers)
  ████████████░░░░░░░░░░░░░  50%  Capturing frame 5190/9223 (6 workers)
  ████████████░░░░░░░░░░░░░  50%  Capturing frame 5220/9223 (6 workers)
  ████████████░░░░░░░░░░░░░  51%  Capturing frame 5250/9223 (6 workers)
  ████████████░░░░░░░░░░░░░  51%  Capturing frame 5280/9223 (6 workers)
  ████████████░░░░░░░░░░░░░  51%  Capturing frame 5310/9223 (6 workers)
  ████████████░░░░░░░░░░░░░  51%  Capturing frame 5340/9223 (6 workers)
  ████████████░░░░░░░░░░░░░  51%  Capturing frame 5370/9223 (6 workers)
  ████████████░░░░░░░░░░░░░  51%  Capturing frame 5400/9223 (6 workers)
  ████████████░░░░░░░░░░░░░  51%  Capturing frame 5430/9223 (6 workers)
  █████████████░░░░░░░░░░░░  52%  Capturing frame 5460/9223 (6 workers)
  █████████████░░░░░░░░░░░░  52%  Capturing frame 5490/9223 (6 workers)
  █████████████░░░░░░░░░░░░  52%  Capturing frame 5520/9223 (6 workers)
  █████████████░░░░░░░░░░░░  52%  Capturing frame 5550/9223 (6 workers)
  █████████████░░░░░░░░░░░░  52%  Capturing frame 5580/9223 (6 workers)
  █████████████░░░░░░░░░░░░  52%  Capturing frame 5610/9223 (6 workers)
  █████████████░░░░░░░░░░░░  53%  Capturing frame 5640/9223 (6 workers)
  █████████████░░░░░░░░░░░░  53%  Capturing frame 5670/9223 (6 workers)
  █████████████░░░░░░░░░░░░  53%  Capturing frame 5700/9223 (6 workers)
  █████████████░░░░░░░░░░░░  53%  Capturing frame 5730/9223 (6 workers)
  █████████████░░░░░░░░░░░░  53%  Capturing frame 5760/9223 (6 workers)
  █████████████░░░░░░░░░░░░  53%  Capturing frame 5790/9223 (6 workers)
  █████████████░░░░░░░░░░░░  53%  Capturing frame 5820/9223 (6 workers)
  █████████████░░░░░░░░░░░░  54%  Capturing frame 5850/9223 (6 workers)
  █████████████░░░░░░░░░░░░  54%  Capturing frame 5880/9223 (6 workers)
  █████████████░░░░░░░░░░░░  54%  Capturing frame 5910/9223 (6 workers)
  █████████████░░░░░░░░░░░░  54%  Capturing frame 5940/9223 (6 workers)
  █████████████░░░░░░░░░░░░  54%  Capturing frame 5970/9223 (6 workers)
  █████████████░░░░░░░░░░░░  54%  Capturing frame 6000/9223 (6 workers)
  █████████████░░░░░░░░░░░░  54%  Capturing frame 6030/9223 (6 workers)
  █████████████░░░░░░░░░░░░  55%  Capturing frame 6060/9223 (6 workers)
[INFO] [Render:trace] {"renderJobId":"6f463634-c73e-4e97-b27d-e005188d2f68","phase":"capture_disk","status":"checkpoint","elapsedMs":264644,"message":"stage still running","stagePhase":"capturing","needsAlpha":false,"workerCount":6,"forceScreenshot":false,"totalFrames":9223,"framesCompleted":6079,"captureMode":"screenshot","captureOperation":"captureScreenshot","heartbeatIndex":4,"stageElapsedMs":240039}
  █████████████░░░░░░░░░░░░  55%  Capturing frame 6090/9223 (6 workers)
  █████████████░░░░░░░░░░░░  55%  Capturing frame 6120/9223 (6 workers)
  █████████████░░░░░░░░░░░░  55%  Capturing frame 6150/9223 (6 workers)
  █████████████░░░░░░░░░░░░  55%  Capturing frame 6180/9223 (6 workers)
  █████████████░░░░░░░░░░░░  55%  Capturing frame 6210/9223 (6 workers)
  █████████████░░░░░░░░░░░░  55%  Capturing frame 6240/9223 (6 workers)
  ██████████████░░░░░░░░░░░  56%  Capturing frame 6270/9223 (6 workers)
  ██████████████░░░░░░░░░░░  56%  Capturing frame 6300/9223 (6 workers)
  ██████████████░░░░░░░░░░░  56%  Capturing frame 6330/9223 (6 workers)
  ██████████████░░░░░░░░░░░  56%  Capturing frame 6360/9223 (6 workers)
  ██████████████░░░░░░░░░░░  56%  Capturing frame 6390/9223 (6 workers)
  ██████████████░░░░░░░░░░░  56%  Capturing frame 6420/9223 (6 workers)
  ██████████████░░░░░░░░░░░  56%  Capturing frame 6450/9223 (6 workers)
  ██████████████░░░░░░░░░░░  57%  Capturing frame 6480/9223 (6 workers)
  ██████████████░░░░░░░░░░░  57%  Capturing frame 6510/9223 (6 workers)
  ██████████████░░░░░░░░░░░  57%  Capturing frame 6540/9223 (6 workers)
  ██████████████░░░░░░░░░░░  57%  Capturing frame 6570/9223 (6 workers)
  ██████████████░░░░░░░░░░░  57%  Capturing frame 6600/9223 (6 workers)
  ██████████████░░░░░░░░░░░  57%  Capturing frame 6630/9223 (6 workers)
  ██████████████░░░░░░░░░░░  57%  Capturing frame 6660/9223 (6 workers)
  ██████████████░░░░░░░░░░░  58%  Capturing frame 6690/9223 (6 workers)
  ██████████████░░░░░░░░░░░  58%  Capturing frame 6720/9223 (6 workers)
  ██████████████░░░░░░░░░░░  58%  Capturing frame 6750/9223 (6 workers)
  ██████████████░░░░░░░░░░░  58%  Capturing frame 6780/9223 (6 workers)
  ██████████████░░░░░░░░░░░  58%  Capturing frame 6810/9223 (6 workers)
  ██████████████░░░░░░░░░░░  58%  Capturing frame 6840/9223 (6 workers)
  ██████████████░░░░░░░░░░░  59%  Capturing frame 6870/9223 (6 workers)
  ██████████████░░░░░░░░░░░  59%  Capturing frame 6900/9223 (6 workers)
  ██████████████░░░░░░░░░░░  59%  Capturing frame 6930/9223 (6 workers)
  ██████████████░░░░░░░░░░░  59%  Capturing frame 6960/9223 (6 workers)
  ██████████████░░░░░░░░░░░  59%  Capturing frame 6990/9223 (6 workers)
  ██████████████░░░░░░░░░░░  59%  Capturing frame 7020/9223 (6 workers)
  ██████████████░░░░░░░░░░░  59%  Capturing frame 7050/9223 (6 workers)
  ███████████████░░░░░░░░░░  60%  Capturing frame 7080/9223 (6 workers)
  ███████████████░░░░░░░░░░  60%  Capturing frame 7110/9223 (6 workers)
  ███████████████░░░░░░░░░░  60%  Capturing frame 7140/9223 (6 workers)
  ███████████████░░░░░░░░░░  60%  Capturing frame 7170/9223 (6 workers)
  ███████████████░░░░░░░░░░  60%  Capturing frame 7200/9223 (6 workers)
  ███████████████░░░░░░░░░░  60%  Capturing frame 7230/9223 (6 workers)
  ███████████████░░░░░░░░░░  60%  Capturing frame 7260/9223 (6 workers)
  ███████████████░░░░░░░░░░  61%  Capturing frame 7290/9223 (6 workers)
  ███████████████░░░░░░░░░░  61%  Capturing frame 7320/9223 (6 workers)
  ███████████████░░░░░░░░░░  61%  Capturing frame 7350/9223 (6 workers)
  ███████████████░░░░░░░░░░  61%  Capturing frame 7380/9223 (6 workers)
  ███████████████░░░░░░░░░░  61%  Capturing frame 7410/9223 (6 workers)
  ███████████████░░░░░░░░░░  61%  Capturing frame 7440/9223 (6 workers)
  ███████████████░░░░░░░░░░  61%  Capturing frame 7470/9223 (6 workers)
  ███████████████░░░░░░░░░░  62%  Capturing frame 7500/9223 (6 workers)
  ███████████████░░░░░░░░░░  62%  Capturing frame 7530/9223 (6 workers)
  ███████████████░░░░░░░░░░  62%  Capturing frame 7560/9223 (6 workers)
  ███████████████░░░░░░░░░░  62%  Capturing frame 7590/9223 (6 workers)
  ███████████████░░░░░░░░░░  62%  Capturing frame 7620/9223 (6 workers)
  ███████████████░░░░░░░░░░  62%  Capturing frame 7650/9223 (6 workers)
  ███████████████░░░░░░░░░░  62%  Capturing frame 7680/9223 (6 workers)
  ███████████████░░░░░░░░░░  63%  Capturing frame 7710/9223 (6 workers)
  ███████████████░░░░░░░░░░  63%  Capturing frame 7740/9223 (6 workers)
  ███████████████░░░░░░░░░░  63%  Capturing frame 7770/9223 (6 workers)
  ███████████████░░░░░░░░░░  63%  Capturing frame 7800/9223 (6 workers)
  ███████████████░░░░░░░░░░  63%  Capturing frame 7830/9223 (6 workers)
  ███████████████░░░░░░░░░░  63%  Capturing frame 7860/9223 (6 workers)
  ███████████████░░░░░░░░░░  63%  Capturing frame 7890/9223 (6 workers)
  ████████████████░░░░░░░░░  64%  Capturing frame 7920/9223 (6 workers)
  ████████████████░░░░░░░░░  64%  Capturing frame 7950/9223 (6 workers)
  ████████████████░░░░░░░░░  64%  Capturing frame 7980/9223 (6 workers)
  ████████████████░░░░░░░░░  64%  Capturing frame 8010/9223 (6 workers)
  ████████████████░░░░░░░░░  64%  Capturing frame 8040/9223 (6 workers)
  ████████████████░░░░░░░░░  64%  Capturing frame 8070/9223 (6 workers)
  ████████████████░░░░░░░░░  65%  Capturing frame 8100/9223 (6 workers)
  ████████████████░░░░░░░░░  65%  Capturing frame 8130/9223 (6 workers)
  ████████████████░░░░░░░░░  65%  Capturing frame 8160/9223 (6 workers)
  ████████████████░░░░░░░░░  65%  Capturing frame 8190/9223 (6 workers)
  ████████████████░░░░░░░░░  65%  Capturing frame 8220/9223 (6 workers)
  ████████████████░░░░░░░░░  65%  Capturing frame 8250/9223 (6 workers)
  ████████████████░░░░░░░░░  65%  Capturing frame 8280/9223 (6 workers)
  ████████████████░░░░░░░░░  66%  Capturing frame 8310/9223 (6 workers)
  ████████████████░░░░░░░░░  66%  Capturing frame 8340/9223 (6 workers)
  ████████████████░░░░░░░░░  66%  Capturing frame 8370/9223 (6 workers)
  ████████████████░░░░░░░░░  66%  Capturing frame 8400/9223 (6 workers)
  ████████████████░░░░░░░░░  66%  Capturing frame 8430/9223 (6 workers)
  ████████████████░░░░░░░░░  66%  Capturing frame 8460/9223 (6 workers)
  ████████████████░░░░░░░░░  66%  Capturing frame 8490/9223 (6 workers)
  ████████████████░░░░░░░░░  67%  Capturing frame 8520/9223 (6 workers)
  ████████████████░░░░░░░░░  67%  Capturing frame 8550/9223 (6 workers)
  ████████████████░░░░░░░░░  67%  Capturing frame 8580/9223 (6 workers)
  ████████████████░░░░░░░░░  67%  Capturing frame 8610/9223 (6 workers)
  ████████████████░░░░░░░░░  67%  Capturing frame 8640/9223 (6 workers)
  ████████████████░░░░░░░░░  67%  Capturing frame 8670/9223 (6 workers)
  ████████████████░░░░░░░░░  67%  Capturing frame 8700/9223 (6 workers)
  █████████████████░░░░░░░░  68%  Capturing frame 8730/9223 (6 workers)
  █████████████████░░░░░░░░  68%  Capturing frame 8760/9223 (6 workers)
  █████████████████░░░░░░░░  68%  Capturing frame 8790/9223 (6 workers)
  █████████████████░░░░░░░░  68%  Capturing frame 8820/9223 (6 workers)
  █████████████████░░░░░░░░  68%  Capturing frame 8850/9223 (6 workers)
  █████████████████░░░░░░░░  68%  Capturing frame 8880/9223 (6 workers)
  █████████████████░░░░░░░░  68%  Capturing frame 8910/9223 (6 workers)
  █████████████████░░░░░░░░  69%  Capturing frame 8940/9223 (6 workers)
  █████████████████░░░░░░░░  69%  Capturing frame 8970/9223 (6 workers)
  █████████████████░░░░░░░░  69%  Capturing frame 9000/9223 (6 workers)
  █████████████████░░░░░░░░  69%  Capturing frame 9030/9223 (6 workers)
  █████████████████░░░░░░░░  69%  Capturing frame 9060/9223 (6 workers)
  █████████████████░░░░░░░░  69%  Capturing frame 9090/9223 (6 workers)
  █████████████████░░░░░░░░  69%  Capturing frame 9120/9223 (6 workers)
[INFO] [Render:trace] {"renderJobId":"6f463634-c73e-4e97-b27d-e005188d2f68","phase":"capture_disk","status":"checkpoint","elapsedMs":384647,"message":"stage still running","stagePhase":"capturing","needsAlpha":false,"workerCount":6,"forceScreenshot":false,"totalFrames":9223,"framesCompleted":9120,"captureMode":"screenshot","captureOperation":"captureScreenshot","heartbeatIndex":5,"stageElapsedMs":360042}
  █████████████████░░░░░░░░  70%  Capturing frame 9150/9223 (6 workers)
  █████████████████░░░░░░░░  70%  Capturing frame 9180/9223 (6 workers)
  █████████████████░░░░░░░░  70%  Capturing frame 9210/9223 (6 workers)
  █████████████████░░░░░░░░  70%  Capturing frame 9223/9223 (6 workers)
[INFO] [Render:trace] {"renderJobId":"6f463634-c73e-4e97-b27d-e005188d2f68","phase":"capture_disk","status":"end","elapsedMs":464259,"durationMs":439654,"stagePhase":"capturing","needsAlpha":false,"workerCount":6,"forceScreenshot":false,"totalFrames":9223,"framesCompleted":9223,"captureMode":"screenshot","captureOperation":"encode"}
[INFO] [Render:trace] {"renderJobId":"6f463634-c73e-4e97-b27d-e005188d2f68","phase":"encode","status":"start","elapsedMs":464260,"stagePhase":"capturing","hasAudio":true,"isPngSequence":false,"isGif":false,"chunkedEncode":false,"workerCount":6,"forceScreenshot":false,"totalFrames":9223,"framesCompleted":9223,"captureMode":"screenshot","captureOperation":"encode"}
  ██████████████████░░░░░░░  75%  Encoding video
[INFO] [Render:trace] {"renderJobId":"6f463634-c73e-4e97-b27d-e005188d2f68","phase":"encode","status":"checkpoint","elapsedMs":494277,"message":"stage still running","stagePhase":"capturing","hasAudio":true,"isPngSequence":false,"isGif":false,"chunkedEncode":false,"workerCount":6,"forceScreenshot":false,"totalFrames":9223,"framesCompleted":9223,"captureMode":"screenshot","captureOperation":"encode","heartbeatIndex":1,"stageElapsedMs":30017}
[INFO] [Render:trace] {"renderJobId":"6f463634-c73e-4e97-b27d-e005188d2f68","phase":"encode","status":"checkpoint","elapsedMs":524301,"message":"stage still running","stagePhase":"capturing","hasAudio":true,"isPngSequence":false,"isGif":false,"chunkedEncode":false,"workerCount":6,"forceScreenshot":false,"totalFrames":9223,"framesCompleted":9223,"captureMode":"screenshot","captureOperation":"encode","heartbeatIndex":2,"stageElapsedMs":60041}
[INFO] [Render:trace] {"renderJobId":"6f463634-c73e-4e97-b27d-e005188d2f68","phase":"encode","status":"checkpoint","elapsedMs":584318,"message":"stage still running","stagePhase":"capturing","hasAudio":true,"isPngSequence":false,"isGif":false,"chunkedEncode":false,"workerCount":6,"forceScreenshot":false,"totalFrames":9223,"framesCompleted":9223,"captureMode":"screenshot","captureOperation":"encode","heartbeatIndex":3,"stageElapsedMs":120058}
[INFO] [Render:trace] {"renderJobId":"6f463634-c73e-4e97-b27d-e005188d2f68","phase":"encode","status":"end","elapsedMs":605336,"durationMs":141076,"stagePhase":"capturing","hasAudio":true,"isPngSequence":false,"isGif":false,"chunkedEncode":false,"workerCount":6,"forceScreenshot":false,"totalFrames":9223,"framesCompleted":9223,"captureMode":"screenshot","captureOperation":"encode"}
[INFO] [Render:trace] {"renderJobId":"6f463634-c73e-4e97-b27d-e005188d2f68","phase":"assemble","status":"start","elapsedMs":605338,"stagePhase":"capturing","hasAudio":true,"workerCount":6,"forceScreenshot":false,"totalFrames":9223,"framesCompleted":9223,"captureMode":"screenshot","captureOperation":"encode"}
  ██████████████████████░░░  90%  Assembling final video
[INFO] [Render:trace] {"renderJobId":"6f463634-c73e-4e97-b27d-e005188d2f68","phase":"assemble","status":"end","elapsedMs":620856,"durationMs":15517,"stagePhase":"capturing","hasAudio":true,"workerCount":6,"forceScreenshot":false,"totalFrames":9223,"framesCompleted":9223,"captureMode":"screenshot","captureOperation":"encode"}
[INFO] [Render:trace] {"renderJobId":"6f463634-c73e-4e97-b27d-e005188d2f68","phase":"pipeline","status":"checkpoint","elapsedMs":621415,"message":"artifact validated","totalElapsedMs":620954}
  █████████████████████████  100%  Render complete

◇  C:\vox-style-xe-giay-v1-hyperframes\out\nguon-goc-ra-doi-cua-ai-full.mp4
   194.4 MB · 5m 7.4s video · rendered in 10m 24.0s
   screenshot capture · hardware gpu · compile 7.8s · extract 0.0s · audio 11.2s · probe 0.7s · setup 5.5s · capture 7m 19.7s · encode 2m 21.1s · assemble 15.5s

Render bản đầy đủ: out\nguon-goc-ra-doi-cua-ai-full.mp4, 203793646 bytes (194.4MB), 631.8s render time, quality=looks. Xác minh ffprobe: duration=307.433s (khớp audio thật 307.416s), 1080x1920 h264. Capture mode: screenshot (tắt fast-capture do: a CSS 3D rendering context (perspective / preserve-3d / backface-visibility)). GPU mode: hardware (WebGL renderer vendor="Google Inc. (NVIDIA)" renderer="ANGLE (NVIDIA, NVIDIA GeForce GTX 1660 SUPER (0x000021C4) Direct3D11 vs_5_0 ps_5_0, D3D11)"). Stage timing: compile=7.1s, browser_probe=0.7s, video_extract=0.0s, audio_process=11.2s, file_server=0.0s, capture_calibration=4.8s, capture_disk=439.7s, encode=141.1s, assemble=15.5s.
Đã ghi pipeline\videos\nguon-goc-ra-doi-cua-ai\completion-manifest.json.
