Chạy Stage 7b integration check (bắt buộc trước khi render)...
Stage 7b integration check PASS — 14/14 scene, có audio, có caption-track, hyperframes check ok=true (42 mốc/14 shot, 44.0s).
Đang render: npx --yes hyperframes@0.8.56 render --quality looks -o "C:\vox-style-xe-giay-v1-hyperframes\poc\mascot-aroll\run-thien-an-mon-2\out\su-kien-thien-an-mon-full.mp4"  "C:\vox-style-xe-giay-v1-hyperframes\poc\mascot-aroll\run-thien-an-mon-2\hyperframes\videos\su-kien-thien-an-mon"

◆  Rendering su-kien-thien-an-mon → C:\vox-style-xe-giay-v1-hyperframes\poc\mascot-aroll\run-thien-an-mon-2\out\su-kien-thien-an-mon-full.mp4
   30fps · standard · auto workers (16 cores detected)
   GPU: browser GPU (auto-detect)

[?25l│
◒  Checking browser[1G[J◐  Checking browser[1G[J◓  Checking browser[1G[J◑  Checking browser[1G[J◇  Browser: cache
[?25h
  Lint: 0 error(s), 129 warning(s) — run with --lint-verbose for full output.
  Continuing render despite lint issues. Use --strict to block errors.

[INFO] [Render] Pipeline started {"renderJobId":"1815f153-cc5f-4350-bc09-d6cfa840b725","platform":"win32","arch":"x64","nodeVersion":"v24.20.0","fps":{"num":30,"den":1},"format":"mp4","quality":"standard","browserGpuMode":"auto","forceScreenshot":false,"protocolTimeout":300000,"browserTimeout":120000,"pageNavigationTimeout":60000,"playerReadyTimeout":45000}
[INFO] [Render:trace] {"renderJobId":"1815f153-cc5f-4350-bc09-d6cfa840b725","phase":"pipeline","status":"checkpoint","elapsedMs":6,"message":"started","format":"mp4","quality":"standard","browserGpuMode":"auto","forceScreenshot":false,"protocolTimeoutMs":300000,"pageNavigationTimeoutMs":60000,"playerReadyTimeoutMs":45000,"requestedWorkers":"auto"}
[INFO] [Render:trace] {"renderJobId":"1815f153-cc5f-4350-bc09-d6cfa840b725","phase":"compile","status":"start","elapsedMs":9,"needsAlpha":false}
  █░░░░░░░░░░░░░░░░░░░░░░░░  5%  Compiling composition
[INFO] [Compiler] Fetched 11 font face(s) for "Be Vietnam Pro" from Google Fonts (cached to C:\Users\DTL\.cache\hyperframes\fonts\be-vietnam-pro)
[INFO] [Compiler] Injected deterministic @font-face rules for 1 requested font families
[INFO] [Compiler] Inlined CDN script: https://cdn.jsdelivr.net/npm/gsap@3.14.2/dist/gsap.min.js
[INFO] Compiled composition metadata {"renderJobId":"1815f153-cc5f-4350-bc09-d6cfa840b725","entryFile":"index.html","staticDuration":130.519,"width":1080,"height":1920,"videoCount":5,"audioCount":1,"renderModeHints":{"recommendScreenshot":false,"reasons":[]}}
[INFO] [Render:trace] {"renderJobId":"1815f153-cc5f-4350-bc09-d6cfa840b725","phase":"compile","status":"end","elapsedMs":2296,"durationMs":2287,"needsAlpha":false}
[INFO] [Render:trace] {"renderJobId":"1815f153-cc5f-4350-bc09-d6cfa840b725","phase":"compile","status":"checkpoint","elapsedMs":2300,"message":"composition metadata resolved","width":1080,"height":1920,"videoCount":5,"audioCount":1,"imageCount":9,"deviceScaleFactor":1,"forceScreenshot":false,"compositionHash":"463eb62ffd642b7a"}
[INFO] [Render:trace] {"renderJobId":"1815f153-cc5f-4350-bc09-d6cfa840b725","phase":"browser_probe","status":"start","elapsedMs":2300,"forceScreenshot":false,"stagePhase":"calibrating"}
[INFO] [Render:trace] {"renderJobId":"1815f153-cc5f-4350-bc09-d6cfa840b725","phase":"browser_probe","status":"end","elapsedMs":3048,"durationMs":747,"forceScreenshot":false,"stagePhase":"calibrating"}
[INFO] [Render:trace] {"renderJobId":"1815f153-cc5f-4350-bc09-d6cfa840b725","phase":"browser_probe","status":"checkpoint","elapsedMs":3052,"message":"duration resolved","durationSeconds":130.519,"totalFrames":3916,"compositionHash":"463eb62ffd642b7a","beginFrameStalled":false}
[INFO] [Render:trace] {"renderJobId":"1815f153-cc5f-4350-bc09-d6cfa840b725","phase":"video_extract","status":"start","elapsedMs":3052,"videoCount":5}
[INFO] Probing video color spaces... {"renderJobId":"1815f153-cc5f-4350-bc09-d6cfa840b725","videoCount":5}
  ██░░░░░░░░░░░░░░░░░░░░░░░  10%  Extracting video frames
[INFO] Extracting frames from video 1/5 {"renderJobId":"1815f153-cc5f-4350-bc09-d6cfa840b725","sourceType":"local"}
[INFO] Extracting frames from video 2/5 {"renderJobId":"1815f153-cc5f-4350-bc09-d6cfa840b725","sourceType":"local"}
[INFO] Extracting frames from video 3/5 {"renderJobId":"1815f153-cc5f-4350-bc09-d6cfa840b725","sourceType":"local"}
[INFO] Extracting frames from video 4/5 {"renderJobId":"1815f153-cc5f-4350-bc09-d6cfa840b725","sourceType":"local"}
[INFO] Extracting frames from video 5/5 {"renderJobId":"1815f153-cc5f-4350-bc09-d6cfa840b725","sourceType":"local"}
[INFO] [Render:trace] {"renderJobId":"1815f153-cc5f-4350-bc09-d6cfa840b725","phase":"video_extract","status":"end","elapsedMs":3121,"durationMs":69,"videoCount":5}
[INFO] [Render:trace] {"renderJobId":"1815f153-cc5f-4350-bc09-d6cfa840b725","phase":"video_extract","status":"checkpoint","elapsedMs":3141,"message":"frames resolved","videoCount":5,"extractedVideoCount":5,"totalFramesExtracted":1155,"maxFramesPerVideo":240,"avgFramesPerExtractedVideo":231,"vfrPreflightCount":0,"vfrPreflightMs":0,"cacheHits":5,"cacheMisses":0,"transientRetries":0,"minVideoFrameCoverageRatio":1,"authoredTimedClipCount":158}
[INFO] [Render] No HDR sources detected — rendering SDR {"renderJobId":"1815f153-cc5f-4350-bc09-d6cfa840b725"}
[INFO] [Render:trace] {"renderJobId":"1815f153-cc5f-4350-bc09-d6cfa840b725","phase":"hdr_detection","status":"checkpoint","elapsedMs":3142,"message":"resolved","requestedHdrMode":"auto","effectiveHdr":"sdr","nativeHdrVideoCount":0,"nativeHdrImageCount":0}
[INFO] [Render:trace] {"renderJobId":"1815f153-cc5f-4350-bc09-d6cfa840b725","phase":"audio_process","status":"start","elapsedMs":3142,"audioCount":1}
  █████░░░░░░░░░░░░░░░░░░░░  20%  Processing audio tracks
[INFO] [Render:trace] {"renderJobId":"1815f153-cc5f-4350-bc09-d6cfa840b725","phase":"audio_process","status":"end","elapsedMs":8513,"durationMs":5371,"audioCount":1}
[INFO] [Render:trace] {"renderJobId":"1815f153-cc5f-4350-bc09-d6cfa840b725","phase":"file_server","status":"start","elapsedMs":8514,"reused":false}
  ██████░░░░░░░░░░░░░░░░░░░  25%  Starting frame capture
[INFO] [Render:trace] {"renderJobId":"1815f153-cc5f-4350-bc09-d6cfa840b725","phase":"file_server","status":"end","elapsedMs":8523,"durationMs":9}
[hyperframes] browserGpuMode probe → hardware (WebGL renderer vendor="Google Inc. (NVIDIA)" renderer="ANGLE (NVIDIA, NVIDIA GeForce GTX 1660 SUPER (0x000021C4) Direct3D11 vs_5_0 ps_5_0, D3D11)")
[INFO] [Render:trace] {"renderJobId":"1815f153-cc5f-4350-bc09-d6cfa840b725","phase":"capture_calibration","status":"checkpoint","elapsedMs":9218,"message":"skipped","requestedWorkers":"auto","totalFrames":3916,"htmlInCanvasDetected":false,"lowMemoryMode":false,"deInversionEligible":true,"deParallelRouterEligible":true}
[WARN] [Render] 6 capture workers may exceed this process's V8 heap (limit 4288MB supports ~5). If the render dies with "JavaScript heap out of memory", raise the heap (NODE_OPTIONS=--max-old-space-size=8192) or pass --workers 5. {"renderJobId":"1815f153-cc5f-4350-bc09-d6cfa840b725","heapLimitMb":4288,"heapBasedWorkers":5}
[INFO] [Render] Fast capture: verified parallel drawElement streaming preferred over single-worker inversion (3916 frames >= 700; benchmark-validated at 3 workers, pinned regardless of calibration). Set HF_DE_PARALLEL_ROUTER=false or --workers N to override. {"renderJobId":"1815f153-cc5f-4350-bc09-d6cfa840b725"}
[INFO] [Render:trace] {"renderJobId":"1815f153-cc5f-4350-bc09-d6cfa840b725","phase":"worker_resolution","status":"checkpoint","elapsedMs":9220,"message":"resolved","workerCount":3}
[INFO] streaming-encode gate {"renderJobId":"1815f153-cc5f-4350-bc09-d6cfa840b725","enabled":true,"reason":"parallel_forced","configFlag":true,"durationCapEnabled":false,"outputFormat":"mp4","workerCount":3,"durationSeconds":130.519,"maxDurationSeconds":240}
[INFO] [Render:trace] {"renderJobId":"1815f153-cc5f-4350-bc09-d6cfa840b725","phase":"capture_strategy","status":"checkpoint","elapsedMs":9222,"message":"resolved","workerCount":3,"forceScreenshot":false,"captureBeyondViewport":true,"useStreamingEncode":true,"useLayeredComposite":false,"usePageSideCompositing":false,"hasHdrContent":false,"hasShaderTransitions":false,"isPngSequence":false}
[INFO] [Render:trace] {"renderJobId":"1815f153-cc5f-4350-bc09-d6cfa840b725","phase":"capture_streaming","status":"start","elapsedMs":9222,"stagePhase":"capturing","workerCount":3,"forceScreenshot":false,"totalFrames":3916,"framesCompleted":0,"captureMode":"drawelement","captureOperation":"drawElement"}
[INFO] [Render] Parallel capture worker phase {"renderJobId":"1815f153-cc5f-4350-bc09-d6cfa840b725","workerId":0,"phase":"browser_launch","browserExecutable":"C:\\Users\\DTL\\.cache\\hyperframes\\chrome\\chrome-headless-shell\\win64-152.0.7977.30\\chrome-headless-shell-win64\\chrome-headless-shell.exe","browserVersion":"unknown","canvasDrawElement":"unknown","gpuBackend":"unknown"}
[INFO] [Render] Parallel capture worker phase {"renderJobId":"1815f153-cc5f-4350-bc09-d6cfa840b725","workerId":1,"phase":"browser_launch","browserExecutable":"C:\\Users\\DTL\\.cache\\hyperframes\\chrome\\chrome-headless-shell\\win64-152.0.7977.30\\chrome-headless-shell-win64\\chrome-headless-shell.exe","browserVersion":"unknown","canvasDrawElement":"unknown","gpuBackend":"unknown"}
[INFO] [Render] Parallel capture worker phase {"renderJobId":"1815f153-cc5f-4350-bc09-d6cfa840b725","workerId":2,"phase":"browser_launch","browserExecutable":"C:\\Users\\DTL\\.cache\\hyperframes\\chrome\\chrome-headless-shell\\win64-152.0.7977.30\\chrome-headless-shell-win64\\chrome-headless-shell.exe","browserVersion":"unknown","canvasDrawElement":"unknown","gpuBackend":"unknown"}
[BrowserManager] Browser launched (HeadlessChrome/152.0.7977.30, screenshot, gl=--use-gl=angle --use-angle=d3d11, headlessShell=true, platform=win32)
[BrowserManager] Browser launched (HeadlessChrome/152.0.7977.30, screenshot, gl=--use-gl=angle --use-angle=d3d11, headlessShell=true, platform=win32)
[BrowserManager] Browser launched (HeadlessChrome/152.0.7977.30, screenshot, gl=--use-gl=angle --use-angle=d3d11, headlessShell=true, platform=win32)
[INFO] [Render] Parallel capture worker phase {"renderJobId":"1815f153-cc5f-4350-bc09-d6cfa840b725","workerId":0,"phase":"browser_probe","browserExecutable":"C:\\Users\\DTL\\.cache\\hyperframes\\chrome\\chrome-headless-shell\\win64-152.0.7977.30\\chrome-headless-shell-win64\\chrome-headless-shell.exe","browserVersion":"unknown","canvasDrawElement":"unknown","gpuBackend":"unknown"}
[INFO] [Render] Parallel capture worker phase {"renderJobId":"1815f153-cc5f-4350-bc09-d6cfa840b725","workerId":0,"phase":"session_init","browserExecutable":"C:\\Users\\DTL\\.cache\\hyperframes\\chrome\\chrome-headless-shell\\win64-152.0.7977.30\\chrome-headless-shell-win64\\chrome-headless-shell.exe","browserVersion":"HeadlessChrome/152.0.7977.30","canvasDrawElement":"unknown","gpuBackend":"unknown"}
[initSession:screenshot] page.goto start (1ms)
[INFO] [Render] Parallel capture worker phase {"renderJobId":"1815f153-cc5f-4350-bc09-d6cfa840b725","workerId":2,"phase":"browser_probe","browserExecutable":"C:\\Users\\DTL\\.cache\\hyperframes\\chrome\\chrome-headless-shell\\win64-152.0.7977.30\\chrome-headless-shell-win64\\chrome-headless-shell.exe","browserVersion":"unknown","canvasDrawElement":"unknown","gpuBackend":"unknown"}
[INFO] [Render] Parallel capture worker phase {"renderJobId":"1815f153-cc5f-4350-bc09-d6cfa840b725","workerId":2,"phase":"session_init","browserExecutable":"C:\\Users\\DTL\\.cache\\hyperframes\\chrome\\chrome-headless-shell\\win64-152.0.7977.30\\chrome-headless-shell-win64\\chrome-headless-shell.exe","browserVersion":"HeadlessChrome/152.0.7977.30","canvasDrawElement":"unknown","gpuBackend":"unknown"}
[initSession:screenshot] page.goto start (0ms)
[INFO] [Render] Parallel capture worker phase {"renderJobId":"1815f153-cc5f-4350-bc09-d6cfa840b725","workerId":1,"phase":"browser_probe","browserExecutable":"C:\\Users\\DTL\\.cache\\hyperframes\\chrome\\chrome-headless-shell\\win64-152.0.7977.30\\chrome-headless-shell-win64\\chrome-headless-shell.exe","browserVersion":"unknown","canvasDrawElement":"unknown","gpuBackend":"unknown"}
[initSession:screenshot] page.goto start (0ms)
[INFO] [Render] Parallel capture worker phase {"renderJobId":"1815f153-cc5f-4350-bc09-d6cfa840b725","workerId":1,"phase":"session_init","browserExecutable":"C:\\Users\\DTL\\.cache\\hyperframes\\chrome\\chrome-headless-shell\\win64-152.0.7977.30\\chrome-headless-shell-win64\\chrome-headless-shell.exe","browserVersion":"HeadlessChrome/152.0.7977.30","canvasDrawElement":"unknown","gpuBackend":"unknown"}
[HyperFrames] render runtime fps [object Object]
[HyperFrames] render runtime fps [object Object]
[HyperFrames] render runtime fps [object Object]
[initSession:screenshot] page.goto complete (1312ms)
[initSession:screenshot] page.goto complete (1259ms)
[initSession:screenshot] page.goto complete (1318ms)
[initSession:screenshot] GSAP proxy flush complete (1456ms)
[initSession:screenshot] GSAP proxy flush complete (1516ms)
[initSession:screenshot] GSAP proxy flush complete (1481ms)
[initSession:screenshot] pollHfReady complete (1697ms)
[initSession:screenshot] pollHfReady complete (1749ms)
[initSession:screenshot] pollSubCompositionTimelines complete (ready) (1741ms)
[initSession:screenshot] applyVideoMetadataHints complete (1750ms)
[initSession:screenshot] pollSubCompositionTimelines complete (ready) (1795ms)
[initSession:screenshot] media + fonts + tailwind ready (1764ms)
[initSession:screenshot] applyVideoMetadataHints complete (1811ms)
[initSession:screenshot] captureBeyondViewport downgraded: page content fits the capture viewport (1782ms)
[initSession:screenshot] media + fonts + tailwind ready (1821ms)
[initSession:screenshot] captureBeyondViewport downgraded: page content fits the capture viewport (1830ms)
[initSession:screenshot] pollHfReady complete (1880ms)
[initSession:screenshot] pollSubCompositionTimelines complete (ready) (1918ms)
[initSession:screenshot] applyVideoMetadataHints complete (1921ms)
[initSession:screenshot] media + fonts + tailwind ready (1925ms)
[initSession:screenshot] captureBeyondViewport downgraded: page content fits the capture viewport (1929ms)
[initSession:screenshot] timeline at-risk predictor: 0/3916 frames (0%) (2104ms)
[initSession:screenshot] static-frame dedup: disabled (before-capture hook / video injection active) (2113ms)
[initSession:screenshot] timeline at-risk predictor: 0/3916 frames (0%) (2139ms)
[initSession:screenshot] timeline at-risk predictor: 0/3916 frames (0%) (2216ms)
[initSession:screenshot] static-frame dedup: disabled (before-capture hook / video injection active) (2160ms)
[initSession:screenshot] static-frame dedup: disabled (before-capture hook / video injection active) (2229ms)
[initSession:screenshot] drawElement self-verify armed: 8 ground-truth frame(s) @ [489, 979, 1472, 1958, 2447, 2936, 3426, 3719] of 3915 (3998ms)
[initSession:drawelement] drawElement canvas injected (4002ms)
[initSession:drawelement] screenshot fallback: 391 clip-boundary frame(s) (4008ms)
[initSession:drawelement] drawElement worker encode initialized (4029ms)
[INFO] [Render] Parallel capture worker phase {"renderJobId":"1815f153-cc5f-4350-bc09-d6cfa840b725","workerId":1,"phase":"frame_capture","frameIndex":1,"browserExecutable":"C:\\Users\\DTL\\.cache\\hyperframes\\chrome\\chrome-headless-shell\\win64-152.0.7977.30\\chrome-headless-shell-win64\\chrome-headless-shell.exe","browserVersion":"HeadlessChrome/152.0.7977.30","canvasDrawElement":true,"gpuBackend":"d3d11/nvidia"}
[initSession:screenshot] drawElement self-verify armed: 8 ground-truth frame(s) @ [489, 979, 1472, 1958, 2447, 2936, 3426, 3719] of 3915 (4123ms)
[initSession:drawelement] drawElement canvas injected (4131ms)
[INFO] [Render] Parallel capture worker phase {"renderJobId":"1815f153-cc5f-4350-bc09-d6cfa840b725","workerId":1,"phase":"frame_capture","frameIndex":4,"browserExecutable":"C:\\Users\\DTL\\.cache\\hyperframes\\chrome\\chrome-headless-shell\\win64-152.0.7977.30\\chrome-headless-shell-win64\\chrome-headless-shell.exe","browserVersion":"HeadlessChrome/152.0.7977.30","canvasDrawElement":true,"gpuBackend":"d3d11/nvidia"}
[initSession:screenshot] drawElement self-verify armed: 8 ground-truth frame(s) @ [489, 979, 1472, 1958, 2447, 2936, 3426, 3719] of 3915 (4167ms)
[initSession:drawelement] drawElement canvas injected (4172ms)
[initSession:drawelement] screenshot fallback: 391 clip-boundary frame(s) (4158ms)
[initSession:drawelement] drawElement worker encode initialized (4162ms)
[INFO] [Render] Parallel capture worker phase {"renderJobId":"1815f153-cc5f-4350-bc09-d6cfa840b725","workerId":2,"phase":"frame_capture","frameIndex":2,"browserExecutable":"C:\\Users\\DTL\\.cache\\hyperframes\\chrome\\chrome-headless-shell\\win64-152.0.7977.30\\chrome-headless-shell-win64\\chrome-headless-shell.exe","browserVersion":"HeadlessChrome/152.0.7977.30","canvasDrawElement":true,"gpuBackend":"d3d11/nvidia"}
[initSession:drawelement] screenshot fallback: 391 clip-boundary frame(s) (4192ms)
[initSession:drawelement] drawElement worker encode initialized (4197ms)
[INFO] [Render] Parallel capture worker phase {"renderJobId":"1815f153-cc5f-4350-bc09-d6cfa840b725","workerId":0,"phase":"frame_capture","frameIndex":0,"browserExecutable":"C:\\Users\\DTL\\.cache\\hyperframes\\chrome\\chrome-headless-shell\\win64-152.0.7977.30\\chrome-headless-shell-win64\\chrome-headless-shell.exe","browserVersion":"HeadlessChrome/152.0.7977.30","canvasDrawElement":true,"gpuBackend":"d3d11/nvidia"}
[INFO] [Render] Parallel capture worker phase {"renderJobId":"1815f153-cc5f-4350-bc09-d6cfa840b725","workerId":1,"phase":"frame_encode","frameIndex":1,"browserExecutable":"C:\\Users\\DTL\\.cache\\hyperframes\\chrome\\chrome-headless-shell\\win64-152.0.7977.30\\chrome-headless-shell-win64\\chrome-headless-shell.exe","browserVersion":"HeadlessChrome/152.0.7977.30","canvasDrawElement":true,"gpuBackend":"d3d11/nvidia"}
[INFO] [Render] Parallel capture worker phase {"renderJobId":"1815f153-cc5f-4350-bc09-d6cfa840b725","workerId":2,"phase":"frame_capture","frameIndex":5,"browserExecutable":"C:\\Users\\DTL\\.cache\\hyperframes\\chrome\\chrome-headless-shell\\win64-152.0.7977.30\\chrome-headless-shell-win64\\chrome-headless-shell.exe","browserVersion":"HeadlessChrome/152.0.7977.30","canvasDrawElement":true,"gpuBackend":"d3d11/nvidia"}
[INFO] [Render] Parallel capture worker phase {"renderJobId":"1815f153-cc5f-4350-bc09-d6cfa840b725","workerId":0,"phase":"frame_capture","frameIndex":3,"browserExecutable":"C:\\Users\\DTL\\.cache\\hyperframes\\chrome\\chrome-headless-shell\\win64-152.0.7977.30\\chrome-headless-shell-win64\\chrome-headless-shell.exe","browserVersion":"HeadlessChrome/152.0.7977.30","canvasDrawElement":true,"gpuBackend":"d3d11/nvidia"}
[INFO] [Render] Parallel capture worker phase {"renderJobId":"1815f153-cc5f-4350-bc09-d6cfa840b725","workerId":2,"phase":"frame_encode","frameIndex":2,"browserExecutable":"C:\\Users\\DTL\\.cache\\hyperframes\\chrome\\chrome-headless-shell\\win64-152.0.7977.30\\chrome-headless-shell-win64\\chrome-headless-shell.exe","browserVersion":"HeadlessChrome/152.0.7977.30","canvasDrawElement":true,"gpuBackend":"d3d11/nvidia"}
[INFO] [Render] Parallel capture worker phase {"renderJobId":"1815f153-cc5f-4350-bc09-d6cfa840b725","workerId":0,"phase":"frame_encode","frameIndex":0,"browserExecutable":"C:\\Users\\DTL\\.cache\\hyperframes\\chrome\\chrome-headless-shell\\win64-152.0.7977.30\\chrome-headless-shell-win64\\chrome-headless-shell.exe","browserVersion":"HeadlessChrome/152.0.7977.30","canvasDrawElement":true,"gpuBackend":"d3d11/nvidia"}
[INFO] [Render:trace] {"renderJobId":"1815f153-cc5f-4350-bc09-d6cfa840b725","phase":"capture_streaming","status":"checkpoint","elapsedMs":39228,"message":"stage still running","stagePhase":"capturing","workerCount":3,"forceScreenshot":false,"totalFrames":3916,"framesCompleted":411,"captureMode":"drawelement","captureOperation":"drawElement","heartbeatIndex":1,"stageElapsedMs":30006}
[INFO] [Render] drawElement self-verify passed {"renderJobId":"1815f153-cc5f-4350-bc09-d6cfa840b725","frame":489,"psnrDb":34.9}
[INFO] [Render:trace] {"renderJobId":"1815f153-cc5f-4350-bc09-d6cfa840b725","phase":"capture_streaming","status":"checkpoint","elapsedMs":69234,"message":"stage still running","stagePhase":"capturing","workerCount":3,"forceScreenshot":false,"totalFrames":3916,"framesCompleted":915,"captureMode":"drawelement","captureOperation":"drawElement","heartbeatIndex":2,"stageElapsedMs":60012}
[INFO] [Render] drawElement self-verify passed {"renderJobId":"1815f153-cc5f-4350-bc09-d6cfa840b725","frame":979,"psnrDb":36.4}
[WARN] [Render] drawElement blank-frame suspect; re-capturing {"renderJobId":"1815f153-cc5f-4350-bc09-d6cfa840b725","frame":1365,"bytes":15961,"floor":90997}
[INFO] [Render] drawElement small frame is deterministic; accepted {"renderJobId":"1815f153-cc5f-4350-bc09-d6cfa840b725","frame":1365,"bytes":15961}
[WARN] [Render] drawElement blank-frame suspect; re-capturing {"renderJobId":"1815f153-cc5f-4350-bc09-d6cfa840b725","frame":1366,"bytes":58176,"floor":90989}
[WARN] [Render] drawElement blank-frame suspect; re-capturing {"renderJobId":"1815f153-cc5f-4350-bc09-d6cfa840b725","frame":1367,"bytes":74725,"floor":90989}
[WARN] [Render] drawElement blank-frame suspect; re-capturing {"renderJobId":"1815f153-cc5f-4350-bc09-d6cfa840b725","frame":1368,"bytes":78711,"floor":90989}
[INFO] [Render] drawElement small frame is deterministic; accepted {"renderJobId":"1815f153-cc5f-4350-bc09-d6cfa840b725","frame":1366,"bytes":58176}
[INFO] [Render] drawElement small frame is deterministic; accepted {"renderJobId":"1815f153-cc5f-4350-bc09-d6cfa840b725","frame":1367,"bytes":74725}
[INFO] [Render] drawElement small frame is deterministic; accepted {"renderJobId":"1815f153-cc5f-4350-bc09-d6cfa840b725","frame":1368,"bytes":78711}
[WARN] [Render] drawElement blank-frame suspect; re-capturing {"renderJobId":"1815f153-cc5f-4350-bc09-d6cfa840b725","frame":1369,"bytes":85535,"floor":90977}
[WARN] [Render] drawElement blank-frame suspect; re-capturing {"renderJobId":"1815f153-cc5f-4350-bc09-d6cfa840b725","frame":1371,"bytes":86072,"floor":90977}
[WARN] [Render] drawElement blank-frame suspect; re-capturing {"renderJobId":"1815f153-cc5f-4350-bc09-d6cfa840b725","frame":1370,"bytes":83778,"floor":90977}
[INFO] [Render] drawElement small frame is deterministic; accepted {"renderJobId":"1815f153-cc5f-4350-bc09-d6cfa840b725","frame":1369,"bytes":85535}
[INFO] [Render] drawElement small frame is deterministic; accepted {"renderJobId":"1815f153-cc5f-4350-bc09-d6cfa840b725","frame":1371,"bytes":86072}
[WARN] [Render] drawElement blank-frame suspect; re-capturing {"renderJobId":"1815f153-cc5f-4350-bc09-d6cfa840b725","frame":1372,"bytes":86352,"floor":90974}
[INFO] [Render] drawElement small frame is deterministic; accepted {"renderJobId":"1815f153-cc5f-4350-bc09-d6cfa840b725","frame":1370,"bytes":83778}
[WARN] [Render] drawElement blank-frame suspect; re-capturing {"renderJobId":"1815f153-cc5f-4350-bc09-d6cfa840b725","frame":1374,"bytes":86397,"floor":90969}
[WARN] [Render] drawElement blank-frame suspect; re-capturing {"renderJobId":"1815f153-cc5f-4350-bc09-d6cfa840b725","frame":1373,"bytes":86488,"floor":90969}
[INFO] [Render] drawElement small frame is deterministic; accepted {"renderJobId":"1815f153-cc5f-4350-bc09-d6cfa840b725","frame":1372,"bytes":86352}
[WARN] [Render] drawElement blank-frame suspect; re-capturing {"renderJobId":"1815f153-cc5f-4350-bc09-d6cfa840b725","frame":1375,"bytes":86092,"floor":90933}
[INFO] [Render] drawElement small frame is deterministic; accepted {"renderJobId":"1815f153-cc5f-4350-bc09-d6cfa840b725","frame":1374,"bytes":86397}
[INFO] [Render] drawElement small frame is deterministic; accepted {"renderJobId":"1815f153-cc5f-4350-bc09-d6cfa840b725","frame":1373,"bytes":86488}
[WARN] [Render] drawElement blank-frame suspect; re-capturing {"renderJobId":"1815f153-cc5f-4350-bc09-d6cfa840b725","frame":1377,"bytes":85258,"floor":90889}
[WARN] [Render] drawElement blank-frame suspect; re-capturing {"renderJobId":"1815f153-cc5f-4350-bc09-d6cfa840b725","frame":1376,"bytes":85620,"floor":90889}
[INFO] [Render] drawElement small frame is deterministic; accepted {"renderJobId":"1815f153-cc5f-4350-bc09-d6cfa840b725","frame":1375,"bytes":86092}
[WARN] [Render] drawElement blank-frame suspect; re-capturing {"renderJobId":"1815f153-cc5f-4350-bc09-d6cfa840b725","frame":1378,"bytes":85766,"floor":90844}
[INFO] [Render] drawElement small frame is deterministic; accepted {"renderJobId":"1815f153-cc5f-4350-bc09-d6cfa840b725","frame":1377,"bytes":85258}
[INFO] [Render] drawElement small frame is deterministic; accepted {"renderJobId":"1815f153-cc5f-4350-bc09-d6cfa840b725","frame":1376,"bytes":85620}
[WARN] [Render] drawElement blank-frame suspect; re-capturing {"renderJobId":"1815f153-cc5f-4350-bc09-d6cfa840b725","frame":1380,"bytes":85835,"floor":90817}
[WARN] [Render] drawElement blank-frame suspect; re-capturing {"renderJobId":"1815f153-cc5f-4350-bc09-d6cfa840b725","frame":1379,"bytes":86073,"floor":90817}
[INFO] [Render] drawElement small frame is deterministic; accepted {"renderJobId":"1815f153-cc5f-4350-bc09-d6cfa840b725","frame":1378,"bytes":85766}
[WARN] [Render] drawElement blank-frame suspect; re-capturing {"renderJobId":"1815f153-cc5f-4350-bc09-d6cfa840b725","frame":1381,"bytes":85642,"floor":90816}
[INFO] [Render] drawElement small frame is deterministic; accepted {"renderJobId":"1815f153-cc5f-4350-bc09-d6cfa840b725","frame":1380,"bytes":85835}
[INFO] [Render] drawElement small frame is deterministic; accepted {"renderJobId":"1815f153-cc5f-4350-bc09-d6cfa840b725","frame":1379,"bytes":86073}
[WARN] [Render] drawElement blank-frame suspect; re-capturing {"renderJobId":"1815f153-cc5f-4350-bc09-d6cfa840b725","frame":1382,"bytes":85486,"floor":90791}
[INFO] [Render] drawElement small frame is deterministic; accepted {"renderJobId":"1815f153-cc5f-4350-bc09-d6cfa840b725","frame":1381,"bytes":85642}
[WARN] [Render] drawElement blank-frame suspect; re-capturing {"renderJobId":"1815f153-cc5f-4350-bc09-d6cfa840b725","frame":1383,"bytes":85970,"floor":90791}
[WARN] [Render] drawElement blank-frame suspect; re-capturing {"renderJobId":"1815f153-cc5f-4350-bc09-d6cfa840b725","frame":1384,"bytes":85815,"floor":90791}
[INFO] [Render] drawElement small frame is deterministic; accepted {"renderJobId":"1815f153-cc5f-4350-bc09-d6cfa840b725","frame":1382,"bytes":85486}
[WARN] [Render] drawElement blank-frame suspect; re-capturing {"renderJobId":"1815f153-cc5f-4350-bc09-d6cfa840b725","frame":1385,"bytes":86240,"floor":90787}
[INFO] [Render] drawElement small frame is deterministic; accepted {"renderJobId":"1815f153-cc5f-4350-bc09-d6cfa840b725","frame":1383,"bytes":85970}
[INFO] [Render] drawElement small frame is deterministic; accepted {"renderJobId":"1815f153-cc5f-4350-bc09-d6cfa840b725","frame":1384,"bytes":85815}
[WARN] [Render] drawElement blank-frame suspect; re-capturing {"renderJobId":"1815f153-cc5f-4350-bc09-d6cfa840b725","frame":1386,"bytes":85960,"floor":90762}
[WARN] [Render] drawElement blank-frame suspect; re-capturing {"renderJobId":"1815f153-cc5f-4350-bc09-d6cfa840b725","frame":1387,"bytes":86464,"floor":90762}
[INFO] [Render] drawElement small frame is deterministic; accepted {"renderJobId":"1815f153-cc5f-4350-bc09-d6cfa840b725","frame":1385,"bytes":86240}
[INFO] [Render] drawElement small frame is deterministic; accepted {"renderJobId":"1815f153-cc5f-4350-bc09-d6cfa840b725","frame":1387,"bytes":86464}
[WARN] [Render] drawElement blank-frame suspect; re-capturing {"renderJobId":"1815f153-cc5f-4350-bc09-d6cfa840b725","frame":1388,"bytes":88331,"floor":90732}
[INFO] [Render] drawElement small frame is deterministic; accepted {"renderJobId":"1815f153-cc5f-4350-bc09-d6cfa840b725","frame":1386,"bytes":85960}
[WARN] [Render] drawElement blank-frame suspect; re-capturing {"renderJobId":"1815f153-cc5f-4350-bc09-d6cfa840b725","frame":1389,"bytes":89190,"floor":90705}
[INFO] [Render] drawElement small frame is deterministic; accepted {"renderJobId":"1815f153-cc5f-4350-bc09-d6cfa840b725","frame":1388,"bytes":88331}
[INFO] [Render] drawElement small frame is deterministic; accepted {"renderJobId":"1815f153-cc5f-4350-bc09-d6cfa840b725","frame":1389,"bytes":89190}
[WARN] [Render] drawElement blank-frame suspect; re-capturing {"renderJobId":"1815f153-cc5f-4350-bc09-d6cfa840b725","frame":1391,"bytes":90469,"floor":90634}
[WARN] [Render] drawElement blank-frame suspect; re-capturing {"renderJobId":"1815f153-cc5f-4350-bc09-d6cfa840b725","frame":1393,"bytes":90275,"floor":90627}
[INFO] [Render] drawElement small frame is deterministic; accepted {"renderJobId":"1815f153-cc5f-4350-bc09-d6cfa840b725","frame":1391,"bytes":90469}
[WARN] [Render] drawElement blank-frame suspect; re-capturing {"renderJobId":"1815f153-cc5f-4350-bc09-d6cfa840b725","frame":1394,"bytes":90071,"floor":90627}
[INFO] [Render] drawElement small frame is deterministic; accepted {"renderJobId":"1815f153-cc5f-4350-bc09-d6cfa840b725","frame":1393,"bytes":90275}
[INFO] [Render] drawElement small frame is deterministic; accepted {"renderJobId":"1815f153-cc5f-4350-bc09-d6cfa840b725","frame":1394,"bytes":90071}
[INFO] [Render] drawElement self-verify passed {"renderJobId":"1815f153-cc5f-4350-bc09-d6cfa840b725","frame":1472,"psnrDb":35}
[INFO] [Render] drawElement self-verify passed {"renderJobId":"1815f153-cc5f-4350-bc09-d6cfa840b725","frame":1958,"psnrDb":40.3}
[INFO] [Render:trace] {"renderJobId":"1815f153-cc5f-4350-bc09-d6cfa840b725","phase":"capture_streaming","status":"checkpoint","elapsedMs":129246,"message":"stage still running","stagePhase":"capturing","workerCount":3,"forceScreenshot":false,"totalFrames":3916,"framesCompleted":2209,"captureMode":"drawelement","captureOperation":"drawElement","heartbeatIndex":3,"stageElapsedMs":120023}
[INFO] [Render] drawElement self-verify passed {"renderJobId":"1815f153-cc5f-4350-bc09-d6cfa840b725","frame":2447,"psnrDb":38.8}
[WARN] [Render] drawElement blank-frame suspect; re-capturing {"renderJobId":"1815f153-cc5f-4350-bc09-d6cfa840b725","frame":2745,"bytes":13001,"floor":57090}
[WARN] [Render] drawElement blank-frame suspect; re-capturing {"renderJobId":"1815f153-cc5f-4350-bc09-d6cfa840b725","frame":2746,"bytes":41739,"floor":57090}
[WARN] [Render] drawElement blank-frame suspect; re-capturing {"renderJobId":"1815f153-cc5f-4350-bc09-d6cfa840b725","frame":2747,"bytes":48205,"floor":57090}
[INFO] [Render] drawElement small frame is deterministic; accepted {"renderJobId":"1815f153-cc5f-4350-bc09-d6cfa840b725","frame":2745,"bytes":13001}
[INFO] [Render] drawElement small frame is deterministic; accepted {"renderJobId":"1815f153-cc5f-4350-bc09-d6cfa840b725","frame":2746,"bytes":41739}
[WARN] [Render] drawElement blank-frame suspect; re-capturing {"renderJobId":"1815f153-cc5f-4350-bc09-d6cfa840b725","frame":2748,"bytes":52686,"floor":57075}
[WARN] [Render] drawElement blank-frame suspect; re-capturing {"renderJobId":"1815f153-cc5f-4350-bc09-d6cfa840b725","frame":2749,"bytes":55882,"floor":57075}
[INFO] [Render] drawElement small frame is deterministic; accepted {"renderJobId":"1815f153-cc5f-4350-bc09-d6cfa840b725","frame":2747,"bytes":48205}
[INFO] [Render] drawElement small frame is deterministic; accepted {"renderJobId":"1815f153-cc5f-4350-bc09-d6cfa840b725","frame":2748,"bytes":52686}
[INFO] [Render] drawElement small frame is deterministic; accepted {"renderJobId":"1815f153-cc5f-4350-bc09-d6cfa840b725","frame":2749,"bytes":55882}
[INFO] [Render] drawElement self-verify passed {"renderJobId":"1815f153-cc5f-4350-bc09-d6cfa840b725","frame":2936,"psnrDb":38.2}
[INFO] [Render] drawElement self-verify passed {"renderJobId":"1815f153-cc5f-4350-bc09-d6cfa840b725","frame":3426,"psnrDb":37}
[INFO] [Render] drawElement self-verify passed {"renderJobId":"1815f153-cc5f-4350-bc09-d6cfa840b725","frame":3719,"psnrDb":41}
[INFO] [Render:trace] {"renderJobId":"1815f153-cc5f-4350-bc09-d6cfa840b725","phase":"capture_streaming","status":"end","elapsedMs":216835,"durationMs":207613,"stagePhase":"capturing","workerCount":3,"forceScreenshot":false,"totalFrames":3916,"framesCompleted":3916,"captureMode":"drawelement","captureOperation":"encode"}
[INFO] [Render:trace] {"renderJobId":"1815f153-cc5f-4350-bc09-d6cfa840b725","phase":"assemble","status":"start","elapsedMs":216837,"stagePhase":"capturing","hasAudio":true,"workerCount":3,"forceScreenshot":false,"totalFrames":3916,"framesCompleted":3916,"captureMode":"drawelement","captureOperation":"encode"}
  ██████████████████████░░░  90%  Assembling final video
[INFO] [Render:trace] {"renderJobId":"1815f153-cc5f-4350-bc09-d6cfa840b725","phase":"assemble","status":"end","elapsedMs":229578,"durationMs":12741,"stagePhase":"capturing","hasAudio":true,"workerCount":3,"forceScreenshot":false,"totalFrames":3916,"framesCompleted":3916,"captureMode":"drawelement","captureOperation":"encode"}
[INFO] [Render:trace] {"renderJobId":"1815f153-cc5f-4350-bc09-d6cfa840b725","phase":"pipeline","status":"checkpoint","elapsedMs":229809,"message":"artifact validated","totalElapsedMs":229717}
  █████████████████████████  100%  Render complete

◇  C:\vox-style-xe-giay-v1-hyperframes\poc\mascot-aroll\run-thien-an-mon-2\out\su-kien-thien-an-mon-full.mp4
   214.9 MB · 2m 10.5s video · rendered in 3m 49.9s
   drawelement capture · hardware gpu · compile 3.0s · extract 0.1s · audio 5.4s · probe 0.7s · setup 0.7s · capture 3m 27.6s · encode (during capture) 3m 27.6s · assemble 12.7s

Render bản đầy đủ: out\su-kien-thien-an-mon-full.mp4, 225386241 bytes (214.9MB), 236.8s render time, quality=looks. Xác minh ffprobe: duration=130.533s (khớp audio thật 130.519s), 1080x1920 h264. Capture mode: không thấy dòng disable fast-capture — giả định fast-capture đang BẬT, CHƯA xác nhận được dòng log khi bật trông ra sao, cần đối chiếu thêm ở lần render tới. GPU mode: hardware (WebGL renderer vendor="Google Inc. (NVIDIA)" renderer="ANGLE (NVIDIA, NVIDIA GeForce GTX 1660 SUPER (0x000021C4) Direct3D11 vs_5_0 ps_5_0, D3D11)"). Stage timing: compile=2.3s, browser_probe=0.7s, video_extract=0.1s, audio_process=5.4s, file_server=0.0s, capture_streaming=207.6s, assemble=12.7s.
Đã ghi pipeline\videos\su-kien-thien-an-mon\completion-manifest.json.
render rc=0
