[bắt đầu] S01 (1 đang chạy, 13 chờ trong hàng đợi)
[bắt đầu] S02 (2 đang chạy, 12 chờ trong hàng đợi)
[bắt đầu] S03 (3 đang chạy, 11 chờ trong hàng đợi)
[bắt đầu] S04 (4 đang chạy, 10 chờ trong hàng đợi)
[bắt đầu] S05 (5 đang chạy, 9 chờ trong hàng đợi)
[bắt đầu] S06 (6 đang chạy, 8 chờ trong hàng đợi)
[bắt đầu] S07 (7 đang chạy, 7 chờ trong hàng đợi)
[bắt đầu] S08 (8 đang chạy, 6 chờ trong hàng đợi)
[bắt đầu] S09 (9 đang chạy, 5 chờ trong hàng đợi)
[bắt đầu] S10 (10 đang chạy, 4 chờ trong hàng đợi)
[bắt đầu] S11 (11 đang chạy, 3 chờ trong hàng đợi)
[bắt đầu] S12 (12 đang chạy, 2 chờ trong hàng đợi)
[bắt đầu] S13 (13 đang chạy, 1 chờ trong hàng đợi)
[bắt đầu] S14 (14 đang chạy, 0 chờ trong hàng đợi)
[PASS] S13
[PASS] S04
[PASS] S09
[PASS] S10
[PASS] S08
[PASS] S02
[PASS] S14
[PASS] S01
[PASS] S12
[PASS] S03
[PASS] S05
[PASS] S06
[PASS] S11
[PASS] S07

=== TỔNG KẾT ===
S01: pass
S02: pass
S03: pass
S04: pass
S05: pass
S06: pass
S07: pass
S08: pass
S09: pass
S10: pass
S11: pass
S12: pass
S13: pass
S14: pass

Tất cả scene PASS — ráp index.html...
Đã ráp index.html: video "su-kien-thien-an-mon" — 14/14 scene, 130.52s.
stage7 rc=0
