Chạy Stage 7b integration check (bắt buộc trước khi render)...
Stage 7b integration check PASS — 37/37 scene, có audio, có caption-track, hyperframes check ok=true (126 mốc/42 shot, 74.9s).
Đang render: npx --yes hyperframes@0.8.56 render --quality looks -o "C:\vox-style-xe-giay-v1-hyperframes\poc\mascot-aroll\run-ban-an-23\out\ban-an-23-2023-ben-tre-full.mp4"  "C:\vox-style-xe-giay-v1-hyperframes\poc\mascot-aroll\run-ban-an-23\hyperframes\videos\ban-an-23-2023-ben-tre"

◆  Rendering ban-an-23-2023-ben-tre → C:\vox-style-xe-giay-v1-hyperframes\poc\mascot-aroll\run-ban-an-23\out\ban-an-23-2023-ben-tre-full.mp4
   30fps · standard · auto workers (16 cores detected)
   GPU: browser GPU (auto-detect)

[?25l│
◒  Checking browser[1G[J◐  Checking browser[1G[J◓  Checking browser[1G[J◇  Browser: cache
[?25h
  Lint: 0 error(s), 332 warning(s) — run with --lint-verbose for full output.
  Continuing render despite lint issues. Use --strict to block errors.

[INFO] [Render] Pipeline started {"renderJobId":"83d54f57-3cf1-4486-a2ff-0725edcced97","platform":"win32","arch":"x64","nodeVersion":"v24.20.0","fps":{"num":30,"den":1},"format":"mp4","quality":"standard","browserGpuMode":"auto","forceScreenshot":false,"protocolTimeout":300000,"browserTimeout":120000,"pageNavigationTimeout":60000,"playerReadyTimeout":45000}
[INFO] [Render:trace] {"renderJobId":"83d54f57-3cf1-4486-a2ff-0725edcced97","phase":"pipeline","status":"checkpoint","elapsedMs":6,"message":"started","format":"mp4","quality":"standard","browserGpuMode":"auto","forceScreenshot":false,"protocolTimeoutMs":300000,"pageNavigationTimeoutMs":60000,"playerReadyTimeoutMs":45000,"requestedWorkers":"auto"}
[INFO] [Render:trace] {"renderJobId":"83d54f57-3cf1-4486-a2ff-0725edcced97","phase":"compile","status":"start","elapsedMs":9,"needsAlpha":false}
  █░░░░░░░░░░░░░░░░░░░░░░░░  5%  Compiling composition
[INFO] [Compiler] Fetched 11 font face(s) for "Be Vietnam Pro" from Google Fonts (cached to C:\Users\DTL\.cache\hyperframes\fonts\be-vietnam-pro)
[INFO] [Compiler] Injected deterministic @font-face rules for 1 requested font families
[INFO] [Compiler] Inlined CDN script: https://cdn.jsdelivr.net/npm/gsap@3.14.2/dist/gsap.min.js
[INFO] Compiled composition metadata {"renderJobId":"83d54f57-3cf1-4486-a2ff-0725edcced97","entryFile":"index.html","staticDuration":293.68,"width":1080,"height":1920,"videoCount":0,"audioCount":1,"renderModeHints":{"recommendScreenshot":false,"reasons":[]}}
[INFO] [Render:trace] {"renderJobId":"83d54f57-3cf1-4486-a2ff-0725edcced97","phase":"compile","status":"end","elapsedMs":5686,"durationMs":5677,"needsAlpha":false}
[INFO] [Render:trace] {"renderJobId":"83d54f57-3cf1-4486-a2ff-0725edcced97","phase":"compile","status":"checkpoint","elapsedMs":5693,"message":"composition metadata resolved","width":1080,"height":1920,"videoCount":0,"audioCount":1,"imageCount":30,"deviceScaleFactor":1,"forceScreenshot":false,"compositionHash":"c0d5805ef0ab9872"}
[INFO] [Render:trace] {"renderJobId":"83d54f57-3cf1-4486-a2ff-0725edcced97","phase":"browser_probe","status":"start","elapsedMs":5693,"forceScreenshot":false,"stagePhase":"calibrating"}
[INFO] [Render:trace] {"renderJobId":"83d54f57-3cf1-4486-a2ff-0725edcced97","phase":"browser_probe","status":"end","elapsedMs":6776,"durationMs":1083,"forceScreenshot":false,"stagePhase":"calibrating"}
[INFO] [Render:trace] {"renderJobId":"83d54f57-3cf1-4486-a2ff-0725edcced97","phase":"browser_probe","status":"checkpoint","elapsedMs":6782,"message":"duration resolved","durationSeconds":293.68,"totalFrames":8811,"compositionHash":"c0d5805ef0ab9872","beginFrameStalled":false}
[INFO] [Render:trace] {"renderJobId":"83d54f57-3cf1-4486-a2ff-0725edcced97","phase":"video_extract","status":"start","elapsedMs":6783,"videoCount":0}
  ██░░░░░░░░░░░░░░░░░░░░░░░  10%  Extracting video frames
[INFO] [Render:trace] {"renderJobId":"83d54f57-3cf1-4486-a2ff-0725edcced97","phase":"video_extract","status":"end","elapsedMs":6823,"durationMs":40,"videoCount":0}
[INFO] [Render:trace] {"renderJobId":"83d54f57-3cf1-4486-a2ff-0725edcced97","phase":"video_extract","status":"checkpoint","elapsedMs":6856,"message":"frames resolved","videoCount":0,"extractedVideoCount":0,"totalFramesExtracted":0,"maxFramesPerVideo":0,"avgFramesPerExtractedVideo":null,"vfrPreflightCount":null,"vfrPreflightMs":null,"cacheHits":null,"cacheMisses":null,"transientRetries":null,"minVideoFrameCoverageRatio":null,"authoredTimedClipCount":417}
[INFO] [Render] No HDR sources detected — rendering SDR {"renderJobId":"83d54f57-3cf1-4486-a2ff-0725edcced97"}
[INFO] [Render:trace] {"renderJobId":"83d54f57-3cf1-4486-a2ff-0725edcced97","phase":"hdr_detection","status":"checkpoint","elapsedMs":6857,"message":"resolved","requestedHdrMode":"auto","effectiveHdr":"sdr","nativeHdrVideoCount":0,"nativeHdrImageCount":0}
[INFO] [Render:trace] {"renderJobId":"83d54f57-3cf1-4486-a2ff-0725edcced97","phase":"audio_process","status":"start","elapsedMs":6857,"audioCount":1}
  █████░░░░░░░░░░░░░░░░░░░░  20%  Processing audio tracks
[INFO] [Render:trace] {"renderJobId":"83d54f57-3cf1-4486-a2ff-0725edcced97","phase":"audio_process","status":"end","elapsedMs":22281,"durationMs":15424,"audioCount":1}
[INFO] [Render:trace] {"renderJobId":"83d54f57-3cf1-4486-a2ff-0725edcced97","phase":"file_server","status":"start","elapsedMs":22281,"reused":false}
  ██████░░░░░░░░░░░░░░░░░░░  25%  Starting frame capture
[INFO] [Render:trace] {"renderJobId":"83d54f57-3cf1-4486-a2ff-0725edcced97","phase":"file_server","status":"end","elapsedMs":22291,"durationMs":10}
[hyperframes] browserGpuMode probe → hardware (WebGL renderer vendor="Google Inc. (NVIDIA)" renderer="ANGLE (NVIDIA, NVIDIA GeForce GTX 1660 SUPER (0x000021C4) Direct3D11 vs_5_0 ps_5_0, D3D11)")
[INFO] [Render:trace] {"renderJobId":"83d54f57-3cf1-4486-a2ff-0725edcced97","phase":"capture_calibration","status":"checkpoint","elapsedMs":22958,"message":"skipped","requestedWorkers":"auto","totalFrames":8811,"htmlInCanvasDetected":false,"lowMemoryMode":false,"deInversionEligible":true,"deParallelRouterEligible":true}
[WARN] [Render] 6 capture workers may exceed this process's V8 heap (limit 4288MB supports ~5). If the render dies with "JavaScript heap out of memory", raise the heap (NODE_OPTIONS=--max-old-space-size=8192) or pass --workers 5. {"renderJobId":"83d54f57-3cf1-4486-a2ff-0725edcced97","heapLimitMb":4288,"heapBasedWorkers":5}
[INFO] [Render] Fast capture: verified parallel drawElement streaming preferred over single-worker inversion (8811 frames >= 700; benchmark-validated at 3 workers, pinned regardless of calibration). Set HF_DE_PARALLEL_ROUTER=false or --workers N to override. {"renderJobId":"83d54f57-3cf1-4486-a2ff-0725edcced97"}
[INFO] [Render:trace] {"renderJobId":"83d54f57-3cf1-4486-a2ff-0725edcced97","phase":"worker_resolution","status":"checkpoint","elapsedMs":22961,"message":"resolved","workerCount":3}
[INFO] streaming-encode gate {"renderJobId":"83d54f57-3cf1-4486-a2ff-0725edcced97","enabled":true,"reason":"parallel_forced","configFlag":true,"durationCapEnabled":false,"outputFormat":"mp4","workerCount":3,"durationSeconds":293.68,"maxDurationSeconds":240}
[INFO] [Render:trace] {"renderJobId":"83d54f57-3cf1-4486-a2ff-0725edcced97","phase":"capture_strategy","status":"checkpoint","elapsedMs":22962,"message":"resolved","workerCount":3,"forceScreenshot":false,"captureBeyondViewport":null,"useStreamingEncode":true,"useLayeredComposite":false,"usePageSideCompositing":false,"hasHdrContent":false,"hasShaderTransitions":false,"isPngSequence":false}
[INFO] [Render:trace] {"renderJobId":"83d54f57-3cf1-4486-a2ff-0725edcced97","phase":"capture_streaming","status":"start","elapsedMs":22962,"stagePhase":"capturing","workerCount":3,"forceScreenshot":false,"totalFrames":8811,"framesCompleted":0,"captureMode":"drawelement","captureOperation":"drawElement"}
[INFO] [Render] Parallel capture worker phase {"renderJobId":"83d54f57-3cf1-4486-a2ff-0725edcced97","workerId":0,"phase":"browser_launch","browserExecutable":"C:\\Users\\DTL\\.cache\\hyperframes\\chrome\\chrome-headless-shell\\win64-152.0.7977.30\\chrome-headless-shell-win64\\chrome-headless-shell.exe","browserVersion":"unknown","canvasDrawElement":"unknown","gpuBackend":"unknown"}
[INFO] [Render] Parallel capture worker phase {"renderJobId":"83d54f57-3cf1-4486-a2ff-0725edcced97","workerId":1,"phase":"browser_launch","browserExecutable":"C:\\Users\\DTL\\.cache\\hyperframes\\chrome\\chrome-headless-shell\\win64-152.0.7977.30\\chrome-headless-shell-win64\\chrome-headless-shell.exe","browserVersion":"unknown","canvasDrawElement":"unknown","gpuBackend":"unknown"}
[INFO] [Render] Parallel capture worker phase {"renderJobId":"83d54f57-3cf1-4486-a2ff-0725edcced97","workerId":2,"phase":"browser_launch","browserExecutable":"C:\\Users\\DTL\\.cache\\hyperframes\\chrome\\chrome-headless-shell\\win64-152.0.7977.30\\chrome-headless-shell-win64\\chrome-headless-shell.exe","browserVersion":"unknown","canvasDrawElement":"unknown","gpuBackend":"unknown"}
[BrowserManager] Browser launched (HeadlessChrome/152.0.7977.30, screenshot, gl=--use-gl=angle --use-angle=d3d11, headlessShell=true, platform=win32)
[BrowserManager] Browser launched (HeadlessChrome/152.0.7977.30, screenshot, gl=--use-gl=angle --use-angle=d3d11, headlessShell=true, platform=win32)
[BrowserManager] Browser launched (HeadlessChrome/152.0.7977.30, screenshot, gl=--use-gl=angle --use-angle=d3d11, headlessShell=true, platform=win32)
[INFO] [Render] Parallel capture worker phase {"renderJobId":"83d54f57-3cf1-4486-a2ff-0725edcced97","workerId":1,"phase":"browser_probe","browserExecutable":"C:\\Users\\DTL\\.cache\\hyperframes\\chrome\\chrome-headless-shell\\win64-152.0.7977.30\\chrome-headless-shell-win64\\chrome-headless-shell.exe","browserVersion":"unknown","canvasDrawElement":"unknown","gpuBackend":"unknown"}
[INFO] [Render] Parallel capture worker phase {"renderJobId":"83d54f57-3cf1-4486-a2ff-0725edcced97","workerId":1,"phase":"session_init","browserExecutable":"C:\\Users\\DTL\\.cache\\hyperframes\\chrome\\chrome-headless-shell\\win64-152.0.7977.30\\chrome-headless-shell-win64\\chrome-headless-shell.exe","browserVersion":"HeadlessChrome/152.0.7977.30","canvasDrawElement":"unknown","gpuBackend":"unknown"}
[initSession:screenshot] page.goto start (1ms)
[INFO] [Render] Parallel capture worker phase {"renderJobId":"83d54f57-3cf1-4486-a2ff-0725edcced97","workerId":2,"phase":"browser_probe","browserExecutable":"C:\\Users\\DTL\\.cache\\hyperframes\\chrome\\chrome-headless-shell\\win64-152.0.7977.30\\chrome-headless-shell-win64\\chrome-headless-shell.exe","browserVersion":"unknown","canvasDrawElement":"unknown","gpuBackend":"unknown"}
[INFO] [Render] Parallel capture worker phase {"renderJobId":"83d54f57-3cf1-4486-a2ff-0725edcced97","workerId":2,"phase":"session_init","browserExecutable":"C:\\Users\\DTL\\.cache\\hyperframes\\chrome\\chrome-headless-shell\\win64-152.0.7977.30\\chrome-headless-shell-win64\\chrome-headless-shell.exe","browserVersion":"HeadlessChrome/152.0.7977.30","canvasDrawElement":"unknown","gpuBackend":"unknown"}
[initSession:screenshot] page.goto start (1ms)
[INFO] [Render] Parallel capture worker phase {"renderJobId":"83d54f57-3cf1-4486-a2ff-0725edcced97","workerId":0,"phase":"browser_probe","browserExecutable":"C:\\Users\\DTL\\.cache\\hyperframes\\chrome\\chrome-headless-shell\\win64-152.0.7977.30\\chrome-headless-shell-win64\\chrome-headless-shell.exe","browserVersion":"unknown","canvasDrawElement":"unknown","gpuBackend":"unknown"}
[INFO] [Render] Parallel capture worker phase {"renderJobId":"83d54f57-3cf1-4486-a2ff-0725edcced97","workerId":0,"phase":"session_init","browserExecutable":"C:\\Users\\DTL\\.cache\\hyperframes\\chrome\\chrome-headless-shell\\win64-152.0.7977.30\\chrome-headless-shell-win64\\chrome-headless-shell.exe","browserVersion":"HeadlessChrome/152.0.7977.30","canvasDrawElement":"unknown","gpuBackend":"unknown"}
[initSession:screenshot] page.goto start (0ms)
[HyperFrames] render runtime fps [object Object]
[initSession:screenshot] page.goto complete (1942ms)
[initSession:screenshot] GSAP proxy flush complete (2018ms)
[initSession:screenshot] pollHfReady complete (2021ms)
[initSession:screenshot] pollSubCompositionTimelines complete (ready) (2051ms)
[initSession:screenshot] applyVideoMetadataHints complete (2051ms)
[initSession:screenshot] media + fonts + tailwind ready (2140ms)
[HyperFrames] render runtime fps [object Object]
[HyperFrames] render runtime fps [object Object]
[initSession:screenshot] page.goto complete (2416ms)
[initSession:screenshot] page.goto complete (2418ms)
[initSession:screenshot] GSAP proxy flush complete (2517ms)
[initSession:screenshot] pollHfReady complete (2525ms)
[initSession:screenshot] pollSubCompositionTimelines complete (ready) (2573ms)
[initSession:screenshot] applyVideoMetadataHints complete (2573ms)
[initSession:screenshot] GSAP proxy flush complete (2520ms)
[initSession:screenshot] pollHfReady complete (2530ms)
[initSession:screenshot] pollSubCompositionTimelines complete (ready) (2579ms)
[initSession:screenshot] applyVideoMetadataHints complete (2579ms)
[initSession:screenshot] media + fonts + tailwind ready (2708ms)
[initSession:screenshot] timeline at-risk predictor: 0/8811 frames (0%) (2686ms)
[initSession:screenshot] timeline at-risk predictor: 0/8811 frames (0%) (2743ms)
[initSession:screenshot] static-frame dedup: disabled (eligible) (2725ms)
[initSession:screenshot] media + fonts + tailwind ready (2692ms)
[initSession:screenshot] static-frame dedup: disabled (eligible) (2777ms)
[initSession:screenshot] timeline at-risk predictor: 0/8811 frames (0%) (2735ms)
[initSession:screenshot] static-frame dedup: disabled (eligible) (2766ms)
[initSession:screenshot] drawElement self-verify armed: 8 ground-truth frame(s) @ [1101, 2207, 3304, 4405, 5506, 6608, 7709, 8370] of 8810 (4715ms)
[initSession:drawelement] drawElement canvas injected (4722ms)
[initSession:screenshot] drawElement self-verify armed: 8 ground-truth frame(s) @ [1101, 2207, 3304, 4405, 5506, 6608, 7709, 8370] of 8810 (4750ms)
[initSession:drawelement] screenshot fallback: 1110 clip-boundary frame(s) (4728ms)
[initSession:drawelement] drawElement canvas injected (4757ms)
[initSession:drawelement] screenshot fallback: 1110 clip-boundary frame(s) (4763ms)
[initSession:drawelement] drawElement worker encode initialized (4767ms)
[initSession:screenshot] drawElement self-verify armed: 8 ground-truth frame(s) @ [1101, 2207, 3304, 4405, 5506, 6608, 7709, 8370] of 8810 (4732ms)
[initSession:drawelement] drawElement canvas injected (4740ms)
[initSession:drawelement] screenshot fallback: 1110 clip-boundary frame(s) (4746ms)
[initSession:drawelement] drawElement worker encode initialized (4780ms)
[INFO] [Render] Parallel capture worker phase {"renderJobId":"83d54f57-3cf1-4486-a2ff-0725edcced97","workerId":2,"phase":"frame_capture","frameIndex":2,"browserExecutable":"C:\\Users\\DTL\\.cache\\hyperframes\\chrome\\chrome-headless-shell\\win64-152.0.7977.30\\chrome-headless-shell-win64\\chrome-headless-shell.exe","browserVersion":"HeadlessChrome/152.0.7977.30","canvasDrawElement":true,"gpuBackend":"d3d11/nvidia"}
[INFO] [Render] Parallel capture worker phase {"renderJobId":"83d54f57-3cf1-4486-a2ff-0725edcced97","workerId":1,"phase":"frame_capture","frameIndex":1,"browserExecutable":"C:\\Users\\DTL\\.cache\\hyperframes\\chrome\\chrome-headless-shell\\win64-152.0.7977.30\\chrome-headless-shell-win64\\chrome-headless-shell.exe","browserVersion":"HeadlessChrome/152.0.7977.30","canvasDrawElement":true,"gpuBackend":"d3d11/nvidia"}
[INFO] [Render] Parallel capture worker phase {"renderJobId":"83d54f57-3cf1-4486-a2ff-0725edcced97","workerId":2,"phase":"frame_capture","frameIndex":5,"browserExecutable":"C:\\Users\\DTL\\.cache\\hyperframes\\chrome\\chrome-headless-shell\\win64-152.0.7977.30\\chrome-headless-shell-win64\\chrome-headless-shell.exe","browserVersion":"HeadlessChrome/152.0.7977.30","canvasDrawElement":true,"gpuBackend":"d3d11/nvidia"}
[INFO] [Render] Parallel capture worker phase {"renderJobId":"83d54f57-3cf1-4486-a2ff-0725edcced97","workerId":1,"phase":"frame_capture","frameIndex":4,"browserExecutable":"C:\\Users\\DTL\\.cache\\hyperframes\\chrome\\chrome-headless-shell\\win64-152.0.7977.30\\chrome-headless-shell-win64\\chrome-headless-shell.exe","browserVersion":"HeadlessChrome/152.0.7977.30","canvasDrawElement":true,"gpuBackend":"d3d11/nvidia"}
[INFO] [Render] Parallel capture worker phase {"renderJobId":"83d54f57-3cf1-4486-a2ff-0725edcced97","workerId":2,"phase":"frame_encode","frameIndex":2,"browserExecutable":"C:\\Users\\DTL\\.cache\\hyperframes\\chrome\\chrome-headless-shell\\win64-152.0.7977.30\\chrome-headless-shell-win64\\chrome-headless-shell.exe","browserVersion":"HeadlessChrome/152.0.7977.30","canvasDrawElement":true,"gpuBackend":"d3d11/nvidia"}
[initSession:drawelement] drawElement worker encode initialized (4810ms)
[INFO] [Render] Parallel capture worker phase {"renderJobId":"83d54f57-3cf1-4486-a2ff-0725edcced97","workerId":0,"phase":"frame_capture","frameIndex":0,"browserExecutable":"C:\\Users\\DTL\\.cache\\hyperframes\\chrome\\chrome-headless-shell\\win64-152.0.7977.30\\chrome-headless-shell-win64\\chrome-headless-shell.exe","browserVersion":"HeadlessChrome/152.0.7977.30","canvasDrawElement":true,"gpuBackend":"d3d11/nvidia"}
[INFO] [Render] Parallel capture worker phase {"renderJobId":"83d54f57-3cf1-4486-a2ff-0725edcced97","workerId":1,"phase":"frame_encode","frameIndex":1,"browserExecutable":"C:\\Users\\DTL\\.cache\\hyperframes\\chrome\\chrome-headless-shell\\win64-152.0.7977.30\\chrome-headless-shell-win64\\chrome-headless-shell.exe","browserVersion":"HeadlessChrome/152.0.7977.30","canvasDrawElement":true,"gpuBackend":"d3d11/nvidia"}
[INFO] [Render] Parallel capture worker phase {"renderJobId":"83d54f57-3cf1-4486-a2ff-0725edcced97","workerId":0,"phase":"frame_capture","frameIndex":3,"browserExecutable":"C:\\Users\\DTL\\.cache\\hyperframes\\chrome\\chrome-headless-shell\\win64-152.0.7977.30\\chrome-headless-shell-win64\\chrome-headless-shell.exe","browserVersion":"HeadlessChrome/152.0.7977.30","canvasDrawElement":true,"gpuBackend":"d3d11/nvidia"}
[INFO] [Render] Parallel capture worker phase {"renderJobId":"83d54f57-3cf1-4486-a2ff-0725edcced97","workerId":0,"phase":"frame_encode","frameIndex":0,"browserExecutable":"C:\\Users\\DTL\\.cache\\hyperframes\\chrome\\chrome-headless-shell\\win64-152.0.7977.30\\chrome-headless-shell-win64\\chrome-headless-shell.exe","browserVersion":"HeadlessChrome/152.0.7977.30","canvasDrawElement":true,"gpuBackend":"d3d11/nvidia"}
  ██████░░░░░░░░░░░░░░░░░░░  25%  Streaming frame 30/8811 (3 workers)
  ██████░░░░░░░░░░░░░░░░░░░  25%  Streaming frame 60/8811 (3 workers)
  ██████░░░░░░░░░░░░░░░░░░░  26%  Streaming frame 90/8811 (3 workers)
  ██████░░░░░░░░░░░░░░░░░░░  26%  Streaming frame 120/8811 (3 workers)
  ██████░░░░░░░░░░░░░░░░░░░  26%  Streaming frame 150/8811 (3 workers)
  ██████░░░░░░░░░░░░░░░░░░░  26%  Streaming frame 180/8811 (3 workers)
  ██████░░░░░░░░░░░░░░░░░░░  26%  Streaming frame 210/8811 (3 workers)
  ██████░░░░░░░░░░░░░░░░░░░  26%  Streaming frame 240/8811 (3 workers)
  ██████░░░░░░░░░░░░░░░░░░░  27%  Streaming frame 270/8811 (3 workers)
[WARN] [Render] drawElement blank-frame suspect; re-capturing {"renderJobId":"83d54f57-3cf1-4486-a2ff-0725edcced97","frame":281,"bytes":31223,"floor":61602}
[WARN] [Render] drawElement blank-frame suspect; re-capturing {"renderJobId":"83d54f57-3cf1-4486-a2ff-0725edcced97","frame":282,"bytes":33223,"floor":61574}
[WARN] [Render] drawElement blank-frame suspect; re-capturing {"renderJobId":"83d54f57-3cf1-4486-a2ff-0725edcced97","frame":283,"bytes":33546,"floor":61574}
[INFO] [Render] drawElement small frame is deterministic; accepted {"renderJobId":"83d54f57-3cf1-4486-a2ff-0725edcced97","frame":281,"bytes":31223}
[WARN] [Render] drawElement blank-frame suspect; re-capturing {"renderJobId":"83d54f57-3cf1-4486-a2ff-0725edcced97","frame":284,"bytes":49158,"floor":61545}
[INFO] [Render] drawElement small frame is deterministic; accepted {"renderJobId":"83d54f57-3cf1-4486-a2ff-0725edcced97","frame":283,"bytes":33546}
[INFO] [Render] drawElement small frame is deterministic; accepted {"renderJobId":"83d54f57-3cf1-4486-a2ff-0725edcced97","frame":282,"bytes":33223}
[INFO] [Render] drawElement small frame is deterministic; accepted {"renderJobId":"83d54f57-3cf1-4486-a2ff-0725edcced97","frame":284,"bytes":49158}
[WARN] [Render] drawElement blank-frame suspect; re-capturing {"renderJobId":"83d54f57-3cf1-4486-a2ff-0725edcced97","frame":286,"bytes":57062,"floor":61505}
[WARN] [Render] drawElement blank-frame suspect; re-capturing {"renderJobId":"83d54f57-3cf1-4486-a2ff-0725edcced97","frame":285,"bytes":53496,"floor":61505}
[WARN] [Render] drawElement blank-frame suspect; re-capturing {"renderJobId":"83d54f57-3cf1-4486-a2ff-0725edcced97","frame":287,"bytes":59048,"floor":61505}
[INFO] [Render] drawElement small frame is deterministic; accepted {"renderJobId":"83d54f57-3cf1-4486-a2ff-0725edcced97","frame":286,"bytes":57062}
[INFO] [Render] drawElement small frame is deterministic; accepted {"renderJobId":"83d54f57-3cf1-4486-a2ff-0725edcced97","frame":285,"bytes":53496}
[INFO] [Render] drawElement small frame is deterministic; accepted {"renderJobId":"83d54f57-3cf1-4486-a2ff-0725edcced97","frame":287,"bytes":59048}
[WARN] [Render] drawElement blank-frame suspect; re-capturing {"renderJobId":"83d54f57-3cf1-4486-a2ff-0725edcced97","frame":288,"bytes":59708,"floor":61474}
[WARN] [Render] drawElement blank-frame suspect; re-capturing {"renderJobId":"83d54f57-3cf1-4486-a2ff-0725edcced97","frame":289,"bytes":61064,"floor":61474}
[WARN] [Render] drawElement blank-frame suspect; re-capturing {"renderJobId":"83d54f57-3cf1-4486-a2ff-0725edcced97","frame":290,"bytes":61153,"floor":61474}
[INFO] [Render] drawElement small frame is deterministic; accepted {"renderJobId":"83d54f57-3cf1-4486-a2ff-0725edcced97","frame":288,"bytes":59708}
[INFO] [Render] drawElement small frame is deterministic; accepted {"renderJobId":"83d54f57-3cf1-4486-a2ff-0725edcced97","frame":289,"bytes":61064}
[INFO] [Render] drawElement small frame is deterministic; accepted {"renderJobId":"83d54f57-3cf1-4486-a2ff-0725edcced97","frame":290,"bytes":61153}
  ██████░░░░░░░░░░░░░░░░░░░  27%  Streaming frame 300/8811 (3 workers)
[WARN] [Render] drawElement blank-frame suspect; re-capturing {"renderJobId":"83d54f57-3cf1-4486-a2ff-0725edcced97","frame":304,"bytes":57554,"floor":61037}
[WARN] [Render] drawElement blank-frame suspect; re-capturing {"renderJobId":"83d54f57-3cf1-4486-a2ff-0725edcced97","frame":305,"bytes":60854,"floor":61037}
[INFO] [Render] drawElement small frame is deterministic; accepted {"renderJobId":"83d54f57-3cf1-4486-a2ff-0725edcced97","frame":305,"bytes":60854}
[INFO] [Render] drawElement small frame is deterministic; accepted {"renderJobId":"83d54f57-3cf1-4486-a2ff-0725edcced97","frame":304,"bytes":57554}
  ██████░░░░░░░░░░░░░░░░░░░  27%  Streaming frame 330/8811 (3 workers)
  ██████░░░░░░░░░░░░░░░░░░░  27%  Streaming frame 360/8811 (3 workers)
  ██████░░░░░░░░░░░░░░░░░░░  27%  Streaming frame 390/8811 (3 workers)
  ███████░░░░░░░░░░░░░░░░░░  28%  Streaming frame 420/8811 (3 workers)
  ███████░░░░░░░░░░░░░░░░░░  28%  Streaming frame 450/8811 (3 workers)
  ███████░░░░░░░░░░░░░░░░░░  28%  Streaming frame 480/8811 (3 workers)
  ███████░░░░░░░░░░░░░░░░░░  28%  Streaming frame 510/8811 (3 workers)
  ███████░░░░░░░░░░░░░░░░░░  28%  Streaming frame 540/8811 (3 workers)
  ███████░░░░░░░░░░░░░░░░░░  29%  Streaming frame 570/8811 (3 workers)
  ███████░░░░░░░░░░░░░░░░░░  29%  Streaming frame 600/8811 (3 workers)
  ███████░░░░░░░░░░░░░░░░░░  29%  Streaming frame 630/8811 (3 workers)
  ███████░░░░░░░░░░░░░░░░░░  29%  Streaming frame 660/8811 (3 workers)
  ███████░░░░░░░░░░░░░░░░░░  29%  Streaming frame 690/8811 (3 workers)
  ███████░░░░░░░░░░░░░░░░░░  29%  Streaming frame 720/8811 (3 workers)
[INFO] [Render:trace] {"renderJobId":"83d54f57-3cf1-4486-a2ff-0725edcced97","phase":"capture_streaming","status":"checkpoint","elapsedMs":52966,"message":"stage still running","stagePhase":"capturing","workerCount":3,"forceScreenshot":false,"totalFrames":8811,"framesCompleted":739,"captureMode":"drawelement","captureOperation":"drawElement","heartbeatIndex":1,"stageElapsedMs":30002}
  ███████░░░░░░░░░░░░░░░░░░  30%  Streaming frame 750/8811 (3 workers)
  ███████░░░░░░░░░░░░░░░░░░  30%  Streaming frame 780/8811 (3 workers)
  ███████░░░░░░░░░░░░░░░░░░  30%  Streaming frame 810/8811 (3 workers)
  ███████░░░░░░░░░░░░░░░░░░  30%  Streaming frame 840/8811 (3 workers)
  ███████░░░░░░░░░░░░░░░░░░  30%  Streaming frame 870/8811 (3 workers)
  ███████░░░░░░░░░░░░░░░░░░  31%  Streaming frame 900/8811 (3 workers)
  ███████░░░░░░░░░░░░░░░░░░  31%  Streaming frame 930/8811 (3 workers)
  ███████░░░░░░░░░░░░░░░░░░  31%  Streaming frame 960/8811 (3 workers)
  ███████░░░░░░░░░░░░░░░░░░  31%  Streaming frame 990/8811 (3 workers)
  ███████░░░░░░░░░░░░░░░░░░  31%  Streaming frame 1020/8811 (3 workers)
  ████████░░░░░░░░░░░░░░░░░  32%  Streaming frame 1050/8811 (3 workers)
  ████████░░░░░░░░░░░░░░░░░  32%  Streaming frame 1080/8811 (3 workers)
[INFO] [Render] drawElement self-verify passed {"renderJobId":"83d54f57-3cf1-4486-a2ff-0725edcced97","frame":1101,"psnrDb":37.5}
  ████████░░░░░░░░░░░░░░░░░  32%  Streaming frame 1110/8811 (3 workers)
  ████████░░░░░░░░░░░░░░░░░  32%  Streaming frame 1140/8811 (3 workers)
  ████████░░░░░░░░░░░░░░░░░  32%  Streaming frame 1170/8811 (3 workers)
  ████████░░░░░░░░░░░░░░░░░  32%  Streaming frame 1200/8811 (3 workers)
  ████████░░░░░░░░░░░░░░░░░  33%  Streaming frame 1230/8811 (3 workers)
  ████████░░░░░░░░░░░░░░░░░  33%  Streaming frame 1260/8811 (3 workers)
  ████████░░░░░░░░░░░░░░░░░  33%  Streaming frame 1290/8811 (3 workers)
  ████████░░░░░░░░░░░░░░░░░  33%  Streaming frame 1320/8811 (3 workers)
  ████████░░░░░░░░░░░░░░░░░  33%  Streaming frame 1350/8811 (3 workers)
  ████████░░░░░░░░░░░░░░░░░  34%  Streaming frame 1380/8811 (3 workers)
  ████████░░░░░░░░░░░░░░░░░  34%  Streaming frame 1410/8811 (3 workers)
  ████████░░░░░░░░░░░░░░░░░  34%  Streaming frame 1440/8811 (3 workers)
[INFO] [Render:trace] {"renderJobId":"83d54f57-3cf1-4486-a2ff-0725edcced97","phase":"capture_streaming","status":"checkpoint","elapsedMs":82974,"message":"stage still running","stagePhase":"capturing","workerCount":3,"forceScreenshot":false,"totalFrames":8811,"framesCompleted":1464,"captureMode":"drawelement","captureOperation":"drawElement","heartbeatIndex":2,"stageElapsedMs":60011}
  ████████░░░░░░░░░░░░░░░░░  34%  Streaming frame 1470/8811 (3 workers)
  ████████░░░░░░░░░░░░░░░░░  34%  Streaming frame 1500/8811 (3 workers)
  ████████░░░░░░░░░░░░░░░░░  35%  Streaming frame 1530/8811 (3 workers)
  ████████░░░░░░░░░░░░░░░░░  35%  Streaming frame 1560/8811 (3 workers)
  ████████░░░░░░░░░░░░░░░░░  35%  Streaming frame 1590/8811 (3 workers)
  ████████░░░░░░░░░░░░░░░░░  35%  Streaming frame 1620/8811 (3 workers)
  ████████░░░░░░░░░░░░░░░░░  35%  Streaming frame 1650/8811 (3 workers)
  ████████░░░░░░░░░░░░░░░░░  35%  Streaming frame 1680/8811 (3 workers)
  █████████░░░░░░░░░░░░░░░░  36%  Streaming frame 1710/8811 (3 workers)
  █████████░░░░░░░░░░░░░░░░  36%  Streaming frame 1740/8811 (3 workers)
[WARN] [Render] drawElement blank-frame suspect; re-capturing {"renderJobId":"83d54f57-3cf1-4486-a2ff-0725edcced97","frame":1769,"bytes":26020,"floor":50616}
[WARN] [Render] drawElement blank-frame suspect; re-capturing {"renderJobId":"83d54f57-3cf1-4486-a2ff-0725edcced97","frame":1768,"bytes":18860,"floor":50616}
[WARN] [Render] drawElement blank-frame suspect; re-capturing {"renderJobId":"83d54f57-3cf1-4486-a2ff-0725edcced97","frame":1770,"bytes":26816,"floor":50608}
[INFO] [Render] drawElement small frame is deterministic; accepted {"renderJobId":"83d54f57-3cf1-4486-a2ff-0725edcced97","frame":1769,"bytes":26020}
[INFO] [Render] drawElement small frame is deterministic; accepted {"renderJobId":"83d54f57-3cf1-4486-a2ff-0725edcced97","frame":1768,"bytes":18860}
  █████████░░░░░░░░░░░░░░░░  36%  Streaming frame 1770/8811 (3 workers)
[WARN] [Render] drawElement blank-frame suspect; re-capturing {"renderJobId":"83d54f57-3cf1-4486-a2ff-0725edcced97","frame":1772,"bytes":27465,"floor":50599}
[INFO] [Render] drawElement small frame is deterministic; accepted {"renderJobId":"83d54f57-3cf1-4486-a2ff-0725edcced97","frame":1770,"bytes":26816}
[WARN] [Render] drawElement blank-frame suspect; re-capturing {"renderJobId":"83d54f57-3cf1-4486-a2ff-0725edcced97","frame":1771,"bytes":27031,"floor":50593}
[WARN] [Render] drawElement blank-frame suspect; re-capturing {"renderJobId":"83d54f57-3cf1-4486-a2ff-0725edcced97","frame":1773,"bytes":27634,"floor":50593}
[INFO] [Render] drawElement small frame is deterministic; accepted {"renderJobId":"83d54f57-3cf1-4486-a2ff-0725edcced97","frame":1772,"bytes":27465}
[INFO] [Render] drawElement small frame is deterministic; accepted {"renderJobId":"83d54f57-3cf1-4486-a2ff-0725edcced97","frame":1771,"bytes":27031}
[INFO] [Render] drawElement small frame is deterministic; accepted {"renderJobId":"83d54f57-3cf1-4486-a2ff-0725edcced97","frame":1773,"bytes":27634}
[WARN] [Render] drawElement blank-frame suspect; re-capturing {"renderJobId":"83d54f57-3cf1-4486-a2ff-0725edcced97","frame":1775,"bytes":27871,"floor":50581}
[WARN] [Render] drawElement blank-frame suspect; re-capturing {"renderJobId":"83d54f57-3cf1-4486-a2ff-0725edcced97","frame":1774,"bytes":27800,"floor":50581}
[WARN] [Render] drawElement blank-frame suspect; re-capturing {"renderJobId":"83d54f57-3cf1-4486-a2ff-0725edcced97","frame":1776,"bytes":27703,"floor":50581}
[INFO] [Render] drawElement small frame is deterministic; accepted {"renderJobId":"83d54f57-3cf1-4486-a2ff-0725edcced97","frame":1775,"bytes":27871}
[INFO] [Render] drawElement small frame is deterministic; accepted {"renderJobId":"83d54f57-3cf1-4486-a2ff-0725edcced97","frame":1774,"bytes":27800}
[INFO] [Render] drawElement small frame is deterministic; accepted {"renderJobId":"83d54f57-3cf1-4486-a2ff-0725edcced97","frame":1776,"bytes":27703}
[WARN] [Render] drawElement blank-frame suspect; re-capturing {"renderJobId":"83d54f57-3cf1-4486-a2ff-0725edcced97","frame":1777,"bytes":27807,"floor":50567}
[WARN] [Render] drawElement blank-frame suspect; re-capturing {"renderJobId":"83d54f57-3cf1-4486-a2ff-0725edcced97","frame":1778,"bytes":27989,"floor":50567}
[WARN] [Render] drawElement blank-frame suspect; re-capturing {"renderJobId":"83d54f57-3cf1-4486-a2ff-0725edcced97","frame":1779,"bytes":27936,"floor":50567}
[INFO] [Render] drawElement small frame is deterministic; accepted {"renderJobId":"83d54f57-3cf1-4486-a2ff-0725edcced97","frame":1777,"bytes":27807}
[INFO] [Render] drawElement small frame is deterministic; accepted {"renderJobId":"83d54f57-3cf1-4486-a2ff-0725edcced97","frame":1778,"bytes":27989}
[INFO] [Render] drawElement small frame is deterministic; accepted {"renderJobId":"83d54f57-3cf1-4486-a2ff-0725edcced97","frame":1779,"bytes":27936}
[WARN] [Render] drawElement blank-frame suspect; re-capturing {"renderJobId":"83d54f57-3cf1-4486-a2ff-0725edcced97","frame":1780,"bytes":28036,"floor":50567}
[WARN] [Render] drawElement blank-frame suspect; re-capturing {"renderJobId":"83d54f57-3cf1-4486-a2ff-0725edcced97","frame":1781,"bytes":28108,"floor":50567}
[WARN] [Render] drawElement blank-frame suspect; re-capturing {"renderJobId":"83d54f57-3cf1-4486-a2ff-0725edcced97","frame":1782,"bytes":28108,"floor":50567}
[INFO] [Render] drawElement small frame is deterministic; accepted {"renderJobId":"83d54f57-3cf1-4486-a2ff-0725edcced97","frame":1780,"bytes":28036}
[INFO] [Render] drawElement small frame is deterministic; accepted {"renderJobId":"83d54f57-3cf1-4486-a2ff-0725edcced97","frame":1782,"bytes":28108}
[INFO] [Render] drawElement small frame is deterministic; accepted {"renderJobId":"83d54f57-3cf1-4486-a2ff-0725edcced97","frame":1781,"bytes":28108}
[WARN] [Render] drawElement blank-frame suspect; re-capturing {"renderJobId":"83d54f57-3cf1-4486-a2ff-0725edcced97","frame":1783,"bytes":28134,"floor":50567}
[WARN] [Render] drawElement blank-frame suspect; re-capturing {"renderJobId":"83d54f57-3cf1-4486-a2ff-0725edcced97","frame":1785,"bytes":28145,"floor":50567}
[WARN] [Render] drawElement blank-frame suspect; re-capturing {"renderJobId":"83d54f57-3cf1-4486-a2ff-0725edcced97","frame":1784,"bytes":28126,"floor":50567}
[INFO] [Render] drawElement small frame is deterministic; accepted {"renderJobId":"83d54f57-3cf1-4486-a2ff-0725edcced97","frame":1783,"bytes":28134}
[INFO] [Render] drawElement small frame is deterministic; accepted {"renderJobId":"83d54f57-3cf1-4486-a2ff-0725edcced97","frame":1785,"bytes":28145}
[INFO] [Render] drawElement small frame is deterministic; accepted {"renderJobId":"83d54f57-3cf1-4486-a2ff-0725edcced97","frame":1784,"bytes":28126}
[WARN] [Render] drawElement blank-frame suspect; re-capturing {"renderJobId":"83d54f57-3cf1-4486-a2ff-0725edcced97","frame":1786,"bytes":28176,"floor":50567}
[WARN] [Render] drawElement blank-frame suspect; re-capturing {"renderJobId":"83d54f57-3cf1-4486-a2ff-0725edcced97","frame":1788,"bytes":28117,"floor":50567}
[WARN] [Render] drawElement blank-frame suspect; re-capturing {"renderJobId":"83d54f57-3cf1-4486-a2ff-0725edcced97","frame":1787,"bytes":28118,"floor":50567}
[INFO] [Render] drawElement small frame is deterministic; accepted {"renderJobId":"83d54f57-3cf1-4486-a2ff-0725edcced97","frame":1786,"bytes":28176}
[WARN] [Render] drawElement blank-frame suspect; re-capturing {"renderJobId":"83d54f57-3cf1-4486-a2ff-0725edcced97","frame":1789,"bytes":28238,"floor":50567}
[INFO] [Render] drawElement small frame is deterministic; accepted {"renderJobId":"83d54f57-3cf1-4486-a2ff-0725edcced97","frame":1788,"bytes":28117}
[INFO] [Render] drawElement small frame is deterministic; accepted {"renderJobId":"83d54f57-3cf1-4486-a2ff-0725edcced97","frame":1787,"bytes":28118}
[WARN] [Render] drawElement blank-frame suspect; re-capturing {"renderJobId":"83d54f57-3cf1-4486-a2ff-0725edcced97","frame":1791,"bytes":29662,"floor":50567}
[WARN] [Render] drawElement blank-frame suspect; re-capturing {"renderJobId":"83d54f57-3cf1-4486-a2ff-0725edcced97","frame":1790,"bytes":28882,"floor":50567}
[INFO] [Render] drawElement small frame is deterministic; accepted {"renderJobId":"83d54f57-3cf1-4486-a2ff-0725edcced97","frame":1789,"bytes":28238}
[INFO] [Render] drawElement small frame is deterministic; accepted {"renderJobId":"83d54f57-3cf1-4486-a2ff-0725edcced97","frame":1791,"bytes":29662}
[WARN] [Render] drawElement blank-frame suspect; re-capturing {"renderJobId":"83d54f57-3cf1-4486-a2ff-0725edcced97","frame":1792,"bytes":30178,"floor":50567}
[INFO] [Render] drawElement small frame is deterministic; accepted {"renderJobId":"83d54f57-3cf1-4486-a2ff-0725edcced97","frame":1790,"bytes":28882}
[WARN] [Render] drawElement blank-frame suspect; re-capturing {"renderJobId":"83d54f57-3cf1-4486-a2ff-0725edcced97","frame":1793,"bytes":30762,"floor":50567}
[WARN] [Render] drawElement blank-frame suspect; re-capturing {"renderJobId":"83d54f57-3cf1-4486-a2ff-0725edcced97","frame":1794,"bytes":31149,"floor":50567}
[INFO] [Render] drawElement small frame is deterministic; accepted {"renderJobId":"83d54f57-3cf1-4486-a2ff-0725edcced97","frame":1792,"bytes":30178}
[WARN] [Render] drawElement blank-frame suspect; re-capturing {"renderJobId":"83d54f57-3cf1-4486-a2ff-0725edcced97","frame":1795,"bytes":31445,"floor":50567}
[INFO] [Render] drawElement small frame is deterministic; accepted {"renderJobId":"83d54f57-3cf1-4486-a2ff-0725edcced97","frame":1794,"bytes":31149}
[INFO] [Render] drawElement small frame is deterministic; accepted {"renderJobId":"83d54f57-3cf1-4486-a2ff-0725edcced97","frame":1793,"bytes":30762}
[WARN] [Render] drawElement blank-frame suspect; re-capturing {"renderJobId":"83d54f57-3cf1-4486-a2ff-0725edcced97","frame":1796,"bytes":31836,"floor":50567}
[WARN] [Render] drawElement blank-frame suspect; re-capturing {"renderJobId":"83d54f57-3cf1-4486-a2ff-0725edcced97","frame":1797,"bytes":29200,"floor":50567}
[INFO] [Render] drawElement small frame is deterministic; accepted {"renderJobId":"83d54f57-3cf1-4486-a2ff-0725edcced97","frame":1795,"bytes":31445}
[WARN] [Render] drawElement blank-frame suspect; re-capturing {"renderJobId":"83d54f57-3cf1-4486-a2ff-0725edcced97","frame":1798,"bytes":32169,"floor":50567}
[INFO] [Render] drawElement small frame is deterministic; accepted {"renderJobId":"83d54f57-3cf1-4486-a2ff-0725edcced97","frame":1797,"bytes":29200}
[INFO] [Render] drawElement small frame is deterministic; accepted {"renderJobId":"83d54f57-3cf1-4486-a2ff-0725edcced97","frame":1796,"bytes":31836}
[WARN] [Render] drawElement blank-frame suspect; re-capturing {"renderJobId":"83d54f57-3cf1-4486-a2ff-0725edcced97","frame":1800,"bytes":32804,"floor":50562}
[WARN] [Render] drawElement blank-frame suspect; re-capturing {"renderJobId":"83d54f57-3cf1-4486-a2ff-0725edcced97","frame":1799,"bytes":32683,"floor":50562}
[INFO] [Render] drawElement small frame is deterministic; accepted {"renderJobId":"83d54f57-3cf1-4486-a2ff-0725edcced97","frame":1798,"bytes":32169}
[INFO] [Render] drawElement small frame is deterministic; accepted {"renderJobId":"83d54f57-3cf1-4486-a2ff-0725edcced97","frame":1800,"bytes":32804}
[INFO] [Render] drawElement small frame is deterministic; accepted {"renderJobId":"83d54f57-3cf1-4486-a2ff-0725edcced97","frame":1799,"bytes":32683}
  █████████░░░░░░░░░░░░░░░░  36%  Streaming frame 1800/8811 (3 workers)
  █████████░░░░░░░░░░░░░░░░  36%  Streaming frame 1830/8811 (3 workers)
  █████████░░░░░░░░░░░░░░░░  37%  Streaming frame 1860/8811 (3 workers)
  █████████░░░░░░░░░░░░░░░░  37%  Streaming frame 1890/8811 (3 workers)
  █████████░░░░░░░░░░░░░░░░  37%  Streaming frame 1920/8811 (3 workers)
  █████████░░░░░░░░░░░░░░░░  37%  Streaming frame 1950/8811 (3 workers)
  █████████░░░░░░░░░░░░░░░░  37%  Streaming frame 1980/8811 (3 workers)
  █████████░░░░░░░░░░░░░░░░  38%  Streaming frame 2010/8811 (3 workers)
  █████████░░░░░░░░░░░░░░░░  38%  Streaming frame 2040/8811 (3 workers)
  █████████░░░░░░░░░░░░░░░░  38%  Streaming frame 2070/8811 (3 workers)
  █████████░░░░░░░░░░░░░░░░  38%  Streaming frame 2100/8811 (3 workers)
  █████████░░░░░░░░░░░░░░░░  38%  Streaming frame 2130/8811 (3 workers)
  █████████░░░░░░░░░░░░░░░░  38%  Streaming frame 2160/8811 (3 workers)
  █████████░░░░░░░░░░░░░░░░  39%  Streaming frame 2190/8811 (3 workers)
[INFO] [Render] drawElement self-verify passed {"renderJobId":"83d54f57-3cf1-4486-a2ff-0725edcced97","frame":2207,"psnrDb":37.5}
  █████████░░░░░░░░░░░░░░░░  39%  Streaming frame 2220/8811 (3 workers)
  █████████░░░░░░░░░░░░░░░░  39%  Streaming frame 2250/8811 (3 workers)
  █████████░░░░░░░░░░░░░░░░  39%  Streaming frame 2280/8811 (3 workers)
  █████████░░░░░░░░░░░░░░░░  39%  Streaming frame 2310/8811 (3 workers)
  ██████████░░░░░░░░░░░░░░░  40%  Streaming frame 2340/8811 (3 workers)
  ██████████░░░░░░░░░░░░░░░  40%  Streaming frame 2370/8811 (3 workers)
  ██████████░░░░░░░░░░░░░░░  40%  Streaming frame 2400/8811 (3 workers)
  ██████████░░░░░░░░░░░░░░░  40%  Streaming frame 2430/8811 (3 workers)
  ██████████░░░░░░░░░░░░░░░  40%  Streaming frame 2460/8811 (3 workers)
  ██████████░░░░░░░░░░░░░░░  41%  Streaming frame 2490/8811 (3 workers)
  ██████████░░░░░░░░░░░░░░░  41%  Streaming frame 2520/8811 (3 workers)
  ██████████░░░░░░░░░░░░░░░  41%  Streaming frame 2550/8811 (3 workers)
  ██████████░░░░░░░░░░░░░░░  41%  Streaming frame 2580/8811 (3 workers)
  ██████████░░░░░░░░░░░░░░░  41%  Streaming frame 2610/8811 (3 workers)
  ██████████░░░░░░░░░░░░░░░  41%  Streaming frame 2640/8811 (3 workers)
  ██████████░░░░░░░░░░░░░░░  42%  Streaming frame 2670/8811 (3 workers)
  ██████████░░░░░░░░░░░░░░░  42%  Streaming frame 2700/8811 (3 workers)
  ██████████░░░░░░░░░░░░░░░  42%  Streaming frame 2730/8811 (3 workers)
  ██████████░░░░░░░░░░░░░░░  42%  Streaming frame 2760/8811 (3 workers)
  ██████████░░░░░░░░░░░░░░░  42%  Streaming frame 2790/8811 (3 workers)
  ██████████░░░░░░░░░░░░░░░  43%  Streaming frame 2820/8811 (3 workers)
  ██████████░░░░░░░░░░░░░░░  43%  Streaming frame 2850/8811 (3 workers)
  ██████████░░░░░░░░░░░░░░░  43%  Streaming frame 2880/8811 (3 workers)
  ██████████░░░░░░░░░░░░░░░  43%  Streaming frame 2910/8811 (3 workers)
  ██████████░░░░░░░░░░░░░░░  43%  Streaming frame 2940/8811 (3 workers)
  ███████████░░░░░░░░░░░░░░  44%  Streaming frame 2970/8811 (3 workers)
  ███████████░░░░░░░░░░░░░░  44%  Streaming frame 3000/8811 (3 workers)
  ███████████░░░░░░░░░░░░░░  44%  Streaming frame 3030/8811 (3 workers)
[INFO] [Render:trace] {"renderJobId":"83d54f57-3cf1-4486-a2ff-0725edcced97","phase":"capture_streaming","status":"checkpoint","elapsedMs":142981,"message":"stage still running","stagePhase":"capturing","workerCount":3,"forceScreenshot":false,"totalFrames":8811,"framesCompleted":3038,"captureMode":"drawelement","captureOperation":"drawElement","heartbeatIndex":3,"stageElapsedMs":120018}
  ███████████░░░░░░░░░░░░░░  44%  Streaming frame 3060/8811 (3 workers)
  ███████████░░░░░░░░░░░░░░  44%  Streaming frame 3090/8811 (3 workers)
  ███████████░░░░░░░░░░░░░░  44%  Streaming frame 3120/8811 (3 workers)
  ███████████░░░░░░░░░░░░░░  45%  Streaming frame 3150/8811 (3 workers)
  ███████████░░░░░░░░░░░░░░  45%  Streaming frame 3180/8811 (3 workers)
  ███████████░░░░░░░░░░░░░░  45%  Streaming frame 3210/8811 (3 workers)
  ███████████░░░░░░░░░░░░░░  45%  Streaming frame 3240/8811 (3 workers)
  ███████████░░░░░░░░░░░░░░  45%  Streaming frame 3270/8811 (3 workers)
  ███████████░░░░░░░░░░░░░░  46%  Streaming frame 3300/8811 (3 workers)
[INFO] [Render] drawElement self-verify passed {"renderJobId":"83d54f57-3cf1-4486-a2ff-0725edcced97","frame":3304,"psnrDb":40.1}
  ███████████░░░░░░░░░░░░░░  46%  Streaming frame 3330/8811 (3 workers)
  ███████████░░░░░░░░░░░░░░  46%  Streaming frame 3360/8811 (3 workers)
  ███████████░░░░░░░░░░░░░░  46%  Streaming frame 3390/8811 (3 workers)
  ███████████░░░░░░░░░░░░░░  46%  Streaming frame 3420/8811 (3 workers)
  ███████████░░░░░░░░░░░░░░  47%  Streaming frame 3450/8811 (3 workers)
  ███████████░░░░░░░░░░░░░░  47%  Streaming frame 3480/8811 (3 workers)
  ███████████░░░░░░░░░░░░░░  47%  Streaming frame 3510/8811 (3 workers)
[WARN] [Render] drawElement blank-frame suspect; re-capturing {"renderJobId":"83d54f57-3cf1-4486-a2ff-0725edcced97","frame":3511,"bytes":29890,"floor":57235}
[INFO] [Render] drawElement small frame is deterministic; accepted {"renderJobId":"83d54f57-3cf1-4486-a2ff-0725edcced97","frame":3511,"bytes":29890}
  ███████████░░░░░░░░░░░░░░  47%  Streaming frame 3540/8811 (3 workers)
  ███████████░░░░░░░░░░░░░░  47%  Streaming frame 3570/8811 (3 workers)
  ███████████░░░░░░░░░░░░░░  47%  Streaming frame 3600/8811 (3 workers)
  ████████████░░░░░░░░░░░░░  48%  Streaming frame 3630/8811 (3 workers)
  ████████████░░░░░░░░░░░░░  48%  Streaming frame 3660/8811 (3 workers)
  ████████████░░░░░░░░░░░░░  48%  Streaming frame 3690/8811 (3 workers)
  ████████████░░░░░░░░░░░░░  48%  Streaming frame 3720/8811 (3 workers)
  ████████████░░░░░░░░░░░░░  48%  Streaming frame 3750/8811 (3 workers)
  ████████████░░░░░░░░░░░░░  49%  Streaming frame 3780/8811 (3 workers)
  ████████████░░░░░░░░░░░░░  49%  Streaming frame 3810/8811 (3 workers)
  ████████████░░░░░░░░░░░░░  49%  Streaming frame 3840/8811 (3 workers)
  ████████████░░░░░░░░░░░░░  49%  Streaming frame 3870/8811 (3 workers)
  ████████████░░░░░░░░░░░░░  49%  Streaming frame 3900/8811 (3 workers)
  ████████████░░░░░░░░░░░░░  50%  Streaming frame 3930/8811 (3 workers)
  ████████████░░░░░░░░░░░░░  50%  Streaming frame 3960/8811 (3 workers)
  ████████████░░░░░░░░░░░░░  50%  Streaming frame 3990/8811 (3 workers)
  ████████████░░░░░░░░░░░░░  50%  Streaming frame 4020/8811 (3 workers)
  ████████████░░░░░░░░░░░░░  50%  Streaming frame 4050/8811 (3 workers)
  ████████████░░░░░░░░░░░░░  50%  Streaming frame 4080/8811 (3 workers)
  ████████████░░░░░░░░░░░░░  51%  Streaming frame 4110/8811 (3 workers)
[WARN] [Render] drawElement blank-frame suspect; re-capturing {"renderJobId":"83d54f57-3cf1-4486-a2ff-0725edcced97","frame":4113,"bytes":24228,"floor":82952}
[WARN] [Render] drawElement blank-frame suspect; re-capturing {"renderJobId":"83d54f57-3cf1-4486-a2ff-0725edcced97","frame":4114,"bytes":26713,"floor":82956}
[WARN] [Render] drawElement blank-frame suspect; re-capturing {"renderJobId":"83d54f57-3cf1-4486-a2ff-0725edcced97","frame":4115,"bytes":27735,"floor":82956}
[INFO] [Render] drawElement small frame is deterministic; accepted {"renderJobId":"83d54f57-3cf1-4486-a2ff-0725edcced97","frame":4113,"bytes":24228}
[INFO] [Render] drawElement small frame is deterministic; accepted {"renderJobId":"83d54f57-3cf1-4486-a2ff-0725edcced97","frame":4114,"bytes":26713}
[WARN] [Render] drawElement blank-frame suspect; re-capturing {"renderJobId":"83d54f57-3cf1-4486-a2ff-0725edcced97","frame":4116,"bytes":45092,"floor":82956}
[WARN] [Render] drawElement blank-frame suspect; re-capturing {"renderJobId":"83d54f57-3cf1-4486-a2ff-0725edcced97","frame":4117,"bytes":52739,"floor":82956}
[INFO] [Render] drawElement small frame is deterministic; accepted {"renderJobId":"83d54f57-3cf1-4486-a2ff-0725edcced97","frame":4115,"bytes":27735}
[WARN] [Render] drawElement blank-frame suspect; re-capturing {"renderJobId":"83d54f57-3cf1-4486-a2ff-0725edcced97","frame":4118,"bytes":57432,"floor":82956}
[INFO] [Render] drawElement small frame is deterministic; accepted {"renderJobId":"83d54f57-3cf1-4486-a2ff-0725edcced97","frame":4117,"bytes":52739}
[INFO] [Render] drawElement small frame is deterministic; accepted {"renderJobId":"83d54f57-3cf1-4486-a2ff-0725edcced97","frame":4116,"bytes":45092}
[WARN] [Render] drawElement blank-frame suspect; re-capturing {"renderJobId":"83d54f57-3cf1-4486-a2ff-0725edcced97","frame":4120,"bytes":63665,"floor":82956}
[WARN] [Render] drawElement blank-frame suspect; re-capturing {"renderJobId":"83d54f57-3cf1-4486-a2ff-0725edcced97","frame":4119,"bytes":59638,"floor":82956}
[INFO] [Render] drawElement small frame is deterministic; accepted {"renderJobId":"83d54f57-3cf1-4486-a2ff-0725edcced97","frame":4118,"bytes":57432}
[WARN] [Render] drawElement blank-frame suspect; re-capturing {"renderJobId":"83d54f57-3cf1-4486-a2ff-0725edcced97","frame":4121,"bytes":65295,"floor":82956}
[INFO] [Render] drawElement small frame is deterministic; accepted {"renderJobId":"83d54f57-3cf1-4486-a2ff-0725edcced97","frame":4119,"bytes":59638}
[INFO] [Render] drawElement small frame is deterministic; accepted {"renderJobId":"83d54f57-3cf1-4486-a2ff-0725edcced97","frame":4120,"bytes":63665}
[WARN] [Render] drawElement blank-frame suspect; re-capturing {"renderJobId":"83d54f57-3cf1-4486-a2ff-0725edcced97","frame":4122,"bytes":65243,"floor":82952}
[WARN] [Render] drawElement blank-frame suspect; re-capturing {"renderJobId":"83d54f57-3cf1-4486-a2ff-0725edcced97","frame":4123,"bytes":65282,"floor":82952}
[INFO] [Render] drawElement small frame is deterministic; accepted {"renderJobId":"83d54f57-3cf1-4486-a2ff-0725edcced97","frame":4121,"bytes":65295}
[WARN] [Render] drawElement blank-frame suspect; re-capturing {"renderJobId":"83d54f57-3cf1-4486-a2ff-0725edcced97","frame":4124,"bytes":66110,"floor":82952}
[INFO] [Render] drawElement small frame is deterministic; accepted {"renderJobId":"83d54f57-3cf1-4486-a2ff-0725edcced97","frame":4122,"bytes":65243}
[WARN] [Render] drawElement blank-frame suspect; re-capturing {"renderJobId":"83d54f57-3cf1-4486-a2ff-0725edcced97","frame":4125,"bytes":67635,"floor":82952}
[INFO] [Render] drawElement small frame is deterministic; accepted {"renderJobId":"83d54f57-3cf1-4486-a2ff-0725edcced97","frame":4123,"bytes":65282}
[INFO] [Render] drawElement small frame is deterministic; accepted {"renderJobId":"83d54f57-3cf1-4486-a2ff-0725edcced97","frame":4124,"bytes":66110}
[WARN] [Render] drawElement blank-frame suspect; re-capturing {"renderJobId":"83d54f57-3cf1-4486-a2ff-0725edcced97","frame":4126,"bytes":67217,"floor":82952}
[WARN] [Render] drawElement blank-frame suspect; re-capturing {"renderJobId":"83d54f57-3cf1-4486-a2ff-0725edcced97","frame":4127,"bytes":67426,"floor":82952}
[INFO] [Render] drawElement small frame is deterministic; accepted {"renderJobId":"83d54f57-3cf1-4486-a2ff-0725edcced97","frame":4125,"bytes":67635}
[WARN] [Render] drawElement blank-frame suspect; re-capturing {"renderJobId":"83d54f57-3cf1-4486-a2ff-0725edcced97","frame":4128,"bytes":66490,"floor":82952}
[INFO] [Render] drawElement small frame is deterministic; accepted {"renderJobId":"83d54f57-3cf1-4486-a2ff-0725edcced97","frame":4126,"bytes":67217}
[INFO] [Render] drawElement small frame is deterministic; accepted {"renderJobId":"83d54f57-3cf1-4486-a2ff-0725edcced97","frame":4127,"bytes":67426}
[WARN] [Render] drawElement blank-frame suspect; re-capturing {"renderJobId":"83d54f57-3cf1-4486-a2ff-0725edcced97","frame":4129,"bytes":66777,"floor":82952}
[WARN] [Render] drawElement blank-frame suspect; re-capturing {"renderJobId":"83d54f57-3cf1-4486-a2ff-0725edcced97","frame":4130,"bytes":68235,"floor":82952}
[INFO] [Render] drawElement small frame is deterministic; accepted {"renderJobId":"83d54f57-3cf1-4486-a2ff-0725edcced97","frame":4128,"bytes":66490}
[WARN] [Render] drawElement blank-frame suspect; re-capturing {"renderJobId":"83d54f57-3cf1-4486-a2ff-0725edcced97","frame":4131,"bytes":68542,"floor":82952}
[INFO] [Render] drawElement small frame is deterministic; accepted {"renderJobId":"83d54f57-3cf1-4486-a2ff-0725edcced97","frame":4129,"bytes":66777}
[INFO] [Render] drawElement small frame is deterministic; accepted {"renderJobId":"83d54f57-3cf1-4486-a2ff-0725edcced97","frame":4130,"bytes":68235}
[WARN] [Render] drawElement blank-frame suspect; re-capturing {"renderJobId":"83d54f57-3cf1-4486-a2ff-0725edcced97","frame":4133,"bytes":69424,"floor":82952}
[WARN] [Render] drawElement blank-frame suspect; re-capturing {"renderJobId":"83d54f57-3cf1-4486-a2ff-0725edcced97","frame":4132,"bytes":68700,"floor":82952}
[INFO] [Render] drawElement small frame is deterministic; accepted {"renderJobId":"83d54f57-3cf1-4486-a2ff-0725edcced97","frame":4131,"bytes":68542}
[INFO] [Render] drawElement small frame is deterministic; accepted {"renderJobId":"83d54f57-3cf1-4486-a2ff-0725edcced97","frame":4132,"bytes":68700}
[INFO] [Render] drawElement small frame is deterministic; accepted {"renderJobId":"83d54f57-3cf1-4486-a2ff-0725edcced97","frame":4133,"bytes":69424}
[WARN] [Render] drawElement blank-frame suspect; re-capturing {"renderJobId":"83d54f57-3cf1-4486-a2ff-0725edcced97","frame":4134,"bytes":69024,"floor":82952}
[WARN] [Render] drawElement blank-frame suspect; re-capturing {"renderJobId":"83d54f57-3cf1-4486-a2ff-0725edcced97","frame":4135,"bytes":69129,"floor":82952}
[WARN] [Render] drawElement blank-frame suspect; re-capturing {"renderJobId":"83d54f57-3cf1-4486-a2ff-0725edcced97","frame":4136,"bytes":75504,"floor":82952}
[INFO] [Render] drawElement small frame is deterministic; accepted {"renderJobId":"83d54f57-3cf1-4486-a2ff-0725edcced97","frame":4134,"bytes":69024}
[INFO] [Render] drawElement small frame is deterministic; accepted {"renderJobId":"83d54f57-3cf1-4486-a2ff-0725edcced97","frame":4135,"bytes":69129}
[WARN] [Render] drawElement blank-frame suspect; re-capturing {"renderJobId":"83d54f57-3cf1-4486-a2ff-0725edcced97","frame":4137,"bytes":77521,"floor":82952}
[WARN] [Render] drawElement blank-frame suspect; re-capturing {"renderJobId":"83d54f57-3cf1-4486-a2ff-0725edcced97","frame":4138,"bytes":80004,"floor":82952}
[INFO] [Render] drawElement small frame is deterministic; accepted {"renderJobId":"83d54f57-3cf1-4486-a2ff-0725edcced97","frame":4136,"bytes":75504}
[WARN] [Render] drawElement blank-frame suspect; re-capturing {"renderJobId":"83d54f57-3cf1-4486-a2ff-0725edcced97","frame":4139,"bytes":79572,"floor":82952}
[INFO] [Render] drawElement small frame is deterministic; accepted {"renderJobId":"83d54f57-3cf1-4486-a2ff-0725edcced97","frame":4138,"bytes":80004}
[INFO] [Render] drawElement small frame is deterministic; accepted {"renderJobId":"83d54f57-3cf1-4486-a2ff-0725edcced97","frame":4137,"bytes":77521}
[INFO] [Render] drawElement small frame is deterministic; accepted {"renderJobId":"83d54f57-3cf1-4486-a2ff-0725edcced97","frame":4139,"bytes":79572}
  ████████████░░░░░░░░░░░░░  51%  Streaming frame 4140/8811 (3 workers)
[WARN] [Render] drawElement blank-frame suspect; re-capturing {"renderJobId":"83d54f57-3cf1-4486-a2ff-0725edcced97","frame":4141,"bytes":80809,"floor":82922}
[WARN] [Render] drawElement blank-frame suspect; re-capturing {"renderJobId":"83d54f57-3cf1-4486-a2ff-0725edcced97","frame":4140,"bytes":79708,"floor":82922}
[WARN] [Render] drawElement blank-frame suspect; re-capturing {"renderJobId":"83d54f57-3cf1-4486-a2ff-0725edcced97","frame":4142,"bytes":80932,"floor":82922}
[INFO] [Render] drawElement small frame is deterministic; accepted {"renderJobId":"83d54f57-3cf1-4486-a2ff-0725edcced97","frame":4141,"bytes":80809}
[INFO] [Render] drawElement small frame is deterministic; accepted {"renderJobId":"83d54f57-3cf1-4486-a2ff-0725edcced97","frame":4140,"bytes":79708}
[INFO] [Render] drawElement small frame is deterministic; accepted {"renderJobId":"83d54f57-3cf1-4486-a2ff-0725edcced97","frame":4142,"bytes":80932}
[WARN] [Render] drawElement blank-frame suspect; re-capturing {"renderJobId":"83d54f57-3cf1-4486-a2ff-0725edcced97","frame":4143,"bytes":74382,"floor":82896}
[WARN] [Render] drawElement blank-frame suspect; re-capturing {"renderJobId":"83d54f57-3cf1-4486-a2ff-0725edcced97","frame":4144,"bytes":76362,"floor":82896}
[WARN] [Render] drawElement blank-frame suspect; re-capturing {"renderJobId":"83d54f57-3cf1-4486-a2ff-0725edcced97","frame":4145,"bytes":77189,"floor":82896}
[INFO] [Render] drawElement small frame is deterministic; accepted {"renderJobId":"83d54f57-3cf1-4486-a2ff-0725edcced97","frame":4143,"bytes":74382}
[INFO] [Render] drawElement small frame is deterministic; accepted {"renderJobId":"83d54f57-3cf1-4486-a2ff-0725edcced97","frame":4144,"bytes":76362}
[INFO] [Render] drawElement small frame is deterministic; accepted {"renderJobId":"83d54f57-3cf1-4486-a2ff-0725edcced97","frame":4145,"bytes":77189}
  ████████████░░░░░░░░░░░░░  51%  Streaming frame 4170/8811 (3 workers)
  ████████████░░░░░░░░░░░░░  51%  Streaming frame 4200/8811 (3 workers)
  ████████████░░░░░░░░░░░░░  51%  Streaming frame 4230/8811 (3 workers)
  █████████████░░░░░░░░░░░░  52%  Streaming frame 4260/8811 (3 workers)
  █████████████░░░░░░░░░░░░  52%  Streaming frame 4290/8811 (3 workers)
  █████████████░░░░░░░░░░░░  52%  Streaming frame 4320/8811 (3 workers)
  █████████████░░░░░░░░░░░░  52%  Streaming frame 4350/8811 (3 workers)
  █████████████░░░░░░░░░░░░  52%  Streaming frame 4380/8811 (3 workers)
[INFO] [Render] drawElement self-verify passed {"renderJobId":"83d54f57-3cf1-4486-a2ff-0725edcced97","frame":4405,"psnrDb":38.6}
  █████████████░░░░░░░░░░░░  53%  Streaming frame 4410/8811 (3 workers)
  █████████████░░░░░░░░░░░░  53%  Streaming frame 4440/8811 (3 workers)
  █████████████░░░░░░░░░░░░  53%  Streaming frame 4470/8811 (3 workers)
  █████████████░░░░░░░░░░░░  53%  Streaming frame 4500/8811 (3 workers)
  █████████████░░░░░░░░░░░░  53%  Streaming frame 4530/8811 (3 workers)
  █████████████░░░░░░░░░░░░  53%  Streaming frame 4560/8811 (3 workers)
  █████████████░░░░░░░░░░░░  54%  Streaming frame 4590/8811 (3 workers)
  █████████████░░░░░░░░░░░░  54%  Streaming frame 4620/8811 (3 workers)
  █████████████░░░░░░░░░░░░  54%  Streaming frame 4650/8811 (3 workers)
  █████████████░░░░░░░░░░░░  54%  Streaming frame 4680/8811 (3 workers)
  █████████████░░░░░░░░░░░░  54%  Streaming frame 4710/8811 (3 workers)
  █████████████░░░░░░░░░░░░  55%  Streaming frame 4740/8811 (3 workers)
  █████████████░░░░░░░░░░░░  55%  Streaming frame 4770/8811 (3 workers)
  █████████████░░░░░░░░░░░░  55%  Streaming frame 4800/8811 (3 workers)
  █████████████░░░░░░░░░░░░  55%  Streaming frame 4830/8811 (3 workers)
  █████████████░░░░░░░░░░░░  55%  Streaming frame 4860/8811 (3 workers)
  ██████████████░░░░░░░░░░░  56%  Streaming frame 4890/8811 (3 workers)
  ██████████████░░░░░░░░░░░  56%  Streaming frame 4920/8811 (3 workers)
  ██████████████░░░░░░░░░░░  56%  Streaming frame 4950/8811 (3 workers)
  ██████████████░░░░░░░░░░░  56%  Streaming frame 4980/8811 (3 workers)
  ██████████████░░░░░░░░░░░  56%  Streaming frame 5010/8811 (3 workers)
  ██████████████░░░░░░░░░░░  56%  Streaming frame 5040/8811 (3 workers)
  ██████████████░░░░░░░░░░░  57%  Streaming frame 5070/8811 (3 workers)
  ██████████████░░░░░░░░░░░  57%  Streaming frame 5100/8811 (3 workers)
  ██████████████░░░░░░░░░░░  57%  Streaming frame 5130/8811 (3 workers)
  ██████████████░░░░░░░░░░░  57%  Streaming frame 5160/8811 (3 workers)
  ██████████████░░░░░░░░░░░  57%  Streaming frame 5190/8811 (3 workers)
  ██████████████░░░░░░░░░░░  58%  Streaming frame 5220/8811 (3 workers)
  ██████████████░░░░░░░░░░░  58%  Streaming frame 5250/8811 (3 workers)
  ██████████████░░░░░░░░░░░  58%  Streaming frame 5280/8811 (3 workers)
  ██████████████░░░░░░░░░░░  58%  Streaming frame 5310/8811 (3 workers)
  ██████████████░░░░░░░░░░░  58%  Streaming frame 5340/8811 (3 workers)
  ██████████████░░░░░░░░░░░  59%  Streaming frame 5370/8811 (3 workers)
  ██████████████░░░░░░░░░░░  59%  Streaming frame 5400/8811 (3 workers)
  ██████████████░░░░░░░░░░░  59%  Streaming frame 5430/8811 (3 workers)
  ██████████████░░░░░░░░░░░  59%  Streaming frame 5460/8811 (3 workers)
  ██████████████░░░░░░░░░░░  59%  Streaming frame 5490/8811 (3 workers)
[INFO] [Render] drawElement self-verify passed {"renderJobId":"83d54f57-3cf1-4486-a2ff-0725edcced97","frame":5506,"psnrDb":39.8}
  ██████████████░░░░░░░░░░░  59%  Streaming frame 5520/8811 (3 workers)
  ███████████████░░░░░░░░░░  60%  Streaming frame 5550/8811 (3 workers)
  ███████████████░░░░░░░░░░  60%  Streaming frame 5580/8811 (3 workers)
  ███████████████░░░░░░░░░░  60%  Streaming frame 5610/8811 (3 workers)
[WARN] [Render] drawElement blank-frame suspect; re-capturing {"renderJobId":"83d54f57-3cf1-4486-a2ff-0725edcced97","frame":5610,"bytes":13001,"floor":26461}
[WARN] [Render] drawElement blank-frame suspect; re-capturing {"renderJobId":"83d54f57-3cf1-4486-a2ff-0725edcced97","frame":5612,"bytes":22896,"floor":26461}
[WARN] [Render] drawElement blank-frame suspect; re-capturing {"renderJobId":"83d54f57-3cf1-4486-a2ff-0725edcced97","frame":5611,"bytes":22316,"floor":26461}
[INFO] [Render] drawElement small frame is deterministic; accepted {"renderJobId":"83d54f57-3cf1-4486-a2ff-0725edcced97","frame":5612,"bytes":22896}
[INFO] [Render] drawElement small frame is deterministic; accepted {"renderJobId":"83d54f57-3cf1-4486-a2ff-0725edcced97","frame":5610,"bytes":13001}
[INFO] [Render] drawElement small frame is deterministic; accepted {"renderJobId":"83d54f57-3cf1-4486-a2ff-0725edcced97","frame":5611,"bytes":22316}
[WARN] [Render] drawElement blank-frame suspect; re-capturing {"renderJobId":"83d54f57-3cf1-4486-a2ff-0725edcced97","frame":5614,"bytes":23228,"floor":26461}
[WARN] [Render] drawElement blank-frame suspect; re-capturing {"renderJobId":"83d54f57-3cf1-4486-a2ff-0725edcced97","frame":5615,"bytes":23196,"floor":26461}
[WARN] [Render] drawElement blank-frame suspect; re-capturing {"renderJobId":"83d54f57-3cf1-4486-a2ff-0725edcced97","frame":5613,"bytes":23076,"floor":26461}
[INFO] [Render] drawElement small frame is deterministic; accepted {"renderJobId":"83d54f57-3cf1-4486-a2ff-0725edcced97","frame":5614,"bytes":23228}
[INFO] [Render] drawElement small frame is deterministic; accepted {"renderJobId":"83d54f57-3cf1-4486-a2ff-0725edcced97","frame":5615,"bytes":23196}
[INFO] [Render] drawElement small frame is deterministic; accepted {"renderJobId":"83d54f57-3cf1-4486-a2ff-0725edcced97","frame":5613,"bytes":23076}
[WARN] [Render] drawElement blank-frame suspect; re-capturing {"renderJobId":"83d54f57-3cf1-4486-a2ff-0725edcced97","frame":5616,"bytes":23177,"floor":26461}
[WARN] [Render] drawElement blank-frame suspect; re-capturing {"renderJobId":"83d54f57-3cf1-4486-a2ff-0725edcced97","frame":5618,"bytes":26317,"floor":26461}
[WARN] [Render] drawElement blank-frame suspect; re-capturing {"renderJobId":"83d54f57-3cf1-4486-a2ff-0725edcced97","frame":5617,"bytes":23177,"floor":26461}
[INFO] [Render] drawElement small frame is deterministic; accepted {"renderJobId":"83d54f57-3cf1-4486-a2ff-0725edcced97","frame":5616,"bytes":23177}
[INFO] [Render] drawElement small frame is deterministic; accepted {"renderJobId":"83d54f57-3cf1-4486-a2ff-0725edcced97","frame":5618,"bytes":26317}
[INFO] [Render] drawElement small frame is deterministic; accepted {"renderJobId":"83d54f57-3cf1-4486-a2ff-0725edcced97","frame":5617,"bytes":23177}
  ███████████████░░░░░░░░░░  60%  Streaming frame 5640/8811 (3 workers)
  ███████████████░░░░░░░░░░  60%  Streaming frame 5670/8811 (3 workers)
  ███████████████░░░░░░░░░░  61%  Streaming frame 5700/8811 (3 workers)
  ███████████████░░░░░░░░░░  61%  Streaming frame 5730/8811 (3 workers)
  ███████████████░░░░░░░░░░  61%  Streaming frame 5760/8811 (3 workers)
  ███████████████░░░░░░░░░░  61%  Streaming frame 5790/8811 (3 workers)
  ███████████████░░░░░░░░░░  61%  Streaming frame 5820/8811 (3 workers)
  ███████████████░░░░░░░░░░  62%  Streaming frame 5850/8811 (3 workers)
  ███████████████░░░░░░░░░░  62%  Streaming frame 5880/8811 (3 workers)
  ███████████████░░░░░░░░░░  62%  Streaming frame 5910/8811 (3 workers)
  ███████████████░░░░░░░░░░  62%  Streaming frame 5940/8811 (3 workers)
  ███████████████░░░░░░░░░░  62%  Streaming frame 5970/8811 (3 workers)
  ███████████████░░░░░░░░░░  62%  Streaming frame 6000/8811 (3 workers)
  ███████████████░░░░░░░░░░  63%  Streaming frame 6030/8811 (3 workers)
  ███████████████░░░░░░░░░░  63%  Streaming frame 6060/8811 (3 workers)
  ███████████████░░░░░░░░░░  63%  Streaming frame 6090/8811 (3 workers)
  ███████████████░░░░░░░░░░  63%  Streaming frame 6120/8811 (3 workers)
  ███████████████░░░░░░░░░░  63%  Streaming frame 6150/8811 (3 workers)
  ████████████████░░░░░░░░░  64%  Streaming frame 6180/8811 (3 workers)
  ████████████████░░░░░░░░░  64%  Streaming frame 6210/8811 (3 workers)
[INFO] [Render:trace] {"renderJobId":"83d54f57-3cf1-4486-a2ff-0725edcced97","phase":"capture_streaming","status":"checkpoint","elapsedMs":262983,"message":"stage still running","stagePhase":"capturing","workerCount":3,"forceScreenshot":false,"totalFrames":8811,"framesCompleted":6213,"captureMode":"drawelement","captureOperation":"drawElement","heartbeatIndex":4,"stageElapsedMs":240020}
  ████████████████░░░░░░░░░  64%  Streaming frame 6240/8811 (3 workers)
  ████████████████░░░░░░░░░  64%  Streaming frame 6270/8811 (3 workers)
  ████████████████░░░░░░░░░  64%  Streaming frame 6300/8811 (3 workers)
  ████████████████░░░░░░░░░  65%  Streaming frame 6330/8811 (3 workers)
  ████████████████░░░░░░░░░  65%  Streaming frame 6360/8811 (3 workers)
  ████████████████░░░░░░░░░  65%  Streaming frame 6390/8811 (3 workers)
  ████████████████░░░░░░░░░  65%  Streaming frame 6420/8811 (3 workers)
  ████████████████░░░░░░░░░  65%  Streaming frame 6450/8811 (3 workers)
  ████████████████░░░░░░░░░  65%  Streaming frame 6480/8811 (3 workers)
  ████████████████░░░░░░░░░  66%  Streaming frame 6510/8811 (3 workers)
  ████████████████░░░░░░░░░  66%  Streaming frame 6540/8811 (3 workers)
  ████████████████░░░░░░░░░  66%  Streaming frame 6570/8811 (3 workers)
  ████████████████░░░░░░░░░  66%  Streaming frame 6600/8811 (3 workers)
[INFO] [Render] drawElement self-verify passed {"renderJobId":"83d54f57-3cf1-4486-a2ff-0725edcced97","frame":6608,"psnrDb":38.2}
[WARN] [Render] drawElement blank-frame suspect; re-capturing {"renderJobId":"83d54f57-3cf1-4486-a2ff-0725edcced97","frame":6613,"bytes":18132,"floor":18602}
[WARN] [Render] drawElement blank-frame suspect; re-capturing {"renderJobId":"83d54f57-3cf1-4486-a2ff-0725edcced97","frame":6612,"bytes":18132,"floor":18602}
[WARN] [Render] drawElement blank-frame suspect; re-capturing {"renderJobId":"83d54f57-3cf1-4486-a2ff-0725edcced97","frame":6611,"bytes":18132,"floor":18602}
[INFO] [Render] drawElement small frame is deterministic; accepted {"renderJobId":"83d54f57-3cf1-4486-a2ff-0725edcced97","frame":6613,"bytes":18132}
[INFO] [Render] drawElement small frame is deterministic; accepted {"renderJobId":"83d54f57-3cf1-4486-a2ff-0725edcced97","frame":6612,"bytes":18132}
[INFO] [Render] drawElement small frame is deterministic; accepted {"renderJobId":"83d54f57-3cf1-4486-a2ff-0725edcced97","frame":6611,"bytes":18132}
  ████████████████░░░░░░░░░  66%  Streaming frame 6630/8811 (3 workers)
  ████████████████░░░░░░░░░  67%  Streaming frame 6660/8811 (3 workers)
  ████████████████░░░░░░░░░  67%  Streaming frame 6690/8811 (3 workers)
  ████████████████░░░░░░░░░  67%  Streaming frame 6720/8811 (3 workers)
  ████████████████░░░░░░░░░  67%  Streaming frame 6750/8811 (3 workers)
  ████████████████░░░░░░░░░  67%  Streaming frame 6780/8811 (3 workers)
  █████████████████░░░░░░░░  68%  Streaming frame 6810/8811 (3 workers)
  █████████████████░░░░░░░░  68%  Streaming frame 6840/8811 (3 workers)
[WARN] [Render] drawElement blank-frame suspect; re-capturing {"renderJobId":"83d54f57-3cf1-4486-a2ff-0725edcced97","frame":6860,"bytes":21671,"floor":63236}
[WARN] [Render] drawElement blank-frame suspect; re-capturing {"renderJobId":"83d54f57-3cf1-4486-a2ff-0725edcced97","frame":6861,"bytes":25588,"floor":63235}
[WARN] [Render] drawElement blank-frame suspect; re-capturing {"renderJobId":"83d54f57-3cf1-4486-a2ff-0725edcced97","frame":6862,"bytes":27297,"floor":63235}
[INFO] [Render] drawElement small frame is deterministic; accepted {"renderJobId":"83d54f57-3cf1-4486-a2ff-0725edcced97","frame":6860,"bytes":21671}
[WARN] [Render] drawElement blank-frame suspect; re-capturing {"renderJobId":"83d54f57-3cf1-4486-a2ff-0725edcced97","frame":6863,"bytes":28018,"floor":63232}
[INFO] [Render] drawElement small frame is deterministic; accepted {"renderJobId":"83d54f57-3cf1-4486-a2ff-0725edcced97","frame":6861,"bytes":25588}
[INFO] [Render] drawElement small frame is deterministic; accepted {"renderJobId":"83d54f57-3cf1-4486-a2ff-0725edcced97","frame":6862,"bytes":27297}
[WARN] [Render] drawElement blank-frame suspect; re-capturing {"renderJobId":"83d54f57-3cf1-4486-a2ff-0725edcced97","frame":6865,"bytes":29233,"floor":63229}
[WARN] [Render] drawElement blank-frame suspect; re-capturing {"renderJobId":"83d54f57-3cf1-4486-a2ff-0725edcced97","frame":6864,"bytes":28639,"floor":63229}
[INFO] [Render] drawElement small frame is deterministic; accepted {"renderJobId":"83d54f57-3cf1-4486-a2ff-0725edcced97","frame":6863,"bytes":28018}
[WARN] [Render] drawElement blank-frame suspect; re-capturing {"renderJobId":"83d54f57-3cf1-4486-a2ff-0725edcced97","frame":6866,"bytes":31325,"floor":63226}
[INFO] [Render] drawElement small frame is deterministic; accepted {"renderJobId":"83d54f57-3cf1-4486-a2ff-0725edcced97","frame":6865,"bytes":29233}
[INFO] [Render] drawElement small frame is deterministic; accepted {"renderJobId":"83d54f57-3cf1-4486-a2ff-0725edcced97","frame":6864,"bytes":28639}
[WARN] [Render] drawElement blank-frame suspect; re-capturing {"renderJobId":"83d54f57-3cf1-4486-a2ff-0725edcced97","frame":6867,"bytes":35087,"floor":63206}
[WARN] [Render] drawElement blank-frame suspect; re-capturing {"renderJobId":"83d54f57-3cf1-4486-a2ff-0725edcced97","frame":6868,"bytes":36469,"floor":63206}
[INFO] [Render] drawElement small frame is deterministic; accepted {"renderJobId":"83d54f57-3cf1-4486-a2ff-0725edcced97","frame":6866,"bytes":31325}
[WARN] [Render] drawElement blank-frame suspect; re-capturing {"renderJobId":"83d54f57-3cf1-4486-a2ff-0725edcced97","frame":6869,"bytes":36136,"floor":63203}
[INFO] [Render] drawElement small frame is deterministic; accepted {"renderJobId":"83d54f57-3cf1-4486-a2ff-0725edcced97","frame":6868,"bytes":36469}
[INFO] [Render] drawElement small frame is deterministic; accepted {"renderJobId":"83d54f57-3cf1-4486-a2ff-0725edcced97","frame":6867,"bytes":35087}
[WARN] [Render] drawElement blank-frame suspect; re-capturing {"renderJobId":"83d54f57-3cf1-4486-a2ff-0725edcced97","frame":6870,"bytes":37703,"floor":63193}
[WARN] [Render] drawElement blank-frame suspect; re-capturing {"renderJobId":"83d54f57-3cf1-4486-a2ff-0725edcced97","frame":6871,"bytes":45369,"floor":63193}
[INFO] [Render] drawElement small frame is deterministic; accepted {"renderJobId":"83d54f57-3cf1-4486-a2ff-0725edcced97","frame":6869,"bytes":36136}
  █████████████████░░░░░░░░  68%  Streaming frame 6870/8811 (3 workers)
[WARN] [Render] drawElement blank-frame suspect; re-capturing {"renderJobId":"83d54f57-3cf1-4486-a2ff-0725edcced97","frame":6872,"bytes":50743,"floor":63191}
[INFO] [Render] drawElement small frame is deterministic; accepted {"renderJobId":"83d54f57-3cf1-4486-a2ff-0725edcced97","frame":6871,"bytes":45369}
[INFO] [Render] drawElement small frame is deterministic; accepted {"renderJobId":"83d54f57-3cf1-4486-a2ff-0725edcced97","frame":6870,"bytes":37703}
[WARN] [Render] drawElement blank-frame suspect; re-capturing {"renderJobId":"83d54f57-3cf1-4486-a2ff-0725edcced97","frame":6873,"bytes":51280,"floor":63189}
[WARN] [Render] drawElement blank-frame suspect; re-capturing {"renderJobId":"83d54f57-3cf1-4486-a2ff-0725edcced97","frame":6874,"bytes":53994,"floor":63189}
[INFO] [Render] drawElement small frame is deterministic; accepted {"renderJobId":"83d54f57-3cf1-4486-a2ff-0725edcced97","frame":6872,"bytes":50743}
[WARN] [Render] drawElement blank-frame suspect; re-capturing {"renderJobId":"83d54f57-3cf1-4486-a2ff-0725edcced97","frame":6875,"bytes":56446,"floor":63189}
[INFO] [Render] drawElement small frame is deterministic; accepted {"renderJobId":"83d54f57-3cf1-4486-a2ff-0725edcced97","frame":6874,"bytes":53994}
[INFO] [Render] drawElement small frame is deterministic; accepted {"renderJobId":"83d54f57-3cf1-4486-a2ff-0725edcced97","frame":6873,"bytes":51280}
[WARN] [Render] drawElement blank-frame suspect; re-capturing {"renderJobId":"83d54f57-3cf1-4486-a2ff-0725edcced97","frame":6876,"bytes":55574,"floor":63185}
[WARN] [Render] drawElement blank-frame suspect; re-capturing {"renderJobId":"83d54f57-3cf1-4486-a2ff-0725edcced97","frame":6877,"bytes":56078,"floor":63185}
[INFO] [Render] drawElement small frame is deterministic; accepted {"renderJobId":"83d54f57-3cf1-4486-a2ff-0725edcced97","frame":6875,"bytes":56446}
[WARN] [Render] drawElement blank-frame suspect; re-capturing {"renderJobId":"83d54f57-3cf1-4486-a2ff-0725edcced97","frame":6878,"bytes":56126,"floor":63183}
[INFO] [Render] drawElement small frame is deterministic; accepted {"renderJobId":"83d54f57-3cf1-4486-a2ff-0725edcced97","frame":6876,"bytes":55574}
[INFO] [Render] drawElement small frame is deterministic; accepted {"renderJobId":"83d54f57-3cf1-4486-a2ff-0725edcced97","frame":6877,"bytes":56078}
[WARN] [Render] drawElement blank-frame suspect; re-capturing {"renderJobId":"83d54f57-3cf1-4486-a2ff-0725edcced97","frame":6880,"bytes":55891,"floor":63134}
[INFO] [Render] drawElement small frame is deterministic; accepted {"renderJobId":"83d54f57-3cf1-4486-a2ff-0725edcced97","frame":6878,"bytes":56126}
[WARN] [Render] drawElement blank-frame suspect; re-capturing {"renderJobId":"83d54f57-3cf1-4486-a2ff-0725edcced97","frame":6879,"bytes":55815,"floor":62452}
[WARN] [Render] drawElement blank-frame suspect; re-capturing {"renderJobId":"83d54f57-3cf1-4486-a2ff-0725edcced97","frame":6881,"bytes":56041,"floor":62452}
[INFO] [Render] drawElement small frame is deterministic; accepted {"renderJobId":"83d54f57-3cf1-4486-a2ff-0725edcced97","frame":6880,"bytes":55891}
[INFO] [Render] drawElement small frame is deterministic; accepted {"renderJobId":"83d54f57-3cf1-4486-a2ff-0725edcced97","frame":6879,"bytes":55815}
[WARN] [Render] drawElement blank-frame suspect; re-capturing {"renderJobId":"83d54f57-3cf1-4486-a2ff-0725edcced97","frame":6883,"bytes":56424,"floor":62410}
[INFO] [Render] drawElement small frame is deterministic; accepted {"renderJobId":"83d54f57-3cf1-4486-a2ff-0725edcced97","frame":6881,"bytes":56041}
[WARN] [Render] drawElement blank-frame suspect; re-capturing {"renderJobId":"83d54f57-3cf1-4486-a2ff-0725edcced97","frame":6882,"bytes":56221,"floor":62399}
[WARN] [Render] drawElement blank-frame suspect; re-capturing {"renderJobId":"83d54f57-3cf1-4486-a2ff-0725edcced97","frame":6884,"bytes":56627,"floor":62399}
[INFO] [Render] drawElement small frame is deterministic; accepted {"renderJobId":"83d54f57-3cf1-4486-a2ff-0725edcced97","frame":6883,"bytes":56424}
[INFO] [Render] drawElement small frame is deterministic; accepted {"renderJobId":"83d54f57-3cf1-4486-a2ff-0725edcced97","frame":6882,"bytes":56221}
[INFO] [Render] drawElement small frame is deterministic; accepted {"renderJobId":"83d54f57-3cf1-4486-a2ff-0725edcced97","frame":6884,"bytes":56627}
[WARN] [Render] drawElement blank-frame suspect; re-capturing {"renderJobId":"83d54f57-3cf1-4486-a2ff-0725edcced97","frame":6885,"bytes":57777,"floor":62377}
[WARN] [Render] drawElement blank-frame suspect; re-capturing {"renderJobId":"83d54f57-3cf1-4486-a2ff-0725edcced97","frame":6886,"bytes":60045,"floor":62377}
[WARN] [Render] drawElement blank-frame suspect; re-capturing {"renderJobId":"83d54f57-3cf1-4486-a2ff-0725edcced97","frame":6887,"bytes":61183,"floor":62377}
[INFO] [Render] drawElement small frame is deterministic; accepted {"renderJobId":"83d54f57-3cf1-4486-a2ff-0725edcced97","frame":6885,"bytes":57777}
[INFO] [Render] drawElement small frame is deterministic; accepted {"renderJobId":"83d54f57-3cf1-4486-a2ff-0725edcced97","frame":6886,"bytes":60045}
[INFO] [Render] drawElement small frame is deterministic; accepted {"renderJobId":"83d54f57-3cf1-4486-a2ff-0725edcced97","frame":6887,"bytes":61183}
[WARN] [Render] drawElement blank-frame suspect; re-capturing {"renderJobId":"83d54f57-3cf1-4486-a2ff-0725edcced97","frame":6888,"bytes":59277,"floor":62302}
[WARN] [Render] drawElement blank-frame suspect; re-capturing {"renderJobId":"83d54f57-3cf1-4486-a2ff-0725edcced97","frame":6889,"bytes":61090,"floor":62302}
[INFO] [Render] drawElement small frame is deterministic; accepted {"renderJobId":"83d54f57-3cf1-4486-a2ff-0725edcced97","frame":6888,"bytes":59277}
[INFO] [Render] drawElement small frame is deterministic; accepted {"renderJobId":"83d54f57-3cf1-4486-a2ff-0725edcced97","frame":6889,"bytes":61090}
  █████████████████░░░░░░░░  68%  Streaming frame 6900/8811 (3 workers)
  █████████████████░░░░░░░░  68%  Streaming frame 6930/8811 (3 workers)
  █████████████████░░░░░░░░  68%  Streaming frame 6960/8811 (3 workers)
  █████████████████░░░░░░░░  69%  Streaming frame 6990/8811 (3 workers)
  █████████████████░░░░░░░░  69%  Streaming frame 7020/8811 (3 workers)
  █████████████████░░░░░░░░  69%  Streaming frame 7050/8811 (3 workers)
  █████████████████░░░░░░░░  69%  Streaming frame 7080/8811 (3 workers)
  █████████████████░░░░░░░░  69%  Streaming frame 7110/8811 (3 workers)
  █████████████████░░░░░░░░  70%  Streaming frame 7140/8811 (3 workers)
  █████████████████░░░░░░░░  70%  Streaming frame 7170/8811 (3 workers)
  █████████████████░░░░░░░░  70%  Streaming frame 7200/8811 (3 workers)
  █████████████████░░░░░░░░  70%  Streaming frame 7230/8811 (3 workers)
  █████████████████░░░░░░░░  70%  Streaming frame 7260/8811 (3 workers)
  █████████████████░░░░░░░░  71%  Streaming frame 7290/8811 (3 workers)
  █████████████████░░░░░░░░  71%  Streaming frame 7320/8811 (3 workers)
  █████████████████░░░░░░░░  71%  Streaming frame 7350/8811 (3 workers)
  █████████████████░░░░░░░░  71%  Streaming frame 7380/8811 (3 workers)
  █████████████████░░░░░░░░  71%  Streaming frame 7410/8811 (3 workers)
  █████████████████░░░░░░░░  71%  Streaming frame 7440/8811 (3 workers)
  ██████████████████░░░░░░░  72%  Streaming frame 7470/8811 (3 workers)
  ██████████████████░░░░░░░  72%  Streaming frame 7500/8811 (3 workers)
  ██████████████████░░░░░░░  72%  Streaming frame 7530/8811 (3 workers)
  ██████████████████░░░░░░░  72%  Streaming frame 7560/8811 (3 workers)
  ██████████████████░░░░░░░  72%  Streaming frame 7590/8811 (3 workers)
  ██████████████████░░░░░░░  73%  Streaming frame 7620/8811 (3 workers)
  ██████████████████░░░░░░░  73%  Streaming frame 7650/8811 (3 workers)
  ██████████████████░░░░░░░  73%  Streaming frame 7680/8811 (3 workers)
[INFO] [Render] drawElement self-verify passed {"renderJobId":"83d54f57-3cf1-4486-a2ff-0725edcced97","frame":7709,"psnrDb":36.2}
  ██████████████████░░░░░░░  73%  Streaming frame 7710/8811 (3 workers)
  ██████████████████░░░░░░░  73%  Streaming frame 7740/8811 (3 workers)
  ██████████████████░░░░░░░  74%  Streaming frame 7770/8811 (3 workers)
  ██████████████████░░░░░░░  74%  Streaming frame 7800/8811 (3 workers)
  ██████████████████░░░░░░░  74%  Streaming frame 7830/8811 (3 workers)
  ██████████████████░░░░░░░  74%  Streaming frame 7860/8811 (3 workers)
  ██████████████████░░░░░░░  74%  Streaming frame 7890/8811 (3 workers)
  ██████████████████░░░░░░░  74%  Streaming frame 7920/8811 (3 workers)
  ██████████████████░░░░░░░  75%  Streaming frame 7950/8811 (3 workers)
  ██████████████████░░░░░░░  75%  Streaming frame 7980/8811 (3 workers)
  ██████████████████░░░░░░░  75%  Streaming frame 8010/8811 (3 workers)
  ██████████████████░░░░░░░  75%  Streaming frame 8040/8811 (3 workers)
  ██████████████████░░░░░░░  75%  Streaming frame 8070/8811 (3 workers)
  ███████████████████░░░░░░  76%  Streaming frame 8100/8811 (3 workers)
  ███████████████████░░░░░░  76%  Streaming frame 8130/8811 (3 workers)
  ███████████████████░░░░░░  76%  Streaming frame 8160/8811 (3 workers)
  ███████████████████░░░░░░  76%  Streaming frame 8190/8811 (3 workers)
  ███████████████████░░░░░░  76%  Streaming frame 8220/8811 (3 workers)
  ███████████████████░░░░░░  76%  Streaming frame 8250/8811 (3 workers)
  ███████████████████░░░░░░  77%  Streaming frame 8280/8811 (3 workers)
  ███████████████████░░░░░░  77%  Streaming frame 8310/8811 (3 workers)
  ███████████████████░░░░░░  77%  Streaming frame 8340/8811 (3 workers)
  ███████████████████░░░░░░  77%  Streaming frame 8370/8811 (3 workers)
[INFO] [Render] drawElement self-verify passed {"renderJobId":"83d54f57-3cf1-4486-a2ff-0725edcced97","frame":8370,"psnrDb":39.3}
  ███████████████████░░░░░░  77%  Streaming frame 8400/8811 (3 workers)
  ███████████████████░░░░░░  78%  Streaming frame 8430/8811 (3 workers)
  ███████████████████░░░░░░  78%  Streaming frame 8460/8811 (3 workers)
  ███████████████████░░░░░░  78%  Streaming frame 8490/8811 (3 workers)
  ███████████████████░░░░░░  78%  Streaming frame 8520/8811 (3 workers)
  ███████████████████░░░░░░  78%  Streaming frame 8550/8811 (3 workers)
  ███████████████████░░░░░░  79%  Streaming frame 8580/8811 (3 workers)
  ███████████████████░░░░░░  79%  Streaming frame 8610/8811 (3 workers)
  ███████████████████░░░░░░  79%  Streaming frame 8640/8811 (3 workers)
  ███████████████████░░░░░░  79%  Streaming frame 8670/8811 (3 workers)
  ███████████████████░░░░░░  79%  Streaming frame 8700/8811 (3 workers)
  ███████████████████░░░░░░  79%  Streaming frame 8730/8811 (3 workers)
  ████████████████████░░░░░  80%  Streaming frame 8760/8811 (3 workers)
  ████████████████████░░░░░  80%  Streaming frame 8790/8811 (3 workers)
  ████████████████████░░░░░  80%  Streaming frame 8811/8811 (3 workers)
[INFO] [Render:trace] {"renderJobId":"83d54f57-3cf1-4486-a2ff-0725edcced97","phase":"capture_streaming","status":"end","elapsedMs":349488,"durationMs":326525,"stagePhase":"capturing","workerCount":3,"forceScreenshot":false,"totalFrames":8811,"framesCompleted":8811,"captureMode":"drawelement","captureOperation":"encode"}
[INFO] [Render:trace] {"renderJobId":"83d54f57-3cf1-4486-a2ff-0725edcced97","phase":"assemble","status":"start","elapsedMs":349491,"stagePhase":"capturing","hasAudio":true,"workerCount":3,"forceScreenshot":false,"totalFrames":8811,"framesCompleted":8811,"captureMode":"drawelement","captureOperation":"encode"}
  ██████████████████████░░░  90%  Assembling final video
[INFO] [Render:trace] {"renderJobId":"83d54f57-3cf1-4486-a2ff-0725edcced97","phase":"assemble","status":"checkpoint","elapsedMs":379489,"message":"stage still running","stagePhase":"capturing","hasAudio":true,"workerCount":3,"forceScreenshot":false,"totalFrames":8811,"framesCompleted":8811,"captureMode":"drawelement","captureOperation":"encode","heartbeatIndex":1,"stageElapsedMs":29997}
[INFO] [Render:trace] {"renderJobId":"83d54f57-3cf1-4486-a2ff-0725edcced97","phase":"assemble","status":"end","elapsedMs":384997,"durationMs":35505,"stagePhase":"capturing","hasAudio":true,"workerCount":3,"forceScreenshot":false,"totalFrames":8811,"framesCompleted":8811,"captureMode":"drawelement","captureOperation":"encode"}
[INFO] [Render:trace] {"renderJobId":"83d54f57-3cf1-4486-a2ff-0725edcced97","phase":"pipeline","status":"checkpoint","elapsedMs":385140,"message":"artifact validated","totalElapsedMs":385136}
  █████████████████████████  100%  Render complete

◇  C:\vox-style-xe-giay-v1-hyperframes\poc\mascot-aroll\run-ban-an-23\out\ban-an-23-2023-ben-tre-full.mp4
   272.4 MB · 4m 53.7s video · rendered in 6m 25.2s
   drawelement capture · hardware gpu · compile 6.8s · extract 0.0s · audio 15.4s · probe 1.1s · setup 0.7s · capture 5m 26.5s · encode (during capture) 5m 26.5s · assemble 35.5s

Render bản đầy đủ: out\ban-an-23-2023-ben-tre-full.mp4, 285645431 bytes (272.4MB), 392.7s render time, quality=looks. Xác minh ffprobe: duration=293.700s (khớp audio thật 293.680s), 1080x1920 h264. Capture mode: không thấy dòng disable fast-capture — giả định fast-capture đang BẬT, CHƯA xác nhận được dòng log khi bật trông ra sao, cần đối chiếu thêm ở lần render tới. GPU mode: hardware (WebGL renderer vendor="Google Inc. (NVIDIA)" renderer="ANGLE (NVIDIA, NVIDIA GeForce GTX 1660 SUPER (0x000021C4) Direct3D11 vs_5_0 ps_5_0, D3D11)"). Stage timing: compile=5.7s, browser_probe=1.1s, video_extract=0.0s, audio_process=15.4s, file_server=0.0s, capture_streaming=326.5s, assemble=35.5s.
Đã ghi pipeline\videos\ban-an-23-2023-ben-tre\completion-manifest.json.
render exit=0
