Chạy Stage 7b integration check (bắt buộc trước khi render)...
Stage 7b integration check PASS — 5/5 scene, có audio, có caption-track, hyperframes check ok=true (21 mốc/7 shot, 25.0s).
Đang render: npx --yes hyperframes@0.8.56 render --quality looks -o "C:\vox-style-xe-giay-v1-hyperframes\poc\pdf-source-e2e\out\e2e-full.mp4"  "C:\vox-style-xe-giay-v1-hyperframes\poc\pdf-source-e2e\hyperframes\videos\e2e"

◆  Rendering e2e → C:\vox-style-xe-giay-v1-hyperframes\poc\pdf-source-e2e\out\e2e-full.mp4
   30fps · standard · auto workers (16 cores detected)
   GPU: browser GPU (auto-detect)

[?25l│
◒  Checking browser[1G[J◐  Checking browser[1G[J◓  Checking browser[1G[J◑  Checking browser[1G[J◇  Browser: cache
[?25h
  Lint: 0 error(s), 34 warning(s) — run with --lint-verbose for full output.
  Continuing render despite lint issues. Use --strict to block errors.

[INFO] [Render] Pipeline started {"renderJobId":"ffe95812-f56d-4b55-b7c7-eff47f25c7ce","platform":"win32","arch":"x64","nodeVersion":"v24.20.0","fps":{"num":30,"den":1},"format":"mp4","quality":"standard","browserGpuMode":"auto","forceScreenshot":false,"protocolTimeout":300000,"browserTimeout":120000,"pageNavigationTimeout":60000,"playerReadyTimeout":45000}
[INFO] [Render:trace] {"renderJobId":"ffe95812-f56d-4b55-b7c7-eff47f25c7ce","phase":"pipeline","status":"checkpoint","elapsedMs":10,"message":"started","format":"mp4","quality":"standard","browserGpuMode":"auto","forceScreenshot":false,"protocolTimeoutMs":300000,"pageNavigationTimeoutMs":60000,"playerReadyTimeoutMs":45000,"requestedWorkers":"auto"}
[INFO] [Render:trace] {"renderJobId":"ffe95812-f56d-4b55-b7c7-eff47f25c7ce","phase":"compile","status":"start","elapsedMs":12,"needsAlpha":false}
  █░░░░░░░░░░░░░░░░░░░░░░░░  5%  Compiling composition
[INFO] [Compiler] Fetched 11 font face(s) for "Be Vietnam Pro" from Google Fonts (cached to C:\Users\DTL\.cache\hyperframes\fonts\be-vietnam-pro)
[INFO] [Compiler] Injected deterministic @font-face rules for 1 requested font families
[INFO] [Compiler] Inlined CDN script: https://cdn.jsdelivr.net/npm/gsap@3.14.2/dist/gsap.min.js
[INFO] [Render] Fast capture: composition uses a CSS 3D rendering context (perspective / preserve-3d / backface-visibility) — disabling drawElementImage for this render. Capture uses the platform's baseline route. {"renderJobId":"ffe95812-f56d-4b55-b7c7-eff47f25c7ce"}
[INFO] Compiled composition metadata {"renderJobId":"ffe95812-f56d-4b55-b7c7-eff47f25c7ce","entryFile":"index.html","staticDuration":35,"width":1080,"height":1920,"videoCount":0,"audioCount":1,"renderModeHints":{"recommendScreenshot":false,"reasons":[]}}
[INFO] [Render:trace] {"renderJobId":"ffe95812-f56d-4b55-b7c7-eff47f25c7ce","phase":"compile","status":"end","elapsedMs":6134,"durationMs":6121,"needsAlpha":false}
[INFO] [Render:trace] {"renderJobId":"ffe95812-f56d-4b55-b7c7-eff47f25c7ce","phase":"compile","status":"checkpoint","elapsedMs":6137,"message":"composition metadata resolved","width":1080,"height":1920,"videoCount":0,"audioCount":1,"imageCount":6,"deviceScaleFactor":1,"forceScreenshot":false,"compositionHash":"0b976c3bbfe18005"}
[INFO] [Render:trace] {"renderJobId":"ffe95812-f56d-4b55-b7c7-eff47f25c7ce","phase":"browser_probe","status":"start","elapsedMs":6138,"forceScreenshot":false,"stagePhase":"calibrating"}
[INFO] [Render:trace] {"renderJobId":"ffe95812-f56d-4b55-b7c7-eff47f25c7ce","phase":"browser_probe","status":"end","elapsedMs":6508,"durationMs":370,"forceScreenshot":false,"stagePhase":"calibrating"}
[INFO] [Render:trace] {"renderJobId":"ffe95812-f56d-4b55-b7c7-eff47f25c7ce","phase":"browser_probe","status":"checkpoint","elapsedMs":6512,"message":"duration resolved","durationSeconds":35,"totalFrames":1050,"compositionHash":"0b976c3bbfe18005","beginFrameStalled":false}
[INFO] [Render:trace] {"renderJobId":"ffe95812-f56d-4b55-b7c7-eff47f25c7ce","phase":"video_extract","status":"start","elapsedMs":6512,"videoCount":0}
  ██░░░░░░░░░░░░░░░░░░░░░░░  10%  Extracting video frames
[INFO] [Render:trace] {"renderJobId":"ffe95812-f56d-4b55-b7c7-eff47f25c7ce","phase":"video_extract","status":"end","elapsedMs":6519,"durationMs":7,"videoCount":0}
[INFO] [Render:trace] {"renderJobId":"ffe95812-f56d-4b55-b7c7-eff47f25c7ce","phase":"video_extract","status":"checkpoint","elapsedMs":6544,"message":"frames resolved","videoCount":0,"extractedVideoCount":0,"totalFramesExtracted":0,"maxFramesPerVideo":0,"avgFramesPerExtractedVideo":null,"vfrPreflightCount":null,"vfrPreflightMs":null,"cacheHits":null,"cacheMisses":null,"transientRetries":null,"minVideoFrameCoverageRatio":null,"authoredTimedClipCount":56}
[INFO] [Render] No HDR sources detected — rendering SDR {"renderJobId":"ffe95812-f56d-4b55-b7c7-eff47f25c7ce"}
[INFO] [Render:trace] {"renderJobId":"ffe95812-f56d-4b55-b7c7-eff47f25c7ce","phase":"hdr_detection","status":"checkpoint","elapsedMs":6545,"message":"resolved","requestedHdrMode":"auto","effectiveHdr":"sdr","nativeHdrVideoCount":0,"nativeHdrImageCount":0}
[INFO] [Render:trace] {"renderJobId":"ffe95812-f56d-4b55-b7c7-eff47f25c7ce","phase":"audio_process","status":"start","elapsedMs":6545,"audioCount":1}
  █████░░░░░░░░░░░░░░░░░░░░  20%  Processing audio tracks
[INFO] [Render:trace] {"renderJobId":"ffe95812-f56d-4b55-b7c7-eff47f25c7ce","phase":"audio_process","status":"end","elapsedMs":8887,"durationMs":2342,"audioCount":1}
[INFO] [Render:trace] {"renderJobId":"ffe95812-f56d-4b55-b7c7-eff47f25c7ce","phase":"file_server","status":"start","elapsedMs":8887,"reused":false}
  ██████░░░░░░░░░░░░░░░░░░░  25%  Starting frame capture
[INFO] [Render:trace] {"renderJobId":"ffe95812-f56d-4b55-b7c7-eff47f25c7ce","phase":"file_server","status":"end","elapsedMs":8897,"durationMs":10}
[hyperframes] browserGpuMode probe → hardware (WebGL renderer vendor="Google Inc. (NVIDIA)" renderer="ANGLE (NVIDIA, NVIDIA GeForce GTX 1660 SUPER (0x000021C4) Direct3D11 vs_5_0 ps_5_0, D3D11)")
[INFO] [Render:trace] {"renderJobId":"ffe95812-f56d-4b55-b7c7-eff47f25c7ce","phase":"capture_calibration","status":"start","elapsedMs":9636,"stagePhase":"calibrating","forceScreenshot":false,"totalFrames":1050,"framesCompleted":0,"captureMode":"screenshot","captureOperation":"captureScreenshot"}
[INFO] [Render] Calibration config {"renderJobId":"ffe95812-f56d-4b55-b7c7-eff47f25c7ce","protocolTimeout":30000,"parentProtocolTimeout":300000,"forceScreenshot":false,"totalFrames":1050}
[INFO] Launching browser for capture calibration... {"renderJobId":"ffe95812-f56d-4b55-b7c7-eff47f25c7ce"}
[BrowserManager] Browser launched (HeadlessChrome/152.0.7977.30, screenshot, gl=--use-gl=angle --use-angle=d3d11, headlessShell=true, platform=win32)
[INFO] Initializing calibration session... {"renderJobId":"ffe95812-f56d-4b55-b7c7-eff47f25c7ce"}
[initSession:screenshot] page.goto start (1ms)
[HyperFrames] render runtime fps [object Object]
[initSession:screenshot] page.goto complete (831ms)
[initSession:screenshot] GSAP proxy flush complete (843ms)
[initSession:screenshot] pollHfReady complete (845ms)
[initSession:screenshot] pollSubCompositionTimelines complete (ready) (855ms)
[initSession:screenshot] applyVideoMetadataHints complete (856ms)
[initSession:screenshot] media + fonts + tailwind ready (971ms)
[initSession:screenshot] static-frame dedup: 8/8 predicted frame(s) reusable (outcome=verified, runs=1/1, screenshots=7, seeks=8, elapsedMs=531) (2053ms)
[INFO] Calibration session ready, capturing test frames... {"renderJobId":"ffe95812-f56d-4b55-b7c7-eff47f25c7ce"}
[INFO] Calibration: capturing test frame 1/5... {"renderJobId":"ffe95812-f56d-4b55-b7c7-eff47f25c7ce"}
[INFO] Calibration: capturing test frame 2/5... {"renderJobId":"ffe95812-f56d-4b55-b7c7-eff47f25c7ce"}
[INFO] Calibration: capturing test frame 3/5... {"renderJobId":"ffe95812-f56d-4b55-b7c7-eff47f25c7ce"}
[INFO] Calibration: capturing test frame 4/5... {"renderJobId":"ffe95812-f56d-4b55-b7c7-eff47f25c7ce"}
[INFO] Calibration: capturing test frame 5/5... {"renderJobId":"ffe95812-f56d-4b55-b7c7-eff47f25c7ce"}
[INFO] Calibration complete, estimated cost: 100ms/frame (p95) {"renderJobId":"ffe95812-f56d-4b55-b7c7-eff47f25c7ce"}
[INFO] [Render:trace] {"renderJobId":"ffe95812-f56d-4b55-b7c7-eff47f25c7ce","phase":"capture_calibration","status":"end","elapsedMs":13579,"durationMs":3943,"stagePhase":"calibrating","forceScreenshot":false,"totalFrames":1050,"framesCompleted":0,"captureMode":"screenshot","captureOperation":"captureScreenshot"}
[INFO] [Render:trace] {"renderJobId":"ffe95812-f56d-4b55-b7c7-eff47f25c7ce","phase":"capture_calibration","status":"checkpoint","elapsedMs":13580,"message":"resolved","forceScreenshot":false,"multiplier":1,"p95Ms":100}
[WARN] [Render] 6 capture workers may exceed this process's V8 heap (limit 4288MB supports ~5). If the render dies with "JavaScript heap out of memory", raise the heap (NODE_OPTIONS=--max-old-space-size=8192) or pass --workers 5. {"renderJobId":"ffe95812-f56d-4b55-b7c7-eff47f25c7ce","heapLimitMb":4288,"heapBasedWorkers":5}
[INFO] [Render:trace] {"renderJobId":"ffe95812-f56d-4b55-b7c7-eff47f25c7ce","phase":"worker_resolution","status":"checkpoint","elapsedMs":13583,"message":"resolved","workerCount":6}
[INFO] streaming-encode gate {"renderJobId":"ffe95812-f56d-4b55-b7c7-eff47f25c7ce","enabled":false,"reason":"multi_worker","configFlag":true,"durationCapEnabled":false,"outputFormat":"mp4","workerCount":6,"durationSeconds":35,"maxDurationSeconds":240}
[INFO] [Render:trace] {"renderJobId":"ffe95812-f56d-4b55-b7c7-eff47f25c7ce","phase":"capture_strategy","status":"checkpoint","elapsedMs":13584,"message":"resolved","workerCount":6,"forceScreenshot":false,"captureBeyondViewport":null,"useStreamingEncode":false,"useLayeredComposite":false,"usePageSideCompositing":false,"hasHdrContent":false,"hasShaderTransitions":false,"isPngSequence":false}
[INFO] [Render:trace] {"renderJobId":"ffe95812-f56d-4b55-b7c7-eff47f25c7ce","phase":"capture_disk","status":"start","elapsedMs":13584,"stagePhase":"capturing","needsAlpha":false,"workerCount":6,"forceScreenshot":false,"totalFrames":1050,"framesCompleted":0,"captureMode":"screenshot","captureOperation":"captureScreenshot"}
  ██████░░░░░░░░░░░░░░░░░░░  25%  Capturing frame 0/1050 (6 workers)
  ██████░░░░░░░░░░░░░░░░░░░  25%  Capturing frame 0/1050 (6 workers)
  ██████░░░░░░░░░░░░░░░░░░░  25%  Capturing frame 0/1050 (6 workers)
  ██████░░░░░░░░░░░░░░░░░░░  25%  Capturing frame 0/1050 (6 workers)
  ██████░░░░░░░░░░░░░░░░░░░  25%  Capturing frame 0/1050 (6 workers)
  ██████░░░░░░░░░░░░░░░░░░░  25%  Capturing frame 0/1050 (6 workers)
[BrowserManager] Browser launched (HeadlessChrome/152.0.7977.30, screenshot, gl=--use-gl=angle --use-angle=d3d11, headlessShell=true, platform=win32)
  ██████░░░░░░░░░░░░░░░░░░░  25%  Capturing frame 0/1050 (6 workers)
[initSession:screenshot] page.goto start (0ms)
  ██████░░░░░░░░░░░░░░░░░░░  25%  Capturing frame 0/1050 (6 workers)
  ██████░░░░░░░░░░░░░░░░░░░  25%  Capturing frame 0/1050 (6 workers)
[initSession:screenshot] page.goto start (0ms)
  ██████░░░░░░░░░░░░░░░░░░░  25%  Capturing frame 0/1050 (6 workers)
  ██████░░░░░░░░░░░░░░░░░░░  25%  Capturing frame 0/1050 (6 workers)
[initSession:screenshot] page.goto start (0ms)
  ██████░░░░░░░░░░░░░░░░░░░  25%  Capturing frame 0/1050 (6 workers)
  ██████░░░░░░░░░░░░░░░░░░░  25%  Capturing frame 0/1050 (6 workers)
[initSession:screenshot] page.goto start (1ms)
  ██████░░░░░░░░░░░░░░░░░░░  25%  Capturing frame 0/1050 (6 workers)
  ██████░░░░░░░░░░░░░░░░░░░  25%  Capturing frame 0/1050 (6 workers)
[initSession:screenshot] page.goto start (0ms)
  ██████░░░░░░░░░░░░░░░░░░░  25%  Capturing frame 0/1050 (6 workers)
  ██████░░░░░░░░░░░░░░░░░░░  25%  Capturing frame 0/1050 (6 workers)
[initSession:screenshot] page.goto start (0ms)
  ██████░░░░░░░░░░░░░░░░░░░  25%  Capturing frame 0/1050 (6 workers)
[HyperFrames] render runtime fps [object Object]
[HyperFrames] render runtime fps [object Object]
[HyperFrames] render runtime fps [object Object]
[HyperFrames] render runtime fps [object Object]
[HyperFrames] render runtime fps [object Object]
[HyperFrames] render runtime fps [object Object]
[initSession:screenshot] page.goto complete (897ms)
[initSession:screenshot] GSAP proxy flush complete (916ms)
[initSession:screenshot] pollHfReady complete (917ms)
[initSession:screenshot] page.goto complete (824ms)
[initSession:screenshot] pollSubCompositionTimelines complete (ready) (929ms)
[initSession:screenshot] applyVideoMetadataHints complete (929ms)
[initSession:screenshot] page.goto complete (909ms)
[initSession:screenshot] page.goto complete (904ms)
[initSession:screenshot] page.goto complete (1024ms)
[initSession:screenshot] GSAP proxy flush complete (920ms)
[initSession:screenshot] page.goto complete (999ms)
[initSession:screenshot] GSAP proxy flush complete (978ms)
[initSession:screenshot] pollHfReady complete (946ms)
[initSession:screenshot] pollSubCompositionTimelines complete (ready) (958ms)
[initSession:screenshot] applyVideoMetadataHints complete (958ms)
[initSession:screenshot] media + fonts + tailwind ready (961ms)
[initSession:screenshot] pollHfReady complete (1011ms)
[initSession:screenshot] GSAP proxy flush complete (996ms)
[initSession:screenshot] pollHfReady complete (1005ms)
[initSession:screenshot] pollSubCompositionTimelines complete (ready) (1027ms)
[initSession:screenshot] applyVideoMetadataHints complete (1027ms)
[initSession:screenshot] media + fonts + tailwind ready (1085ms)
[initSession:screenshot] media + fonts + tailwind ready (1034ms)
[initSession:screenshot] GSAP proxy flush complete (1118ms)
[initSession:screenshot] pollHfReady complete (1119ms)
[initSession:screenshot] pollSubCompositionTimelines complete (ready) (1025ms)
[initSession:screenshot] applyVideoMetadataHints complete (1025ms)
[initSession:screenshot] media + fonts + tailwind ready (1029ms)
[initSession:screenshot] pollSubCompositionTimelines complete (ready) (1138ms)
[initSession:screenshot] applyVideoMetadataHints complete (1138ms)
[initSession:screenshot] GSAP proxy flush complete (1101ms)
[initSession:screenshot] media + fonts + tailwind ready (1145ms)
[initSession:screenshot] pollHfReady complete (1106ms)
[initSession:screenshot] pollSubCompositionTimelines complete (ready) (1120ms)
[initSession:screenshot] applyVideoMetadataHints complete (1120ms)
[initSession:screenshot] media + fonts + tailwind ready (1130ms)
[initSession:screenshot] static-frame dedup: 8/8 predicted frame(s) reusable (outcome=verified, runs=1/1, screenshots=7, seeks=8, elapsedMs=1529) (3924ms)
[initSession:screenshot] static-frame dedup: 8/8 predicted frame(s) reusable (outcome=verified, runs=1/1, screenshots=7, seeks=8, elapsedMs=1506) (3833ms)
  ██████░░░░░░░░░░░░░░░░░░░  25%  Capturing frame 0/1050 (6 workers)
  ██████░░░░░░░░░░░░░░░░░░░  25%  Capturing frame 0/1050 (6 workers)
[initSession:screenshot] static-frame dedup: 8/8 predicted frame(s) reusable (outcome=verified, runs=1/1, screenshots=7, seeks=8, elapsedMs=1500) (4011ms)
[initSession:screenshot] static-frame dedup: 8/8 predicted frame(s) reusable (outcome=verified, runs=1/1, screenshots=7, seeks=8, elapsedMs=1472) (4000ms)
[initSession:screenshot] static-frame dedup: 8/8 predicted frame(s) reusable (outcome=verified, runs=1/1, screenshots=7, seeks=8, elapsedMs=1499) (4097ms)
  ██████░░░░░░░░░░░░░░░░░░░  25%  Capturing frame 0/1050 (6 workers)
  ██████░░░░░░░░░░░░░░░░░░░  25%  Capturing frame 0/1050 (6 workers)
  ██████░░░░░░░░░░░░░░░░░░░  25%  Capturing frame 0/1050 (6 workers)
[initSession:screenshot] static-frame dedup: 8/8 predicted frame(s) reusable (outcome=verified, runs=1/1, screenshots=7, seeks=8, elapsedMs=1404) (4198ms)
  ██████░░░░░░░░░░░░░░░░░░░  26%  Capturing frame 30/1050 (6 workers)
  ███████░░░░░░░░░░░░░░░░░░  28%  Capturing frame 60/1050 (6 workers)
  ███████░░░░░░░░░░░░░░░░░░  29%  Capturing frame 90/1050 (6 workers)
  ███████░░░░░░░░░░░░░░░░░░  30%  Capturing frame 120/1050 (6 workers)
  ███████░░░░░░░░░░░░░░░░░░  31%  Capturing frame 150/1050 (6 workers)
  ████████░░░░░░░░░░░░░░░░░  33%  Capturing frame 180/1050 (6 workers)
  ████████░░░░░░░░░░░░░░░░░  34%  Capturing frame 210/1050 (6 workers)
  ████████░░░░░░░░░░░░░░░░░  35%  Capturing frame 240/1050 (6 workers)
  █████████░░░░░░░░░░░░░░░░  37%  Capturing frame 270/1050 (6 workers)
  █████████░░░░░░░░░░░░░░░░  38%  Capturing frame 300/1050 (6 workers)
  █████████░░░░░░░░░░░░░░░░  39%  Capturing frame 330/1050 (6 workers)
  ██████████░░░░░░░░░░░░░░░  40%  Capturing frame 360/1050 (6 workers)
  ██████████░░░░░░░░░░░░░░░  42%  Capturing frame 390/1050 (6 workers)
  ██████████░░░░░░░░░░░░░░░  43%  Capturing frame 420/1050 (6 workers)
  ███████████░░░░░░░░░░░░░░  44%  Capturing frame 450/1050 (6 workers)
  ███████████░░░░░░░░░░░░░░  46%  Capturing frame 480/1050 (6 workers)
  ███████████░░░░░░░░░░░░░░  47%  Capturing frame 510/1050 (6 workers)
  ████████████░░░░░░░░░░░░░  48%  Capturing frame 540/1050 (6 workers)
  ████████████░░░░░░░░░░░░░  49%  Capturing frame 570/1050 (6 workers)
[INFO] [Render:trace] {"renderJobId":"ffe95812-f56d-4b55-b7c7-eff47f25c7ce","phase":"capture_disk","status":"checkpoint","elapsedMs":43600,"message":"stage still running","stagePhase":"capturing","needsAlpha":false,"workerCount":6,"forceScreenshot":false,"totalFrames":1050,"framesCompleted":592,"captureMode":"screenshot","captureOperation":"captureScreenshot","heartbeatIndex":1,"stageElapsedMs":30015}
  ████████████░░░░░░░░░░░░░  51%  Capturing frame 600/1050 (6 workers)
  █████████████░░░░░░░░░░░░  52%  Capturing frame 630/1050 (6 workers)
  █████████████░░░░░░░░░░░░  53%  Capturing frame 660/1050 (6 workers)
  █████████████░░░░░░░░░░░░  55%  Capturing frame 690/1050 (6 workers)
  ██████████████░░░░░░░░░░░  56%  Capturing frame 720/1050 (6 workers)
  ██████████████░░░░░░░░░░░  57%  Capturing frame 750/1050 (6 workers)
  ██████████████░░░░░░░░░░░  58%  Capturing frame 780/1050 (6 workers)
  ███████████████░░░░░░░░░░  60%  Capturing frame 810/1050 (6 workers)
  ███████████████░░░░░░░░░░  61%  Capturing frame 840/1050 (6 workers)
  ███████████████░░░░░░░░░░  62%  Capturing frame 870/1050 (6 workers)
  ████████████████░░░░░░░░░  64%  Capturing frame 900/1050 (6 workers)
  ████████████████░░░░░░░░░  65%  Capturing frame 930/1050 (6 workers)
  ████████████████░░░░░░░░░  66%  Capturing frame 960/1050 (6 workers)
  ████████████████░░░░░░░░░  67%  Capturing frame 990/1050 (6 workers)
  █████████████████░░░░░░░░  69%  Capturing frame 1020/1050 (6 workers)
  █████████████████░░░░░░░░  70%  Capturing frame 1050/1050 (6 workers)
[INFO] [Render:trace] {"renderJobId":"ffe95812-f56d-4b55-b7c7-eff47f25c7ce","phase":"capture_disk","status":"end","elapsedMs":70950,"durationMs":57366,"stagePhase":"capturing","needsAlpha":false,"workerCount":6,"forceScreenshot":false,"totalFrames":1050,"framesCompleted":1050,"captureMode":"screenshot","captureOperation":"encode"}
[INFO] [Render:trace] {"renderJobId":"ffe95812-f56d-4b55-b7c7-eff47f25c7ce","phase":"encode","status":"start","elapsedMs":70950,"stagePhase":"capturing","hasAudio":true,"isPngSequence":false,"isGif":false,"chunkedEncode":false,"workerCount":6,"forceScreenshot":false,"totalFrames":1050,"framesCompleted":1050,"captureMode":"screenshot","captureOperation":"encode"}
  ██████████████████░░░░░░░  75%  Encoding video
[INFO] [Render:trace] {"renderJobId":"ffe95812-f56d-4b55-b7c7-eff47f25c7ce","phase":"encode","status":"end","elapsedMs":85782,"durationMs":14831,"stagePhase":"capturing","hasAudio":true,"isPngSequence":false,"isGif":false,"chunkedEncode":false,"workerCount":6,"forceScreenshot":false,"totalFrames":1050,"framesCompleted":1050,"captureMode":"screenshot","captureOperation":"encode"}
[INFO] [Render:trace] {"renderJobId":"ffe95812-f56d-4b55-b7c7-eff47f25c7ce","phase":"assemble","status":"start","elapsedMs":85784,"stagePhase":"capturing","hasAudio":true,"workerCount":6,"forceScreenshot":false,"totalFrames":1050,"framesCompleted":1050,"captureMode":"screenshot","captureOperation":"encode"}
  ██████████████████████░░░  90%  Assembling final video
[INFO] [Render:trace] {"renderJobId":"ffe95812-f56d-4b55-b7c7-eff47f25c7ce","phase":"assemble","status":"end","elapsedMs":90877,"durationMs":5093,"stagePhase":"capturing","hasAudio":true,"workerCount":6,"forceScreenshot":false,"totalFrames":1050,"framesCompleted":1050,"captureMode":"screenshot","captureOperation":"encode"}
[INFO] [Render:trace] {"renderJobId":"ffe95812-f56d-4b55-b7c7-eff47f25c7ce","phase":"pipeline","status":"checkpoint","elapsedMs":91042,"message":"artifact validated","totalElapsedMs":90972}
  █████████████████████████  100%  Render complete

◇  C:\vox-style-xe-giay-v1-hyperframes\poc\pdf-source-e2e\out\e2e-full.mp4
   16.9 MB · 35.0s video · rendered in 1m 31.3s
   screenshot capture · hardware gpu · compile 6.5s · extract 0.0s · audio 2.3s · probe 0.4s · setup 4.7s · capture 57.4s · encode 14.8s · assemble 5.1s

Render bản đầy đủ: out\e2e-full.mp4, 17729069 bytes (16.9MB), 98.1s render time, quality=looks. Xác minh ffprobe: duration=35.000s (khớp audio thật 35.400s), 1080x1920 h264. Capture mode: screenshot (tắt fast-capture do: a CSS 3D rendering context (perspective / preserve-3d / backface-visibility)). GPU mode: hardware (WebGL renderer vendor="Google Inc. (NVIDIA)" renderer="ANGLE (NVIDIA, NVIDIA GeForce GTX 1660 SUPER (0x000021C4) Direct3D11 vs_5_0 ps_5_0, D3D11)"). Stage timing: compile=6.1s, browser_probe=0.4s, video_extract=0.0s, audio_process=2.3s, file_server=0.0s, capture_calibration=3.9s, capture_disk=57.4s, encode=14.8s, assemble=5.1s.
Đã ghi pipeline\videos\e2e\completion-manifest.json.
